DEBUG [IRLogger.cpp:105] @ 0.0004061s :***************************************************
DEBUG [IRLogger.cpp:106] @ 0.000519s :* IRImagerDirect SDK                              *
DEBUG [IRLogger.cpp:107] @ 0.0005489s :***************************************************
DEBUG [IRLogger.cpp:113] @ 0.0005691s :* Native Machine:      AMD64
DEBUG [IRLogger.cpp:114] @ 0.0005871s :* Machine:             AMD64
DEBUG [IRLogger.cpp:116] @ 0.0006142s :* OS:                  Windows 10 0 26100
DEBUG [IRLogger.cpp:123] @ 0.0006297s :***************************************************
DEBUG [IRDeviceParams.cpp:204] @ 0.0025965s :Parameters
DEBUG [IRDeviceParams.cpp:205] @ 0.0026333s :serial: 14110095
DEBUG [IRDeviceParams.cpp:206] @ 0.0026463s :videoformatindex: 0
DEBUG [IRDeviceParams.cpp:207] @ 0.0026568s :fov: 0
DEBUG [IRDeviceParams.cpp:208] @ 0.002668s :optics_text: 0000000000000000
DEBUG [IRDeviceParams.cpp:209] @ 0.0026785s :formatspath: 000001FDAB0D1000
DEBUG [IRDeviceParams.cpp:210] @ 0.0026903s :calipath: 000001FDAB123570
DEBUG [IRDeviceParams.cpp:211] @ 0.0027005s :temperature min: 0
DEBUG [IRDeviceParams.cpp:212] @ 0.0027101s :temperature max: 0
DEBUG [IRDeviceParams.cpp:213] @ 0.0027822s :framerate: 32
DEBUG [IRDeviceParams.cpp:214] @ 0.0027927s :bispectral: 0
DEBUG [IRDeviceParams.cpp:215] @ 0.0028022s :flag automatic: 1
DEBUG [IRDeviceParams.cpp:216] @ 0.0028122s :min interval: 15
DEBUG [IRDeviceParams.cpp:217] @ 0.0028226s :max interval: 0
DEBUG [IRDeviceParams.cpp:218] @ 0.0028328s :chip heating mode: 0
DEBUG [IRDeviceParams.cpp:219] @ 0.0028433s :chip heating fixed val: 40
DEBUG [IRDeviceParams.cpp:220] @ 0.0028538s :focus:  -1
DEBUG [IRDeviceParams.cpp:221] @ 0.0028685s :enable extended temp range: 0
DEBUG [IRDeviceParams.cpp:222] @ 0.0028791s :buffer queue size: 5
DEBUG [IRDeviceParams.cpp:223] @ 0.0028892s :enable high precision: 0
DEBUG [IRDeviceParams.cpp:224] @ 0.0028993s :radialDistortionCorrectionMode: 0
DEBUG [IRDeviceParams.cpp:225] @ 0.0029094s :deviceAPI: 0
DEBUG [IRDeviceParams.cpp:226] @ 0.0029194s :useExternalProbeForReferencing: 0
DEBUG [IRDeviceParams.cpp:227] @ 0.0029296s :enableMultiThreading: 0
DEBUG [IRDeviceParams.cpp:232] @ 0.0029419s :ethernetDevice.deviceIpAddress: 0.0.0.0
DEBUG [IRDeviceParams.cpp:233] @ 0.0029625s :ethernetDevice.localUdpPort: 0
DEBUG [IRDeviceParams.cpp:234] @ 0.0029739s :ethernetDevice.checkUdpSenderIp: 1
ERROR [IRDeviceDS.cpp:822] @ 0.0446099s :create video graph failed hr=0
ERROR [DirectBridgeClientUSB.cpp:165] @ 0.0470367s :Device with serial 14110095 could not be found
