DEBUG [IRLogger.cpp:105] @ 0.0005463s :***************************************************
DEBUG [IRLogger.cpp:106] @ 0.0006843s :* IRImagerDirect SDK                              *
DEBUG [IRLogger.cpp:107] @ 0.0007379s :***************************************************
DEBUG [IRLogger.cpp:113] @ 0.000769s :* Native Machine:      AMD64
DEBUG [IRLogger.cpp:114] @ 0.0007825s :* Machine:             AMD64
DEBUG [IRLogger.cpp:116] @ 0.000802s :* OS:                  Windows 10 0 26100
DEBUG [IRLogger.cpp:123] @ 0.0008155s :***************************************************
DEBUG [IRDeviceParams.cpp:204] @ 0.0013659s :Parameters
DEBUG [IRDeviceParams.cpp:205] @ 0.0013836s :serial: 14110095
DEBUG [IRDeviceParams.cpp:206] @ 0.0013913s :videoformatindex: 0
DEBUG [IRDeviceParams.cpp:207] @ 0.0013982s :fov: 0
DEBUG [IRDeviceParams.cpp:208] @ 0.0014053s :optics_text: 0000000000000000
DEBUG [IRDeviceParams.cpp:209] @ 0.0014123s :formatspath: 00000163BCE6FDB0
DEBUG [IRDeviceParams.cpp:210] @ 0.0014201s :calipath: 00000163BCE4A3F0
DEBUG [IRDeviceParams.cpp:211] @ 0.0014271s :temperature min: 0
DEBUG [IRDeviceParams.cpp:212] @ 0.0014336s :temperature max: 0
DEBUG [IRDeviceParams.cpp:213] @ 0.0014411s :framerate: 32
DEBUG [IRDeviceParams.cpp:214] @ 0.0014477s :bispectral: 0
DEBUG [IRDeviceParams.cpp:215] @ 0.0014543s :flag automatic: 1
DEBUG [IRDeviceParams.cpp:216] @ 0.0014613s :min interval: 15
DEBUG [IRDeviceParams.cpp:217] @ 0.0014689s :max interval: 0
DEBUG [IRDeviceParams.cpp:218] @ 0.0014756s :chip heating mode: 0
DEBUG [IRDeviceParams.cpp:219] @ 0.0014827s :chip heating fixed val: 40
DEBUG [IRDeviceParams.cpp:220] @ 0.0014898s :focus:  -1
DEBUG [IRDeviceParams.cpp:221] @ 0.001499s :enable extended temp range: 0
DEBUG [IRDeviceParams.cpp:222] @ 0.0015061s :buffer queue size: 5
DEBUG [IRDeviceParams.cpp:223] @ 0.0015128s :enable high precision: 0
DEBUG [IRDeviceParams.cpp:224] @ 0.0015196s :radialDistortionCorrectionMode: 0
DEBUG [IRDeviceParams.cpp:225] @ 0.0015261s :deviceAPI: 0
DEBUG [IRDeviceParams.cpp:226] @ 0.0015329s :useExternalProbeForReferencing: 0
DEBUG [IRDeviceParams.cpp:227] @ 0.0015395s :enableMultiThreading: 0
DEBUG [IRDeviceParams.cpp:232] @ 0.0015477s :ethernetDevice.deviceIpAddress: 0.0.0.0
DEBUG [IRDeviceParams.cpp:233] @ 0.0015543s :ethernetDevice.localUdpPort: 0
DEBUG [IRDeviceParams.cpp:234] @ 0.0015609s :ethernetDevice.checkUdpSenderIp: 1
DEBUG [Cali.cpp:87] @ 0.343997s :Calibration directory path: .\Cali-14110095.xml
DEBUG [Cali.cpp:88] @ 0.344033s :Calibration file name: Cali-14110095.xml
DEBUG [Cali.cpp:98] @ 0.344413s :Calibration data A: 1450 B:400 C:4095 D:1000
INFO [IRImager.cpp:266] @ 0.346335s :Init thermal imager to 14110095 with size: 160x121@120 Hz
DEBUG [Cali.cpp:87] @ 0.3468s :Calibration directory path: .\Cali-14110095.xml
DEBUG [Cali.cpp:88] @ 0.34682s :Calibration file name: Cali-14110095.xml
DEBUG [Cali.cpp:98] @ 0.34717s :Calibration data A: 1450 B:400 C:4095 D:1000
DEBUG [Cali.cpp:87] @ 0.3482s :Calibration directory path: .\Cali-14110095.xml
DEBUG [Cali.cpp:88] @ 0.348222s :Calibration file name: Cali-14110095.xml
DEBUG [Cali.cpp:98] @ 0.348519s :Calibration data A: 1450 B:400 C:4095 D:1000
DEBUG [IRImager.cpp:300] @ 0.348589s :No temperature range configuration specified. Setting default values tMin: -20 , tMax: 100
DEBUG [IRImager.cpp:377] @ 0.349012s :Using HID control interface
DEBUG [IRImager.cpp:417] @ 0.36788s :Initialized HID control interface to device with HW:21 FW:2025
DEBUG [IRImager.cpp:438] @ 0.368074s :Frameconfig - width(in): 160, height(in): 121, interval: 83333, max framerate: 120, HW interval: 0.00833333
DEBUG [Cali.cpp:87] @ 0.368177s :Calibration directory path: .\Cali-14110095.xml
DEBUG [Cali.cpp:88] @ 0.368237s :Calibration file name: Cali-14110095.xml
DEBUG [Cali.cpp:98] @ 0.369365s :Calibration data A: 1450 B:400 C:4095 D:1000
DEBUG [ImageProcessing.cpp:200] @ 0.383787s :Source buffer size: 38720 Width: 160 Height: 121
DEBUG [ImageProcessing.cpp:121] @ 0.458648s :Source buffer size: 38720 Width: 160 Height: 121
DEBUG [OpSource.cpp:376] @ 0.460147s :Using formats path: C:\Program Files (x86)\Optris GmbH\IrDirectSDK\examples\matlab\Formats.def
DEBUG [OpSource.cpp:628] @ 0.460915s :Format found with size: 160
DEBUG [OpSource.cpp:791] @ 0.461093s :Selected Format:"PI160 160x120 @ 120Hz"
DEBUG [IRImager.cpp:844] @ 0.461726s :Caught onFrameInit with size: 160x120
DEBUG [OpSource.cpp:376] @ 0.463694s :Using formats path: C:\Program Files (x86)\Optris GmbH\IrDirectSDK\examples\matlab\Formats.def
DEBUG [OpSource.cpp:628] @ 0.464318s :Format found with size: 160
DEBUG [OpSource.cpp:376] @ 0.465055s :Using formats path: C:\Program Files (x86)\Optris GmbH\IrDirectSDK\examples\matlab\Formats.def
DEBUG [OpCorr.cpp:467] @ 0.476623s :Read cali: .\Cali-14110095.xml\Cali-14110095-48-M20-100.dat
DEBUG [OpCorr.cpp:557] @ 0.477281s :Read calibration of camera no 14110095, # of fields: 6 , start of fields: 40
DEBUG [ImageProcessing.cpp:1108] @ 0.75617s :Update flag temperature: 30.6875
DEBUG [ImageProcessing.cpp:1111] @ 0.764481s :Update box temperature: 28.9609
DEBUG [Cali.cpp:639] @ 0.764575s :Calibration file path: 00000163BCFD4344/0000002DDBFECA48.xml
DEBUG [SimpleXML.cpp:238] @ 0.765182s :Failed to open file .\Cali-14110095.xml\CaliExt-14110095.xml
DEBUG [IRImager.cpp:550] @ 0.788097s :Chip heating disabled
DEBUG [IRImager.cpp:1110] @ 0.864231s :Start flag calibration
DEBUG [OpFlag.cpp:591] @ 11.5363s :SkimDiff: -11 Adjust: -1027 State: 1 EMax: 8436 Emin: 2377
DEBUG [ImageProcessing.cpp:526] @ 11.5477s :Skim_Adjust 4015
DEBUG [IRImager.cpp:1124] @ 11.6641s :Finished startup calibration
DEBUG [IRImager.cpp:665] @ 13.6355s :Release imager
DEBUG [BaseControlDevice.cpp:26] @ 13.6812s :Base destructor called
DEBUG [IRImager.cpp:672] @ 13.6812s :Delete image processing
DEBUG [IRImager.cpp:679] @ 13.6953s :Delete buffer
DEBUG [IRImager.cpp:687] @ 13.6953s :Delete source buffer
DEBUG [IRImager.cpp:694] @ 13.6954s :Delete buffer (energy)
DEBUG [IRImager.cpp:701] @ 13.6954s :Delete timer
DEBUG [IRImager.cpp:707] @ 13.6954s :Delete manual timer
