DEBUG [IRLogger.cpp:105] @ 0.0018736s :***************************************************
DEBUG [IRLogger.cpp:106] @ 0.001987s :* IRImagerDirect SDK                              *
DEBUG [IRLogger.cpp:107] @ 0.0020203s :***************************************************
DEBUG [IRLogger.cpp:113] @ 0.0021632s :* Native Machine:      AMD64
DEBUG [IRLogger.cpp:114] @ 0.0021835s :* Machine:             AMD64
DEBUG [IRLogger.cpp:116] @ 0.0022055s :* OS:                  Windows 10 0 26100
DEBUG [IRLogger.cpp:123] @ 0.0022417s :***************************************************
DEBUG [IRDeviceParams.cpp:204] @ 0.0027327s :Parameters
DEBUG [IRDeviceParams.cpp:205] @ 0.0027517s :serial: 14110095
DEBUG [IRDeviceParams.cpp:206] @ 0.0027601s :videoformatindex: 0
DEBUG [IRDeviceParams.cpp:207] @ 0.0027678s :fov: 0
DEBUG [IRDeviceParams.cpp:208] @ 0.0027756s :optics_text: 0000000000000000
DEBUG [IRDeviceParams.cpp:209] @ 0.0027831s :formatspath: 000001A148AC7580
DEBUG [IRDeviceParams.cpp:210] @ 0.0027919s :calipath: 000001A148A78480
DEBUG [IRDeviceParams.cpp:211] @ 0.0027996s :temperature min: 0
DEBUG [IRDeviceParams.cpp:212] @ 0.002807s :temperature max: 0
DEBUG [IRDeviceParams.cpp:213] @ 0.0028153s :framerate: 32
DEBUG [IRDeviceParams.cpp:214] @ 0.0028225s :bispectral: 0
DEBUG [IRDeviceParams.cpp:215] @ 0.0028297s :flag automatic: 1
DEBUG [IRDeviceParams.cpp:216] @ 0.0028373s :min interval: 15
DEBUG [IRDeviceParams.cpp:217] @ 0.002845s :max interval: 0
DEBUG [IRDeviceParams.cpp:218] @ 0.0028533s :chip heating mode: 0
DEBUG [IRDeviceParams.cpp:219] @ 0.002861s :chip heating fixed val: 40
DEBUG [IRDeviceParams.cpp:220] @ 0.0028688s :focus:  -1
DEBUG [IRDeviceParams.cpp:221] @ 0.002879s :enable extended temp range: 0
DEBUG [IRDeviceParams.cpp:222] @ 0.0028866s :buffer queue size: 5
DEBUG [IRDeviceParams.cpp:223] @ 0.0028939s :enable high precision: 0
DEBUG [IRDeviceParams.cpp:224] @ 0.0029013s :radialDistortionCorrectionMode: 0
DEBUG [IRDeviceParams.cpp:225] @ 0.0029087s :deviceAPI: 0
DEBUG [IRDeviceParams.cpp:226] @ 0.0029159s :useExternalProbeForReferencing: 0
DEBUG [IRDeviceParams.cpp:227] @ 0.0029231s :enableMultiThreading: 0
DEBUG [IRDeviceParams.cpp:232] @ 0.0029322s :ethernetDevice.deviceIpAddress: 0.0.0.0
DEBUG [IRDeviceParams.cpp:233] @ 0.0029395s :ethernetDevice.localUdpPort: 0
DEBUG [IRDeviceParams.cpp:234] @ 0.0029467s :ethernetDevice.checkUdpSenderIp: 1
DEBUG [Cali.cpp:87] @ 0.46228s :Calibration directory path: .\Cali-14110095.xml
DEBUG [Cali.cpp:88] @ 0.462339s :Calibration file name: Cali-14110095.xml
DEBUG [Cali.cpp:98] @ 0.462973s :Calibration data A: 1450 B:400 C:4095 D:1000
INFO [IRImager.cpp:266] @ 0.465212s :Init thermal imager to 14110095 with size: 160x121@120 Hz
DEBUG [Cali.cpp:87] @ 0.465796s :Calibration directory path: .\Cali-14110095.xml
DEBUG [Cali.cpp:88] @ 0.465823s :Calibration file name: Cali-14110095.xml
DEBUG [Cali.cpp:98] @ 0.466261s :Calibration data A: 1450 B:400 C:4095 D:1000
DEBUG [Cali.cpp:87] @ 0.46753s :Calibration directory path: .\Cali-14110095.xml
DEBUG [Cali.cpp:88] @ 0.467556s :Calibration file name: Cali-14110095.xml
DEBUG [Cali.cpp:98] @ 0.467934s :Calibration data A: 1450 B:400 C:4095 D:1000
DEBUG [IRImager.cpp:300] @ 0.468009s :No temperature range configuration specified. Setting default values tMin: -20 , tMax: 100
DEBUG [IRImager.cpp:377] @ 0.468531s :Using HID control interface
DEBUG [IRImager.cpp:417] @ 0.492212s :Initialized HID control interface to device with HW:21 FW:2025
DEBUG [IRImager.cpp:438] @ 0.49233s :Frameconfig - width(in): 160, height(in): 121, interval: 83333, max framerate: 120, HW interval: 0.00833333
DEBUG [Cali.cpp:87] @ 0.492384s :Calibration directory path: .\Cali-14110095.xml
DEBUG [Cali.cpp:88] @ 0.492418s :Calibration file name: Cali-14110095.xml
DEBUG [Cali.cpp:98] @ 0.493611s :Calibration data A: 1450 B:400 C:4095 D:1000
DEBUG [ImageProcessing.cpp:200] @ 0.516969s :Source buffer size: 38720 Width: 160 Height: 121
DEBUG [ImageProcessing.cpp:121] @ 0.591571s :Source buffer size: 38720 Width: 160 Height: 121
DEBUG [OpSource.cpp:376] @ 0.593606s :Using formats path: C:\Program Files (x86)\Optris GmbH\IrDirectSDK\examples\matlab\Formats.def
DEBUG [OpSource.cpp:628] @ 0.594904s :Format found with size: 160
DEBUG [OpSource.cpp:791] @ 0.595235s :Selected Format:"PI160 160x120 @ 120Hz"
DEBUG [IRImager.cpp:844] @ 0.596062s :Caught onFrameInit with size: 160x120
DEBUG [OpSource.cpp:376] @ 0.598393s :Using formats path: C:\Program Files (x86)\Optris GmbH\IrDirectSDK\examples\matlab\Formats.def
DEBUG [OpSource.cpp:628] @ 0.599076s :Format found with size: 160
DEBUG [OpSource.cpp:376] @ 0.599872s :Using formats path: C:\Program Files (x86)\Optris GmbH\IrDirectSDK\examples\matlab\Formats.def
DEBUG [OpCorr.cpp:467] @ 0.609409s :Read cali: .\Cali-14110095.xml\Cali-14110095-48-M20-100.dat
DEBUG [OpCorr.cpp:557] @ 0.610029s :Read calibration of camera no 14110095, # of fields: 6 , start of fields: 40
DEBUG [ImageProcessing.cpp:1108] @ 0.90574s :Update flag temperature: 30.3828
DEBUG [ImageProcessing.cpp:1111] @ 0.914416s :Update box temperature: 28.6875
DEBUG [Cali.cpp:639] @ 0.914573s :Calibration file path: 000001A148CDE224/000000419E5ECBC8.xml
DEBUG [SimpleXML.cpp:238] @ 0.915255s :Failed to open file .\Cali-14110095.xml\CaliExt-14110095.xml
DEBUG [IRImager.cpp:550] @ 0.931919s :Chip heating disabled
DEBUG [IRImager.cpp:1110] @ 1.05846s :Start flag calibration
DEBUG [OpFlag.cpp:591] @ 11.733s :SkimDiff: -10 Adjust: -989 State: 1 EMax: 8408 Emin: 2415
DEBUG [ImageProcessing.cpp:526] @ 11.7541s :Skim_Adjust 4016
DEBUG [IRImager.cpp:1124] @ 11.8587s :Finished startup calibration
DEBUG [IRImager.cpp:1175] @ 26.5776s :Automatic control of shutter flag
DEBUG [OpFlag.cpp:591] @ 26.739s :SkimDiff: -5 Adjust: -433 State: 1 EMax: 8978 Emin: 2971
DEBUG [ImageProcessing.cpp:526] @ 26.7521s :Skim_Adjust 4015
DEBUG [IRImager.cpp:1175] @ 58.1947s :Automatic control of shutter flag
DEBUG [OpFlag.cpp:591] @ 58.3856s :SkimDiff: -4 Adjust: -372 State: 1 EMax: 9036 Emin: 3032
DEBUG [ImageProcessing.cpp:526] @ 58.3965s :Skim_Adjust 4014
DEBUG [IRImager.cpp:1175] @ 88.194s :Automatic control of shutter flag
DEBUG [OpFlag.cpp:591] @ 88.3856s :SkimDiff: -4 Adjust: -317 State: 1 EMax: 9106 Emin: 3087
DEBUG [ImageProcessing.cpp:526] @ 88.3961s :Skim_Adjust 4013
DEBUG [IRImager.cpp:1175] @ 109.906s :Automatic control of shutter flag
DEBUG [OpFlag.cpp:591] @ 110.066s :SkimDiff: -3 Adjust: -261 State: 1 EMax: 9159 Emin: 3143
DEBUG [ImageProcessing.cpp:526] @ 110.076s :Skim_Adjust 4012
DEBUG [IRImager.cpp:665] @ 111.781s :Release imager
DEBUG [BaseControlDevice.cpp:26] @ 111.82s :Base destructor called
DEBUG [IRImager.cpp:672] @ 111.82s :Delete image processing
DEBUG [IRImager.cpp:679] @ 111.821s :Delete buffer
DEBUG [IRImager.cpp:687] @ 111.821s :Delete source buffer
DEBUG [IRImager.cpp:694] @ 111.821s :Delete buffer (energy)
DEBUG [IRImager.cpp:701] @ 111.822s :Delete timer
DEBUG [IRImager.cpp:707] @ 111.822s :Delete manual timer
