DEBUG [IRLogger.cpp:105] @ 0.0003279s :***************************************************
DEBUG [IRLogger.cpp:106] @ 0.0004117s :* IRImagerDirect SDK                              *
DEBUG [IRLogger.cpp:107] @ 0.0004331s :***************************************************
DEBUG [IRLogger.cpp:113] @ 0.0004477s :* Native Machine:      AMD64
DEBUG [IRLogger.cpp:114] @ 0.0004673s :* Machine:             AMD64
DEBUG [IRLogger.cpp:116] @ 0.0004882s :* OS:                  Windows 10 0 26100
DEBUG [IRLogger.cpp:123] @ 0.0004994s :***************************************************
DEBUG [IRDeviceParams.cpp:204] @ 0.0024417s :Parameters
DEBUG [IRDeviceParams.cpp:205] @ 0.0024609s :serial: 14110095
DEBUG [IRDeviceParams.cpp:206] @ 0.0024699s :videoformatindex: 0
DEBUG [IRDeviceParams.cpp:207] @ 0.0024768s :fov: 0
DEBUG [IRDeviceParams.cpp:208] @ 0.0024845s :optics_text: 0000000000000000
DEBUG [IRDeviceParams.cpp:209] @ 0.0024916s :formatspath: 000002CBEA8835C0
DEBUG [IRDeviceParams.cpp:210] @ 0.0025001s :calipath: 000002CBEA8407A0
DEBUG [IRDeviceParams.cpp:211] @ 0.0025072s :temperature min: 0
DEBUG [IRDeviceParams.cpp:212] @ 0.0025138s :temperature max: 0
DEBUG [IRDeviceParams.cpp:213] @ 0.002522s :framerate: 32
DEBUG [IRDeviceParams.cpp:214] @ 0.0025286s :bispectral: 0
DEBUG [IRDeviceParams.cpp:215] @ 0.0025351s :flag automatic: 1
DEBUG [IRDeviceParams.cpp:216] @ 0.0025419s :min interval: 15
DEBUG [IRDeviceParams.cpp:217] @ 0.0025491s :max interval: 0
DEBUG [IRDeviceParams.cpp:218] @ 0.0025558s :chip heating mode: 0
DEBUG [IRDeviceParams.cpp:219] @ 0.0025629s :chip heating fixed val: 40
DEBUG [IRDeviceParams.cpp:220] @ 0.00257s :focus:  -1
DEBUG [IRDeviceParams.cpp:221] @ 0.0025793s :enable extended temp range: 0
DEBUG [IRDeviceParams.cpp:222] @ 0.0025864s :buffer queue size: 5
DEBUG [IRDeviceParams.cpp:223] @ 0.0025931s :enable high precision: 0
DEBUG [IRDeviceParams.cpp:224] @ 0.0025999s :radialDistortionCorrectionMode: 0
DEBUG [IRDeviceParams.cpp:225] @ 0.0026067s :deviceAPI: 0
DEBUG [IRDeviceParams.cpp:226] @ 0.0026132s :useExternalProbeForReferencing: 0
DEBUG [IRDeviceParams.cpp:227] @ 0.0026199s :enableMultiThreading: 0
DEBUG [IRDeviceParams.cpp:232] @ 0.0026283s :ethernetDevice.deviceIpAddress: 0.0.0.0
DEBUG [IRDeviceParams.cpp:233] @ 0.0026352s :ethernetDevice.localUdpPort: 0
DEBUG [IRDeviceParams.cpp:234] @ 0.0026438s :ethernetDevice.checkUdpSenderIp: 1
DEBUG [Cali.cpp:87] @ 0.392526s :Calibration directory path: .\Cali-14110095.xml
DEBUG [Cali.cpp:88] @ 0.392559s :Calibration file name: Cali-14110095.xml
DEBUG [Cali.cpp:98] @ 0.392906s :Calibration data A: 1450 B:400 C:4095 D:1000
INFO [IRImager.cpp:266] @ 0.3943s :Init thermal imager to 14110095 with size: 160x121@120 Hz
DEBUG [Cali.cpp:87] @ 0.394707s :Calibration directory path: .\Cali-14110095.xml
DEBUG [Cali.cpp:88] @ 0.394724s :Calibration file name: Cali-14110095.xml
DEBUG [Cali.cpp:98] @ 0.395063s :Calibration data A: 1450 B:400 C:4095 D:1000
DEBUG [Cali.cpp:87] @ 0.396142s :Calibration directory path: .\Cali-14110095.xml
DEBUG [Cali.cpp:88] @ 0.396166s :Calibration file name: Cali-14110095.xml
DEBUG [Cali.cpp:98] @ 0.396522s :Calibration data A: 1450 B:400 C:4095 D:1000
DEBUG [IRImager.cpp:300] @ 0.396599s :No temperature range configuration specified. Setting default values tMin: -20 , tMax: 100
DEBUG [IRImager.cpp:377] @ 0.39712s :Using HID control interface
DEBUG [IRImager.cpp:417] @ 0.420895s :Initialized HID control interface to device with HW:21 FW:2025
DEBUG [IRImager.cpp:438] @ 0.420989s :Frameconfig - width(in): 160, height(in): 121, interval: 83333, max framerate: 120, HW interval: 0.00833333
DEBUG [Cali.cpp:87] @ 0.421028s :Calibration directory path: .\Cali-14110095.xml
DEBUG [Cali.cpp:88] @ 0.421052s :Calibration file name: Cali-14110095.xml
DEBUG [Cali.cpp:98] @ 0.42194s :Calibration data A: 1450 B:400 C:4095 D:1000
DEBUG [ImageProcessing.cpp:200] @ 0.445453s :Source buffer size: 38720 Width: 160 Height: 121
DEBUG [ImageProcessing.cpp:121] @ 0.503666s :Source buffer size: 38720 Width: 160 Height: 121
DEBUG [OpSource.cpp:376] @ 0.505379s :Using formats path: C:\Program Files (x86)\Optris GmbH\IrDirectSDK\examples\matlab\Formats.def
DEBUG [OpSource.cpp:628] @ 0.506311s :Format found with size: 160
DEBUG [OpSource.cpp:791] @ 0.506531s :Selected Format:"PI160 160x120 @ 120Hz"
DEBUG [IRImager.cpp:844] @ 0.507228s :Caught onFrameInit with size: 160x120
DEBUG [OpSource.cpp:376] @ 0.509572s :Using formats path: C:\Program Files (x86)\Optris GmbH\IrDirectSDK\examples\matlab\Formats.def
DEBUG [OpSource.cpp:628] @ 0.511063s :Format found with size: 160
DEBUG [OpSource.cpp:376] @ 0.5125s :Using formats path: C:\Program Files (x86)\Optris GmbH\IrDirectSDK\examples\matlab\Formats.def
DEBUG [OpCorr.cpp:467] @ 0.522553s :Read cali: .\Cali-14110095.xml\Cali-14110095-48-M20-100.dat
DEBUG [OpCorr.cpp:557] @ 0.523378s :Read calibration of camera no 14110095, # of fields: 6 , start of fields: 40
DEBUG [ImageProcessing.cpp:1108] @ 0.793064s :Update flag temperature: 31.0156
DEBUG [ImageProcessing.cpp:1111] @ 0.801389s :Update box temperature: 29.2188
DEBUG [Cali.cpp:639] @ 0.801468s :Calibration file path: 000002CBEAA179E4/000000E161FECB48.xml
DEBUG [SimpleXML.cpp:238] @ 0.801905s :Failed to open file .\Cali-14110095.xml\CaliExt-14110095.xml
DEBUG [IRImager.cpp:550] @ 0.820565s :Chip heating disabled
DEBUG [IRImager.cpp:1110] @ 0.932922s :Start flag calibration
DEBUG [OpFlag.cpp:591] @ 11.6034s :SkimDiff: -10 Adjust: -964 State: 1 EMax: 8492 Emin: 2440
DEBUG [ImageProcessing.cpp:526] @ 11.6146s :Skim_Adjust 4016
DEBUG [IRImager.cpp:1124] @ 11.7313s :Finished startup calibration
DEBUG [IRImager.cpp:1175] @ 26.4521s :Automatic control of shutter flag
DEBUG [OpFlag.cpp:591] @ 26.6113s :SkimDiff: -4 Adjust: -389 State: 1 EMax: 9066 Emin: 3015
DEBUG [ImageProcessing.cpp:526] @ 26.6227s :Skim_Adjust 4015
DEBUG [IRImager.cpp:1175] @ 51.2193s :Automatic control of shutter flag
DEBUG [OpFlag.cpp:591] @ 51.3792s :SkimDiff: -4 Adjust: -331 State: 1 EMax: 9126 Emin: 3073
DEBUG [ImageProcessing.cpp:526] @ 51.3901s :Skim_Adjust 4014
DEBUG [IRImager.cpp:1175] @ 66.5633s :Automatic control of shutter flag
DEBUG [OpFlag.cpp:591] @ 66.7233s :SkimDiff: -3 Adjust: -279 State: 1 EMax: 9189 Emin: 3125
DEBUG [ImageProcessing.cpp:526] @ 66.7346s :Skim_Adjust 4013
DEBUG [IRImager.cpp:1175] @ 111.203s :Automatic control of shutter flag
DEBUG [OpFlag.cpp:591] @ 111.364s :SkimDiff: -3 Adjust: -217 State: 1 EMax: 9258 Emin: 3187
DEBUG [ImageProcessing.cpp:526] @ 111.377s :Skim_Adjust 4012
DEBUG [IRImager.cpp:1175] @ 140.563s :Automatic control of shutter flag
DEBUG [OpFlag.cpp:591] @ 140.724s :SkimDiff: -2 Adjust: -157 State: 1 EMax: 9323 Emin: 3247
DEBUG [ImageProcessing.cpp:526] @ 140.735s :Skim_Adjust 4011
DEBUG [IRImager.cpp:1175] @ 164.547s :Automatic control of shutter flag
DEBUG [OpFlag.cpp:591] @ 164.723s :SkimDiff: -2 Adjust: -104 State: 1 EMax: 9383 Emin: 3300
DEBUG [ImageProcessing.cpp:526] @ 164.734s :Skim_Adjust 4010
DEBUG [IRImager.cpp:1175] @ 201.732s :Automatic control of shutter flag
DEBUG [OpFlag.cpp:591] @ 201.907s :SkimDiff: -1 Adjust: -40 State: 1 EMax: 9457 Emin: 3364
DEBUG [ImageProcessing.cpp:526] @ 201.919s :Skim_Adjust 4009
DEBUG [IRImager.cpp:1175] @ 240.836s :Automatic control of shutter flag
DEBUG [OpFlag.cpp:591] @ 241.011s :SkimDiff: 0 Adjust: 0 State: 0 EMax: 9521 Emin: 3418
DEBUG [IRImager.cpp:1175] @ 299.572s :Automatic control of shutter flag
DEBUG [OpFlag.cpp:591] @ 299.731s :SkimDiff: 0 Adjust: 0 State: 0 EMax: 9531 Emin: 3432
DEBUG [IRImager.cpp:1175] @ 317.316s :Automatic control of shutter flag
DEBUG [OpFlag.cpp:591] @ 317.475s :SkimDiff: 0 Adjust: 0 State: 0 EMax: 9545 Emin: 3428
DEBUG [IRImager.cpp:665] @ 349.287s :Release imager
DEBUG [BaseControlDevice.cpp:26] @ 349.337s :Base destructor called
DEBUG [IRImager.cpp:672] @ 349.337s :Delete image processing
DEBUG [IRImager.cpp:679] @ 349.346s :Delete buffer
DEBUG [IRImager.cpp:687] @ 349.346s :Delete source buffer
DEBUG [IRImager.cpp:694] @ 349.346s :Delete buffer (energy)
DEBUG [IRImager.cpp:701] @ 349.346s :Delete timer
DEBUG [IRImager.cpp:707] @ 349.346s :Delete manual timer
