DEBUG [IRLogger.cpp:105] @ 0.0019055s :***************************************************
DEBUG [IRLogger.cpp:106] @ 0.0019818s :* IRImagerDirect SDK                              *
DEBUG [IRLogger.cpp:107] @ 0.0020016s :***************************************************
DEBUG [IRLogger.cpp:113] @ 0.0020166s :* Native Machine:      AMD64
DEBUG [IRLogger.cpp:114] @ 0.00203s :* Machine:             AMD64
DEBUG [IRLogger.cpp:116] @ 0.0020662s :* OS:                  Windows 10 0 26100
DEBUG [IRLogger.cpp:123] @ 0.0020844s :***************************************************
DEBUG [IRDeviceParams.cpp:204] @ 0.0027444s :Parameters
DEBUG [IRDeviceParams.cpp:205] @ 0.0027725s :serial: 14110095
DEBUG [IRDeviceParams.cpp:206] @ 0.002786s :videoformatindex: 0
DEBUG [IRDeviceParams.cpp:207] @ 0.0027978s :fov: 0
DEBUG [IRDeviceParams.cpp:208] @ 0.0028102s :optics_text: 0000000000000000
DEBUG [IRDeviceParams.cpp:209] @ 0.002822s :formatspath: 00000217C821E4B0
DEBUG [IRDeviceParams.cpp:210] @ 0.002835s :calipath: 00000217CA0B3610
DEBUG [IRDeviceParams.cpp:211] @ 0.0028462s :temperature min: 0
DEBUG [IRDeviceParams.cpp:212] @ 0.0028572s :temperature max: 0
DEBUG [IRDeviceParams.cpp:213] @ 0.0028699s :framerate: 32
DEBUG [IRDeviceParams.cpp:214] @ 0.0028808s :bispectral: 0
DEBUG [IRDeviceParams.cpp:215] @ 0.0028924s :flag automatic: 1
DEBUG [IRDeviceParams.cpp:216] @ 0.0029037s :min interval: 15
DEBUG [IRDeviceParams.cpp:217] @ 0.0029113s :max interval: 0
DEBUG [IRDeviceParams.cpp:218] @ 0.0029187s :chip heating mode: 0
DEBUG [IRDeviceParams.cpp:219] @ 0.0029265s :chip heating fixed val: 40
DEBUG [IRDeviceParams.cpp:220] @ 0.0029345s :focus:  -1
DEBUG [IRDeviceParams.cpp:221] @ 0.0029445s :enable extended temp range: 0
DEBUG [IRDeviceParams.cpp:222] @ 0.0029524s :buffer queue size: 5
DEBUG [IRDeviceParams.cpp:223] @ 0.0029599s :enable high precision: 0
DEBUG [IRDeviceParams.cpp:224] @ 0.0029675s :radialDistortionCorrectionMode: 0
DEBUG [IRDeviceParams.cpp:225] @ 0.0029748s :deviceAPI: 0
DEBUG [IRDeviceParams.cpp:226] @ 0.0029822s :useExternalProbeForReferencing: 0
DEBUG [IRDeviceParams.cpp:227] @ 0.0029895s :enableMultiThreading: 0
DEBUG [IRDeviceParams.cpp:232] @ 0.0029984s :ethernetDevice.deviceIpAddress: 0.0.0.0
DEBUG [IRDeviceParams.cpp:233] @ 0.003006s :ethernetDevice.localUdpPort: 0
DEBUG [IRDeviceParams.cpp:234] @ 0.0030135s :ethernetDevice.checkUdpSenderIp: 1
DEBUG [Cali.cpp:87] @ 0.386169s :Calibration directory path: .\Cali-14110095.xml
DEBUG [Cali.cpp:88] @ 0.386204s :Calibration file name: Cali-14110095.xml
DEBUG [Cali.cpp:98] @ 0.386604s :Calibration data A: 1450 B:400 C:4095 D:1000
INFO [IRImager.cpp:266] @ 0.387885s :Init thermal imager to 14110095 with size: 160x121@120 Hz
DEBUG [Cali.cpp:87] @ 0.388212s :Calibration directory path: .\Cali-14110095.xml
DEBUG [Cali.cpp:88] @ 0.388226s :Calibration file name: Cali-14110095.xml
DEBUG [Cali.cpp:98] @ 0.388526s :Calibration data A: 1450 B:400 C:4095 D:1000
DEBUG [Cali.cpp:87] @ 0.389306s :Calibration directory path: .\Cali-14110095.xml
DEBUG [Cali.cpp:88] @ 0.38932s :Calibration file name: Cali-14110095.xml
DEBUG [Cali.cpp:98] @ 0.389551s :Calibration data A: 1450 B:400 C:4095 D:1000
DEBUG [IRImager.cpp:300] @ 0.389602s :No temperature range configuration specified. Setting default values tMin: -20 , tMax: 100
DEBUG [IRImager.cpp:377] @ 0.389955s :Using HID control interface
DEBUG [IRImager.cpp:417] @ 0.404351s :Initialized HID control interface to device with HW:21 FW:2025
DEBUG [IRImager.cpp:438] @ 0.404405s :Frameconfig - width(in): 160, height(in): 121, interval: 83333, max framerate: 120, HW interval: 0.00833333
DEBUG [Cali.cpp:87] @ 0.404431s :Calibration directory path: .\Cali-14110095.xml
DEBUG [Cali.cpp:88] @ 0.404446s :Calibration file name: Cali-14110095.xml
DEBUG [Cali.cpp:98] @ 0.404983s :Calibration data A: 1450 B:400 C:4095 D:1000
DEBUG [ImageProcessing.cpp:200] @ 0.429185s :Source buffer size: 38720 Width: 160 Height: 121
DEBUG [ImageProcessing.cpp:121] @ 0.495255s :Source buffer size: 38720 Width: 160 Height: 121
DEBUG [OpSource.cpp:376] @ 0.495468s :Using formats path: C:\Program Files (x86)\Optris GmbH\IrDirectSDK\examples\matlab\Formats.def
DEBUG [OpSource.cpp:628] @ 0.495576s :Format found with size: 160
DEBUG [OpSource.cpp:791] @ 0.49561s :Selected Format:"PI160 160x120 @ 120Hz"
DEBUG [IRImager.cpp:844] @ 0.495688s :Caught onFrameInit with size: 160x120
DEBUG [OpSource.cpp:376] @ 0.496416s :Using formats path: C:\Program Files (x86)\Optris GmbH\IrDirectSDK\examples\matlab\Formats.def
DEBUG [OpSource.cpp:628] @ 0.496934s :Format found with size: 160
DEBUG [OpSource.cpp:376] @ 0.497729s :Using formats path: C:\Program Files (x86)\Optris GmbH\IrDirectSDK\examples\matlab\Formats.def
DEBUG [OpCorr.cpp:467] @ 0.505486s :Read cali: .\Cali-14110095.xml\Cali-14110095-48-M20-100.dat
DEBUG [OpCorr.cpp:557] @ 0.506149s :Read calibration of camera no 14110095, # of fields: 6 , start of fields: 40
DEBUG [ImageProcessing.cpp:1108] @ 0.784936s :Update flag temperature: 30.9766
DEBUG [ImageProcessing.cpp:1111] @ 0.793316s :Update box temperature: 29.3125
DEBUG [Cali.cpp:639] @ 0.793404s :Calibration file path: 00000217CB4EA8C4/00000047B3DECDB8.xml
DEBUG [SimpleXML.cpp:238] @ 0.79389s :Failed to open file .\Cali-14110095.xml\CaliExt-14110095.xml
DEBUG [IRImager.cpp:550] @ 0.808212s :Chip heating disabled
DEBUG [IRImager.cpp:1110] @ 0.889381s :Start flag calibration
DEBUG [OpFlag.cpp:591] @ 11.5609s :SkimDiff: -9 Adjust: -890 State: 1 EMax: 8526 Emin: 2514
DEBUG [ImageProcessing.cpp:526] @ 11.5756s :Skim_Adjust 4025
DEBUG [IRImager.cpp:1124] @ 11.7059s :Finished startup calibration
DEBUG [IRImager.cpp:1175] @ 26.4087s :Automatic control of shutter flag
DEBUG [OpFlag.cpp:591] @ 26.5692s :SkimDiff: -9 Adjust: -872 State: 1 EMax: 8565 Emin: 2532
DEBUG [ImageProcessing.cpp:526] @ 26.5811s :Skim_Adjust 4024
DEBUG [IRImager.cpp:1175] @ 41.4184s :Automatic control of shutter flag
DEBUG [OpFlag.cpp:591] @ 41.5775s :SkimDiff: -9 Adjust: -832 State: 1 EMax: 8624 Emin: 2572
DEBUG [ImageProcessing.cpp:526] @ 41.5912s :Skim_Adjust 4023
DEBUG [IRImager.cpp:1175] @ 66.394s :Automatic control of shutter flag
DEBUG [OpFlag.cpp:591] @ 66.5569s :SkimDiff: -8 Adjust: -784 State: 1 EMax: 8669 Emin: 2620
DEBUG [ImageProcessing.cpp:526] @ 66.5817s :Skim_Adjust 4022
DEBUG [IRImager.cpp:665] @ 69.0365s :Release imager
DEBUG [BaseControlDevice.cpp:26] @ 69.0859s :Base destructor called
DEBUG [IRImager.cpp:672] @ 69.0861s :Delete image processing
DEBUG [IRImager.cpp:679] @ 69.0961s :Delete buffer
DEBUG [IRImager.cpp:687] @ 69.0962s :Delete source buffer
DEBUG [IRImager.cpp:694] @ 69.0963s :Delete buffer (energy)
DEBUG [IRImager.cpp:701] @ 69.0963s :Delete timer
DEBUG [IRImager.cpp:707] @ 69.0964s :Delete manual timer
