DEBUG [IRLogger.cpp:105] @ 0.0003409s :***************************************************
DEBUG [IRLogger.cpp:106] @ 0.0004222s :* IRImagerDirect SDK                              *
DEBUG [IRLogger.cpp:107] @ 0.0004424s :***************************************************
DEBUG [IRLogger.cpp:113] @ 0.0004557s :* Native Machine:      AMD64
DEBUG [IRLogger.cpp:114] @ 0.0004675s :* Machine:             AMD64
DEBUG [IRLogger.cpp:116] @ 0.0004852s :* OS:                  Windows 10 0 26100
DEBUG [IRLogger.cpp:123] @ 0.0004956s :***************************************************
DEBUG [IRDeviceParams.cpp:204] @ 0.0021929s :Parameters
DEBUG [IRDeviceParams.cpp:205] @ 0.0022646s :serial: 14110095
DEBUG [IRDeviceParams.cpp:206] @ 0.0022744s :videoformatindex: 0
DEBUG [IRDeviceParams.cpp:207] @ 0.0022826s :fov: 0
DEBUG [IRDeviceParams.cpp:208] @ 0.0022908s :optics_text: 0000000000000000
DEBUG [IRDeviceParams.cpp:209] @ 0.0022979s :formatspath: 0000019545E2F760
DEBUG [IRDeviceParams.cpp:210] @ 0.0023061s :calipath: 0000019545DEEFC0
DEBUG [IRDeviceParams.cpp:211] @ 0.0023128s :temperature min: 0
DEBUG [IRDeviceParams.cpp:212] @ 0.0023203s :temperature max: 0
DEBUG [IRDeviceParams.cpp:213] @ 0.0023289s :framerate: 32
DEBUG [IRDeviceParams.cpp:214] @ 0.0023558s :bispectral: 0
DEBUG [IRDeviceParams.cpp:215] @ 0.0023639s :flag automatic: 1
DEBUG [IRDeviceParams.cpp:216] @ 0.0023709s :min interval: 15
DEBUG [IRDeviceParams.cpp:217] @ 0.0023781s :max interval: 0
DEBUG [IRDeviceParams.cpp:218] @ 0.0023851s :chip heating mode: 0
DEBUG [IRDeviceParams.cpp:219] @ 0.0023923s :chip heating fixed val: 40
DEBUG [IRDeviceParams.cpp:220] @ 0.0023995s :focus:  -1
DEBUG [IRDeviceParams.cpp:221] @ 0.0024094s :enable extended temp range: 0
DEBUG [IRDeviceParams.cpp:222] @ 0.0024166s :buffer queue size: 5
DEBUG [IRDeviceParams.cpp:223] @ 0.0024235s :enable high precision: 0
DEBUG [IRDeviceParams.cpp:224] @ 0.0024303s :radialDistortionCorrectionMode: 0
DEBUG [IRDeviceParams.cpp:225] @ 0.0024375s :deviceAPI: 0
DEBUG [IRDeviceParams.cpp:226] @ 0.0024442s :useExternalProbeForReferencing: 0
DEBUG [IRDeviceParams.cpp:227] @ 0.0024507s :enableMultiThreading: 0
DEBUG [IRDeviceParams.cpp:232] @ 0.0024592s :ethernetDevice.deviceIpAddress: 0.0.0.0
DEBUG [IRDeviceParams.cpp:233] @ 0.0024661s :ethernetDevice.localUdpPort: 0
DEBUG [IRDeviceParams.cpp:234] @ 0.0024728s :ethernetDevice.checkUdpSenderIp: 1
DEBUG [Cali.cpp:87] @ 0.410518s :Calibration directory path: .\Cali-14110095.xml
DEBUG [Cali.cpp:88] @ 0.410559s :Calibration file name: Cali-14110095.xml
DEBUG [Cali.cpp:98] @ 0.41095s :Calibration data A: 1450 B:400 C:4095 D:1000
INFO [IRImager.cpp:266] @ 0.412416s :Init thermal imager to 14110095 with size: 160x121@120 Hz
DEBUG [Cali.cpp:87] @ 0.412792s :Calibration directory path: .\Cali-14110095.xml
DEBUG [Cali.cpp:88] @ 0.412807s :Calibration file name: Cali-14110095.xml
DEBUG [Cali.cpp:98] @ 0.413108s :Calibration data A: 1450 B:400 C:4095 D:1000
DEBUG [Cali.cpp:87] @ 0.413983s :Calibration directory path: .\Cali-14110095.xml
DEBUG [Cali.cpp:88] @ 0.414001s :Calibration file name: Cali-14110095.xml
DEBUG [Cali.cpp:98] @ 0.414255s :Calibration data A: 1450 B:400 C:4095 D:1000
DEBUG [IRImager.cpp:300] @ 0.414307s :No temperature range configuration specified. Setting default values tMin: -20 , tMax: 100
DEBUG [IRImager.cpp:377] @ 0.414672s :Using HID control interface
DEBUG [IRImager.cpp:417] @ 0.430139s :Initialized HID control interface to device with HW:21 FW:2025
DEBUG [IRImager.cpp:438] @ 0.430204s :Frameconfig - width(in): 160, height(in): 121, interval: 83333, max framerate: 120, HW interval: 0.00833333
DEBUG [Cali.cpp:87] @ 0.430234s :Calibration directory path: .\Cali-14110095.xml
DEBUG [Cali.cpp:88] @ 0.430252s :Calibration file name: Cali-14110095.xml
DEBUG [Cali.cpp:98] @ 0.430898s :Calibration data A: 1450 B:400 C:4095 D:1000
DEBUG [ImageProcessing.cpp:200] @ 0.454754s :Source buffer size: 38720 Width: 160 Height: 121
DEBUG [ImageProcessing.cpp:121] @ 0.529215s :Source buffer size: 38720 Width: 160 Height: 121
DEBUG [OpSource.cpp:376] @ 0.530099s :Using formats path: C:\Program Files (x86)\Optris GmbH\IrDirectSDK\examples\matlab\Formats.def
DEBUG [OpSource.cpp:628] @ 0.531285s :Format found with size: 160
DEBUG [OpSource.cpp:791] @ 0.531539s :Selected Format:"PI160 160x120 @ 120Hz"
DEBUG [IRImager.cpp:844] @ 0.532165s :Caught onFrameInit with size: 160x120
DEBUG [OpSource.cpp:376] @ 0.534249s :Using formats path: C:\Program Files (x86)\Optris GmbH\IrDirectSDK\examples\matlab\Formats.def
DEBUG [OpSource.cpp:628] @ 0.534927s :Format found with size: 160
DEBUG [OpSource.cpp:376] @ 0.536035s :Using formats path: C:\Program Files (x86)\Optris GmbH\IrDirectSDK\examples\matlab\Formats.def
DEBUG [OpCorr.cpp:467] @ 0.546374s :Read cali: .\Cali-14110095.xml\Cali-14110095-48-M20-100.dat
DEBUG [OpCorr.cpp:557] @ 0.546624s :Read calibration of camera no 14110095, # of fields: 6 , start of fields: 40
DEBUG [ImageProcessing.cpp:1108] @ 0.827131s :Update flag temperature: 30
DEBUG [ImageProcessing.cpp:1111] @ 0.835391s :Update box temperature: 28.4375
DEBUG [Cali.cpp:639] @ 0.83548s :Calibration file path: 0000019545FBD584/0000008E70FEC988.xml
DEBUG [SimpleXML.cpp:238] @ 0.835936s :Failed to open file .\Cali-14110095.xml\CaliExt-14110095.xml
DEBUG [IRImager.cpp:550] @ 0.848902s :Chip heating disabled
DEBUG [IRImager.cpp:1110] @ 0.959654s :Start flag calibration
DEBUG [OpFlag.cpp:591] @ 11.6323s :SkimDiff: -11 Adjust: -1055 State: 1 EMax: 8319 Emin: 2349
DEBUG [ImageProcessing.cpp:526] @ 11.6441s :Skim_Adjust 4015
DEBUG [IRImager.cpp:1124] @ 11.7592s :Finished startup calibration
DEBUG [IRImager.cpp:1175] @ 26.4789s :Automatic control of shutter flag
DEBUG [OpFlag.cpp:591] @ 26.6391s :SkimDiff: -5 Adjust: -414 State: 1 EMax: 8970 Emin: 2990
DEBUG [ImageProcessing.cpp:526] @ 26.6499s :Skim_Adjust 4014
DEBUG [IRImager.cpp:1175] @ 49.903s :Automatic control of shutter flag
DEBUG [OpFlag.cpp:591] @ 50.079s :SkimDiff: -4 Adjust: -339 State: 1 EMax: 9041 Emin: 3065
DEBUG [ImageProcessing.cpp:526] @ 50.0894s :Skim_Adjust 4013
DEBUG [IRImager.cpp:1175] @ 77.4072s :Automatic control of shutter flag
DEBUG [OpFlag.cpp:591] @ 77.5686s :SkimDiff: -3 Adjust: -278 State: 1 EMax: 9102 Emin: 3126
DEBUG [ImageProcessing.cpp:526] @ 77.581s :Skim_Adjust 4012
DEBUG [IRImager.cpp:1175] @ 93.231s :Automatic control of shutter flag
DEBUG [OpFlag.cpp:591] @ 93.4071s :SkimDiff: -3 Adjust: -223 State: 1 EMax: 9160 Emin: 3181
DEBUG [ImageProcessing.cpp:526] @ 93.4188s :Skim_Adjust 4011
DEBUG [IRImager.cpp:665] @ 110.449s :Release imager
DEBUG [BaseControlDevice.cpp:26] @ 110.499s :Base destructor called
DEBUG [IRImager.cpp:672] @ 110.499s :Delete image processing
DEBUG [IRImager.cpp:679] @ 110.511s :Delete buffer
DEBUG [IRImager.cpp:687] @ 110.511s :Delete source buffer
DEBUG [IRImager.cpp:694] @ 110.511s :Delete buffer (energy)
DEBUG [IRImager.cpp:701] @ 110.511s :Delete timer
DEBUG [IRImager.cpp:707] @ 110.511s :Delete manual timer
