DEBUG [IRLogger.cpp:105] @ 0.0003262s :***************************************************
DEBUG [IRLogger.cpp:106] @ 0.000409s :* IRImagerDirect SDK                              *
DEBUG [IRLogger.cpp:107] @ 0.0005128s :***************************************************
DEBUG [IRLogger.cpp:113] @ 0.000534s :* Native Machine:      AMD64
DEBUG [IRLogger.cpp:114] @ 0.0005484s :* Machine:             AMD64
DEBUG [IRLogger.cpp:116] @ 0.0007164s :* OS:                  Windows 10 0 26100
DEBUG [IRLogger.cpp:123] @ 0.0007624s :***************************************************
DEBUG [IRDeviceParams.cpp:204] @ 0.002588s :Parameters
DEBUG [IRDeviceParams.cpp:205] @ 0.0026055s :serial: 14110095
DEBUG [IRDeviceParams.cpp:206] @ 0.0026137s :videoformatindex: 0
DEBUG [IRDeviceParams.cpp:207] @ 0.002621s :fov: 0
DEBUG [IRDeviceParams.cpp:208] @ 0.0026286s :optics_text: 0000000000000000
DEBUG [IRDeviceParams.cpp:209] @ 0.002636s :formatspath: 000001603444CC00
DEBUG [IRDeviceParams.cpp:210] @ 0.0026442s :calipath: 000001603449B020
DEBUG [IRDeviceParams.cpp:211] @ 0.0026513s :temperature min: 0
DEBUG [IRDeviceParams.cpp:212] @ 0.0026581s :temperature max: 0
DEBUG [IRDeviceParams.cpp:213] @ 0.002666s :framerate: 32
DEBUG [IRDeviceParams.cpp:214] @ 0.0026728s :bispectral: 0
DEBUG [IRDeviceParams.cpp:215] @ 0.0026796s :flag automatic: 1
DEBUG [IRDeviceParams.cpp:216] @ 0.0026873s :min interval: 15
DEBUG [IRDeviceParams.cpp:217] @ 0.0026947s :max interval: 0
DEBUG [IRDeviceParams.cpp:218] @ 0.0027019s :chip heating mode: 0
DEBUG [IRDeviceParams.cpp:219] @ 0.0027093s :chip heating fixed val: 40
DEBUG [IRDeviceParams.cpp:220] @ 0.0027167s :focus:  -1
DEBUG [IRDeviceParams.cpp:221] @ 0.0027263s :enable extended temp range: 0
DEBUG [IRDeviceParams.cpp:222] @ 0.0027336s :buffer queue size: 5
DEBUG [IRDeviceParams.cpp:223] @ 0.0027407s :enable high precision: 0
DEBUG [IRDeviceParams.cpp:224] @ 0.0027478s :radialDistortionCorrectionMode: 0
DEBUG [IRDeviceParams.cpp:225] @ 0.0027547s :deviceAPI: 0
DEBUG [IRDeviceParams.cpp:226] @ 0.0027617s :useExternalProbeForReferencing: 0
DEBUG [IRDeviceParams.cpp:227] @ 0.0027686s :enableMultiThreading: 0
DEBUG [IRDeviceParams.cpp:232] @ 0.0027772s :ethernetDevice.deviceIpAddress: 0.0.0.0
DEBUG [IRDeviceParams.cpp:233] @ 0.0027843s :ethernetDevice.localUdpPort: 0
DEBUG [IRDeviceParams.cpp:234] @ 0.0027912s :ethernetDevice.checkUdpSenderIp: 1
DEBUG [Cali.cpp:87] @ 0.308636s :Calibration directory path: .\Cali-14110095.xml
DEBUG [Cali.cpp:88] @ 0.308665s :Calibration file name: Cali-14110095.xml
DEBUG [Cali.cpp:98] @ 0.308932s :Calibration data A: 1450 B:400 C:4095 D:1000
INFO [IRImager.cpp:266] @ 0.310026s :Init thermal imager to 14110095 with size: 160x121@120 Hz
DEBUG [Cali.cpp:87] @ 0.310301s :Calibration directory path: .\Cali-14110095.xml
DEBUG [Cali.cpp:88] @ 0.310312s :Calibration file name: Cali-14110095.xml
DEBUG [Cali.cpp:98] @ 0.310566s :Calibration data A: 1450 B:400 C:4095 D:1000
DEBUG [Cali.cpp:87] @ 0.311254s :Calibration directory path: .\Cali-14110095.xml
DEBUG [Cali.cpp:88] @ 0.311268s :Calibration file name: Cali-14110095.xml
DEBUG [Cali.cpp:98] @ 0.311467s :Calibration data A: 1450 B:400 C:4095 D:1000
DEBUG [IRImager.cpp:300] @ 0.31151s :No temperature range configuration specified. Setting default values tMin: -20 , tMax: 100
DEBUG [IRImager.cpp:377] @ 0.311818s :Using HID control interface
DEBUG [IRImager.cpp:417] @ 0.32906s :Initialized HID control interface to device with HW:21 FW:2025
DEBUG [IRImager.cpp:438] @ 0.329107s :Frameconfig - width(in): 160, height(in): 121, interval: 83333, max framerate: 120, HW interval: 0.00833333
DEBUG [Cali.cpp:87] @ 0.329131s :Calibration directory path: .\Cali-14110095.xml
DEBUG [Cali.cpp:88] @ 0.329144s :Calibration file name: Cali-14110095.xml
DEBUG [Cali.cpp:98] @ 0.329626s :Calibration data A: 1450 B:400 C:4095 D:1000
DEBUG [ImageProcessing.cpp:200] @ 0.353858s :Source buffer size: 38720 Width: 160 Height: 121
DEBUG [ImageProcessing.cpp:121] @ 0.428539s :Source buffer size: 38720 Width: 160 Height: 121
DEBUG [OpSource.cpp:376] @ 0.429942s :Using formats path: C:\Program Files (x86)\Optris GmbH\IrDirectSDK\examples\matlab\Formats.def
DEBUG [OpSource.cpp:628] @ 0.430762s :Format found with size: 160
DEBUG [OpSource.cpp:791] @ 0.430943s :Selected Format:"PI160 160x120 @ 120Hz"
DEBUG [IRImager.cpp:844] @ 0.431563s :Caught onFrameInit with size: 160x120
DEBUG [OpSource.cpp:376] @ 0.433288s :Using formats path: C:\Program Files (x86)\Optris GmbH\IrDirectSDK\examples\matlab\Formats.def
DEBUG [OpSource.cpp:628] @ 0.433823s :Format found with size: 160
DEBUG [OpSource.cpp:376] @ 0.434585s :Using formats path: C:\Program Files (x86)\Optris GmbH\IrDirectSDK\examples\matlab\Formats.def
DEBUG [OpCorr.cpp:467] @ 0.447972s :Read cali: .\Cali-14110095.xml\Cali-14110095-48-M20-100.dat
DEBUG [OpCorr.cpp:557] @ 0.448925s :Read calibration of camera no 14110095, # of fields: 6 , start of fields: 40
DEBUG [ImageProcessing.cpp:1108] @ 0.734431s :Update flag temperature: 31.1016
DEBUG [ImageProcessing.cpp:1111] @ 0.742584s :Update box temperature: 29.3359
DEBUG [Cali.cpp:639] @ 0.742777s :Calibration file path: 0000016035930814/0000002B7B7ECE28.xml
DEBUG [SimpleXML.cpp:238] @ 0.743262s :Failed to open file .\Cali-14110095.xml\CaliExt-14110095.xml
DEBUG [IRImager.cpp:550] @ 0.754537s :Chip heating disabled
DEBUG [IRImager.cpp:1110] @ 0.82171s :Start flag calibration
DEBUG [OpFlag.cpp:591] @ 11.4948s :SkimDiff: -10 Adjust: -916 State: 1 EMax: 8538 Emin: 2488
DEBUG [ImageProcessing.cpp:526] @ 11.5085s :Skim_Adjust 4016
DEBUG [IRImager.cpp:1124] @ 11.6232s :Finished startup calibration
DEBUG [IRImager.cpp:1175] @ 26.3421s :Automatic control of shutter flag
DEBUG [OpFlag.cpp:591] @ 26.5029s :SkimDiff: -4 Adjust: -360 State: 1 EMax: 9089 Emin: 3044
DEBUG [ImageProcessing.cpp:526] @ 26.5158s :Skim_Adjust 4015
DEBUG [IRImager.cpp:1175] @ 41.3493s :Automatic control of shutter flag
DEBUG [OpFlag.cpp:591] @ 41.5113s :SkimDiff: -4 Adjust: -317 State: 1 EMax: 9149 Emin: 3087
DEBUG [ImageProcessing.cpp:526] @ 41.5243s :Skim_Adjust 4014
DEBUG [IRImager.cpp:1175] @ 72.1988s :Automatic control of shutter flag
DEBUG [OpFlag.cpp:591] @ 72.3742s :SkimDiff: -3 Adjust: -265 State: 1 EMax: 9214 Emin: 3139
DEBUG [ImageProcessing.cpp:526] @ 72.3869s :Skim_Adjust 4013
DEBUG [IRImager.cpp:1175] @ 104.838s :Automatic control of shutter flag
DEBUG [OpFlag.cpp:591] @ 104.998s :SkimDiff: -3 Adjust: -213 State: 1 EMax: 9273 Emin: 3191
DEBUG [ImageProcessing.cpp:526] @ 105.012s :Skim_Adjust 4012
DEBUG [IRImager.cpp:1175] @ 124.677s :Automatic control of shutter flag
DEBUG [OpFlag.cpp:591] @ 124.838s :SkimDiff: -2 Adjust: -148 State: 1 EMax: 9333 Emin: 3256
DEBUG [ImageProcessing.cpp:526] @ 124.85s :Skim_Adjust 4011
DEBUG [IRImager.cpp:665] @ 153.786s :Release imager
DEBUG [BaseControlDevice.cpp:26] @ 153.838s :Base destructor called
DEBUG [IRImager.cpp:672] @ 153.838s :Delete image processing
DEBUG [IRImager.cpp:679] @ 153.846s :Delete buffer
DEBUG [IRImager.cpp:687] @ 153.847s :Delete source buffer
DEBUG [IRImager.cpp:694] @ 153.847s :Delete buffer (energy)
DEBUG [IRImager.cpp:701] @ 153.847s :Delete timer
DEBUG [IRImager.cpp:707] @ 153.847s :Delete manual timer
