DEBUG [IRLogger.cpp:105] @ 0.0003351s :***************************************************
DEBUG [IRLogger.cpp:106] @ 0.0004168s :* IRImagerDirect SDK                              *
DEBUG [IRLogger.cpp:107] @ 0.0004382s :***************************************************
DEBUG [IRLogger.cpp:113] @ 0.0004533s :* Native Machine:      AMD64
DEBUG [IRLogger.cpp:114] @ 0.0004656s :* Machine:             AMD64
DEBUG [IRLogger.cpp:116] @ 0.0004852s :* OS:                  Windows 10 0 26100
DEBUG [IRLogger.cpp:123] @ 0.0004961s :***************************************************
DEBUG [IRDeviceParams.cpp:204] @ 0.0023842s :Parameters
DEBUG [IRDeviceParams.cpp:205] @ 0.0024016s :serial: 14110095
DEBUG [IRDeviceParams.cpp:206] @ 0.0024093s :videoformatindex: 0
DEBUG [IRDeviceParams.cpp:207] @ 0.0024169s :fov: 0
DEBUG [IRDeviceParams.cpp:208] @ 0.0024245s :optics_text: 0000000000000000
DEBUG [IRDeviceParams.cpp:209] @ 0.0024316s :formatspath: 000002135FE09740
DEBUG [IRDeviceParams.cpp:210] @ 0.0024397s :calipath: 0000021361CDDC60
DEBUG [IRDeviceParams.cpp:211] @ 0.0024466s :temperature min: 0
DEBUG [IRDeviceParams.cpp:212] @ 0.0024535s :temperature max: 0
DEBUG [IRDeviceParams.cpp:213] @ 0.0024618s :framerate: 32
DEBUG [IRDeviceParams.cpp:214] @ 0.0024684s :bispectral: 0
DEBUG [IRDeviceParams.cpp:215] @ 0.0024751s :flag automatic: 1
DEBUG [IRDeviceParams.cpp:216] @ 0.0024822s :min interval: 15
DEBUG [IRDeviceParams.cpp:217] @ 0.0024896s :max interval: 0
DEBUG [IRDeviceParams.cpp:218] @ 0.0024969s :chip heating mode: 0
DEBUG [IRDeviceParams.cpp:219] @ 0.0025047s :chip heating fixed val: 40
DEBUG [IRDeviceParams.cpp:220] @ 0.0025129s :focus:  -1
DEBUG [IRDeviceParams.cpp:221] @ 0.0025235s :enable extended temp range: 0
DEBUG [IRDeviceParams.cpp:222] @ 0.0025304s :buffer queue size: 5
DEBUG [IRDeviceParams.cpp:223] @ 0.0025372s :enable high precision: 0
DEBUG [IRDeviceParams.cpp:224] @ 0.0025444s :radialDistortionCorrectionMode: 0
DEBUG [IRDeviceParams.cpp:225] @ 0.0025517s :deviceAPI: 0
DEBUG [IRDeviceParams.cpp:226] @ 0.0025581s :useExternalProbeForReferencing: 0
DEBUG [IRDeviceParams.cpp:227] @ 0.0025645s :enableMultiThreading: 0
DEBUG [IRDeviceParams.cpp:232] @ 0.0025729s :ethernetDevice.deviceIpAddress: 0.0.0.0
DEBUG [IRDeviceParams.cpp:233] @ 0.0025797s :ethernetDevice.localUdpPort: 0
DEBUG [IRDeviceParams.cpp:234] @ 0.0025872s :ethernetDevice.checkUdpSenderIp: 1
DEBUG [Cali.cpp:87] @ 0.348944s :Calibration directory path: .\Cali-14110095.xml
DEBUG [Cali.cpp:88] @ 0.348994s :Calibration file name: Cali-14110095.xml
DEBUG [Cali.cpp:98] @ 0.349448s :Calibration data A: 1450 B:400 C:4095 D:1000
INFO [IRImager.cpp:266] @ 0.350497s :Init thermal imager to 14110095 with size: 160x121@120 Hz
DEBUG [Cali.cpp:87] @ 0.350775s :Calibration directory path: .\Cali-14110095.xml
DEBUG [Cali.cpp:88] @ 0.350786s :Calibration file name: Cali-14110095.xml
DEBUG [Cali.cpp:98] @ 0.351019s :Calibration data A: 1450 B:400 C:4095 D:1000
DEBUG [Cali.cpp:87] @ 0.351718s :Calibration directory path: .\Cali-14110095.xml
DEBUG [Cali.cpp:88] @ 0.351731s :Calibration file name: Cali-14110095.xml
DEBUG [Cali.cpp:98] @ 0.351935s :Calibration data A: 1450 B:400 C:4095 D:1000
DEBUG [IRImager.cpp:300] @ 0.35198s :No temperature range configuration specified. Setting default values tMin: -20 , tMax: 100
DEBUG [IRImager.cpp:377] @ 0.352293s :Using HID control interface
DEBUG [IRImager.cpp:417] @ 0.372702s :Initialized HID control interface to device with HW:21 FW:2025
DEBUG [IRImager.cpp:438] @ 0.372777s :Frameconfig - width(in): 160, height(in): 121, interval: 83333, max framerate: 120, HW interval: 0.00833333
DEBUG [Cali.cpp:87] @ 0.372814s :Calibration directory path: .\Cali-14110095.xml
DEBUG [Cali.cpp:88] @ 0.372833s :Calibration file name: Cali-14110095.xml
DEBUG [Cali.cpp:98] @ 0.373574s :Calibration data A: 1450 B:400 C:4095 D:1000
DEBUG [ImageProcessing.cpp:200] @ 0.38992s :Source buffer size: 38720 Width: 160 Height: 121
DEBUG [ImageProcessing.cpp:121] @ 0.455793s :Source buffer size: 38720 Width: 160 Height: 121
DEBUG [OpSource.cpp:376] @ 0.457164s :Using formats path: C:\Program Files (x86)\Optris GmbH\IrDirectSDK\examples\matlab\Formats.def
DEBUG [OpSource.cpp:628] @ 0.458133s :Format found with size: 160
DEBUG [OpSource.cpp:791] @ 0.458326s :Selected Format:"PI160 160x120 @ 120Hz"
DEBUG [IRImager.cpp:844] @ 0.458983s :Caught onFrameInit with size: 160x120
DEBUG [OpSource.cpp:376] @ 0.460816s :Using formats path: C:\Program Files (x86)\Optris GmbH\IrDirectSDK\examples\matlab\Formats.def
DEBUG [OpSource.cpp:628] @ 0.461361s :Format found with size: 160
DEBUG [OpSource.cpp:376] @ 0.46223s :Using formats path: C:\Program Files (x86)\Optris GmbH\IrDirectSDK\examples\matlab\Formats.def
DEBUG [OpCorr.cpp:467] @ 0.473496s :Read cali: .\Cali-14110095.xml\Cali-14110095-48-M20-100.dat
DEBUG [OpCorr.cpp:557] @ 0.474332s :Read calibration of camera no 14110095, # of fields: 6 , start of fields: 40
DEBUG [ImageProcessing.cpp:1108] @ 0.744625s :Update flag temperature: 31.0703
DEBUG [ImageProcessing.cpp:1111] @ 0.752965s :Update box temperature: 29.25
DEBUG [Cali.cpp:639] @ 0.753035s :Calibration file path: 0000021362DCF5B4/0000006FF5BECDB8.xml
DEBUG [SimpleXML.cpp:238] @ 0.753366s :Failed to open file .\Cali-14110095.xml\CaliExt-14110095.xml
DEBUG [IRImager.cpp:550] @ 0.7645s :Chip heating disabled
DEBUG [IRImager.cpp:1110] @ 0.829075s :Start flag calibration
DEBUG [OpFlag.cpp:591] @ 11.5011s :SkimDiff: -10 Adjust: -973 State: 1 EMax: 8498 Emin: 2431
DEBUG [ImageProcessing.cpp:526] @ 11.5143s :Skim_Adjust 4016
DEBUG [IRImager.cpp:1124] @ 11.6304s :Finished startup calibration
DEBUG [IRImager.cpp:665] @ 18.9609s :Release imager
DEBUG [BaseControlDevice.cpp:26] @ 19.0085s :Base destructor called
DEBUG [IRImager.cpp:672] @ 19.0086s :Delete image processing
DEBUG [IRImager.cpp:679] @ 19.0128s :Delete buffer
DEBUG [IRImager.cpp:687] @ 19.0129s :Delete source buffer
DEBUG [IRImager.cpp:694] @ 19.0129s :Delete buffer (energy)
DEBUG [IRImager.cpp:701] @ 19.0129s :Delete timer
DEBUG [IRImager.cpp:707] @ 19.013s :Delete manual timer
