DEBUG [IRLogger.cpp:105] @ 0.0005537s :***************************************************
DEBUG [IRLogger.cpp:106] @ 0.0006443s :* IRImagerDirect SDK                              *
DEBUG [IRLogger.cpp:107] @ 0.000665s :***************************************************
DEBUG [IRLogger.cpp:113] @ 0.0006786s :* Native Machine:      AMD64
DEBUG [IRLogger.cpp:114] @ 0.0006912s :* Machine:             AMD64
DEBUG [IRLogger.cpp:116] @ 0.0007108s :* OS:                  Windows 10 0 26100
DEBUG [IRLogger.cpp:123] @ 0.0007224s :***************************************************
DEBUG [IRDeviceParams.cpp:204] @ 0.0011498s :Parameters
DEBUG [IRDeviceParams.cpp:205] @ 0.0011666s :serial: 14110095
DEBUG [IRDeviceParams.cpp:206] @ 0.0011742s :videoformatindex: 0
DEBUG [IRDeviceParams.cpp:207] @ 0.001181s :fov: 0
DEBUG [IRDeviceParams.cpp:208] @ 0.001188s :optics_text: 0000000000000000
DEBUG [IRDeviceParams.cpp:209] @ 0.0011951s :formatspath: 000001DED32F8950
DEBUG [IRDeviceParams.cpp:210] @ 0.0012096s :calipath: 000001DED247B590
DEBUG [IRDeviceParams.cpp:211] @ 0.0012172s :temperature min: 0
DEBUG [IRDeviceParams.cpp:212] @ 0.0012243s :temperature max: 0
DEBUG [IRDeviceParams.cpp:213] @ 0.0012333s :framerate: 32
DEBUG [IRDeviceParams.cpp:214] @ 0.0012745s :bispectral: 0
DEBUG [IRDeviceParams.cpp:215] @ 0.0012826s :flag automatic: 1
DEBUG [IRDeviceParams.cpp:216] @ 0.0012897s :min interval: 15
DEBUG [IRDeviceParams.cpp:217] @ 0.0012967s :max interval: 0
DEBUG [IRDeviceParams.cpp:218] @ 0.0013035s :chip heating mode: 0
DEBUG [IRDeviceParams.cpp:219] @ 0.0013104s :chip heating fixed val: 40
DEBUG [IRDeviceParams.cpp:220] @ 0.0013174s :focus:  -1
DEBUG [IRDeviceParams.cpp:221] @ 0.0013266s :enable extended temp range: 0
DEBUG [IRDeviceParams.cpp:222] @ 0.0013334s :buffer queue size: 5
DEBUG [IRDeviceParams.cpp:223] @ 0.0013398s :enable high precision: 0
DEBUG [IRDeviceParams.cpp:224] @ 0.0013464s :radialDistortionCorrectionMode: 0
DEBUG [IRDeviceParams.cpp:225] @ 0.0013528s :deviceAPI: 0
DEBUG [IRDeviceParams.cpp:226] @ 0.0013594s :useExternalProbeForReferencing: 0
DEBUG [IRDeviceParams.cpp:227] @ 0.0013657s :enableMultiThreading: 0
DEBUG [IRDeviceParams.cpp:232] @ 0.0013737s :ethernetDevice.deviceIpAddress: 0.0.0.0
DEBUG [IRDeviceParams.cpp:233] @ 0.0013801s :ethernetDevice.localUdpPort: 0
DEBUG [IRDeviceParams.cpp:234] @ 0.0013872s :ethernetDevice.checkUdpSenderIp: 1
DEBUG [Cali.cpp:87] @ 0.40373s :Calibration directory path: .\Cali-14110095.xml
DEBUG [Cali.cpp:88] @ 0.403759s :Calibration file name: Cali-14110095.xml
DEBUG [Cali.cpp:98] @ 0.404055s :Calibration data A: 1450 B:400 C:4095 D:1000
INFO [IRImager.cpp:266] @ 0.405097s :Init thermal imager to 14110095 with size: 160x121@120 Hz
DEBUG [Cali.cpp:87] @ 0.405391s :Calibration directory path: .\Cali-14110095.xml
DEBUG [Cali.cpp:88] @ 0.405404s :Calibration file name: Cali-14110095.xml
DEBUG [Cali.cpp:98] @ 0.405647s :Calibration data A: 1450 B:400 C:4095 D:1000
DEBUG [Cali.cpp:87] @ 0.406448s :Calibration directory path: .\Cali-14110095.xml
DEBUG [Cali.cpp:88] @ 0.406466s :Calibration file name: Cali-14110095.xml
DEBUG [Cali.cpp:98] @ 0.40674s :Calibration data A: 1450 B:400 C:4095 D:1000
DEBUG [IRImager.cpp:300] @ 0.406794s :No temperature range configuration specified. Setting default values tMin: -20 , tMax: 100
DEBUG [IRImager.cpp:377] @ 0.407169s :Using HID control interface
DEBUG [IRImager.cpp:417] @ 0.425296s :Initialized HID control interface to device with HW:21 FW:2025
DEBUG [IRImager.cpp:438] @ 0.425342s :Frameconfig - width(in): 160, height(in): 121, interval: 83333, max framerate: 120, HW interval: 0.00833333
DEBUG [Cali.cpp:87] @ 0.425367s :Calibration directory path: .\Cali-14110095.xml
DEBUG [Cali.cpp:88] @ 0.425381s :Calibration file name: Cali-14110095.xml
DEBUG [Cali.cpp:98] @ 0.425988s :Calibration data A: 1450 B:400 C:4095 D:1000
DEBUG [ImageProcessing.cpp:200] @ 0.449963s :Source buffer size: 38720 Width: 160 Height: 121
DEBUG [ImageProcessing.cpp:121] @ 0.516782s :Source buffer size: 38720 Width: 160 Height: 121
DEBUG [OpSource.cpp:376] @ 0.518084s :Using formats path: C:\Program Files (x86)\Optris GmbH\IrDirectSDK\examples\matlab\Formats.def
DEBUG [OpSource.cpp:628] @ 0.518914s :Format found with size: 160
DEBUG [OpSource.cpp:791] @ 0.51918s :Selected Format:"PI160 160x120 @ 120Hz"
DEBUG [IRImager.cpp:844] @ 0.519759s :Caught onFrameInit with size: 160x120
DEBUG [OpSource.cpp:376] @ 0.521547s :Using formats path: C:\Program Files (x86)\Optris GmbH\IrDirectSDK\examples\matlab\Formats.def
DEBUG [OpSource.cpp:628] @ 0.522109s :Format found with size: 160
DEBUG [OpSource.cpp:376] @ 0.522867s :Using formats path: C:\Program Files (x86)\Optris GmbH\IrDirectSDK\examples\matlab\Formats.def
DEBUG [OpCorr.cpp:467] @ 0.534457s :Read cali: .\Cali-14110095.xml\Cali-14110095-48-M20-100.dat
DEBUG [OpCorr.cpp:557] @ 0.535184s :Read calibration of camera no 14110095, # of fields: 6 , start of fields: 40
DEBUG [ImageProcessing.cpp:1108] @ 0.838933s :Update flag temperature: 30.4141
DEBUG [ImageProcessing.cpp:1111] @ 0.847092s :Update box temperature: 28.8984
DEBUG [Cali.cpp:639] @ 0.847164s :Calibration file path: 000001DED344C514/000000CA3FDECB58.xml
DEBUG [SimpleXML.cpp:238] @ 0.847521s :Failed to open file .\Cali-14110095.xml\CaliExt-14110095.xml
DEBUG [IRImager.cpp:550] @ 0.860445s :Chip heating disabled
DEBUG [IRImager.cpp:1110] @ 0.965138s :Start flag calibration
