DEBUG [IRLogger.cpp:105] @ 0.0003542s :***************************************************
DEBUG [IRLogger.cpp:106] @ 0.0004399s :* IRImagerDirect SDK                              *
DEBUG [IRLogger.cpp:107] @ 0.0004592s :***************************************************
DEBUG [IRLogger.cpp:113] @ 0.0004732s :* Native Machine:      AMD64
DEBUG [IRLogger.cpp:114] @ 0.0005221s :* Machine:             AMD64
DEBUG [IRLogger.cpp:116] @ 0.000542s :* OS:                  Windows 10 0 26100
DEBUG [IRLogger.cpp:123] @ 0.0005538s :***************************************************
DEBUG [IRDeviceParams.cpp:204] @ 0.0010597s :Parameters
DEBUG [IRDeviceParams.cpp:205] @ 0.001078s :serial: 14110095
DEBUG [IRDeviceParams.cpp:206] @ 0.0010863s :videoformatindex: 0
DEBUG [IRDeviceParams.cpp:207] @ 0.0010937s :fov: 0
DEBUG [IRDeviceParams.cpp:208] @ 0.0011018s :optics_text: 0000000000000000
DEBUG [IRDeviceParams.cpp:209] @ 0.0011087s :formatspath: 000002C093B49B90
DEBUG [IRDeviceParams.cpp:210] @ 0.0011166s :calipath: 000002C091DDAC10
DEBUG [IRDeviceParams.cpp:211] @ 0.0011229s :temperature min: 0
DEBUG [IRDeviceParams.cpp:212] @ 0.001129s :temperature max: 0
DEBUG [IRDeviceParams.cpp:213] @ 0.001137s :framerate: 32
DEBUG [IRDeviceParams.cpp:214] @ 0.0011434s :bispectral: 0
DEBUG [IRDeviceParams.cpp:215] @ 0.0011497s :flag automatic: 1
DEBUG [IRDeviceParams.cpp:216] @ 0.001156s :min interval: 15
DEBUG [IRDeviceParams.cpp:217] @ 0.0011629s :max interval: 0
DEBUG [IRDeviceParams.cpp:218] @ 0.0011701s :chip heating mode: 0
DEBUG [IRDeviceParams.cpp:219] @ 0.0011774s :chip heating fixed val: 40
DEBUG [IRDeviceParams.cpp:220] @ 0.0011844s :focus:  -1
DEBUG [IRDeviceParams.cpp:221] @ 0.0011933s :enable extended temp range: 0
DEBUG [IRDeviceParams.cpp:222] @ 0.0012002s :buffer queue size: 5
DEBUG [IRDeviceParams.cpp:223] @ 0.001207s :enable high precision: 0
DEBUG [IRDeviceParams.cpp:224] @ 0.0012139s :radialDistortionCorrectionMode: 0
DEBUG [IRDeviceParams.cpp:225] @ 0.0012206s :deviceAPI: 0
DEBUG [IRDeviceParams.cpp:226] @ 0.0012274s :useExternalProbeForReferencing: 0
DEBUG [IRDeviceParams.cpp:227] @ 0.0012351s :enableMultiThreading: 0
DEBUG [IRDeviceParams.cpp:232] @ 0.0012434s :ethernetDevice.deviceIpAddress: 0.0.0.0
DEBUG [IRDeviceParams.cpp:233] @ 0.0012508s :ethernetDevice.localUdpPort: 0
DEBUG [IRDeviceParams.cpp:234] @ 0.0012575s :ethernetDevice.checkUdpSenderIp: 1
DEBUG [Cali.cpp:87] @ 0.275289s :Calibration directory path: .\Cali-14110095.xml
DEBUG [Cali.cpp:88] @ 0.27532s :Calibration file name: Cali-14110095.xml
DEBUG [Cali.cpp:98] @ 0.275602s :Calibration data A: 1450 B:400 C:4095 D:1000
INFO [IRImager.cpp:266] @ 0.276721s :Init thermal imager to 14110095 with size: 160x121@120 Hz
DEBUG [Cali.cpp:87] @ 0.27703s :Calibration directory path: .\Cali-14110095.xml
DEBUG [Cali.cpp:88] @ 0.277043s :Calibration file name: Cali-14110095.xml
DEBUG [Cali.cpp:98] @ 0.277286s :Calibration data A: 1450 B:400 C:4095 D:1000
DEBUG [Cali.cpp:87] @ 0.278049s :Calibration directory path: .\Cali-14110095.xml
DEBUG [Cali.cpp:88] @ 0.278065s :Calibration file name: Cali-14110095.xml
DEBUG [Cali.cpp:98] @ 0.278301s :Calibration data A: 1450 B:400 C:4095 D:1000
DEBUG [IRImager.cpp:300] @ 0.278354s :No temperature range configuration specified. Setting default values tMin: -20 , tMax: 100
DEBUG [IRImager.cpp:377] @ 0.278785s :Using HID control interface
DEBUG [IRImager.cpp:417] @ 0.300254s :Initialized HID control interface to device with HW:21 FW:2025
DEBUG [IRImager.cpp:438] @ 0.300308s :Frameconfig - width(in): 160, height(in): 121, interval: 83333, max framerate: 120, HW interval: 0.00833333
DEBUG [Cali.cpp:87] @ 0.300325s :Calibration directory path: .\Cali-14110095.xml
DEBUG [Cali.cpp:88] @ 0.300333s :Calibration file name: Cali-14110095.xml
DEBUG [Cali.cpp:98] @ 0.300866s :Calibration data A: 1450 B:400 C:4095 D:1000
DEBUG [ImageProcessing.cpp:200] @ 0.316413s :Source buffer size: 38720 Width: 160 Height: 121
DEBUG [ImageProcessing.cpp:121] @ 0.383149s :Source buffer size: 38720 Width: 160 Height: 121
DEBUG [OpSource.cpp:376] @ 0.383415s :Using formats path: C:\Program Files (x86)\Optris GmbH\IrDirectSDK\examples\matlab\Formats.def
DEBUG [OpSource.cpp:628] @ 0.383536s :Format found with size: 160
DEBUG [OpSource.cpp:791] @ 0.383561s :Selected Format:"PI160 160x120 @ 120Hz"
DEBUG [IRImager.cpp:844] @ 0.383655s :Caught onFrameInit with size: 160x120
DEBUG [OpSource.cpp:376] @ 0.384407s :Using formats path: C:\Program Files (x86)\Optris GmbH\IrDirectSDK\examples\matlab\Formats.def
DEBUG [OpSource.cpp:628] @ 0.384572s :Format found with size: 160
DEBUG [OpSource.cpp:376] @ 0.384651s :Using formats path: C:\Program Files (x86)\Optris GmbH\IrDirectSDK\examples\matlab\Formats.def
DEBUG [OpCorr.cpp:467] @ 0.399787s :Read cali: .\Cali-14110095.xml\Cali-14110095-48-M20-100.dat
DEBUG [OpCorr.cpp:557] @ 0.399973s :Read calibration of camera no 14110095, # of fields: 6 , start of fields: 40
DEBUG [ImageProcessing.cpp:1108] @ 0.680495s :Update flag temperature: 29.9688
DEBUG [ImageProcessing.cpp:1111] @ 0.688837s :Update box temperature: 28.1797
DEBUG [Cali.cpp:639] @ 0.68892s :Calibration file path: 000002C094EFCB34/000000E8209ED008.xml
DEBUG [SimpleXML.cpp:238] @ 0.68938s :Failed to open file .\Cali-14110095.xml\CaliExt-14110095.xml
DEBUG [IRImager.cpp:550] @ 0.709603s :Chip heating disabled
DEBUG [IRImager.cpp:1110] @ 0.791933s :Start flag calibration
DEBUG [IRImager.cpp:665] @ 8.93905s :Release imager
DEBUG [BaseControlDevice.cpp:26] @ 8.99591s :Base destructor called
DEBUG [IRImager.cpp:672] @ 8.99597s :Delete image processing
DEBUG [IRImager.cpp:679] @ 9.0023s :Delete buffer
DEBUG [IRImager.cpp:687] @ 9.00235s :Delete source buffer
DEBUG [IRImager.cpp:694] @ 9.00236s :Delete buffer (energy)
DEBUG [IRImager.cpp:701] @ 9.00237s :Delete timer
DEBUG [IRImager.cpp:707] @ 9.00237s :Delete manual timer
