DEBUG [IRLogger.cpp:105] @ 0.0003194s :***************************************************
DEBUG [IRLogger.cpp:106] @ 0.0004023s :* IRImagerDirect SDK                              *
DEBUG [IRLogger.cpp:107] @ 0.0006831s :***************************************************
DEBUG [IRLogger.cpp:113] @ 0.0007751s :* Native Machine:      AMD64
DEBUG [IRLogger.cpp:114] @ 0.0008013s :* Machine:             AMD64
DEBUG [IRLogger.cpp:116] @ 0.0008214s :* OS:                  Windows 10 0 26100
DEBUG [IRLogger.cpp:123] @ 0.0008345s :***************************************************
DEBUG [IRDeviceParams.cpp:204] @ 0.0026146s :Parameters
DEBUG [IRDeviceParams.cpp:205] @ 0.0026332s :serial: 14110095
DEBUG [IRDeviceParams.cpp:206] @ 0.0026408s :videoformatindex: 0
DEBUG [IRDeviceParams.cpp:207] @ 0.002648s :fov: 0
DEBUG [IRDeviceParams.cpp:208] @ 0.0026553s :optics_text: 0000000000000000
DEBUG [IRDeviceParams.cpp:209] @ 0.0026623s :formatspath: 0000019A2CE51540
DEBUG [IRDeviceParams.cpp:210] @ 0.0026702s :calipath: 0000019A2CDF9BF0
DEBUG [IRDeviceParams.cpp:211] @ 0.0026769s :temperature min: 0
DEBUG [IRDeviceParams.cpp:212] @ 0.0026833s :temperature max: 0
DEBUG [IRDeviceParams.cpp:213] @ 0.0026909s :framerate: 32
DEBUG [IRDeviceParams.cpp:214] @ 0.0026979s :bispectral: 0
DEBUG [IRDeviceParams.cpp:215] @ 0.0027044s :flag automatic: 1
DEBUG [IRDeviceParams.cpp:216] @ 0.0027113s :min interval: 15
DEBUG [IRDeviceParams.cpp:217] @ 0.0027183s :max interval: 0
DEBUG [IRDeviceParams.cpp:218] @ 0.0027251s :chip heating mode: 0
DEBUG [IRDeviceParams.cpp:219] @ 0.0027322s :chip heating fixed val: 40
DEBUG [IRDeviceParams.cpp:220] @ 0.0027394s :focus:  -1
DEBUG [IRDeviceParams.cpp:221] @ 0.0027487s :enable extended temp range: 0
DEBUG [IRDeviceParams.cpp:222] @ 0.0027557s :buffer queue size: 5
DEBUG [IRDeviceParams.cpp:223] @ 0.0027624s :enable high precision: 0
DEBUG [IRDeviceParams.cpp:224] @ 0.0027693s :radialDistortionCorrectionMode: 0
DEBUG [IRDeviceParams.cpp:225] @ 0.0027759s :deviceAPI: 0
DEBUG [IRDeviceParams.cpp:226] @ 0.0027826s :useExternalProbeForReferencing: 0
DEBUG [IRDeviceParams.cpp:227] @ 0.0027893s :enableMultiThreading: 0
DEBUG [IRDeviceParams.cpp:232] @ 0.0027977s :ethernetDevice.deviceIpAddress: 0.0.0.0
DEBUG [IRDeviceParams.cpp:233] @ 0.0028044s :ethernetDevice.localUdpPort: 0
DEBUG [IRDeviceParams.cpp:234] @ 0.002811s :ethernetDevice.checkUdpSenderIp: 1
DEBUG [Cali.cpp:87] @ 0.466569s :Calibration directory path: .\Cali-14110095.xml
DEBUG [Cali.cpp:88] @ 0.466643s :Calibration file name: Cali-14110095.xml
DEBUG [Cali.cpp:98] @ 0.467394s :Calibration data A: 1450 B:400 C:4095 D:1000
INFO [IRImager.cpp:266] @ 0.470787s :Init thermal imager to 14110095 with size: 160x121@120 Hz
DEBUG [Cali.cpp:87] @ 0.471631s :Calibration directory path: .\Cali-14110095.xml
DEBUG [Cali.cpp:88] @ 0.471668s :Calibration file name: Cali-14110095.xml
DEBUG [Cali.cpp:98] @ 0.472274s :Calibration data A: 1450 B:400 C:4095 D:1000
DEBUG [Cali.cpp:87] @ 0.474162s :Calibration directory path: .\Cali-14110095.xml
DEBUG [Cali.cpp:88] @ 0.474203s :Calibration file name: Cali-14110095.xml
DEBUG [Cali.cpp:98] @ 0.47477s :Calibration data A: 1450 B:400 C:4095 D:1000
DEBUG [IRImager.cpp:300] @ 0.474893s :No temperature range configuration specified. Setting default values tMin: -20 , tMax: 100
DEBUG [IRImager.cpp:377] @ 0.476008s :Using HID control interface
DEBUG [IRImager.cpp:417] @ 0.500513s :Initialized HID control interface to device with HW:21 FW:2025
DEBUG [IRImager.cpp:438] @ 0.500732s :Frameconfig - width(in): 160, height(in): 121, interval: 83333, max framerate: 120, HW interval: 0.00833333
DEBUG [Cali.cpp:87] @ 0.500832s :Calibration directory path: .\Cali-14110095.xml
DEBUG [Cali.cpp:88] @ 0.500892s :Calibration file name: Cali-14110095.xml
DEBUG [Cali.cpp:98] @ 0.503129s :Calibration data A: 1450 B:400 C:4095 D:1000
DEBUG [ImageProcessing.cpp:200] @ 0.524854s :Source buffer size: 38720 Width: 160 Height: 121
DEBUG [ImageProcessing.cpp:121] @ 0.59096s :Source buffer size: 38720 Width: 160 Height: 121
DEBUG [OpSource.cpp:376] @ 0.592096s :Using formats path: C:\Program Files (x86)\Optris GmbH\IrDirectSDK\examples\matlab\Formats.def
DEBUG [OpSource.cpp:628] @ 0.592804s :Format found with size: 160
DEBUG [OpSource.cpp:791] @ 0.593001s :Selected Format:"PI160 160x120 @ 120Hz"
DEBUG [IRImager.cpp:844] @ 0.593651s :Caught onFrameInit with size: 160x120
DEBUG [OpSource.cpp:376] @ 0.595412s :Using formats path: C:\Program Files (x86)\Optris GmbH\IrDirectSDK\examples\matlab\Formats.def
DEBUG [OpSource.cpp:628] @ 0.595978s :Format found with size: 160
DEBUG [OpSource.cpp:376] @ 0.596765s :Using formats path: C:\Program Files (x86)\Optris GmbH\IrDirectSDK\examples\matlab\Formats.def
DEBUG [OpCorr.cpp:467] @ 0.60885s :Read cali: .\Cali-14110095.xml\Cali-14110095-48-M20-100.dat
DEBUG [OpCorr.cpp:557] @ 0.609207s :Read calibration of camera no 14110095, # of fields: 6 , start of fields: 40
DEBUG [ImageProcessing.cpp:1108] @ 0.89728s :Update flag temperature: 31.2891
DEBUG [ImageProcessing.cpp:1111] @ 0.905576s :Update box temperature: 29.5312
DEBUG [Cali.cpp:639] @ 0.905694s :Calibration file path: 0000019A2CFD1B84/0000000B4D9ED028.xml
DEBUG [SimpleXML.cpp:238] @ 0.906322s :Failed to open file .\Cali-14110095.xml\CaliExt-14110095.xml
DEBUG [IRImager.cpp:550] @ 0.929173s :Chip heating disabled
DEBUG [IRImager.cpp:1110] @ 1.08558s :Start flag calibration
DEBUG [OpFlag.cpp:591] @ 11.7571s :SkimDiff: -10 Adjust: -996 State: 1 EMax: 8531 Emin: 2408
DEBUG [ImageProcessing.cpp:526] @ 11.7685s :Skim_Adjust 4016
DEBUG [IRImager.cpp:1124] @ 11.8852s :Finished startup calibration
DEBUG [IRImager.cpp:1175] @ 26.6064s :Automatic control of shutter flag
DEBUG [OpFlag.cpp:591] @ 26.7678s :SkimDiff: -4 Adjust: -385 State: 1 EMax: 9138 Emin: 3019
DEBUG [ImageProcessing.cpp:526] @ 26.789s :Skim_Adjust 4015
DEBUG [IRImager.cpp:665] @ 59.6858s :Release imager
DEBUG [BaseControlDevice.cpp:26] @ 59.7476s :Base destructor called
DEBUG [IRImager.cpp:672] @ 59.7477s :Delete image processing
DEBUG [IRImager.cpp:679] @ 59.7557s :Delete buffer
DEBUG [IRImager.cpp:687] @ 59.7558s :Delete source buffer
DEBUG [IRImager.cpp:694] @ 59.7558s :Delete buffer (energy)
DEBUG [IRImager.cpp:701] @ 59.7558s :Delete timer
DEBUG [IRImager.cpp:707] @ 59.7558s :Delete manual timer
