DEBUG [IRLogger.cpp:105] @ 0.0004612s :***************************************************
DEBUG [IRLogger.cpp:106] @ 0.0005676s :* IRImagerDirect SDK                              *
DEBUG [IRLogger.cpp:107] @ 0.0007094s :***************************************************
DEBUG [IRLogger.cpp:113] @ 0.0007345s :* Native Machine:      AMD64
DEBUG [IRLogger.cpp:114] @ 0.0007509s :* Machine:             AMD64
DEBUG [IRLogger.cpp:116] @ 0.0007884s :* OS:                  Windows 10 0 26100
DEBUG [IRLogger.cpp:123] @ 0.0008001s :***************************************************
DEBUG [IRDeviceParams.cpp:204] @ 0.0026656s :Parameters
DEBUG [IRDeviceParams.cpp:205] @ 0.0026852s :serial: 14110095
DEBUG [IRDeviceParams.cpp:206] @ 0.0026934s :videoformatindex: 0
DEBUG [IRDeviceParams.cpp:207] @ 0.0027006s :fov: 0
DEBUG [IRDeviceParams.cpp:208] @ 0.0027082s :optics_text: 0000000000000000
DEBUG [IRDeviceParams.cpp:209] @ 0.0027156s :formatspath: 000001EF1225EAA0
DEBUG [IRDeviceParams.cpp:210] @ 0.0027239s :calipath: 000001EF1224A4F0
DEBUG [IRDeviceParams.cpp:211] @ 0.0027311s :temperature min: 0
DEBUG [IRDeviceParams.cpp:212] @ 0.002738s :temperature max: 0
DEBUG [IRDeviceParams.cpp:213] @ 0.0027462s :framerate: 32
DEBUG [IRDeviceParams.cpp:214] @ 0.0027537s :bispectral: 0
DEBUG [IRDeviceParams.cpp:215] @ 0.0027605s :flag automatic: 1
DEBUG [IRDeviceParams.cpp:216] @ 0.0027677s :min interval: 15
DEBUG [IRDeviceParams.cpp:217] @ 0.0027752s :max interval: 0
DEBUG [IRDeviceParams.cpp:218] @ 0.0027824s :chip heating mode: 0
DEBUG [IRDeviceParams.cpp:219] @ 0.0027898s :chip heating fixed val: 40
DEBUG [IRDeviceParams.cpp:220] @ 0.0027973s :focus:  -1
DEBUG [IRDeviceParams.cpp:221] @ 0.0028074s :enable extended temp range: 0
DEBUG [IRDeviceParams.cpp:222] @ 0.002815s :buffer queue size: 5
DEBUG [IRDeviceParams.cpp:223] @ 0.0028221s :enable high precision: 0
DEBUG [IRDeviceParams.cpp:224] @ 0.0028294s :radialDistortionCorrectionMode: 0
DEBUG [IRDeviceParams.cpp:225] @ 0.0028364s :deviceAPI: 0
DEBUG [IRDeviceParams.cpp:226] @ 0.0028433s :useExternalProbeForReferencing: 0
DEBUG [IRDeviceParams.cpp:227] @ 0.0028501s :enableMultiThreading: 0
DEBUG [IRDeviceParams.cpp:232] @ 0.002859s :ethernetDevice.deviceIpAddress: 0.0.0.0
DEBUG [IRDeviceParams.cpp:233] @ 0.002866s :ethernetDevice.localUdpPort: 0
DEBUG [IRDeviceParams.cpp:234] @ 0.0028734s :ethernetDevice.checkUdpSenderIp: 1
DEBUG [Cali.cpp:87] @ 0.344779s :Calibration directory path: .\Cali-14110095.xml
DEBUG [Cali.cpp:88] @ 0.344806s :Calibration file name: Cali-14110095.xml
DEBUG [Cali.cpp:98] @ 0.345069s :Calibration data A: 1450 B:400 C:4095 D:1000
INFO [IRImager.cpp:266] @ 0.346026s :Init thermal imager to 14110095 with size: 160x121@120 Hz
DEBUG [Cali.cpp:87] @ 0.346293s :Calibration directory path: .\Cali-14110095.xml
DEBUG [Cali.cpp:88] @ 0.346305s :Calibration file name: Cali-14110095.xml
DEBUG [Cali.cpp:98] @ 0.346524s :Calibration data A: 1450 B:400 C:4095 D:1000
DEBUG [Cali.cpp:87] @ 0.347264s :Calibration directory path: .\Cali-14110095.xml
DEBUG [Cali.cpp:88] @ 0.347286s :Calibration file name: Cali-14110095.xml
DEBUG [Cali.cpp:98] @ 0.347495s :Calibration data A: 1450 B:400 C:4095 D:1000
DEBUG [IRImager.cpp:300] @ 0.347542s :No temperature range configuration specified. Setting default values tMin: -20 , tMax: 100
DEBUG [IRImager.cpp:377] @ 0.347875s :Using HID control interface
DEBUG [IRImager.cpp:417] @ 0.362529s :Initialized HID control interface to device with HW:21 FW:2025
DEBUG [IRImager.cpp:438] @ 0.362564s :Frameconfig - width(in): 160, height(in): 121, interval: 83333, max framerate: 120, HW interval: 0.00833333
DEBUG [Cali.cpp:87] @ 0.362583s :Calibration directory path: .\Cali-14110095.xml
DEBUG [Cali.cpp:88] @ 0.362593s :Calibration file name: Cali-14110095.xml
DEBUG [Cali.cpp:98] @ 0.362984s :Calibration data A: 1450 B:400 C:4095 D:1000
DEBUG [ImageProcessing.cpp:200] @ 0.379139s :Source buffer size: 38720 Width: 160 Height: 121
DEBUG [ImageProcessing.cpp:121] @ 0.445473s :Source buffer size: 38720 Width: 160 Height: 121
DEBUG [OpSource.cpp:376] @ 0.44678s :Using formats path: C:\Program Files (x86)\Optris GmbH\IrDirectSDK\examples\matlab\Formats.def
DEBUG [OpSource.cpp:628] @ 0.447697s :Format found with size: 160
DEBUG [OpSource.cpp:791] @ 0.447894s :Selected Format:"PI160 160x120 @ 120Hz"
DEBUG [IRImager.cpp:844] @ 0.448591s :Caught onFrameInit with size: 160x120
DEBUG [OpSource.cpp:376] @ 0.450521s :Using formats path: C:\Program Files (x86)\Optris GmbH\IrDirectSDK\examples\matlab\Formats.def
DEBUG [OpSource.cpp:628] @ 0.451084s :Format found with size: 160
DEBUG [OpSource.cpp:376] @ 0.451844s :Using formats path: C:\Program Files (x86)\Optris GmbH\IrDirectSDK\examples\matlab\Formats.def
DEBUG [OpCorr.cpp:467] @ 0.463614s :Read cali: .\Cali-14110095.xml\Cali-14110095-48-M20-100.dat
DEBUG [OpCorr.cpp:557] @ 0.46438s :Read calibration of camera no 14110095, # of fields: 6 , start of fields: 40
DEBUG [ImageProcessing.cpp:1108] @ 0.759763s :Update flag temperature: 30.6172
DEBUG [ImageProcessing.cpp:1111] @ 0.768116s :Update box temperature: 28.9375
DEBUG [Cali.cpp:639] @ 0.768197s :Calibration file path: 000001EF124519D4/0000002E6A1ECEC8.xml
DEBUG [SimpleXML.cpp:238] @ 0.76862s :Failed to open file .\Cali-14110095.xml\CaliExt-14110095.xml
DEBUG [IRImager.cpp:550] @ 0.781826s :Chip heating disabled
DEBUG [IRImager.cpp:1110] @ 0.884581s :Start flag calibration
DEBUG [OpFlag.cpp:591] @ 11.5579s :SkimDiff: -11 Adjust: -1002 State: 1 EMax: 8422 Emin: 2402
DEBUG [ImageProcessing.cpp:526] @ 11.5705s :Skim_Adjust 4015
DEBUG [IRImager.cpp:1124] @ 11.6861s :Finished startup calibration
DEBUG [IRImager.cpp:1175] @ 26.4053s :Automatic control of shutter flag
DEBUG [OpFlag.cpp:591] @ 26.5653s :SkimDiff: -4 Adjust: -366 State: 1 EMax: 9051 Emin: 3038
DEBUG [ImageProcessing.cpp:526] @ 26.5772s :Skim_Adjust 4014
DEBUG [IRImager.cpp:1175] @ 60.8849s :Automatic control of shutter flag
DEBUG [OpFlag.cpp:591] @ 61.0609s :SkimDiff: -4 Adjust: -301 State: 1 EMax: 9121 Emin: 3103
DEBUG [ImageProcessing.cpp:526] @ 61.0736s :Skim_Adjust 4013
DEBUG [IRImager.cpp:1175] @ 89.7328s :Automatic control of shutter flag
DEBUG [OpFlag.cpp:591] @ 89.8924s :SkimDiff: -3 Adjust: -246 State: 1 EMax: 9191 Emin: 3158
DEBUG [ImageProcessing.cpp:526] @ 89.9043s :Skim_Adjust 4012
DEBUG [IRImager.cpp:1175] @ 119.445s :Automatic control of shutter flag
DEBUG [OpFlag.cpp:591] @ 119.621s :SkimDiff: -2 Adjust: -187 State: 1 EMax: 9250 Emin: 3217
DEBUG [ImageProcessing.cpp:526] @ 119.634s :Skim_Adjust 4011
DEBUG [IRImager.cpp:1175] @ 142.998s :Automatic control of shutter flag
DEBUG [OpFlag.cpp:591] @ 143.173s :SkimDiff: -2 Adjust: -129 State: 1 EMax: 9319 Emin: 3275
DEBUG [ImageProcessing.cpp:526] @ 143.186s :Skim_Adjust 4010
DEBUG [IRImager.cpp:1175] @ 169.861s :Automatic control of shutter flag
DEBUG [OpFlag.cpp:591] @ 170.038s :SkimDiff: -1 Adjust: -73 State: 1 EMax: 9381 Emin: 3331
DEBUG [ImageProcessing.cpp:526] @ 170.051s :Skim_Adjust 4009
DEBUG [IRImager.cpp:1175] @ 197.812s :Automatic control of shutter flag
DEBUG [OpFlag.cpp:591] @ 197.989s :SkimDiff: -1 Adjust: -15 State: 1 EMax: 9443 Emin: 3389
DEBUG [ImageProcessing.cpp:526] @ 198.001s :Skim_Adjust 4008
DEBUG [IRImager.cpp:1175] @ 223.941s :Automatic control of shutter flag
DEBUG [OpFlag.cpp:591] @ 224.116s :SkimDiff: 0 Adjust: 0 State: 0 EMax: 9512 Emin: 3446
DEBUG [IRImager.cpp:1175] @ 268.277s :Automatic control of shutter flag
DEBUG [OpFlag.cpp:591] @ 268.437s :SkimDiff: 0 Adjust: 0 State: 0 EMax: 9519 Emin: 3453
DEBUG [IRImager.cpp:665] @ 299.049s :Release imager
DEBUG [BaseControlDevice.cpp:26] @ 299.092s :Base destructor called
DEBUG [IRImager.cpp:672] @ 299.092s :Delete image processing
DEBUG [IRImager.cpp:679] @ 299.107s :Delete buffer
DEBUG [IRImager.cpp:687] @ 299.107s :Delete source buffer
DEBUG [IRImager.cpp:694] @ 299.107s :Delete buffer (energy)
DEBUG [IRImager.cpp:701] @ 299.107s :Delete timer
DEBUG [IRImager.cpp:707] @ 299.107s :Delete manual timer
