DEBUG [IRLogger.cpp:105] @ 0.0004188s :***************************************************
DEBUG [IRLogger.cpp:106] @ 0.0005147s :* IRImagerDirect SDK                              *
DEBUG [IRLogger.cpp:107] @ 0.000538s :***************************************************
DEBUG [IRLogger.cpp:113] @ 0.0005543s :* Native Machine:      AMD64
DEBUG [IRLogger.cpp:114] @ 0.000568s :* Machine:             AMD64
DEBUG [IRLogger.cpp:116] @ 0.000594s :* OS:                  Windows 10 0 26100
DEBUG [IRLogger.cpp:123] @ 0.0006064s :***************************************************
DEBUG [IRDeviceParams.cpp:204] @ 0.0023814s :Parameters
DEBUG [IRDeviceParams.cpp:205] @ 0.003151s :serial: 14110095
DEBUG [IRDeviceParams.cpp:206] @ 0.0031636s :videoformatindex: 0
DEBUG [IRDeviceParams.cpp:207] @ 0.0031715s :fov: 0
DEBUG [IRDeviceParams.cpp:208] @ 0.0031789s :optics_text: 0000000000000000
DEBUG [IRDeviceParams.cpp:209] @ 0.0031865s :formatspath: 0000018BABC5F070
DEBUG [IRDeviceParams.cpp:210] @ 0.0031948s :calipath: 0000018BABCCABB0
DEBUG [IRDeviceParams.cpp:211] @ 0.0032022s :temperature min: 0
DEBUG [IRDeviceParams.cpp:212] @ 0.0032544s :temperature max: 0
DEBUG [IRDeviceParams.cpp:213] @ 0.0032659s :framerate: 32
DEBUG [IRDeviceParams.cpp:214] @ 0.0032727s :bispectral: 0
DEBUG [IRDeviceParams.cpp:215] @ 0.0032792s :flag automatic: 1
DEBUG [IRDeviceParams.cpp:216] @ 0.003286s :min interval: 15
DEBUG [IRDeviceParams.cpp:217] @ 0.0032933s :max interval: 0
DEBUG [IRDeviceParams.cpp:218] @ 0.0033s :chip heating mode: 0
DEBUG [IRDeviceParams.cpp:219] @ 0.0033069s :chip heating fixed val: 40
DEBUG [IRDeviceParams.cpp:220] @ 0.0033144s :focus:  -1
DEBUG [IRDeviceParams.cpp:221] @ 0.003325s :enable extended temp range: 0
DEBUG [IRDeviceParams.cpp:222] @ 0.0033322s :buffer queue size: 5
DEBUG [IRDeviceParams.cpp:223] @ 0.0033395s :enable high precision: 0
DEBUG [IRDeviceParams.cpp:224] @ 0.0033463s :radialDistortionCorrectionMode: 0
DEBUG [IRDeviceParams.cpp:225] @ 0.0033532s :deviceAPI: 0
DEBUG [IRDeviceParams.cpp:226] @ 0.0033599s :useExternalProbeForReferencing: 0
DEBUG [IRDeviceParams.cpp:227] @ 0.0033667s :enableMultiThreading: 0
DEBUG [IRDeviceParams.cpp:232] @ 0.0033753s :ethernetDevice.deviceIpAddress: 0.0.0.0
DEBUG [IRDeviceParams.cpp:233] @ 0.0033828s :ethernetDevice.localUdpPort: 0
DEBUG [IRDeviceParams.cpp:234] @ 0.0033895s :ethernetDevice.checkUdpSenderIp: 1
DEBUG [Cali.cpp:87] @ 0.265661s :Calibration directory path: .\Cali-14110095.xml
DEBUG [Cali.cpp:88] @ 0.265691s :Calibration file name: Cali-14110095.xml
DEBUG [Cali.cpp:98] @ 0.266007s :Calibration data A: 1450 B:400 C:4095 D:1000
INFO [IRImager.cpp:266] @ 0.267004s :Init thermal imager to 14110095 with size: 160x121@120 Hz
DEBUG [Cali.cpp:87] @ 0.267273s :Calibration directory path: .\Cali-14110095.xml
DEBUG [Cali.cpp:88] @ 0.267286s :Calibration file name: Cali-14110095.xml
DEBUG [Cali.cpp:98] @ 0.267525s :Calibration data A: 1450 B:400 C:4095 D:1000
DEBUG [Cali.cpp:87] @ 0.268228s :Calibration directory path: .\Cali-14110095.xml
DEBUG [Cali.cpp:88] @ 0.268243s :Calibration file name: Cali-14110095.xml
DEBUG [Cali.cpp:98] @ 0.268454s :Calibration data A: 1450 B:400 C:4095 D:1000
DEBUG [IRImager.cpp:300] @ 0.2685s :No temperature range configuration specified. Setting default values tMin: -20 , tMax: 100
DEBUG [IRImager.cpp:377] @ 0.268851s :Using HID control interface
DEBUG [IRImager.cpp:417] @ 0.287575s :Initialized HID control interface to device with HW:21 FW:2025
DEBUG [IRImager.cpp:438] @ 0.287655s :Frameconfig - width(in): 160, height(in): 121, interval: 83333, max framerate: 120, HW interval: 0.00833333
DEBUG [Cali.cpp:87] @ 0.287684s :Calibration directory path: .\Cali-14110095.xml
DEBUG [Cali.cpp:88] @ 0.287699s :Calibration file name: Cali-14110095.xml
DEBUG [Cali.cpp:98] @ 0.28838s :Calibration data A: 1450 B:400 C:4095 D:1000
DEBUG [ImageProcessing.cpp:200] @ 0.312269s :Source buffer size: 38720 Width: 160 Height: 121
DEBUG [ImageProcessing.cpp:121] @ 0.370046s :Source buffer size: 38720 Width: 160 Height: 121
DEBUG [OpSource.cpp:376] @ 0.370297s :Using formats path: C:\Program Files (x86)\Optris GmbH\IrDirectSDK\examples\matlab\Formats.def
DEBUG [OpSource.cpp:628] @ 0.370439s :Format found with size: 160
DEBUG [OpSource.cpp:791] @ 0.370466s :Selected Format:"PI160 160x120 @ 120Hz"
DEBUG [IRImager.cpp:844] @ 0.370558s :Caught onFrameInit with size: 160x120
DEBUG [OpSource.cpp:376] @ 0.37079s :Using formats path: C:\Program Files (x86)\Optris GmbH\IrDirectSDK\examples\matlab\Formats.def
DEBUG [OpSource.cpp:628] @ 0.370854s :Format found with size: 160
DEBUG [OpSource.cpp:376] @ 0.370935s :Using formats path: C:\Program Files (x86)\Optris GmbH\IrDirectSDK\examples\matlab\Formats.def
DEBUG [OpCorr.cpp:467] @ 0.387398s :Read cali: .\Cali-14110095.xml\Cali-14110095-48-M20-100.dat
DEBUG [OpCorr.cpp:557] @ 0.387758s :Read calibration of camera no 14110095, # of fields: 6 , start of fields: 40
DEBUG [ImageProcessing.cpp:1108] @ 0.676428s :Update flag temperature: 32.6875
DEBUG [ImageProcessing.cpp:1111] @ 0.684724s :Update box temperature: 31.0312
DEBUG [Cali.cpp:639] @ 0.684899s :Calibration file path: 0000018BA9F963B4/000000167A7ECA78.xml
DEBUG [SimpleXML.cpp:238] @ 0.685768s :Failed to open file .\Cali-14110095.xml\CaliExt-14110095.xml
DEBUG [IRImager.cpp:550] @ 0.707515s :Chip heating disabled
DEBUG [IRImager.cpp:1110] @ 0.768008s :Start flag calibration
DEBUG [OpFlag.cpp:591] @ 11.4403s :SkimDiff: -9 Adjust: -807 State: 1 EMax: 8782 Emin: 2597
DEBUG [ImageProcessing.cpp:526] @ 11.4518s :Skim_Adjust 4025
DEBUG [IRImager.cpp:1124] @ 11.5699s :Finished startup calibration
DEBUG [IRImager.cpp:1175] @ 26.2894s :Automatic control of shutter flag
DEBUG [OpFlag.cpp:591] @ 26.4485s :SkimDiff: -8 Adjust: -765 State: 1 EMax: 8846 Emin: 2639
DEBUG [ImageProcessing.cpp:526] @ 26.4607s :Skim_Adjust 4024
DEBUG [IRImager.cpp:665] @ 40.6976s :Release imager
DEBUG [BaseControlDevice.cpp:26] @ 40.7497s :Base destructor called
DEBUG [IRImager.cpp:672] @ 40.7498s :Delete image processing
DEBUG [IRImager.cpp:679] @ 40.7648s :Delete buffer
DEBUG [IRImager.cpp:687] @ 40.7649s :Delete source buffer
DEBUG [IRImager.cpp:694] @ 40.7649s :Delete buffer (energy)
DEBUG [IRImager.cpp:701] @ 40.7649s :Delete timer
DEBUG [IRImager.cpp:707] @ 40.7649s :Delete manual timer
