DEBUG [IRLogger.cpp:105] @ 0.0003515s :***************************************************
DEBUG [IRLogger.cpp:106] @ 0.0004417s :* IRImagerDirect SDK                              *
DEBUG [IRLogger.cpp:107] @ 0.0004618s :***************************************************
DEBUG [IRLogger.cpp:113] @ 0.0004758s :* Native Machine:      AMD64
DEBUG [IRLogger.cpp:114] @ 0.0004879s :* Machine:             AMD64
DEBUG [IRLogger.cpp:116] @ 0.0005069s :* OS:                  Windows 10 0 26100
DEBUG [IRLogger.cpp:123] @ 0.0005175s :***************************************************
DEBUG [IRDeviceParams.cpp:204] @ 0.0022319s :Parameters
DEBUG [IRDeviceParams.cpp:205] @ 0.0022505s :serial: 14110095
DEBUG [IRDeviceParams.cpp:206] @ 0.0022583s :videoformatindex: 0
DEBUG [IRDeviceParams.cpp:207] @ 0.0022653s :fov: 0
DEBUG [IRDeviceParams.cpp:208] @ 0.0022725s :optics_text: 0000000000000000
DEBUG [IRDeviceParams.cpp:209] @ 0.0022798s :formatspath: 000001E150E7D050
DEBUG [IRDeviceParams.cpp:210] @ 0.0022878s :calipath: 000001E150E398D0
DEBUG [IRDeviceParams.cpp:211] @ 0.0022945s :temperature min: 0
DEBUG [IRDeviceParams.cpp:212] @ 0.0023012s :temperature max: 0
DEBUG [IRDeviceParams.cpp:213] @ 0.0023089s :framerate: 32
DEBUG [IRDeviceParams.cpp:214] @ 0.0023154s :bispectral: 0
DEBUG [IRDeviceParams.cpp:215] @ 0.002322s :flag automatic: 1
DEBUG [IRDeviceParams.cpp:216] @ 0.002329s :min interval: 15
DEBUG [IRDeviceParams.cpp:217] @ 0.0023368s :max interval: 0
DEBUG [IRDeviceParams.cpp:218] @ 0.0023436s :chip heating mode: 0
DEBUG [IRDeviceParams.cpp:219] @ 0.0023507s :chip heating fixed val: 40
DEBUG [IRDeviceParams.cpp:220] @ 0.002358s :focus:  -1
DEBUG [IRDeviceParams.cpp:221] @ 0.0023674s :enable extended temp range: 0
DEBUG [IRDeviceParams.cpp:222] @ 0.0023746s :buffer queue size: 5
DEBUG [IRDeviceParams.cpp:223] @ 0.0023814s :enable high precision: 0
DEBUG [IRDeviceParams.cpp:224] @ 0.0023883s :radialDistortionCorrectionMode: 0
DEBUG [IRDeviceParams.cpp:225] @ 0.002395s :deviceAPI: 0
DEBUG [IRDeviceParams.cpp:226] @ 0.0024017s :useExternalProbeForReferencing: 0
DEBUG [IRDeviceParams.cpp:227] @ 0.0024083s :enableMultiThreading: 0
DEBUG [IRDeviceParams.cpp:232] @ 0.0024166s :ethernetDevice.deviceIpAddress: 0.0.0.0
DEBUG [IRDeviceParams.cpp:233] @ 0.0024233s :ethernetDevice.localUdpPort: 0
DEBUG [IRDeviceParams.cpp:234] @ 0.00243s :ethernetDevice.checkUdpSenderIp: 1
DEBUG [Cali.cpp:87] @ 0.446935s :Calibration directory path: .\Cali-14110095.xml
DEBUG [Cali.cpp:88] @ 0.446977s :Calibration file name: Cali-14110095.xml
DEBUG [Cali.cpp:98] @ 0.447416s :Calibration data A: 1450 B:400 C:4095 D:1000
INFO [IRImager.cpp:266] @ 0.449132s :Init thermal imager to 14110095 with size: 160x121@120 Hz
DEBUG [Cali.cpp:87] @ 0.449649s :Calibration directory path: .\Cali-14110095.xml
DEBUG [Cali.cpp:88] @ 0.44967s :Calibration file name: Cali-14110095.xml
DEBUG [Cali.cpp:98] @ 0.450102s :Calibration data A: 1450 B:400 C:4095 D:1000
DEBUG [Cali.cpp:87] @ 0.451573s :Calibration directory path: .\Cali-14110095.xml
DEBUG [Cali.cpp:88] @ 0.451603s :Calibration file name: Cali-14110095.xml
DEBUG [Cali.cpp:98] @ 0.45207s :Calibration data A: 1450 B:400 C:4095 D:1000
DEBUG [IRImager.cpp:300] @ 0.452167s :No temperature range configuration specified. Setting default values tMin: -20 , tMax: 100
DEBUG [IRImager.cpp:377] @ 0.452897s :Using HID control interface
DEBUG [IRImager.cpp:417] @ 0.475457s :Initialized HID control interface to device with HW:21 FW:2025
DEBUG [IRImager.cpp:438] @ 0.475596s :Frameconfig - width(in): 160, height(in): 121, interval: 83333, max framerate: 120, HW interval: 0.00833333
DEBUG [Cali.cpp:87] @ 0.475662s :Calibration directory path: .\Cali-14110095.xml
DEBUG [Cali.cpp:88] @ 0.475702s :Calibration file name: Cali-14110095.xml
DEBUG [Cali.cpp:98] @ 0.477185s :Calibration data A: 1450 B:400 C:4095 D:1000
DEBUG [ImageProcessing.cpp:200] @ 0.491876s :Source buffer size: 38720 Width: 160 Height: 121
DEBUG [ImageProcessing.cpp:121] @ 0.557983s :Source buffer size: 38720 Width: 160 Height: 121
DEBUG [OpSource.cpp:376] @ 0.559307s :Using formats path: C:\Program Files (x86)\Optris GmbH\IrDirectSDK\examples\matlab\Formats.def
DEBUG [OpSource.cpp:628] @ 0.560111s :Format found with size: 160
DEBUG [OpSource.cpp:791] @ 0.560296s :Selected Format:"PI160 160x120 @ 120Hz"
DEBUG [IRImager.cpp:844] @ 0.560928s :Caught onFrameInit with size: 160x120
DEBUG [OpSource.cpp:376] @ 0.563092s :Using formats path: C:\Program Files (x86)\Optris GmbH\IrDirectSDK\examples\matlab\Formats.def
DEBUG [OpSource.cpp:628] @ 0.563853s :Format found with size: 160
DEBUG [OpSource.cpp:376] @ 0.564675s :Using formats path: C:\Program Files (x86)\Optris GmbH\IrDirectSDK\examples\matlab\Formats.def
DEBUG [OpCorr.cpp:467] @ 0.576357s :Read cali: .\Cali-14110095.xml\Cali-14110095-48-M20-100.dat
DEBUG [OpCorr.cpp:557] @ 0.577056s :Read calibration of camera no 14110095, # of fields: 6 , start of fields: 40
DEBUG [ImageProcessing.cpp:1108] @ 0.889064s :Update flag temperature: 30.8672
DEBUG [ImageProcessing.cpp:1111] @ 0.897344s :Update box temperature: 29.2031
DEBUG [Cali.cpp:639] @ 0.89744s :Calibration file path: 000001E150FDC754/000000A2C15ECE08.xml
DEBUG [SimpleXML.cpp:238] @ 0.897962s :Failed to open file .\Cali-14110095.xml\CaliExt-14110095.xml
DEBUG [IRImager.cpp:550] @ 0.918263s :Chip heating disabled
DEBUG [IRImager.cpp:1110] @ 0.993016s :Start flag calibration
DEBUG [OpFlag.cpp:591] @ 11.664s :SkimDiff: -10 Adjust: -911 State: 1 EMax: 8507 Emin: 2493
DEBUG [ImageProcessing.cpp:526] @ 11.6747s :Skim_Adjust 4016
DEBUG [IRImager.cpp:1124] @ 11.7929s :Finished startup calibration
DEBUG [IRImager.cpp:1175] @ 26.5117s :Automatic control of shutter flag
DEBUG [OpFlag.cpp:591] @ 26.6719s :SkimDiff: -4 Adjust: -370 State: 1 EMax: 9061 Emin: 3034
DEBUG [ImageProcessing.cpp:526] @ 26.6902s :Skim_Adjust 4015
DEBUG [IRImager.cpp:1175] @ 41.5204s :Automatic control of shutter flag
DEBUG [OpFlag.cpp:591] @ 41.6832s :SkimDiff: -4 Adjust: -327 State: 1 EMax: 9117 Emin: 3077
DEBUG [ImageProcessing.cpp:526] @ 41.7096s :Skim_Adjust 4014
DEBUG [IRImager.cpp:665] @ 55.0445s :Release imager
DEBUG [BaseControlDevice.cpp:26] @ 55.0937s :Base destructor called
DEBUG [IRImager.cpp:672] @ 55.0937s :Delete image processing
DEBUG [IRImager.cpp:679] @ 55.0985s :Delete buffer
DEBUG [IRImager.cpp:687] @ 55.0985s :Delete source buffer
DEBUG [IRImager.cpp:694] @ 55.0985s :Delete buffer (energy)
DEBUG [IRImager.cpp:701] @ 55.0985s :Delete timer
DEBUG [IRImager.cpp:707] @ 55.0985s :Delete manual timer
