DEBUG [IRLogger.cpp:105] @ 0.0004356s :***************************************************
DEBUG [IRLogger.cpp:106] @ 0.0005213s :* IRImagerDirect SDK                              *
DEBUG [IRLogger.cpp:107] @ 0.0005431s :***************************************************
DEBUG [IRLogger.cpp:113] @ 0.0005575s :* Native Machine:      AMD64
DEBUG [IRLogger.cpp:114] @ 0.00057s :* Machine:             AMD64
DEBUG [IRLogger.cpp:116] @ 0.0005905s :* OS:                  Windows 10 0 26100
DEBUG [IRLogger.cpp:123] @ 0.0006377s :***************************************************
DEBUG [IRDeviceParams.cpp:204] @ 0.0025158s :Parameters
DEBUG [IRDeviceParams.cpp:205] @ 0.0025336s :serial: 14110095
DEBUG [IRDeviceParams.cpp:206] @ 0.002541s :videoformatindex: 0
DEBUG [IRDeviceParams.cpp:207] @ 0.0025479s :fov: 0
DEBUG [IRDeviceParams.cpp:208] @ 0.0025552s :optics_text: 0000000000000000
DEBUG [IRDeviceParams.cpp:209] @ 0.0025619s :formatspath: 000002432FA9B2C0
DEBUG [IRDeviceParams.cpp:210] @ 0.0025704s :calipath: 000002432FA878C0
DEBUG [IRDeviceParams.cpp:211] @ 0.0025769s :temperature min: 0
DEBUG [IRDeviceParams.cpp:212] @ 0.0025834s :temperature max: 0
DEBUG [IRDeviceParams.cpp:213] @ 0.0025909s :framerate: 32
DEBUG [IRDeviceParams.cpp:214] @ 0.0025972s :bispectral: 0
DEBUG [IRDeviceParams.cpp:215] @ 0.0026036s :flag automatic: 1
DEBUG [IRDeviceParams.cpp:216] @ 0.0026103s :min interval: 15
DEBUG [IRDeviceParams.cpp:217] @ 0.0026174s :max interval: 0
DEBUG [IRDeviceParams.cpp:218] @ 0.002624s :chip heating mode: 0
DEBUG [IRDeviceParams.cpp:219] @ 0.0026308s :chip heating fixed val: 40
DEBUG [IRDeviceParams.cpp:220] @ 0.0026378s :focus:  -1
DEBUG [IRDeviceParams.cpp:221] @ 0.0026476s :enable extended temp range: 0
DEBUG [IRDeviceParams.cpp:222] @ 0.0026558s :buffer queue size: 5
DEBUG [IRDeviceParams.cpp:223] @ 0.0026898s :enable high precision: 0
DEBUG [IRDeviceParams.cpp:224] @ 0.0026973s :radialDistortionCorrectionMode: 0
DEBUG [IRDeviceParams.cpp:225] @ 0.0027038s :deviceAPI: 0
DEBUG [IRDeviceParams.cpp:226] @ 0.0027101s :useExternalProbeForReferencing: 0
DEBUG [IRDeviceParams.cpp:227] @ 0.0027165s :enableMultiThreading: 0
DEBUG [IRDeviceParams.cpp:232] @ 0.0027246s :ethernetDevice.deviceIpAddress: 0.0.0.0
DEBUG [IRDeviceParams.cpp:233] @ 0.0027311s :ethernetDevice.localUdpPort: 0
DEBUG [IRDeviceParams.cpp:234] @ 0.0027377s :ethernetDevice.checkUdpSenderIp: 1
DEBUG [Cali.cpp:87] @ 0.352646s :Calibration directory path: .\Cali-14110095.xml
DEBUG [Cali.cpp:88] @ 0.352674s :Calibration file name: Cali-14110095.xml
DEBUG [Cali.cpp:98] @ 0.352948s :Calibration data A: 1450 B:400 C:4095 D:1000
INFO [IRImager.cpp:266] @ 0.353971s :Init thermal imager to 14110095 with size: 160x121@120 Hz
DEBUG [Cali.cpp:87] @ 0.354244s :Calibration directory path: .\Cali-14110095.xml
DEBUG [Cali.cpp:88] @ 0.354255s :Calibration file name: Cali-14110095.xml
DEBUG [Cali.cpp:98] @ 0.354486s :Calibration data A: 1450 B:400 C:4095 D:1000
DEBUG [Cali.cpp:87] @ 0.355162s :Calibration directory path: .\Cali-14110095.xml
DEBUG [Cali.cpp:88] @ 0.355176s :Calibration file name: Cali-14110095.xml
DEBUG [Cali.cpp:98] @ 0.35538s :Calibration data A: 1450 B:400 C:4095 D:1000
DEBUG [IRImager.cpp:300] @ 0.355427s :No temperature range configuration specified. Setting default values tMin: -20 , tMax: 100
DEBUG [IRImager.cpp:377] @ 0.355752s :Using HID control interface
DEBUG [IRImager.cpp:417] @ 0.371318s :Initialized HID control interface to device with HW:21 FW:2025
DEBUG [IRImager.cpp:438] @ 0.371352s :Frameconfig - width(in): 160, height(in): 121, interval: 83333, max framerate: 120, HW interval: 0.00833333
DEBUG [Cali.cpp:87] @ 0.371367s :Calibration directory path: .\Cali-14110095.xml
DEBUG [Cali.cpp:88] @ 0.371376s :Calibration file name: Cali-14110095.xml
DEBUG [Cali.cpp:98] @ 0.371699s :Calibration data A: 1450 B:400 C:4095 D:1000
DEBUG [ImageProcessing.cpp:200] @ 0.396025s :Source buffer size: 38720 Width: 160 Height: 121
DEBUG [ImageProcessing.cpp:121] @ 0.462172s :Source buffer size: 38720 Width: 160 Height: 121
DEBUG [OpSource.cpp:376] @ 0.462815s :Using formats path: C:\Program Files (x86)\Optris GmbH\IrDirectSDK\examples\matlab\Formats.def
DEBUG [OpSource.cpp:628] @ 0.463184s :Format found with size: 160
DEBUG [OpSource.cpp:791] @ 0.463266s :Selected Format:"PI160 160x120 @ 120Hz"
DEBUG [IRImager.cpp:844] @ 0.463506s :Caught onFrameInit with size: 160x120
DEBUG [OpSource.cpp:376] @ 0.464482s :Using formats path: C:\Program Files (x86)\Optris GmbH\IrDirectSDK\examples\matlab\Formats.def
DEBUG [OpSource.cpp:628] @ 0.464732s :Format found with size: 160
DEBUG [OpSource.cpp:376] @ 0.46502s :Using formats path: C:\Program Files (x86)\Optris GmbH\IrDirectSDK\examples\matlab\Formats.def
DEBUG [OpCorr.cpp:467] @ 0.470924s :Read cali: .\Cali-14110095.xml\Cali-14110095-48-M20-100.dat
DEBUG [OpCorr.cpp:557] @ 0.471195s :Read calibration of camera no 14110095, # of fields: 6 , start of fields: 40
DEBUG [ImageProcessing.cpp:1108] @ 0.768383s :Update flag temperature: 31.125
DEBUG [ImageProcessing.cpp:1111] @ 0.776786s :Update box temperature: 29.4062
DEBUG [Cali.cpp:639] @ 0.77684s :Calibration file path: 000002432FD07774/0000004B28BECF08.xml
DEBUG [SimpleXML.cpp:238] @ 0.777162s :Failed to open file .\Cali-14110095.xml\CaliExt-14110095.xml
DEBUG [IRImager.cpp:550] @ 0.789145s :Chip heating disabled
DEBUG [IRImager.cpp:1110] @ 0.888541s :Start flag calibration
DEBUG [OpFlag.cpp:591] @ 11.561s :SkimDiff: -10 Adjust: -925 State: 1 EMax: 8508 Emin: 2479
DEBUG [ImageProcessing.cpp:526] @ 11.5734s :Skim_Adjust 4016
DEBUG [IRImager.cpp:1124] @ 11.6893s :Finished startup calibration
DEBUG [IRImager.cpp:1175] @ 26.4087s :Automatic control of shutter flag
DEBUG [OpFlag.cpp:591] @ 26.5691s :SkimDiff: -4 Adjust: -365 State: 1 EMax: 9083 Emin: 3039
DEBUG [ImageProcessing.cpp:526] @ 26.5808s :Skim_Adjust 4015
DEBUG [IRImager.cpp:665] @ 32.7153s :Release imager
DEBUG [BaseControlDevice.cpp:26] @ 32.7716s :Base destructor called
DEBUG [IRImager.cpp:672] @ 32.7718s :Delete image processing
DEBUG [IRImager.cpp:679] @ 32.7859s :Delete buffer
DEBUG [IRImager.cpp:687] @ 32.786s :Delete source buffer
DEBUG [IRImager.cpp:694] @ 32.7861s :Delete buffer (energy)
DEBUG [IRImager.cpp:701] @ 32.7861s :Delete timer
DEBUG [IRImager.cpp:707] @ 32.7862s :Delete manual timer
