DEBUG [IRLogger.cpp:105] @ 0.0003752s :***************************************************
DEBUG [IRLogger.cpp:106] @ 0.0004557s :* IRImagerDirect SDK                              *
DEBUG [IRLogger.cpp:107] @ 0.0005093s :***************************************************
DEBUG [IRLogger.cpp:113] @ 0.0005274s :* Native Machine:      AMD64
DEBUG [IRLogger.cpp:114] @ 0.0005401s :* Machine:             AMD64
DEBUG [IRLogger.cpp:116] @ 0.000559s :* OS:                  Windows 10 0 26100
DEBUG [IRLogger.cpp:123] @ 0.0005703s :***************************************************
DEBUG [IRDeviceParams.cpp:204] @ 0.002356s :Parameters
DEBUG [IRDeviceParams.cpp:205] @ 0.0023733s :serial: 14110095
DEBUG [IRDeviceParams.cpp:206] @ 0.0023809s :videoformatindex: 0
DEBUG [IRDeviceParams.cpp:207] @ 0.0023876s :fov: 0
DEBUG [IRDeviceParams.cpp:208] @ 0.0023946s :optics_text: 0000000000000000
DEBUG [IRDeviceParams.cpp:209] @ 0.0024013s :formatspath: 000001B59493DC80
DEBUG [IRDeviceParams.cpp:210] @ 0.0024095s :calipath: 000001B5948F4130
DEBUG [IRDeviceParams.cpp:211] @ 0.0024159s :temperature min: 0
DEBUG [IRDeviceParams.cpp:212] @ 0.0024223s :temperature max: 0
DEBUG [IRDeviceParams.cpp:213] @ 0.0024297s :framerate: 32
DEBUG [IRDeviceParams.cpp:214] @ 0.0024362s :bispectral: 0
DEBUG [IRDeviceParams.cpp:215] @ 0.0024428s :flag automatic: 1
DEBUG [IRDeviceParams.cpp:216] @ 0.0024496s :min interval: 15
DEBUG [IRDeviceParams.cpp:217] @ 0.0024563s :max interval: 0
DEBUG [IRDeviceParams.cpp:218] @ 0.0024628s :chip heating mode: 0
DEBUG [IRDeviceParams.cpp:219] @ 0.0024695s :chip heating fixed val: 40
DEBUG [IRDeviceParams.cpp:220] @ 0.0024764s :focus:  -1
DEBUG [IRDeviceParams.cpp:221] @ 0.0024852s :enable extended temp range: 0
DEBUG [IRDeviceParams.cpp:222] @ 0.002492s :buffer queue size: 5
DEBUG [IRDeviceParams.cpp:223] @ 0.0024986s :enable high precision: 0
DEBUG [IRDeviceParams.cpp:224] @ 0.0025052s :radialDistortionCorrectionMode: 0
DEBUG [IRDeviceParams.cpp:225] @ 0.0025117s :deviceAPI: 0
DEBUG [IRDeviceParams.cpp:226] @ 0.0025181s :useExternalProbeForReferencing: 0
DEBUG [IRDeviceParams.cpp:227] @ 0.002525s :enableMultiThreading: 0
DEBUG [IRDeviceParams.cpp:232] @ 0.0025331s :ethernetDevice.deviceIpAddress: 0.0.0.0
DEBUG [IRDeviceParams.cpp:233] @ 0.0025396s :ethernetDevice.localUdpPort: 0
DEBUG [IRDeviceParams.cpp:234] @ 0.0025461s :ethernetDevice.checkUdpSenderIp: 1
DEBUG [Cali.cpp:87] @ 0.359396s :Calibration directory path: .\Cali-14110095.xml
DEBUG [Cali.cpp:88] @ 0.359425s :Calibration file name: Cali-14110095.xml
DEBUG [Cali.cpp:98] @ 0.359703s :Calibration data A: 1450 B:400 C:4095 D:1000
INFO [IRImager.cpp:266] @ 0.361003s :Init thermal imager to 14110095 with size: 160x121@120 Hz
DEBUG [Cali.cpp:87] @ 0.36134s :Calibration directory path: .\Cali-14110095.xml
DEBUG [Cali.cpp:88] @ 0.361354s :Calibration file name: Cali-14110095.xml
DEBUG [Cali.cpp:98] @ 0.361659s :Calibration data A: 1450 B:400 C:4095 D:1000
DEBUG [Cali.cpp:87] @ 0.362584s :Calibration directory path: .\Cali-14110095.xml
DEBUG [Cali.cpp:88] @ 0.362603s :Calibration file name: Cali-14110095.xml
DEBUG [Cali.cpp:98] @ 0.362868s :Calibration data A: 1450 B:400 C:4095 D:1000
DEBUG [IRImager.cpp:300] @ 0.362927s :No temperature range configuration specified. Setting default values tMin: -20 , tMax: 100
DEBUG [IRImager.cpp:377] @ 0.363329s :Using HID control interface
DEBUG [IRImager.cpp:417] @ 0.388139s :Initialized HID control interface to device with HW:21 FW:2025
DEBUG [IRImager.cpp:438] @ 0.388247s :Frameconfig - width(in): 160, height(in): 121, interval: 83333, max framerate: 120, HW interval: 0.00833333
DEBUG [Cali.cpp:87] @ 0.388295s :Calibration directory path: .\Cali-14110095.xml
DEBUG [Cali.cpp:88] @ 0.388322s :Calibration file name: Cali-14110095.xml
DEBUG [Cali.cpp:98] @ 0.389315s :Calibration data A: 1450 B:400 C:4095 D:1000
DEBUG [ImageProcessing.cpp:200] @ 0.404307s :Source buffer size: 38720 Width: 160 Height: 121
DEBUG [ImageProcessing.cpp:121] @ 0.462884s :Source buffer size: 38720 Width: 160 Height: 121
DEBUG [OpSource.cpp:376] @ 0.464169s :Using formats path: C:\Program Files (x86)\Optris GmbH\IrDirectSDK\examples\matlab\Formats.def
DEBUG [OpSource.cpp:628] @ 0.464961s :Format found with size: 160
DEBUG [OpSource.cpp:791] @ 0.465144s :Selected Format:"PI160 160x120 @ 120Hz"
DEBUG [IRImager.cpp:844] @ 0.465724s :Caught onFrameInit with size: 160x120
DEBUG [OpSource.cpp:376] @ 0.467501s :Using formats path: C:\Program Files (x86)\Optris GmbH\IrDirectSDK\examples\matlab\Formats.def
DEBUG [OpSource.cpp:628] @ 0.468032s :Format found with size: 160
DEBUG [OpSource.cpp:376] @ 0.468698s :Using formats path: C:\Program Files (x86)\Optris GmbH\IrDirectSDK\examples\matlab\Formats.def
DEBUG [OpCorr.cpp:467] @ 0.480396s :Read cali: .\Cali-14110095.xml\Cali-14110095-48-M20-100.dat
DEBUG [OpCorr.cpp:557] @ 0.481238s :Read calibration of camera no 14110095, # of fields: 6 , start of fields: 40
DEBUG [ImageProcessing.cpp:1108] @ 0.751657s :Update flag temperature: 31.3672
DEBUG [ImageProcessing.cpp:1111] @ 0.759948s :Update box temperature: 29.5078
DEBUG [Cali.cpp:639] @ 0.759998s :Calibration file path: 000001B594AE03D4/00000072389ECFC8.xml
DEBUG [SimpleXML.cpp:238] @ 0.760277s :Failed to open file .\Cali-14110095.xml\CaliExt-14110095.xml
DEBUG [IRImager.cpp:550] @ 0.774544s :Chip heating disabled
DEBUG [IRImager.cpp:1110] @ 0.861616s :Start flag calibration
DEBUG [OpFlag.cpp:591] @ 11.5348s :SkimDiff: -11 Adjust: -1006 State: 1 EMax: 8543 Emin: 2398
DEBUG [ImageProcessing.cpp:526] @ 11.5478s :Skim_Adjust 4015
DEBUG [IRImager.cpp:1124] @ 11.6771s :Finished startup calibration
DEBUG [IRImager.cpp:1175] @ 26.3817s :Automatic control of shutter flag
DEBUG [OpFlag.cpp:591] @ 26.5411s :SkimDiff: -4 Adjust: -332 State: 1 EMax: 9198 Emin: 3072
DEBUG [ImageProcessing.cpp:526] @ 26.5519s :Skim_Adjust 4014
DEBUG [IRImager.cpp:665] @ 79.7156s :Release imager
DEBUG [BaseControlDevice.cpp:26] @ 79.7765s :Base destructor called
DEBUG [IRImager.cpp:672] @ 79.7765s :Delete image processing
DEBUG [IRImager.cpp:679] @ 79.7877s :Delete buffer
DEBUG [IRImager.cpp:687] @ 79.7878s :Delete source buffer
DEBUG [IRImager.cpp:694] @ 79.7878s :Delete buffer (energy)
DEBUG [IRImager.cpp:701] @ 79.7878s :Delete timer
DEBUG [IRImager.cpp:707] @ 79.7878s :Delete manual timer
