DEBUG [IRLogger.cpp:105] @ 0.0003589s :***************************************************
DEBUG [IRLogger.cpp:106] @ 0.0004443s :* IRImagerDirect SDK                              *
DEBUG [IRLogger.cpp:107] @ 0.0004646s :***************************************************
DEBUG [IRLogger.cpp:113] @ 0.0004781s :* Native Machine:      AMD64
DEBUG [IRLogger.cpp:114] @ 0.0004903s :* Machine:             AMD64
DEBUG [IRLogger.cpp:116] @ 0.0005092s :* OS:                  Windows 10 0 26100
DEBUG [IRLogger.cpp:123] @ 0.0005195s :***************************************************
DEBUG [IRDeviceParams.cpp:204] @ 0.0021914s :Parameters
DEBUG [IRDeviceParams.cpp:205] @ 0.0022108s :serial: 14110095
DEBUG [IRDeviceParams.cpp:206] @ 0.0023116s :videoformatindex: 0
DEBUG [IRDeviceParams.cpp:207] @ 0.002321s :fov: 0
DEBUG [IRDeviceParams.cpp:208] @ 0.0023315s :optics_text: 0000000000000000
DEBUG [IRDeviceParams.cpp:209] @ 0.0023387s :formatspath: 000001A6289F9850
DEBUG [IRDeviceParams.cpp:210] @ 0.0023472s :calipath: 000001A628A4F1F0
DEBUG [IRDeviceParams.cpp:211] @ 0.0023542s :temperature min: 0
DEBUG [IRDeviceParams.cpp:212] @ 0.0023608s :temperature max: 0
DEBUG [IRDeviceParams.cpp:213] @ 0.0023687s :framerate: 32
DEBUG [IRDeviceParams.cpp:214] @ 0.0023754s :bispectral: 0
DEBUG [IRDeviceParams.cpp:215] @ 0.002382s :flag automatic: 1
DEBUG [IRDeviceParams.cpp:216] @ 0.0023892s :min interval: 15
DEBUG [IRDeviceParams.cpp:217] @ 0.0023963s :max interval: 0
DEBUG [IRDeviceParams.cpp:218] @ 0.0024033s :chip heating mode: 0
DEBUG [IRDeviceParams.cpp:219] @ 0.0024108s :chip heating fixed val: 40
DEBUG [IRDeviceParams.cpp:220] @ 0.0024193s :focus:  -1
DEBUG [IRDeviceParams.cpp:221] @ 0.0024285s :enable extended temp range: 0
DEBUG [IRDeviceParams.cpp:222] @ 0.0024353s :buffer queue size: 5
DEBUG [IRDeviceParams.cpp:223] @ 0.0024418s :enable high precision: 0
DEBUG [IRDeviceParams.cpp:224] @ 0.0024536s :radialDistortionCorrectionMode: 0
DEBUG [IRDeviceParams.cpp:225] @ 0.0024609s :deviceAPI: 0
DEBUG [IRDeviceParams.cpp:226] @ 0.0024675s :useExternalProbeForReferencing: 0
DEBUG [IRDeviceParams.cpp:227] @ 0.0024739s :enableMultiThreading: 0
DEBUG [IRDeviceParams.cpp:232] @ 0.0024821s :ethernetDevice.deviceIpAddress: 0.0.0.0
DEBUG [IRDeviceParams.cpp:233] @ 0.0024896s :ethernetDevice.localUdpPort: 0
DEBUG [IRDeviceParams.cpp:234] @ 0.0024961s :ethernetDevice.checkUdpSenderIp: 1
DEBUG [Cali.cpp:87] @ 0.259262s :Calibration directory path: .\Cali-14110095.xml
DEBUG [Cali.cpp:88] @ 0.259294s :Calibration file name: Cali-14110095.xml
DEBUG [Cali.cpp:98] @ 0.259587s :Calibration data A: 1450 B:400 C:4095 D:1000
INFO [IRImager.cpp:266] @ 0.260607s :Init thermal imager to 14110095 with size: 160x121@120 Hz
DEBUG [Cali.cpp:87] @ 0.260889s :Calibration directory path: .\Cali-14110095.xml
DEBUG [Cali.cpp:88] @ 0.260902s :Calibration file name: Cali-14110095.xml
DEBUG [Cali.cpp:98] @ 0.261127s :Calibration data A: 1450 B:400 C:4095 D:1000
DEBUG [Cali.cpp:87] @ 0.261849s :Calibration directory path: .\Cali-14110095.xml
DEBUG [Cali.cpp:88] @ 0.261863s :Calibration file name: Cali-14110095.xml
DEBUG [Cali.cpp:98] @ 0.262074s :Calibration data A: 1450 B:400 C:4095 D:1000
DEBUG [IRImager.cpp:300] @ 0.262123s :No temperature range configuration specified. Setting default values tMin: -20 , tMax: 100
DEBUG [IRImager.cpp:377] @ 0.262465s :Using HID control interface
DEBUG [IRImager.cpp:417] @ 0.28009s :Initialized HID control interface to device with HW:21 FW:2025
DEBUG [IRImager.cpp:438] @ 0.280146s :Frameconfig - width(in): 160, height(in): 121, interval: 83333, max framerate: 120, HW interval: 0.00833333
DEBUG [Cali.cpp:87] @ 0.280161s :Calibration directory path: .\Cali-14110095.xml
DEBUG [Cali.cpp:88] @ 0.280169s :Calibration file name: Cali-14110095.xml
DEBUG [Cali.cpp:98] @ 0.280591s :Calibration data A: 1450 B:400 C:4095 D:1000
DEBUG [ImageProcessing.cpp:200] @ 0.301318s :Source buffer size: 38720 Width: 160 Height: 121
DEBUG [ImageProcessing.cpp:121] @ 0.358674s :Source buffer size: 38720 Width: 160 Height: 121
DEBUG [OpSource.cpp:376] @ 0.358914s :Using formats path: C:\Program Files (x86)\Optris GmbH\IrDirectSDK\examples\matlab\Formats.def
DEBUG [OpSource.cpp:628] @ 0.359049s :Format found with size: 160
DEBUG [OpSource.cpp:791] @ 0.359077s :Selected Format:"PI160 160x120 @ 120Hz"
DEBUG [IRImager.cpp:844] @ 0.359167s :Caught onFrameInit with size: 160x120
DEBUG [OpSource.cpp:376] @ 0.35939s :Using formats path: C:\Program Files (x86)\Optris GmbH\IrDirectSDK\examples\matlab\Formats.def
DEBUG [OpSource.cpp:628] @ 0.359458s :Format found with size: 160
DEBUG [OpSource.cpp:376] @ 0.359537s :Using formats path: C:\Program Files (x86)\Optris GmbH\IrDirectSDK\examples\matlab\Formats.def
DEBUG [OpCorr.cpp:467] @ 0.373221s :Read cali: .\Cali-14110095.xml\Cali-14110095-48-M20-100.dat
DEBUG [OpCorr.cpp:557] @ 0.373353s :Read calibration of camera no 14110095, # of fields: 6 , start of fields: 40
DEBUG [ImageProcessing.cpp:1108] @ 0.695898s :Update flag temperature: 33.9375
DEBUG [ImageProcessing.cpp:1111] @ 0.703073s :Update box temperature: 32.2031
DEBUG [Cali.cpp:639] @ 0.703264s :Calibration file path: 000001A629E35954/0000003804DED088.xml
DEBUG [SimpleXML.cpp:238] @ 0.703987s :Failed to open file .\Cali-14110095.xml\CaliExt-14110095.xml
DEBUG [IRImager.cpp:550] @ 0.724154s :Chip heating disabled
DEBUG [IRImager.cpp:1110] @ 0.800075s :Start flag calibration
DEBUG [OpFlag.cpp:591] @ 11.473s :SkimDiff: -4 Adjust: -347 State: 1 EMax: 9125 Emin: 3057
DEBUG [ImageProcessing.cpp:526] @ 11.4861s :Skim_Adjust 4025
DEBUG [IRImager.cpp:1124] @ 11.6025s :Finished startup calibration
DEBUG [IRImager.cpp:1175] @ 26.3202s :Automatic control of shutter flag
DEBUG [OpFlag.cpp:591] @ 26.4817s :SkimDiff: -5 Adjust: -482 State: 1 EMax: 9099 Emin: 2922
DEBUG [ImageProcessing.cpp:526] @ 26.4942s :Skim_Adjust 4024
DEBUG [IRImager.cpp:1175] @ 41.3284s :Automatic control of shutter flag
DEBUG [OpFlag.cpp:591] @ 41.4892s :SkimDiff: -6 Adjust: -511 State: 1 EMax: 9118 Emin: 2893
DEBUG [ImageProcessing.cpp:526] @ 41.5023s :Skim_Adjust 4023
DEBUG [IRImager.cpp:1175] @ 56.3363s :Automatic control of shutter flag
DEBUG [OpFlag.cpp:591] @ 56.496s :SkimDiff: -5 Adjust: -497 State: 1 EMax: 9159 Emin: 2907
DEBUG [ImageProcessing.cpp:526] @ 56.5075s :Skim_Adjust 4022
DEBUG [IRImager.cpp:1175] @ 71.3448s :Automatic control of shutter flag
DEBUG [OpFlag.cpp:591] @ 71.5052s :SkimDiff: -5 Adjust: -464 State: 1 EMax: 9214 Emin: 2940
DEBUG [ImageProcessing.cpp:526] @ 71.518s :Skim_Adjust 4021
DEBUG [IRImager.cpp:1175] @ 86.3522s :Automatic control of shutter flag
DEBUG [OpFlag.cpp:591] @ 86.5118s :SkimDiff: -5 Adjust: -420 State: 1 EMax: 9272 Emin: 2984
DEBUG [ImageProcessing.cpp:526] @ 86.5237s :Skim_Adjust 4020
DEBUG [IRImager.cpp:1175] @ 104.544s :Automatic control of shutter flag
DEBUG [OpFlag.cpp:591] @ 104.705s :SkimDiff: -4 Adjust: -378 State: 1 EMax: 9327 Emin: 3026
DEBUG [ImageProcessing.cpp:526] @ 104.718s :Skim_Adjust 4019
DEBUG [IRImager.cpp:1175] @ 120.065s :Automatic control of shutter flag
DEBUG [OpFlag.cpp:591] @ 120.241s :SkimDiff: -4 Adjust: -320 State: 1 EMax: 9387 Emin: 3084
DEBUG [ImageProcessing.cpp:526] @ 120.254s :Skim_Adjust 4018
DEBUG [IRImager.cpp:1175] @ 141.745s :Automatic control of shutter flag
DEBUG [OpFlag.cpp:591] @ 141.904s :SkimDiff: -3 Adjust: -269 State: 1 EMax: 9436 Emin: 3135
DEBUG [ImageProcessing.cpp:526] @ 141.929s :Skim_Adjust 4017
DEBUG [IRImager.cpp:1175] @ 157.664s :Automatic control of shutter flag
DEBUG [OpFlag.cpp:591] @ 157.825s :SkimDiff: -3 Adjust: -214 State: 1 EMax: 9489 Emin: 3190
DEBUG [ImageProcessing.cpp:526] @ 157.839s :Skim_Adjust 4016
DEBUG [IRImager.cpp:1175] @ 178.336s :Automatic control of shutter flag
DEBUG [OpFlag.cpp:591] @ 178.513s :SkimDiff: -2 Adjust: -161 State: 1 EMax: 9548 Emin: 3243
DEBUG [ImageProcessing.cpp:526] @ 178.533s :Skim_Adjust 4015
DEBUG [IRImager.cpp:1175] @ 197.168s :Automatic control of shutter flag
DEBUG [OpFlag.cpp:591] @ 197.344s :SkimDiff: -2 Adjust: -109 State: 1 EMax: 9597 Emin: 3295
DEBUG [ImageProcessing.cpp:526] @ 197.358s :Skim_Adjust 4014
DEBUG [IRImager.cpp:1175] @ 240.784s :Automatic control of shutter flag
DEBUG [OpFlag.cpp:591] @ 240.96s :SkimDiff: -1 Adjust: -59 State: 1 EMax: 9644 Emin: 3345
DEBUG [ImageProcessing.cpp:526] @ 240.979s :Skim_Adjust 4013
DEBUG [IRImager.cpp:1175] @ 295.232s :Automatic control of shutter flag
DEBUG [OpFlag.cpp:591] @ 295.396s :SkimDiff: -1 Adjust: -17 State: 1 EMax: 9687 Emin: 3387
DEBUG [ImageProcessing.cpp:526] @ 295.41s :Skim_Adjust 4012
DEBUG [IRImager.cpp:1175] @ 338.641s :Automatic control of shutter flag
DEBUG [OpFlag.cpp:591] @ 338.818s :SkimDiff: 0 Adjust: 0 State: 0 EMax: 9732 Emin: 3437
DEBUG [IRImager.cpp:1175] @ 397.601s :Automatic control of shutter flag
DEBUG [OpFlag.cpp:591] @ 397.78s :SkimDiff: 0 Adjust: 0 State: 0 EMax: 9719 Emin: 3422
DEBUG [IRImager.cpp:1175] @ 438.896s :Automatic control of shutter flag
DEBUG [OpFlag.cpp:591] @ 439.056s :SkimDiff: 0 Adjust: 0 State: 0 EMax: 9702 Emin: 3418
DEBUG [IRImager.cpp:665] @ 463.053s :Release imager
DEBUG [BaseControlDevice.cpp:26] @ 463.107s :Base destructor called
DEBUG [IRImager.cpp:672] @ 463.108s :Delete image processing
DEBUG [IRImager.cpp:679] @ 463.118s :Delete buffer
DEBUG [IRImager.cpp:687] @ 463.118s :Delete source buffer
DEBUG [IRImager.cpp:694] @ 463.118s :Delete buffer (energy)
DEBUG [IRImager.cpp:701] @ 463.118s :Delete timer
DEBUG [IRImager.cpp:707] @ 463.118s :Delete manual timer
