DEBUG [IRLogger.cpp:105] @ 0.0004159s :***************************************************
DEBUG [IRLogger.cpp:106] @ 0.0005063s :* IRImagerDirect SDK                              *
DEBUG [IRLogger.cpp:107] @ 0.0005264s :***************************************************
DEBUG [IRLogger.cpp:113] @ 0.0005414s :* Native Machine:      AMD64
DEBUG [IRLogger.cpp:114] @ 0.000554s :* Machine:             AMD64
DEBUG [IRLogger.cpp:116] @ 0.0005786s :* OS:                  Windows 10 0 26100
DEBUG [IRLogger.cpp:123] @ 0.0005899s :***************************************************
DEBUG [IRDeviceParams.cpp:204] @ 0.0024163s :Parameters
DEBUG [IRDeviceParams.cpp:205] @ 0.0024401s :serial: 14110095
DEBUG [IRDeviceParams.cpp:206] @ 0.002449s :videoformatindex: 0
DEBUG [IRDeviceParams.cpp:207] @ 0.0024567s :fov: 0
DEBUG [IRDeviceParams.cpp:208] @ 0.002464s :optics_text: 0000000000000000
DEBUG [IRDeviceParams.cpp:209] @ 0.0024713s :formatspath: 000001D771FD5460
DEBUG [IRDeviceParams.cpp:210] @ 0.0024795s :calipath: 000001D772046390
DEBUG [IRDeviceParams.cpp:211] @ 0.0024867s :temperature min: 0
DEBUG [IRDeviceParams.cpp:212] @ 0.0024933s :temperature max: 0
DEBUG [IRDeviceParams.cpp:213] @ 0.0025009s :framerate: 32
DEBUG [IRDeviceParams.cpp:214] @ 0.0025076s :bispectral: 0
DEBUG [IRDeviceParams.cpp:215] @ 0.0025141s :flag automatic: 1
DEBUG [IRDeviceParams.cpp:216] @ 0.002522s :min interval: 15
DEBUG [IRDeviceParams.cpp:217] @ 0.0025289s :max interval: 0
DEBUG [IRDeviceParams.cpp:218] @ 0.0025356s :chip heating mode: 0
DEBUG [IRDeviceParams.cpp:219] @ 0.0025425s :chip heating fixed val: 40
DEBUG [IRDeviceParams.cpp:220] @ 0.0025496s :focus:  -1
DEBUG [IRDeviceParams.cpp:221] @ 0.002559s :enable extended temp range: 0
DEBUG [IRDeviceParams.cpp:222] @ 0.0025659s :buffer queue size: 5
DEBUG [IRDeviceParams.cpp:223] @ 0.0025727s :enable high precision: 0
DEBUG [IRDeviceParams.cpp:224] @ 0.0025792s :radialDistortionCorrectionMode: 0
DEBUG [IRDeviceParams.cpp:225] @ 0.0025857s :deviceAPI: 0
DEBUG [IRDeviceParams.cpp:226] @ 0.0025922s :useExternalProbeForReferencing: 0
DEBUG [IRDeviceParams.cpp:227] @ 0.0025987s :enableMultiThreading: 0
DEBUG [IRDeviceParams.cpp:232] @ 0.0026068s :ethernetDevice.deviceIpAddress: 0.0.0.0
DEBUG [IRDeviceParams.cpp:233] @ 0.0026133s :ethernetDevice.localUdpPort: 0
DEBUG [IRDeviceParams.cpp:234] @ 0.0026196s :ethernetDevice.checkUdpSenderIp: 1
DEBUG [Cali.cpp:87] @ 0.276844s :Calibration directory path: .\Cali-14110095.xml
DEBUG [Cali.cpp:88] @ 0.276875s :Calibration file name: Cali-14110095.xml
DEBUG [Cali.cpp:98] @ 0.277151s :Calibration data A: 1450 B:400 C:4095 D:1000
INFO [IRImager.cpp:266] @ 0.278153s :Init thermal imager to 14110095 with size: 160x121@120 Hz
DEBUG [Cali.cpp:87] @ 0.278448s :Calibration directory path: .\Cali-14110095.xml
DEBUG [Cali.cpp:88] @ 0.278462s :Calibration file name: Cali-14110095.xml
DEBUG [Cali.cpp:98] @ 0.2787s :Calibration data A: 1450 B:400 C:4095 D:1000
DEBUG [Cali.cpp:87] @ 0.279681s :Calibration directory path: .\Cali-14110095.xml
DEBUG [Cali.cpp:88] @ 0.279708s :Calibration file name: Cali-14110095.xml
DEBUG [Cali.cpp:98] @ 0.280069s :Calibration data A: 1450 B:400 C:4095 D:1000
DEBUG [IRImager.cpp:300] @ 0.280139s :No temperature range configuration specified. Setting default values tMin: -20 , tMax: 100
DEBUG [IRImager.cpp:377] @ 0.280664s :Using HID control interface
DEBUG [IRImager.cpp:417] @ 0.303248s :Initialized HID control interface to device with HW:21 FW:2025
DEBUG [IRImager.cpp:438] @ 0.303377s :Frameconfig - width(in): 160, height(in): 121, interval: 83333, max framerate: 120, HW interval: 0.00833333
DEBUG [Cali.cpp:87] @ 0.303432s :Calibration directory path: .\Cali-14110095.xml
DEBUG [Cali.cpp:88] @ 0.303464s :Calibration file name: Cali-14110095.xml
DEBUG [Cali.cpp:98] @ 0.304696s :Calibration data A: 1450 B:400 C:4095 D:1000
DEBUG [ImageProcessing.cpp:200] @ 0.319565s :Source buffer size: 38720 Width: 160 Height: 121
DEBUG [ImageProcessing.cpp:121] @ 0.385641s :Source buffer size: 38720 Width: 160 Height: 121
DEBUG [OpSource.cpp:376] @ 0.386345s :Using formats path: C:\Program Files (x86)\Optris GmbH\IrDirectSDK\examples\matlab\Formats.def
DEBUG [OpSource.cpp:628] @ 0.386488s :Format found with size: 160
DEBUG [OpSource.cpp:791] @ 0.386519s :Selected Format:"PI160 160x120 @ 120Hz"
DEBUG [IRImager.cpp:844] @ 0.386642s :Caught onFrameInit with size: 160x120
DEBUG [OpSource.cpp:376] @ 0.38697s :Using formats path: C:\Program Files (x86)\Optris GmbH\IrDirectSDK\examples\matlab\Formats.def
DEBUG [OpSource.cpp:628] @ 0.387067s :Format found with size: 160
DEBUG [OpSource.cpp:376] @ 0.387178s :Using formats path: C:\Program Files (x86)\Optris GmbH\IrDirectSDK\examples\matlab\Formats.def
DEBUG [OpCorr.cpp:467] @ 0.395362s :Read cali: .\Cali-14110095.xml\Cali-14110095-48-M20-100.dat
DEBUG [OpCorr.cpp:557] @ 0.396011s :Read calibration of camera no 14110095, # of fields: 6 , start of fields: 40
DEBUG [ImageProcessing.cpp:1108] @ 0.68348s :Update flag temperature: 29.7578
DEBUG [ImageProcessing.cpp:1111] @ 0.691783s :Update box temperature: 27.9453
DEBUG [Cali.cpp:639] @ 0.691853s :Calibration file path: 000001D773183244/000000C9333ED018.xml
DEBUG [SimpleXML.cpp:238] @ 0.692118s :Failed to open file .\Cali-14110095.xml\CaliExt-14110095.xml
DEBUG [IRImager.cpp:550] @ 0.716862s :Chip heating disabled
DEBUG [IRImager.cpp:1110] @ 0.777264s :Start flag calibration
DEBUG [OpFlag.cpp:591] @ 11.4507s :SkimDiff: -10 Adjust: -996 State: 1 EMax: 8329 Emin: 2408
DEBUG [ImageProcessing.cpp:526] @ 11.4626s :Skim_Adjust 4016
DEBUG [IRImager.cpp:1124] @ 11.5789s :Finished startup calibration
DEBUG [IRImager.cpp:1175] @ 26.2983s :Automatic control of shutter flag
DEBUG [OpFlag.cpp:591] @ 26.4583s :SkimDiff: -5 Adjust: -455 State: 1 EMax: 8883 Emin: 2949
DEBUG [ImageProcessing.cpp:526] @ 26.4709s :Skim_Adjust 4015
DEBUG [IRImager.cpp:1175] @ 46.7783s :Automatic control of shutter flag
DEBUG [OpFlag.cpp:591] @ 46.939s :SkimDiff: -5 Adjust: -416 State: 1 EMax: 8944 Emin: 2988
DEBUG [ImageProcessing.cpp:526] @ 46.9518s :Skim_Adjust 4014
DEBUG [IRImager.cpp:1175] @ 72.33s :Automatic control of shutter flag
DEBUG [OpFlag.cpp:591] @ 72.506s :SkimDiff: -4 Adjust: -358 State: 1 EMax: 8997 Emin: 3046
DEBUG [ImageProcessing.cpp:526] @ 72.5182s :Skim_Adjust 4013
DEBUG [IRImager.cpp:665] @ 79.5225s :Release imager
DEBUG [BaseControlDevice.cpp:26] @ 79.5746s :Base destructor called
DEBUG [IRImager.cpp:672] @ 79.5747s :Delete image processing
DEBUG [IRImager.cpp:679] @ 79.5823s :Delete buffer
DEBUG [IRImager.cpp:687] @ 79.5825s :Delete source buffer
DEBUG [IRImager.cpp:694] @ 79.5826s :Delete buffer (energy)
DEBUG [IRImager.cpp:701] @ 79.5827s :Delete timer
DEBUG [IRImager.cpp:707] @ 79.5827s :Delete manual timer
