DEBUG [IRLogger.cpp:105] @ 0.0003194s :***************************************************
DEBUG [IRLogger.cpp:106] @ 0.0003969s :* IRImagerDirect SDK                              *
DEBUG [IRLogger.cpp:107] @ 0.000417s :***************************************************
DEBUG [IRLogger.cpp:113] @ 0.0004574s :* Native Machine:      AMD64
DEBUG [IRLogger.cpp:114] @ 0.0004705s :* Machine:             AMD64
DEBUG [IRLogger.cpp:116] @ 0.0004886s :* OS:                  Windows 10 0 26100
DEBUG [IRLogger.cpp:123] @ 0.0004997s :***************************************************
DEBUG [IRDeviceParams.cpp:204] @ 0.002074s :Parameters
DEBUG [IRDeviceParams.cpp:205] @ 0.002091s :serial: 14110095
DEBUG [IRDeviceParams.cpp:206] @ 0.0020985s :videoformatindex: 0
DEBUG [IRDeviceParams.cpp:207] @ 0.0021052s :fov: 0
DEBUG [IRDeviceParams.cpp:208] @ 0.002112s :optics_text: 0000000000000000
DEBUG [IRDeviceParams.cpp:209] @ 0.0021191s :formatspath: 000001D48E9BADF0
DEBUG [IRDeviceParams.cpp:210] @ 0.0021266s :calipath: 000001D48EA05940
DEBUG [IRDeviceParams.cpp:211] @ 0.0021332s :temperature min: 0
DEBUG [IRDeviceParams.cpp:212] @ 0.0021394s :temperature max: 0
DEBUG [IRDeviceParams.cpp:213] @ 0.0021464s :framerate: 32
DEBUG [IRDeviceParams.cpp:214] @ 0.0021526s :bispectral: 0
DEBUG [IRDeviceParams.cpp:215] @ 0.0021587s :flag automatic: 1
DEBUG [IRDeviceParams.cpp:216] @ 0.0021652s :min interval: 15
DEBUG [IRDeviceParams.cpp:217] @ 0.0021719s :max interval: 0
DEBUG [IRDeviceParams.cpp:218] @ 0.0021787s :chip heating mode: 0
DEBUG [IRDeviceParams.cpp:219] @ 0.0021854s :chip heating fixed val: 40
DEBUG [IRDeviceParams.cpp:220] @ 0.0021921s :focus:  -1
DEBUG [IRDeviceParams.cpp:221] @ 0.0022007s :enable extended temp range: 0
DEBUG [IRDeviceParams.cpp:222] @ 0.0022073s :buffer queue size: 5
DEBUG [IRDeviceParams.cpp:223] @ 0.0022135s :enable high precision: 0
DEBUG [IRDeviceParams.cpp:224] @ 0.0022201s :radialDistortionCorrectionMode: 0
DEBUG [IRDeviceParams.cpp:225] @ 0.0022263s :deviceAPI: 0
DEBUG [IRDeviceParams.cpp:226] @ 0.0022326s :useExternalProbeForReferencing: 0
DEBUG [IRDeviceParams.cpp:227] @ 0.0022388s :enableMultiThreading: 0
DEBUG [IRDeviceParams.cpp:232] @ 0.002247s :ethernetDevice.deviceIpAddress: 0.0.0.0
DEBUG [IRDeviceParams.cpp:233] @ 0.0022535s :ethernetDevice.localUdpPort: 0
DEBUG [IRDeviceParams.cpp:234] @ 0.0022597s :ethernetDevice.checkUdpSenderIp: 1
DEBUG [Cali.cpp:87] @ 0.459715s :Calibration directory path: .\Cali-14110095.xml
DEBUG [Cali.cpp:88] @ 0.459781s :Calibration file name: Cali-14110095.xml
DEBUG [Cali.cpp:98] @ 0.460197s :Calibration data A: 1450 B:400 C:4095 D:1000
INFO [IRImager.cpp:266] @ 0.461679s :Init thermal imager to 14110095 with size: 160x121@120 Hz
DEBUG [Cali.cpp:87] @ 0.462036s :Calibration directory path: .\Cali-14110095.xml
DEBUG [Cali.cpp:88] @ 0.462049s :Calibration file name: Cali-14110095.xml
DEBUG [Cali.cpp:98] @ 0.462308s :Calibration data A: 1450 B:400 C:4095 D:1000
DEBUG [Cali.cpp:87] @ 0.463177s :Calibration directory path: .\Cali-14110095.xml
DEBUG [Cali.cpp:88] @ 0.463192s :Calibration file name: Cali-14110095.xml
DEBUG [Cali.cpp:98] @ 0.463424s :Calibration data A: 1450 B:400 C:4095 D:1000
DEBUG [IRImager.cpp:300] @ 0.463471s :No temperature range configuration specified. Setting default values tMin: -20 , tMax: 100
DEBUG [IRImager.cpp:377] @ 0.463813s :Using HID control interface
DEBUG [IRImager.cpp:417] @ 0.481681s :Initialized HID control interface to device with HW:21 FW:2025
DEBUG [IRImager.cpp:438] @ 0.481765s :Frameconfig - width(in): 160, height(in): 121, interval: 83333, max framerate: 120, HW interval: 0.00833333
DEBUG [Cali.cpp:87] @ 0.481793s :Calibration directory path: .\Cali-14110095.xml
DEBUG [Cali.cpp:88] @ 0.48181s :Calibration file name: Cali-14110095.xml
DEBUG [Cali.cpp:98] @ 0.482487s :Calibration data A: 1450 B:400 C:4095 D:1000
DEBUG [ImageProcessing.cpp:200] @ 0.49808s :Source buffer size: 38720 Width: 160 Height: 121
DEBUG [ImageProcessing.cpp:121] @ 0.572792s :Source buffer size: 38720 Width: 160 Height: 121
DEBUG [OpSource.cpp:376] @ 0.574781s :Using formats path: C:\Program Files (x86)\Optris GmbH\IrDirectSDK\examples\matlab\Formats.def
DEBUG [OpSource.cpp:628] @ 0.575541s :Format found with size: 160
DEBUG [OpSource.cpp:791] @ 0.575718s :Selected Format:"PI160 160x120 @ 120Hz"
DEBUG [IRImager.cpp:844] @ 0.576348s :Caught onFrameInit with size: 160x120
DEBUG [OpSource.cpp:376] @ 0.578153s :Using formats path: C:\Program Files (x86)\Optris GmbH\IrDirectSDK\examples\matlab\Formats.def
DEBUG [OpSource.cpp:628] @ 0.578657s :Format found with size: 160
DEBUG [OpSource.cpp:376] @ 0.579265s :Using formats path: C:\Program Files (x86)\Optris GmbH\IrDirectSDK\examples\matlab\Formats.def
DEBUG [OpCorr.cpp:467] @ 0.590858s :Read cali: .\Cali-14110095.xml\Cali-14110095-48-M20-100.dat
DEBUG [OpCorr.cpp:557] @ 0.591905s :Read calibration of camera no 14110095, # of fields: 6 , start of fields: 40
DEBUG [ImageProcessing.cpp:1108] @ 0.903536s :Update flag temperature: 32.8984
DEBUG [ImageProcessing.cpp:1111] @ 0.911799s :Update box temperature: 31.3047
DEBUG [Cali.cpp:639] @ 0.911909s :Calibration file path: 000001D48EBB58B4/000000B28BBEC9F8.xml
DEBUG [SimpleXML.cpp:238] @ 0.912553s :Failed to open file .\Cali-14110095.xml\CaliExt-14110095.xml
DEBUG [IRImager.cpp:550] @ 0.930984s :Chip heating disabled
DEBUG [IRImager.cpp:1110] @ 1.05474s :Start flag calibration
DEBUG [OpFlag.cpp:591] @ 11.7274s :SkimDiff: -8 Adjust: -749 State: 1 EMax: 8831 Emin: 2655
DEBUG [ImageProcessing.cpp:526] @ 11.7406s :Skim_Adjust 4025
DEBUG [IRImager.cpp:1124] @ 11.871s :Finished startup calibration
DEBUG [IRImager.cpp:1175] @ 26.5738s :Automatic control of shutter flag
DEBUG [OpFlag.cpp:591] @ 26.735s :SkimDiff: -8 Adjust: -732 State: 1 EMax: 8873 Emin: 2672
DEBUG [ImageProcessing.cpp:526] @ 26.7477s :Skim_Adjust 4024
DEBUG [IRImager.cpp:1175] @ 41.5826s :Automatic control of shutter flag
DEBUG [OpFlag.cpp:591] @ 41.7429s :SkimDiff: -7 Adjust: -689 State: 1 EMax: 8932 Emin: 2715
DEBUG [ImageProcessing.cpp:526] @ 41.7555s :Skim_Adjust 4023
DEBUG [IRImager.cpp:1175] @ 59.0052s :Automatic control of shutter flag
DEBUG [OpFlag.cpp:591] @ 59.1659s :SkimDiff: -7 Adjust: -636 State: 1 EMax: 8988 Emin: 2768
DEBUG [ImageProcessing.cpp:526] @ 59.1776s :Skim_Adjust 4022
DEBUG [IRImager.cpp:665] @ 63.5359s :Release imager
DEBUG [BaseControlDevice.cpp:26] @ 63.5764s :Base destructor called
DEBUG [IRImager.cpp:672] @ 63.5765s :Delete image processing
DEBUG [IRImager.cpp:679] @ 63.5894s :Delete buffer
DEBUG [IRImager.cpp:687] @ 63.5895s :Delete source buffer
DEBUG [IRImager.cpp:694] @ 63.5895s :Delete buffer (energy)
DEBUG [IRImager.cpp:701] @ 63.5896s :Delete timer
DEBUG [IRImager.cpp:707] @ 63.5896s :Delete manual timer
