DEBUG [IRLogger.cpp:105] @ 0.0004316s :***************************************************
DEBUG [IRLogger.cpp:106] @ 0.0005321s :* IRImagerDirect SDK                              *
DEBUG [IRLogger.cpp:107] @ 0.0005602s :***************************************************
DEBUG [IRLogger.cpp:113] @ 0.0005802s :* Native Machine:      AMD64
DEBUG [IRLogger.cpp:114] @ 0.0005983s :* Machine:             AMD64
DEBUG [IRLogger.cpp:116] @ 0.0006249s :* OS:                  Windows 10 0 26100
DEBUG [IRLogger.cpp:123] @ 0.0006406s :***************************************************
DEBUG [IRDeviceParams.cpp:204] @ 0.0025503s :Parameters
DEBUG [IRDeviceParams.cpp:205] @ 0.0025757s :serial: 14110095
DEBUG [IRDeviceParams.cpp:206] @ 0.0025886s :videoformatindex: 0
DEBUG [IRDeviceParams.cpp:207] @ 0.002603s :fov: 0
DEBUG [IRDeviceParams.cpp:208] @ 0.0026566s :optics_text: 0000000000000000
DEBUG [IRDeviceParams.cpp:209] @ 0.0026689s :formatspath: 00000177A5FA7D50
DEBUG [IRDeviceParams.cpp:210] @ 0.0026843s :calipath: 00000177A5F42080
DEBUG [IRDeviceParams.cpp:211] @ 0.0026942s :temperature min: 0
DEBUG [IRDeviceParams.cpp:212] @ 0.0027049s :temperature max: 0
DEBUG [IRDeviceParams.cpp:213] @ 0.002716s :framerate: 32
DEBUG [IRDeviceParams.cpp:214] @ 0.0027256s :bispectral: 0
DEBUG [IRDeviceParams.cpp:215] @ 0.0027353s :flag automatic: 1
DEBUG [IRDeviceParams.cpp:216] @ 0.0027455s :min interval: 15
DEBUG [IRDeviceParams.cpp:217] @ 0.0027559s :max interval: 0
DEBUG [IRDeviceParams.cpp:218] @ 0.0027658s :chip heating mode: 0
DEBUG [IRDeviceParams.cpp:219] @ 0.0027772s :chip heating fixed val: 40
DEBUG [IRDeviceParams.cpp:220] @ 0.0027898s :focus:  -1
DEBUG [IRDeviceParams.cpp:221] @ 0.0028288s :enable extended temp range: 0
DEBUG [IRDeviceParams.cpp:222] @ 0.0028408s :buffer queue size: 5
DEBUG [IRDeviceParams.cpp:223] @ 0.0028509s :enable high precision: 0
DEBUG [IRDeviceParams.cpp:224] @ 0.0028613s :radialDistortionCorrectionMode: 0
DEBUG [IRDeviceParams.cpp:225] @ 0.0028713s :deviceAPI: 0
DEBUG [IRDeviceParams.cpp:226] @ 0.0028812s :useExternalProbeForReferencing: 0
DEBUG [IRDeviceParams.cpp:227] @ 0.002891s :enableMultiThreading: 0
DEBUG [IRDeviceParams.cpp:232] @ 0.0029039s :ethernetDevice.deviceIpAddress: 0.0.0.0
DEBUG [IRDeviceParams.cpp:233] @ 0.0029139s :ethernetDevice.localUdpPort: 0
DEBUG [IRDeviceParams.cpp:234] @ 0.0029237s :ethernetDevice.checkUdpSenderIp: 1
DEBUG [Cali.cpp:87] @ 0.375218s :Calibration directory path: .\Cali-14110095.xml
DEBUG [Cali.cpp:88] @ 0.375254s :Calibration file name: Cali-14110095.xml
DEBUG [Cali.cpp:98] @ 0.375633s :Calibration data A: 1450 B:400 C:4095 D:1000
INFO [IRImager.cpp:266] @ 0.377078s :Init thermal imager to 14110095 with size: 160x121@120 Hz
DEBUG [Cali.cpp:87] @ 0.377583s :Calibration directory path: .\Cali-14110095.xml
DEBUG [Cali.cpp:88] @ 0.377606s :Calibration file name: Cali-14110095.xml
DEBUG [Cali.cpp:98] @ 0.377955s :Calibration data A: 1450 B:400 C:4095 D:1000
DEBUG [Cali.cpp:87] @ 0.379146s :Calibration directory path: .\Cali-14110095.xml
DEBUG [Cali.cpp:88] @ 0.379171s :Calibration file name: Cali-14110095.xml
DEBUG [Cali.cpp:98] @ 0.379535s :Calibration data A: 1450 B:400 C:4095 D:1000
DEBUG [IRImager.cpp:300] @ 0.379613s :No temperature range configuration specified. Setting default values tMin: -20 , tMax: 100
DEBUG [IRImager.cpp:377] @ 0.380252s :Using HID control interface
DEBUG [IRImager.cpp:417] @ 0.405915s :Initialized HID control interface to device with HW:21 FW:2025
DEBUG [IRImager.cpp:438] @ 0.406049s :Frameconfig - width(in): 160, height(in): 121, interval: 83333, max framerate: 120, HW interval: 0.00833333
DEBUG [Cali.cpp:87] @ 0.406113s :Calibration directory path: .\Cali-14110095.xml
DEBUG [Cali.cpp:88] @ 0.40615s :Calibration file name: Cali-14110095.xml
DEBUG [Cali.cpp:98] @ 0.40738s :Calibration data A: 1450 B:400 C:4095 D:1000
DEBUG [ImageProcessing.cpp:200] @ 0.429177s :Source buffer size: 38720 Width: 160 Height: 121
DEBUG [ImageProcessing.cpp:121] @ 0.487252s :Source buffer size: 38720 Width: 160 Height: 121
DEBUG [OpSource.cpp:376] @ 0.488688s :Using formats path: C:\Program Files (x86)\Optris GmbH\IrDirectSDK\examples\matlab\Formats.def
DEBUG [OpSource.cpp:628] @ 0.489539s :Format found with size: 160
DEBUG [OpSource.cpp:791] @ 0.489793s :Selected Format:"PI160 160x120 @ 120Hz"
DEBUG [IRImager.cpp:844] @ 0.490384s :Caught onFrameInit with size: 160x120
DEBUG [OpSource.cpp:376] @ 0.492445s :Using formats path: C:\Program Files (x86)\Optris GmbH\IrDirectSDK\examples\matlab\Formats.def
DEBUG [OpSource.cpp:628] @ 0.493072s :Format found with size: 160
DEBUG [OpSource.cpp:376] @ 0.493876s :Using formats path: C:\Program Files (x86)\Optris GmbH\IrDirectSDK\examples\matlab\Formats.def
DEBUG [OpCorr.cpp:467] @ 0.505647s :Read cali: .\Cali-14110095.xml\Cali-14110095-48-M20-100.dat
DEBUG [OpCorr.cpp:557] @ 0.506435s :Read calibration of camera no 14110095, # of fields: 6 , start of fields: 40
DEBUG [ImageProcessing.cpp:1108] @ 0.785059s :Update flag temperature: 31.2812
DEBUG [ImageProcessing.cpp:1111] @ 0.793316s :Update box temperature: 29.5312
DEBUG [Cali.cpp:639] @ 0.793388s :Calibration file path: 00000177A616F614/00000063B25ECDA8.xml
DEBUG [SimpleXML.cpp:238] @ 0.793835s :Failed to open file .\Cali-14110095.xml\CaliExt-14110095.xml
DEBUG [IRImager.cpp:550] @ 0.811169s :Chip heating disabled
DEBUG [IRImager.cpp:1110] @ 0.9311s :Start flag calibration
DEBUG [OpFlag.cpp:591] @ 11.6031s :SkimDiff: -9 Adjust: -871 State: 1 EMax: 8568 Emin: 2533
DEBUG [ImageProcessing.cpp:526] @ 11.6156s :Skim_Adjust 4025
DEBUG [IRImager.cpp:1124] @ 11.7321s :Finished startup calibration
DEBUG [IRImager.cpp:1175] @ 26.4497s :Automatic control of shutter flag
DEBUG [OpFlag.cpp:591] @ 26.6098s :SkimDiff: -9 Adjust: -855 State: 1 EMax: 8608 Emin: 2549
DEBUG [ImageProcessing.cpp:526] @ 26.6341s :Skim_Adjust 4024
DEBUG [IRImager.cpp:1175] @ 41.458s :Automatic control of shutter flag
DEBUG [OpFlag.cpp:591] @ 41.6213s :SkimDiff: -9 Adjust: -818 State: 1 EMax: 8660 Emin: 2586
DEBUG [ImageProcessing.cpp:526] @ 41.6398s :Skim_Adjust 4023
DEBUG [IRImager.cpp:665] @ 59.51s :Release imager
DEBUG [BaseControlDevice.cpp:26] @ 59.559s :Base destructor called
DEBUG [IRImager.cpp:672] @ 59.5591s :Delete image processing
DEBUG [IRImager.cpp:679] @ 59.5719s :Delete buffer
DEBUG [IRImager.cpp:687] @ 59.5721s :Delete source buffer
DEBUG [IRImager.cpp:694] @ 59.5721s :Delete buffer (energy)
DEBUG [IRImager.cpp:701] @ 59.5721s :Delete timer
DEBUG [IRImager.cpp:707] @ 59.5721s :Delete manual timer
