DEBUG [IRLogger.cpp:105] @ 0.0005668s :***************************************************
DEBUG [IRLogger.cpp:106] @ 0.0006735s :* IRImagerDirect SDK                              *
DEBUG [IRLogger.cpp:107] @ 0.0006948s :***************************************************
DEBUG [IRLogger.cpp:113] @ 0.0007103s :* Native Machine:      AMD64
DEBUG [IRLogger.cpp:114] @ 0.000724s :* Machine:             AMD64
DEBUG [IRLogger.cpp:116] @ 0.0007475s :* OS:                  Windows 10 0 26100
DEBUG [IRLogger.cpp:123] @ 0.0007594s :***************************************************
DEBUG [IRDeviceParams.cpp:204] @ 0.0024937s :Parameters
DEBUG [IRDeviceParams.cpp:205] @ 0.0025141s :serial: 14110095
DEBUG [IRDeviceParams.cpp:206] @ 0.002522s :videoformatindex: 0
DEBUG [IRDeviceParams.cpp:207] @ 0.0025292s :fov: 0
DEBUG [IRDeviceParams.cpp:208] @ 0.0025382s :optics_text: 0000000000000000
DEBUG [IRDeviceParams.cpp:209] @ 0.0025773s :formatspath: 000002D445258510
DEBUG [IRDeviceParams.cpp:210] @ 0.002595s :calipath: 000002D4452C24C0
DEBUG [IRDeviceParams.cpp:211] @ 0.0026386s :temperature min: 0
DEBUG [IRDeviceParams.cpp:212] @ 0.0026515s :temperature max: 0
DEBUG [IRDeviceParams.cpp:213] @ 0.0026605s :framerate: 32
DEBUG [IRDeviceParams.cpp:214] @ 0.0026676s :bispectral: 0
DEBUG [IRDeviceParams.cpp:215] @ 0.0026745s :flag automatic: 1
DEBUG [IRDeviceParams.cpp:216] @ 0.0026849s :min interval: 15
DEBUG [IRDeviceParams.cpp:217] @ 0.0026931s :max interval: 0
DEBUG [IRDeviceParams.cpp:218] @ 0.0027006s :chip heating mode: 0
DEBUG [IRDeviceParams.cpp:219] @ 0.0027082s :chip heating fixed val: 40
DEBUG [IRDeviceParams.cpp:220] @ 0.0027154s :focus:  -1
DEBUG [IRDeviceParams.cpp:221] @ 0.0027253s :enable extended temp range: 0
DEBUG [IRDeviceParams.cpp:222] @ 0.0027324s :buffer queue size: 5
DEBUG [IRDeviceParams.cpp:223] @ 0.0027411s :enable high precision: 0
DEBUG [IRDeviceParams.cpp:224] @ 0.0027519s :radialDistortionCorrectionMode: 0
DEBUG [IRDeviceParams.cpp:225] @ 0.0027589s :deviceAPI: 0
DEBUG [IRDeviceParams.cpp:226] @ 0.0027656s :useExternalProbeForReferencing: 0
DEBUG [IRDeviceParams.cpp:227] @ 0.0027723s :enableMultiThreading: 0
DEBUG [IRDeviceParams.cpp:232] @ 0.0027809s :ethernetDevice.deviceIpAddress: 0.0.0.0
DEBUG [IRDeviceParams.cpp:233] @ 0.0027883s :ethernetDevice.localUdpPort: 0
DEBUG [IRDeviceParams.cpp:234] @ 0.0027956s :ethernetDevice.checkUdpSenderIp: 1
DEBUG [Cali.cpp:87] @ 0.247097s :Calibration directory path: .\Cali-14110095.xml
DEBUG [Cali.cpp:88] @ 0.247124s :Calibration file name: Cali-14110095.xml
DEBUG [Cali.cpp:98] @ 0.247395s :Calibration data A: 1450 B:400 C:4095 D:1000
INFO [IRImager.cpp:266] @ 0.248361s :Init thermal imager to 14110095 with size: 160x121@120 Hz
DEBUG [Cali.cpp:87] @ 0.248641s :Calibration directory path: .\Cali-14110095.xml
DEBUG [Cali.cpp:88] @ 0.248653s :Calibration file name: Cali-14110095.xml
DEBUG [Cali.cpp:98] @ 0.248879s :Calibration data A: 1450 B:400 C:4095 D:1000
DEBUG [Cali.cpp:87] @ 0.249766s :Calibration directory path: .\Cali-14110095.xml
DEBUG [Cali.cpp:88] @ 0.249785s :Calibration file name: Cali-14110095.xml
DEBUG [Cali.cpp:98] @ 0.250015s :Calibration data A: 1450 B:400 C:4095 D:1000
DEBUG [IRImager.cpp:300] @ 0.250063s :No temperature range configuration specified. Setting default values tMin: -20 , tMax: 100
DEBUG [IRImager.cpp:377] @ 0.250385s :Using HID control interface
DEBUG [IRImager.cpp:417] @ 0.267859s :Initialized HID control interface to device with HW:21 FW:2025
DEBUG [IRImager.cpp:438] @ 0.2679s :Frameconfig - width(in): 160, height(in): 121, interval: 83333, max framerate: 120, HW interval: 0.00833333
DEBUG [Cali.cpp:87] @ 0.267916s :Calibration directory path: .\Cali-14110095.xml
DEBUG [Cali.cpp:88] @ 0.267926s :Calibration file name: Cali-14110095.xml
DEBUG [Cali.cpp:98] @ 0.268301s :Calibration data A: 1450 B:400 C:4095 D:1000
DEBUG [ImageProcessing.cpp:200] @ 0.289011s :Source buffer size: 38720 Width: 160 Height: 121
DEBUG [ImageProcessing.cpp:121] @ 0.353803s :Source buffer size: 38720 Width: 160 Height: 121
DEBUG [OpSource.cpp:376] @ 0.355299s :Using formats path: C:\Program Files (x86)\Optris GmbH\IrDirectSDK\examples\matlab\Formats.def
DEBUG [OpSource.cpp:628] @ 0.35614s :Format found with size: 160
DEBUG [OpSource.cpp:791] @ 0.356329s :Selected Format:"PI160 160x120 @ 120Hz"
DEBUG [IRImager.cpp:844] @ 0.356953s :Caught onFrameInit with size: 160x120
DEBUG [OpSource.cpp:376] @ 0.358691s :Using formats path: C:\Program Files (x86)\Optris GmbH\IrDirectSDK\examples\matlab\Formats.def
DEBUG [OpSource.cpp:628] @ 0.358965s :Format found with size: 160
DEBUG [OpSource.cpp:376] @ 0.359043s :Using formats path: C:\Program Files (x86)\Optris GmbH\IrDirectSDK\examples\matlab\Formats.def
DEBUG [OpCorr.cpp:467] @ 0.36088s :Read cali: .\Cali-14110095.xml\Cali-14110095-48-M20-100.dat
DEBUG [OpCorr.cpp:557] @ 0.360955s :Read calibration of camera no 14110095, # of fields: 6 , start of fields: 40
DEBUG [ImageProcessing.cpp:1108] @ 0.638887s :Update flag temperature: 33.4609
DEBUG [ImageProcessing.cpp:1111] @ 0.646037s :Update box temperature: 32.2422
DEBUG [Cali.cpp:639] @ 0.646184s :Calibration file path: 000002D44674FA84/000000DD26FECC08.xml
DEBUG [SimpleXML.cpp:238] @ 0.647052s :Failed to open file .\Cali-14110095.xml\CaliExt-14110095.xml
DEBUG [IRImager.cpp:550] @ 0.669617s :Chip heating disabled
DEBUG [IRImager.cpp:1110] @ 0.762358s :Start flag calibration
DEBUG [OpFlag.cpp:591] @ 11.4353s :SkimDiff: 0 Adjust: 0 State: 0 EMax: 9312 Emin: 3646
DEBUG [IRImager.cpp:1124] @ 11.5649s :Finished startup calibration
DEBUG [IRImager.cpp:1175] @ 26.2831s :Automatic control of shutter flag
DEBUG [OpFlag.cpp:591] @ 26.4594s :SkimDiff: -4 Adjust: -308 State: 1 EMax: 9049 Emin: 3096
DEBUG [ImageProcessing.cpp:526] @ 26.4725s :Skim_Adjust 4025
DEBUG [IRImager.cpp:1175] @ 41.3073s :Automatic control of shutter flag
DEBUG [OpFlag.cpp:591] @ 41.4683s :SkimDiff: -5 Adjust: -470 State: 1 EMax: 9032 Emin: 2934
DEBUG [ImageProcessing.cpp:526] @ 41.4816s :Skim_Adjust 4024
DEBUG [IRImager.cpp:1175] @ 56.3148s :Automatic control of shutter flag
DEBUG [OpFlag.cpp:591] @ 56.4754s :SkimDiff: -5 Adjust: -492 State: 1 EMax: 9058 Emin: 2912
DEBUG [ImageProcessing.cpp:526] @ 56.4879s :Skim_Adjust 4023
DEBUG [IRImager.cpp:1175] @ 71.3229s :Automatic control of shutter flag
DEBUG [OpFlag.cpp:591] @ 71.4838s :SkimDiff: -5 Adjust: -485 State: 1 EMax: 9128 Emin: 2919
DEBUG [ImageProcessing.cpp:526] @ 71.4961s :Skim_Adjust 4022
DEBUG [IRImager.cpp:1175] @ 86.3314s :Automatic control of shutter flag
DEBUG [OpFlag.cpp:591] @ 86.4924s :SkimDiff: -5 Adjust: -440 State: 1 EMax: 9195 Emin: 2964
DEBUG [ImageProcessing.cpp:526] @ 86.5047s :Skim_Adjust 4021
DEBUG [IRImager.cpp:1175] @ 101.339s :Automatic control of shutter flag
DEBUG [OpFlag.cpp:591] @ 101.482s :SkimDiff: -4 Adjust: -396 State: 1 EMax: 9261 Emin: 3008
DEBUG [ImageProcessing.cpp:526] @ 101.494s :Skim_Adjust 4020
DEBUG [IRImager.cpp:1175] @ 116.347s :Automatic control of shutter flag
DEBUG [OpFlag.cpp:591] @ 116.507s :SkimDiff: -4 Adjust: -338 State: 1 EMax: 9338 Emin: 3066
DEBUG [ImageProcessing.cpp:526] @ 116.519s :Skim_Adjust 4019
DEBUG [IRImager.cpp:1175] @ 131.355s :Automatic control of shutter flag
DEBUG [OpFlag.cpp:591] @ 131.516s :SkimDiff: -3 Adjust: -278 State: 1 EMax: 9414 Emin: 3126
DEBUG [ImageProcessing.cpp:526] @ 131.528s :Skim_Adjust 4018
DEBUG [IRImager.cpp:1175] @ 146.363s :Automatic control of shutter flag
DEBUG [OpFlag.cpp:591] @ 146.524s :SkimDiff: -3 Adjust: -215 State: 1 EMax: 9480 Emin: 3189
DEBUG [ImageProcessing.cpp:526] @ 146.537s :Skim_Adjust 4017
DEBUG [IRImager.cpp:665] @ 153.488s :Release imager
DEBUG [BaseControlDevice.cpp:26] @ 153.539s :Base destructor called
DEBUG [IRImager.cpp:672] @ 153.54s :Delete image processing
DEBUG [IRImager.cpp:679] @ 153.551s :Delete buffer
DEBUG [IRImager.cpp:687] @ 153.551s :Delete source buffer
DEBUG [IRImager.cpp:694] @ 153.551s :Delete buffer (energy)
DEBUG [IRImager.cpp:701] @ 153.551s :Delete timer
DEBUG [IRImager.cpp:707] @ 153.551s :Delete manual timer
