DEBUG [IRLogger.cpp:105] @ 0.0005023s :***************************************************
DEBUG [IRLogger.cpp:106] @ 0.0005802s :* IRImagerDirect SDK                              *
DEBUG [IRLogger.cpp:107] @ 0.0006s :***************************************************
DEBUG [IRLogger.cpp:113] @ 0.0006141s :* Native Machine:      AMD64
DEBUG [IRLogger.cpp:114] @ 0.0006266s :* Machine:             AMD64
DEBUG [IRLogger.cpp:116] @ 0.0006475s :* OS:                  Windows 10 0 26100
DEBUG [IRLogger.cpp:123] @ 0.0006597s :***************************************************
DEBUG [IRDeviceParams.cpp:204] @ 0.0026791s :Parameters
DEBUG [IRDeviceParams.cpp:205] @ 0.0026964s :serial: 14110095
DEBUG [IRDeviceParams.cpp:206] @ 0.0027038s :videoformatindex: 0
DEBUG [IRDeviceParams.cpp:207] @ 0.0027105s :fov: 0
DEBUG [IRDeviceParams.cpp:208] @ 0.0027175s :optics_text: 0000000000000000
DEBUG [IRDeviceParams.cpp:209] @ 0.0027241s :formatspath: 000001BCD3C67780
DEBUG [IRDeviceParams.cpp:210] @ 0.0027317s :calipath: 000001BCD3C1E480
DEBUG [IRDeviceParams.cpp:211] @ 0.002738s :temperature min: 0
DEBUG [IRDeviceParams.cpp:212] @ 0.0027446s :temperature max: 0
DEBUG [IRDeviceParams.cpp:213] @ 0.002752s :framerate: 32
DEBUG [IRDeviceParams.cpp:214] @ 0.0027585s :bispectral: 0
DEBUG [IRDeviceParams.cpp:215] @ 0.0027647s :flag automatic: 1
DEBUG [IRDeviceParams.cpp:216] @ 0.0027717s :min interval: 15
DEBUG [IRDeviceParams.cpp:217] @ 0.0027786s :max interval: 0
DEBUG [IRDeviceParams.cpp:218] @ 0.0027856s :chip heating mode: 0
DEBUG [IRDeviceParams.cpp:219] @ 0.0027924s :chip heating fixed val: 40
DEBUG [IRDeviceParams.cpp:220] @ 0.0027992s :focus:  -1
DEBUG [IRDeviceParams.cpp:221] @ 0.0028084s :enable extended temp range: 0
DEBUG [IRDeviceParams.cpp:222] @ 0.0028153s :buffer queue size: 5
DEBUG [IRDeviceParams.cpp:223] @ 0.0028217s :enable high precision: 0
DEBUG [IRDeviceParams.cpp:224] @ 0.0028283s :radialDistortionCorrectionMode: 0
DEBUG [IRDeviceParams.cpp:225] @ 0.002835s :deviceAPI: 0
DEBUG [IRDeviceParams.cpp:226] @ 0.0028414s :useExternalProbeForReferencing: 0
DEBUG [IRDeviceParams.cpp:227] @ 0.0028478s :enableMultiThreading: 0
DEBUG [IRDeviceParams.cpp:232] @ 0.0028557s :ethernetDevice.deviceIpAddress: 0.0.0.0
DEBUG [IRDeviceParams.cpp:233] @ 0.0028625s :ethernetDevice.localUdpPort: 0
DEBUG [IRDeviceParams.cpp:234] @ 0.0028689s :ethernetDevice.checkUdpSenderIp: 1
DEBUG [Cali.cpp:87] @ 0.34633s :Calibration directory path: .\Cali-14110095.xml
DEBUG [Cali.cpp:88] @ 0.346361s :Calibration file name: Cali-14110095.xml
DEBUG [Cali.cpp:98] @ 0.346708s :Calibration data A: 1450 B:400 C:4095 D:1000
INFO [IRImager.cpp:266] @ 0.34804s :Init thermal imager to 14110095 with size: 160x121@120 Hz
DEBUG [Cali.cpp:87] @ 0.348416s :Calibration directory path: .\Cali-14110095.xml
DEBUG [Cali.cpp:88] @ 0.34843s :Calibration file name: Cali-14110095.xml
DEBUG [Cali.cpp:98] @ 0.348743s :Calibration data A: 1450 B:400 C:4095 D:1000
DEBUG [Cali.cpp:87] @ 0.349708s :Calibration directory path: .\Cali-14110095.xml
DEBUG [Cali.cpp:88] @ 0.349726s :Calibration file name: Cali-14110095.xml
DEBUG [Cali.cpp:98] @ 0.350053s :Calibration data A: 1450 B:400 C:4095 D:1000
DEBUG [IRImager.cpp:300] @ 0.350117s :No temperature range configuration specified. Setting default values tMin: -20 , tMax: 100
DEBUG [IRImager.cpp:377] @ 0.350592s :Using HID control interface
DEBUG [IRImager.cpp:417] @ 0.374388s :Initialized HID control interface to device with HW:21 FW:2025
DEBUG [IRImager.cpp:438] @ 0.374463s :Frameconfig - width(in): 160, height(in): 121, interval: 83333, max framerate: 120, HW interval: 0.00833333
DEBUG [Cali.cpp:87] @ 0.374495s :Calibration directory path: .\Cali-14110095.xml
DEBUG [Cali.cpp:88] @ 0.374513s :Calibration file name: Cali-14110095.xml
DEBUG [Cali.cpp:98] @ 0.375166s :Calibration data A: 1450 B:400 C:4095 D:1000
DEBUG [ImageProcessing.cpp:200] @ 0.398882s :Source buffer size: 38720 Width: 160 Height: 121
DEBUG [ImageProcessing.cpp:121] @ 0.481959s :Source buffer size: 38720 Width: 160 Height: 121
DEBUG [OpSource.cpp:376] @ 0.483633s :Using formats path: C:\Program Files (x86)\Optris GmbH\IrDirectSDK\examples\matlab\Formats.def
DEBUG [OpSource.cpp:628] @ 0.48445s :Format found with size: 160
DEBUG [OpSource.cpp:791] @ 0.484638s :Selected Format:"PI160 160x120 @ 120Hz"
DEBUG [IRImager.cpp:844] @ 0.48527s :Caught onFrameInit with size: 160x120
DEBUG [OpSource.cpp:376] @ 0.487305s :Using formats path: C:\Program Files (x86)\Optris GmbH\IrDirectSDK\examples\matlab\Formats.def
DEBUG [OpSource.cpp:628] @ 0.488054s :Format found with size: 160
DEBUG [OpSource.cpp:376] @ 0.488814s :Using formats path: C:\Program Files (x86)\Optris GmbH\IrDirectSDK\examples\matlab\Formats.def
DEBUG [OpCorr.cpp:467] @ 0.500396s :Read cali: .\Cali-14110095.xml\Cali-14110095-48-M20-100.dat
DEBUG [OpCorr.cpp:557] @ 0.500995s :Read calibration of camera no 14110095, # of fields: 6 , start of fields: 40
DEBUG [ImageProcessing.cpp:1108] @ 0.779458s :Update flag temperature: 30.8594
DEBUG [ImageProcessing.cpp:1111] @ 0.787776s :Update box temperature: 29.2344
DEBUG [Cali.cpp:639] @ 0.787835s :Calibration file path: 000001BCD3E9B484/00000038215ED0A8.xml
DEBUG [SimpleXML.cpp:238] @ 0.788213s :Failed to open file .\Cali-14110095.xml\CaliExt-14110095.xml
DEBUG [IRImager.cpp:550] @ 0.799241s :Chip heating disabled
DEBUG [IRImager.cpp:1110] @ 0.898434s :Start flag calibration
DEBUG [OpFlag.cpp:591] @ 11.5694s :SkimDiff: -10 Adjust: -929 State: 1 EMax: 8492 Emin: 2475
DEBUG [ImageProcessing.cpp:526] @ 11.5807s :Skim_Adjust 4016
DEBUG [IRImager.cpp:1124] @ 11.6992s :Finished startup calibration
DEBUG [IRImager.cpp:665] @ 15.932s :Release imager
DEBUG [BaseControlDevice.cpp:26] @ 15.9923s :Base destructor called
DEBUG [IRImager.cpp:672] @ 15.9925s :Delete image processing
DEBUG [IRImager.cpp:679] @ 16.0005s :Delete buffer
DEBUG [IRImager.cpp:687] @ 16.0007s :Delete source buffer
DEBUG [IRImager.cpp:694] @ 16.0008s :Delete buffer (energy)
DEBUG [IRImager.cpp:701] @ 16.0008s :Delete timer
DEBUG [IRImager.cpp:707] @ 16.0009s :Delete manual timer
