DEBUG [IRLogger.cpp:105] @ 0.0003766s :***************************************************
DEBUG [IRLogger.cpp:106] @ 0.0004565s :* IRImagerDirect SDK                              *
DEBUG [IRLogger.cpp:107] @ 0.000477s :***************************************************
DEBUG [IRLogger.cpp:113] @ 0.0004905s :* Native Machine:      AMD64
DEBUG [IRLogger.cpp:114] @ 0.0005024s :* Machine:             AMD64
DEBUG [IRLogger.cpp:116] @ 0.0005212s :* OS:                  Windows 10 0 26100
DEBUG [IRLogger.cpp:123] @ 0.0005315s :***************************************************
DEBUG [IRDeviceParams.cpp:204] @ 0.0022729s :Parameters
DEBUG [IRDeviceParams.cpp:205] @ 0.0022905s :serial: 14110095
DEBUG [IRDeviceParams.cpp:206] @ 0.0022983s :videoformatindex: 0
DEBUG [IRDeviceParams.cpp:207] @ 0.0023051s :fov: 0
DEBUG [IRDeviceParams.cpp:208] @ 0.0023128s :optics_text: 0000000000000000
DEBUG [IRDeviceParams.cpp:209] @ 0.0023195s :formatspath: 000001A9EA1226F0
DEBUG [IRDeviceParams.cpp:210] @ 0.0023273s :calipath: 000001A9EBF699C0
DEBUG [IRDeviceParams.cpp:211] @ 0.0023343s :temperature min: 0
DEBUG [IRDeviceParams.cpp:212] @ 0.0023407s :temperature max: 0
DEBUG [IRDeviceParams.cpp:213] @ 0.0023481s :framerate: 32
DEBUG [IRDeviceParams.cpp:214] @ 0.0023552s :bispectral: 0
DEBUG [IRDeviceParams.cpp:215] @ 0.0023619s :flag automatic: 1
DEBUG [IRDeviceParams.cpp:216] @ 0.0023691s :min interval: 15
DEBUG [IRDeviceParams.cpp:217] @ 0.002376s :max interval: 0
DEBUG [IRDeviceParams.cpp:218] @ 0.0023831s :chip heating mode: 0
DEBUG [IRDeviceParams.cpp:219] @ 0.0023904s :chip heating fixed val: 40
DEBUG [IRDeviceParams.cpp:220] @ 0.0023975s :focus:  -1
DEBUG [IRDeviceParams.cpp:221] @ 0.0024075s :enable extended temp range: 0
DEBUG [IRDeviceParams.cpp:222] @ 0.0024146s :buffer queue size: 5
DEBUG [IRDeviceParams.cpp:223] @ 0.002421s :enable high precision: 0
DEBUG [IRDeviceParams.cpp:224] @ 0.0024278s :radialDistortionCorrectionMode: 0
DEBUG [IRDeviceParams.cpp:225] @ 0.0024346s :deviceAPI: 0
DEBUG [IRDeviceParams.cpp:226] @ 0.0024411s :useExternalProbeForReferencing: 0
DEBUG [IRDeviceParams.cpp:227] @ 0.0024477s :enableMultiThreading: 0
DEBUG [IRDeviceParams.cpp:232] @ 0.0024561s :ethernetDevice.deviceIpAddress: 0.0.0.0
DEBUG [IRDeviceParams.cpp:233] @ 0.0024632s :ethernetDevice.localUdpPort: 0
DEBUG [IRDeviceParams.cpp:234] @ 0.0024711s :ethernetDevice.checkUdpSenderIp: 1
DEBUG [Cali.cpp:87] @ 0.348156s :Calibration directory path: .\Cali-14110095.xml
DEBUG [Cali.cpp:88] @ 0.348187s :Calibration file name: Cali-14110095.xml
DEBUG [Cali.cpp:98] @ 0.348464s :Calibration data A: 1450 B:400 C:4095 D:1000
INFO [IRImager.cpp:266] @ 0.349458s :Init thermal imager to 14110095 with size: 160x121@120 Hz
DEBUG [Cali.cpp:87] @ 0.349717s :Calibration directory path: .\Cali-14110095.xml
DEBUG [Cali.cpp:88] @ 0.349728s :Calibration file name: Cali-14110095.xml
DEBUG [Cali.cpp:98] @ 0.349945s :Calibration data A: 1450 B:400 C:4095 D:1000
DEBUG [Cali.cpp:87] @ 0.350713s :Calibration directory path: .\Cali-14110095.xml
DEBUG [Cali.cpp:88] @ 0.350729s :Calibration file name: Cali-14110095.xml
DEBUG [Cali.cpp:98] @ 0.351053s :Calibration data A: 1450 B:400 C:4095 D:1000
DEBUG [IRImager.cpp:300] @ 0.351107s :No temperature range configuration specified. Setting default values tMin: -20 , tMax: 100
DEBUG [IRImager.cpp:377] @ 0.3515s :Using HID control interface
DEBUG [IRImager.cpp:417] @ 0.369465s :Initialized HID control interface to device with HW:21 FW:2025
DEBUG [IRImager.cpp:438] @ 0.36952s :Frameconfig - width(in): 160, height(in): 121, interval: 83333, max framerate: 120, HW interval: 0.00833333
DEBUG [Cali.cpp:87] @ 0.369537s :Calibration directory path: .\Cali-14110095.xml
DEBUG [Cali.cpp:88] @ 0.369545s :Calibration file name: Cali-14110095.xml
DEBUG [Cali.cpp:98] @ 0.369916s :Calibration data A: 1450 B:400 C:4095 D:1000
DEBUG [ImageProcessing.cpp:200] @ 0.393977s :Source buffer size: 38720 Width: 160 Height: 121
DEBUG [ImageProcessing.cpp:121] @ 0.468385s :Source buffer size: 38720 Width: 160 Height: 121
DEBUG [OpSource.cpp:376] @ 0.468634s :Using formats path: C:\Program Files (x86)\Optris GmbH\IrDirectSDK\examples\matlab\Formats.def
DEBUG [OpSource.cpp:628] @ 0.468781s :Format found with size: 160
DEBUG [OpSource.cpp:791] @ 0.46881s :Selected Format:"PI160 160x120 @ 120Hz"
DEBUG [IRImager.cpp:844] @ 0.468903s :Caught onFrameInit with size: 160x120
DEBUG [OpSource.cpp:376] @ 0.469146s :Using formats path: C:\Program Files (x86)\Optris GmbH\IrDirectSDK\examples\matlab\Formats.def
DEBUG [OpSource.cpp:628] @ 0.469216s :Format found with size: 160
DEBUG [OpSource.cpp:376] @ 0.469306s :Using formats path: C:\Program Files (x86)\Optris GmbH\IrDirectSDK\examples\matlab\Formats.def
DEBUG [OpCorr.cpp:467] @ 0.477063s :Read cali: .\Cali-14110095.xml\Cali-14110095-48-M20-100.dat
DEBUG [OpCorr.cpp:557] @ 0.477186s :Read calibration of camera no 14110095, # of fields: 6 , start of fields: 40
DEBUG [ImageProcessing.cpp:1108] @ 0.799614s :Update flag temperature: 33.4922
DEBUG [ImageProcessing.cpp:1111] @ 0.80786s :Update box temperature: 31.6641
DEBUG [Cali.cpp:639] @ 0.8079s :Calibration file path: 000001A9ED41D1F4/0000007CB99ECC58.xml
DEBUG [SimpleXML.cpp:238] @ 0.808083s :Failed to open file .\Cali-14110095.xml\CaliExt-14110095.xml
DEBUG [IRImager.cpp:550] @ 0.822756s :Chip heating disabled
DEBUG [IRImager.cpp:1110] @ 0.885165s :Start flag calibration
DEBUG [OpFlag.cpp:591] @ 11.5584s :SkimDiff: -9 Adjust: -853 State: 1 EMax: 8892 Emin: 2551
DEBUG [ImageProcessing.cpp:526] @ 11.5707s :Skim_Adjust 4025
DEBUG [IRImager.cpp:1124] @ 11.686s :Finished startup calibration
DEBUG [IRImager.cpp:1175] @ 26.406s :Automatic control of shutter flag
DEBUG [OpFlag.cpp:591] @ 26.5676s :SkimDiff: -8 Adjust: -755 State: 1 EMax: 8978 Emin: 2649
DEBUG [ImageProcessing.cpp:526] @ 26.5801s :Skim_Adjust 4024
DEBUG [IRImager.cpp:1175] @ 55.253s :Automatic control of shutter flag
DEBUG [OpFlag.cpp:591] @ 55.4143s :SkimDiff: -7 Adjust: -674 State: 1 EMax: 9047 Emin: 2730
DEBUG [ImageProcessing.cpp:526] @ 55.4266s :Skim_Adjust 4023
DEBUG [IRImager.cpp:665] @ 57.4804s :Release imager
DEBUG [BaseControlDevice.cpp:26] @ 57.5329s :Base destructor called
DEBUG [IRImager.cpp:672] @ 57.533s :Delete image processing
DEBUG [IRImager.cpp:679] @ 57.544s :Delete buffer
DEBUG [IRImager.cpp:687] @ 57.5441s :Delete source buffer
DEBUG [IRImager.cpp:694] @ 57.5442s :Delete buffer (energy)
DEBUG [IRImager.cpp:701] @ 57.5442s :Delete timer
DEBUG [IRImager.cpp:707] @ 57.5443s :Delete manual timer
