DEBUG [IRLogger.cpp:105] @ 0.0004984s :***************************************************
DEBUG [IRLogger.cpp:106] @ 0.0006341s :* IRImagerDirect SDK                              *
DEBUG [IRLogger.cpp:107] @ 0.0006647s :***************************************************
DEBUG [IRLogger.cpp:113] @ 0.0006851s :* Native Machine:      AMD64
DEBUG [IRLogger.cpp:114] @ 0.0007023s :* Machine:             AMD64
DEBUG [IRLogger.cpp:116] @ 0.0007314s :* OS:                  Windows 10 0 26100
DEBUG [IRLogger.cpp:123] @ 0.0007466s :***************************************************
DEBUG [IRDeviceParams.cpp:204] @ 0.0026852s :Parameters
DEBUG [IRDeviceParams.cpp:205] @ 0.0029589s :serial: 14110095
DEBUG [IRDeviceParams.cpp:206] @ 0.0029748s :videoformatindex: 0
DEBUG [IRDeviceParams.cpp:207] @ 0.0029855s :fov: 0
DEBUG [IRDeviceParams.cpp:208] @ 0.0029965s :optics_text: 0000000000000000
DEBUG [IRDeviceParams.cpp:209] @ 0.0030077s :formatspath: 00000174D5B67820
DEBUG [IRDeviceParams.cpp:210] @ 0.0030197s :calipath: 00000174D5B07400
DEBUG [IRDeviceParams.cpp:211] @ 0.0030308s :temperature min: 0
DEBUG [IRDeviceParams.cpp:212] @ 0.0030424s :temperature max: 0
DEBUG [IRDeviceParams.cpp:213] @ 0.0030548s :framerate: 32
DEBUG [IRDeviceParams.cpp:214] @ 0.0030969s :bispectral: 0
DEBUG [IRDeviceParams.cpp:215] @ 0.0031091s :flag automatic: 1
DEBUG [IRDeviceParams.cpp:216] @ 0.0031198s :min interval: 15
DEBUG [IRDeviceParams.cpp:217] @ 0.0031305s :max interval: 0
DEBUG [IRDeviceParams.cpp:218] @ 0.0031406s :chip heating mode: 0
DEBUG [IRDeviceParams.cpp:219] @ 0.0031513s :chip heating fixed val: 40
DEBUG [IRDeviceParams.cpp:220] @ 0.0031622s :focus:  -1
DEBUG [IRDeviceParams.cpp:221] @ 0.0031771s :enable extended temp range: 0
DEBUG [IRDeviceParams.cpp:222] @ 0.0031877s :buffer queue size: 5
DEBUG [IRDeviceParams.cpp:223] @ 0.0031978s :enable high precision: 0
DEBUG [IRDeviceParams.cpp:224] @ 0.0032081s :radialDistortionCorrectionMode: 0
DEBUG [IRDeviceParams.cpp:225] @ 0.0032182s :deviceAPI: 0
DEBUG [IRDeviceParams.cpp:226] @ 0.0032285s :useExternalProbeForReferencing: 0
DEBUG [IRDeviceParams.cpp:227] @ 0.0032385s :enableMultiThreading: 0
DEBUG [IRDeviceParams.cpp:232] @ 0.0032512s :ethernetDevice.deviceIpAddress: 0.0.0.0
DEBUG [IRDeviceParams.cpp:233] @ 0.0032617s :ethernetDevice.localUdpPort: 0
DEBUG [IRDeviceParams.cpp:234] @ 0.0032717s :ethernetDevice.checkUdpSenderIp: 1
DEBUG [Cali.cpp:87] @ 0.434151s :Calibration directory path: .\Cali-14110095.xml
DEBUG [Cali.cpp:88] @ 0.434191s :Calibration file name: Cali-14110095.xml
DEBUG [Cali.cpp:98] @ 0.434624s :Calibration data A: 1450 B:400 C:4095 D:1000
INFO [IRImager.cpp:266] @ 0.436047s :Init thermal imager to 14110095 with size: 160x121@120 Hz
DEBUG [Cali.cpp:87] @ 0.436394s :Calibration directory path: .\Cali-14110095.xml
DEBUG [Cali.cpp:88] @ 0.436407s :Calibration file name: Cali-14110095.xml
DEBUG [Cali.cpp:98] @ 0.436678s :Calibration data A: 1450 B:400 C:4095 D:1000
DEBUG [Cali.cpp:87] @ 0.437538s :Calibration directory path: .\Cali-14110095.xml
DEBUG [Cali.cpp:88] @ 0.437556s :Calibration file name: Cali-14110095.xml
DEBUG [Cali.cpp:98] @ 0.437802s :Calibration data A: 1450 B:400 C:4095 D:1000
DEBUG [IRImager.cpp:300] @ 0.437854s :No temperature range configuration specified. Setting default values tMin: -20 , tMax: 100
DEBUG [IRImager.cpp:377] @ 0.438211s :Using HID control interface
DEBUG [IRImager.cpp:417] @ 0.463345s :Initialized HID control interface to device with HW:21 FW:2025
DEBUG [IRImager.cpp:438] @ 0.463458s :Frameconfig - width(in): 160, height(in): 121, interval: 83333, max framerate: 120, HW interval: 0.00833333
DEBUG [Cali.cpp:87] @ 0.463509s :Calibration directory path: .\Cali-14110095.xml
DEBUG [Cali.cpp:88] @ 0.463536s :Calibration file name: Cali-14110095.xml
DEBUG [Cali.cpp:98] @ 0.464537s :Calibration data A: 1450 B:400 C:4095 D:1000
DEBUG [ImageProcessing.cpp:200] @ 0.487737s :Source buffer size: 38720 Width: 160 Height: 121
DEBUG [ImageProcessing.cpp:121] @ 0.570565s :Source buffer size: 38720 Width: 160 Height: 121
DEBUG [OpSource.cpp:376] @ 0.572326s :Using formats path: C:\Program Files (x86)\Optris GmbH\IrDirectSDK\examples\matlab\Formats.def
DEBUG [OpSource.cpp:628] @ 0.573353s :Format found with size: 160
DEBUG [OpSource.cpp:791] @ 0.57359s :Selected Format:"PI160 160x120 @ 120Hz"
DEBUG [IRImager.cpp:844] @ 0.574435s :Caught onFrameInit with size: 160x120
DEBUG [OpSource.cpp:376] @ 0.576726s :Using formats path: C:\Program Files (x86)\Optris GmbH\IrDirectSDK\examples\matlab\Formats.def
DEBUG [OpSource.cpp:628] @ 0.577611s :Format found with size: 160
DEBUG [OpSource.cpp:376] @ 0.578614s :Using formats path: C:\Program Files (x86)\Optris GmbH\IrDirectSDK\examples\matlab\Formats.def
DEBUG [OpCorr.cpp:467] @ 0.588866s :Read cali: .\Cali-14110095.xml\Cali-14110095-48-M20-100.dat
DEBUG [OpCorr.cpp:557] @ 0.589738s :Read calibration of camera no 14110095, # of fields: 6 , start of fields: 40
DEBUG [ImageProcessing.cpp:1108] @ 0.901427s :Update flag temperature: 31.5469
DEBUG [ImageProcessing.cpp:1111] @ 0.909641s :Update box temperature: 29.6172
DEBUG [Cali.cpp:639] @ 0.909753s :Calibration file path: 00000174D5CCD6D4/00000042B49ECD88.xml
DEBUG [SimpleXML.cpp:238] @ 0.910413s :Failed to open file .\Cali-14110095.xml\CaliExt-14110095.xml
DEBUG [IRImager.cpp:550] @ 0.925196s :Chip heating disabled
DEBUG [IRImager.cpp:1110] @ 1.0092s :Start flag calibration
DEBUG [OpFlag.cpp:591] @ 11.6798s :SkimDiff: -10 Adjust: -933 State: 1 EMax: 8584 Emin: 2471
DEBUG [ImageProcessing.cpp:526] @ 11.692s :Skim_Adjust 4016
DEBUG [IRImager.cpp:1124] @ 11.8077s :Finished startup calibration
DEBUG [IRImager.cpp:1175] @ 26.5284s :Automatic control of shutter flag
DEBUG [OpFlag.cpp:591] @ 26.6891s :SkimDiff: -4 Adjust: -353 State: 1 EMax: 9158 Emin: 3051
DEBUG [ImageProcessing.cpp:526] @ 26.7017s :Skim_Adjust 4015
DEBUG [IRImager.cpp:1175] @ 80.7197s :Automatic control of shutter flag
DEBUG [OpFlag.cpp:591] @ 80.8962s :SkimDiff: -3 Adjust: -289 State: 1 EMax: 9233 Emin: 3115
DEBUG [ImageProcessing.cpp:526] @ 80.9089s :Skim_Adjust 4014
DEBUG [IRImager.cpp:1175] @ 108.992s :Automatic control of shutter flag
DEBUG [OpFlag.cpp:591] @ 109.168s :SkimDiff: -3 Adjust: -234 State: 1 EMax: 9294 Emin: 3170
DEBUG [ImageProcessing.cpp:526] @ 109.18s :Skim_Adjust 4013
DEBUG [IRImager.cpp:1175] @ 148.448s :Automatic control of shutter flag
DEBUG [OpFlag.cpp:591] @ 148.625s :SkimDiff: -2 Adjust: -176 State: 1 EMax: 9366 Emin: 3228
DEBUG [ImageProcessing.cpp:526] @ 148.638s :Skim_Adjust 4012
DEBUG [IRImager.cpp:1175] @ 209.712s :Automatic control of shutter flag
DEBUG [OpFlag.cpp:591] @ 209.888s :SkimDiff: -2 Adjust: -115 State: 1 EMax: 9426 Emin: 3289
DEBUG [ImageProcessing.cpp:526] @ 209.901s :Skim_Adjust 4011
DEBUG [IRImager.cpp:1175] @ 282.624s :Automatic control of shutter flag
DEBUG [OpFlag.cpp:591] @ 282.8s :SkimDiff: -1 Adjust: -51 State: 1 EMax: 9494 Emin: 3353
DEBUG [ImageProcessing.cpp:526] @ 282.812s :Skim_Adjust 4010
DEBUG [IRImager.cpp:1175] @ 338.912s :Automatic control of shutter flag
DEBUG [OpFlag.cpp:591] @ 339.088s :SkimDiff: 0 Adjust: 0 State: 0 EMax: 9562 Emin: 3412
DEBUG [IRImager.cpp:665] @ 360.199s :Release imager
DEBUG [BaseControlDevice.cpp:26] @ 360.244s :Base destructor called
DEBUG [IRImager.cpp:672] @ 360.244s :Delete image processing
DEBUG [IRImager.cpp:679] @ 360.254s :Delete buffer
DEBUG [IRImager.cpp:687] @ 360.254s :Delete source buffer
DEBUG [IRImager.cpp:694] @ 360.254s :Delete buffer (energy)
DEBUG [IRImager.cpp:701] @ 360.254s :Delete timer
DEBUG [IRImager.cpp:707] @ 360.254s :Delete manual timer
