DEBUG [IRLogger.cpp:105] @ 0.0005988s :***************************************************
DEBUG [IRLogger.cpp:106] @ 0.0007392s :* IRImagerDirect SDK                              *
DEBUG [IRLogger.cpp:107] @ 0.0007794s :***************************************************
DEBUG [IRLogger.cpp:113] @ 0.000808s :* Native Machine:      AMD64
DEBUG [IRLogger.cpp:114] @ 0.0008338s :* Machine:             AMD64
DEBUG [IRLogger.cpp:116] @ 0.0008714s :* OS:                  Windows 10 0 26100
DEBUG [IRLogger.cpp:123] @ 0.0008933s :***************************************************
DEBUG [IRDeviceParams.cpp:204] @ 0.0019534s :Parameters
DEBUG [IRDeviceParams.cpp:205] @ 0.0019905s :serial: 14110095
DEBUG [IRDeviceParams.cpp:206] @ 0.0020061s :videoformatindex: 0
DEBUG [IRDeviceParams.cpp:207] @ 0.0020206s :fov: 0
DEBUG [IRDeviceParams.cpp:208] @ 0.0020367s :optics_text: 0000000000000000
DEBUG [IRDeviceParams.cpp:209] @ 0.0020535s :formatspath: 000002BBEB9E7670
DEBUG [IRDeviceParams.cpp:210] @ 0.0020936s :calipath: 000002BBEB994730
DEBUG [IRDeviceParams.cpp:211] @ 0.002109s :temperature min: 0
DEBUG [IRDeviceParams.cpp:212] @ 0.0021227s :temperature max: 0
DEBUG [IRDeviceParams.cpp:213] @ 0.0021379s :framerate: 32
DEBUG [IRDeviceParams.cpp:214] @ 0.0021513s :bispectral: 0
DEBUG [IRDeviceParams.cpp:215] @ 0.0021646s :flag automatic: 1
DEBUG [IRDeviceParams.cpp:216] @ 0.0021785s :min interval: 15
DEBUG [IRDeviceParams.cpp:217] @ 0.0022637s :max interval: 0
DEBUG [IRDeviceParams.cpp:218] @ 0.0022795s :chip heating mode: 0
DEBUG [IRDeviceParams.cpp:219] @ 0.0022951s :chip heating fixed val: 40
DEBUG [IRDeviceParams.cpp:220] @ 0.0023099s :focus:  -1
DEBUG [IRDeviceParams.cpp:221] @ 0.0023282s :enable extended temp range: 0
DEBUG [IRDeviceParams.cpp:222] @ 0.0023434s :buffer queue size: 5
DEBUG [IRDeviceParams.cpp:223] @ 0.0023567s :enable high precision: 0
DEBUG [IRDeviceParams.cpp:224] @ 0.0023708s :radialDistortionCorrectionMode: 0
DEBUG [IRDeviceParams.cpp:225] @ 0.0023843s :deviceAPI: 0
DEBUG [IRDeviceParams.cpp:226] @ 0.0023982s :useExternalProbeForReferencing: 0
DEBUG [IRDeviceParams.cpp:227] @ 0.0024117s :enableMultiThreading: 0
DEBUG [IRDeviceParams.cpp:232] @ 0.0024282s :ethernetDevice.deviceIpAddress: 0.0.0.0
DEBUG [IRDeviceParams.cpp:233] @ 0.0024417s :ethernetDevice.localUdpPort: 0
DEBUG [IRDeviceParams.cpp:234] @ 0.0024556s :ethernetDevice.checkUdpSenderIp: 1
DEBUG [Cali.cpp:87] @ 0.361892s :Calibration directory path: .\Cali-14110095.xml
DEBUG [Cali.cpp:88] @ 0.361924s :Calibration file name: Cali-14110095.xml
DEBUG [Cali.cpp:98] @ 0.362261s :Calibration data A: 1450 B:400 C:4095 D:1000
INFO [IRImager.cpp:266] @ 0.363579s :Init thermal imager to 14110095 with size: 160x121@120 Hz
DEBUG [Cali.cpp:87] @ 0.363976s :Calibration directory path: .\Cali-14110095.xml
DEBUG [Cali.cpp:88] @ 0.363991s :Calibration file name: Cali-14110095.xml
DEBUG [Cali.cpp:98] @ 0.36431s :Calibration data A: 1450 B:400 C:4095 D:1000
DEBUG [Cali.cpp:87] @ 0.36533s :Calibration directory path: .\Cali-14110095.xml
DEBUG [Cali.cpp:88] @ 0.365351s :Calibration file name: Cali-14110095.xml
DEBUG [Cali.cpp:98] @ 0.365679s :Calibration data A: 1450 B:400 C:4095 D:1000
DEBUG [IRImager.cpp:300] @ 0.36575s :No temperature range configuration specified. Setting default values tMin: -20 , tMax: 100
DEBUG [IRImager.cpp:377] @ 0.366241s :Using HID control interface
DEBUG [IRImager.cpp:417] @ 0.389481s :Initialized HID control interface to device with HW:21 FW:2025
DEBUG [IRImager.cpp:438] @ 0.389633s :Frameconfig - width(in): 160, height(in): 121, interval: 83333, max framerate: 120, HW interval: 0.00833333
DEBUG [Cali.cpp:87] @ 0.389693s :Calibration directory path: .\Cali-14110095.xml
DEBUG [Cali.cpp:88] @ 0.389723s :Calibration file name: Cali-14110095.xml
DEBUG [Cali.cpp:98] @ 0.390978s :Calibration data A: 1450 B:400 C:4095 D:1000
DEBUG [ImageProcessing.cpp:200] @ 0.412348s :Source buffer size: 38720 Width: 160 Height: 121
DEBUG [ImageProcessing.cpp:121] @ 0.487464s :Source buffer size: 38720 Width: 160 Height: 121
DEBUG [OpSource.cpp:376] @ 0.4888s :Using formats path: C:\Program Files (x86)\Optris GmbH\IrDirectSDK\examples\matlab\Formats.def
DEBUG [OpSource.cpp:628] @ 0.489778s :Format found with size: 160
DEBUG [OpSource.cpp:791] @ 0.489976s :Selected Format:"PI160 160x120 @ 120Hz"
DEBUG [IRImager.cpp:844] @ 0.490575s :Caught onFrameInit with size: 160x120
DEBUG [OpSource.cpp:376] @ 0.492273s :Using formats path: C:\Program Files (x86)\Optris GmbH\IrDirectSDK\examples\matlab\Formats.def
DEBUG [OpSource.cpp:628] @ 0.492812s :Format found with size: 160
DEBUG [OpSource.cpp:376] @ 0.493688s :Using formats path: C:\Program Files (x86)\Optris GmbH\IrDirectSDK\examples\matlab\Formats.def
DEBUG [OpCorr.cpp:467] @ 0.505143s :Read cali: .\Cali-14110095.xml\Cali-14110095-48-M20-100.dat
DEBUG [OpCorr.cpp:557] @ 0.508329s :Read calibration of camera no 14110095, # of fields: 6 , start of fields: 40
DEBUG [ImageProcessing.cpp:1108] @ 0.842697s :Update flag temperature: 31.0859
DEBUG [ImageProcessing.cpp:1111] @ 0.850991s :Update box temperature: 29.375
DEBUG [Cali.cpp:639] @ 0.851073s :Calibration file path: 000002BBEBBEB8E4/000000D5647EC9F8.xml
DEBUG [SimpleXML.cpp:238] @ 0.851514s :Failed to open file .\Cali-14110095.xml\CaliExt-14110095.xml
DEBUG [IRImager.cpp:550] @ 0.876436s :Chip heating disabled
DEBUG [IRImager.cpp:1110] @ 1.03802s :Start flag calibration
DEBUG [OpFlag.cpp:591] @ 11.7084s :SkimDiff: -9 Adjust: -894 State: 1 EMax: 8538 Emin: 2510
DEBUG [ImageProcessing.cpp:526] @ 11.7192s :Skim_Adjust 4025
DEBUG [IRImager.cpp:1124] @ 11.8371s :Finished startup calibration
DEBUG [IRImager.cpp:1175] @ 26.5565s :Automatic control of shutter flag
DEBUG [OpFlag.cpp:591] @ 26.7175s :SkimDiff: -9 Adjust: -874 State: 1 EMax: 8582 Emin: 2530
DEBUG [ImageProcessing.cpp:526] @ 26.73s :Skim_Adjust 4024
DEBUG [IRImager.cpp:1175] @ 44.0928s :Automatic control of shutter flag
DEBUG [OpFlag.cpp:591] @ 44.2537s :SkimDiff: -9 Adjust: -830 State: 1 EMax: 8630 Emin: 2574
DEBUG [ImageProcessing.cpp:526] @ 44.2659s :Skim_Adjust 4023
DEBUG [IRImager.cpp:1175] @ 59.1013s :Automatic control of shutter flag
DEBUG [OpFlag.cpp:591] @ 59.2623s :SkimDiff: -8 Adjust: -784 State: 1 EMax: 8696 Emin: 2620
DEBUG [ImageProcessing.cpp:526] @ 59.2744s :Skim_Adjust 4022
DEBUG [IRImager.cpp:665] @ 61.2321s :Release imager
DEBUG [BaseControlDevice.cpp:26] @ 61.283s :Base destructor called
DEBUG [IRImager.cpp:672] @ 61.2831s :Delete image processing
DEBUG [IRImager.cpp:679] @ 61.2925s :Delete buffer
DEBUG [IRImager.cpp:687] @ 61.2927s :Delete source buffer
DEBUG [IRImager.cpp:694] @ 61.2927s :Delete buffer (energy)
DEBUG [IRImager.cpp:701] @ 61.2927s :Delete timer
DEBUG [IRImager.cpp:707] @ 61.2927s :Delete manual timer
