DEBUG [IRLogger.cpp:105] @ 0.0003622s :***************************************************
DEBUG [IRLogger.cpp:106] @ 0.0004425s :* IRImagerDirect SDK                              *
DEBUG [IRLogger.cpp:107] @ 0.0004625s :***************************************************
DEBUG [IRLogger.cpp:113] @ 0.0004759s :* Native Machine:      AMD64
DEBUG [IRLogger.cpp:114] @ 0.000488s :* Machine:             AMD64
DEBUG [IRLogger.cpp:116] @ 0.0005064s :* OS:                  Windows 10 0 26100
DEBUG [IRLogger.cpp:123] @ 0.000517s :***************************************************
DEBUG [IRDeviceParams.cpp:204] @ 0.0023759s :Parameters
DEBUG [IRDeviceParams.cpp:205] @ 0.0023943s :serial: 14110095
DEBUG [IRDeviceParams.cpp:206] @ 0.0024025s :videoformatindex: 0
DEBUG [IRDeviceParams.cpp:207] @ 0.0024103s :fov: 0
DEBUG [IRDeviceParams.cpp:208] @ 0.0024182s :optics_text: 0000000000000000
DEBUG [IRDeviceParams.cpp:209] @ 0.0024255s :formatspath: 0000021EEBFA1D90
DEBUG [IRDeviceParams.cpp:210] @ 0.0024345s :calipath: 0000021EEBF06320
DEBUG [IRDeviceParams.cpp:211] @ 0.0024429s :temperature min: 0
DEBUG [IRDeviceParams.cpp:212] @ 0.0024503s :temperature max: 0
DEBUG [IRDeviceParams.cpp:213] @ 0.0024585s :framerate: 32
DEBUG [IRDeviceParams.cpp:214] @ 0.0024663s :bispectral: 0
DEBUG [IRDeviceParams.cpp:215] @ 0.0024742s :flag automatic: 1
DEBUG [IRDeviceParams.cpp:216] @ 0.0024817s :min interval: 15
DEBUG [IRDeviceParams.cpp:217] @ 0.0024892s :max interval: 0
DEBUG [IRDeviceParams.cpp:218] @ 0.0024968s :chip heating mode: 0
DEBUG [IRDeviceParams.cpp:219] @ 0.0025061s :chip heating fixed val: 40
DEBUG [IRDeviceParams.cpp:220] @ 0.002515s :focus:  -1
DEBUG [IRDeviceParams.cpp:221] @ 0.0025241s :enable extended temp range: 0
DEBUG [IRDeviceParams.cpp:222] @ 0.0025312s :buffer queue size: 5
DEBUG [IRDeviceParams.cpp:223] @ 0.0025382s :enable high precision: 0
DEBUG [IRDeviceParams.cpp:224] @ 0.0025451s :radialDistortionCorrectionMode: 0
DEBUG [IRDeviceParams.cpp:225] @ 0.0025517s :deviceAPI: 0
DEBUG [IRDeviceParams.cpp:226] @ 0.0025584s :useExternalProbeForReferencing: 0
DEBUG [IRDeviceParams.cpp:227] @ 0.0025649s :enableMultiThreading: 0
DEBUG [IRDeviceParams.cpp:232] @ 0.0025733s :ethernetDevice.deviceIpAddress: 0.0.0.0
DEBUG [IRDeviceParams.cpp:233] @ 0.0025803s :ethernetDevice.localUdpPort: 0
DEBUG [IRDeviceParams.cpp:234] @ 0.0025872s :ethernetDevice.checkUdpSenderIp: 1
DEBUG [Cali.cpp:87] @ 0.393595s :Calibration directory path: .\Cali-14110095.xml
DEBUG [Cali.cpp:88] @ 0.393634s :Calibration file name: Cali-14110095.xml
DEBUG [Cali.cpp:98] @ 0.394069s :Calibration data A: 1450 B:400 C:4095 D:1000
INFO [IRImager.cpp:266] @ 0.395992s :Init thermal imager to 14110095 with size: 160x121@120 Hz
DEBUG [Cali.cpp:87] @ 0.396434s :Calibration directory path: .\Cali-14110095.xml
DEBUG [Cali.cpp:88] @ 0.396453s :Calibration file name: Cali-14110095.xml
DEBUG [Cali.cpp:98] @ 0.396817s :Calibration data A: 1450 B:400 C:4095 D:1000
DEBUG [Cali.cpp:87] @ 0.397831s :Calibration directory path: .\Cali-14110095.xml
DEBUG [Cali.cpp:88] @ 0.39785s :Calibration file name: Cali-14110095.xml
DEBUG [Cali.cpp:98] @ 0.398139s :Calibration data A: 1450 B:400 C:4095 D:1000
DEBUG [IRImager.cpp:300] @ 0.398217s :No temperature range configuration specified. Setting default values tMin: -20 , tMax: 100
DEBUG [IRImager.cpp:377] @ 0.398647s :Using HID control interface
DEBUG [IRImager.cpp:417] @ 0.414177s :Initialized HID control interface to device with HW:21 FW:2025
DEBUG [IRImager.cpp:438] @ 0.414242s :Frameconfig - width(in): 160, height(in): 121, interval: 83333, max framerate: 120, HW interval: 0.00833333
DEBUG [Cali.cpp:87] @ 0.414274s :Calibration directory path: .\Cali-14110095.xml
DEBUG [Cali.cpp:88] @ 0.414292s :Calibration file name: Cali-14110095.xml
DEBUG [Cali.cpp:98] @ 0.414994s :Calibration data A: 1450 B:400 C:4095 D:1000
DEBUG [ImageProcessing.cpp:200] @ 0.438785s :Source buffer size: 38720 Width: 160 Height: 121
DEBUG [ImageProcessing.cpp:121] @ 0.513377s :Source buffer size: 38720 Width: 160 Height: 121
DEBUG [OpSource.cpp:376] @ 0.514676s :Using formats path: C:\Program Files (x86)\Optris GmbH\IrDirectSDK\examples\matlab\Formats.def
DEBUG [OpSource.cpp:628] @ 0.515483s :Format found with size: 160
DEBUG [OpSource.cpp:791] @ 0.515664s :Selected Format:"PI160 160x120 @ 120Hz"
DEBUG [IRImager.cpp:844] @ 0.51642s :Caught onFrameInit with size: 160x120
DEBUG [OpSource.cpp:376] @ 0.518348s :Using formats path: C:\Program Files (x86)\Optris GmbH\IrDirectSDK\examples\matlab\Formats.def
DEBUG [OpSource.cpp:628] @ 0.518931s :Format found with size: 160
DEBUG [OpSource.cpp:376] @ 0.520181s :Using formats path: C:\Program Files (x86)\Optris GmbH\IrDirectSDK\examples\matlab\Formats.def
DEBUG [OpCorr.cpp:467] @ 0.531693s :Read cali: .\Cali-14110095.xml\Cali-14110095-48-M20-100.dat
DEBUG [OpCorr.cpp:557] @ 0.532538s :Read calibration of camera no 14110095, # of fields: 6 , start of fields: 40
DEBUG [ImageProcessing.cpp:1108] @ 0.852601s :Update flag temperature: 31.1953
DEBUG [ImageProcessing.cpp:1111] @ 0.860893s :Update box temperature: 29.4141
DEBUG [Cali.cpp:639] @ 0.860991s :Calibration file path: 0000021EEC153764/00000025C59ECC98.xml
DEBUG [SimpleXML.cpp:238] @ 0.861537s :Failed to open file .\Cali-14110095.xml\CaliExt-14110095.xml
DEBUG [IRImager.cpp:550] @ 0.876787s :Chip heating disabled
DEBUG [IRImager.cpp:1110] @ 1.03897s :Start flag calibration
DEBUG [OpFlag.cpp:591] @ 11.7117s :SkimDiff: -9 Adjust: -894 State: 1 EMax: 8557 Emin: 2510
DEBUG [ImageProcessing.cpp:526] @ 11.7243s :Skim_Adjust 4025
DEBUG [IRImager.cpp:1124] @ 11.8378s :Finished startup calibration
DEBUG [IRImager.cpp:1175] @ 26.5581s :Automatic control of shutter flag
DEBUG [OpFlag.cpp:591] @ 26.7183s :SkimDiff: -9 Adjust: -868 State: 1 EMax: 8596 Emin: 2536
DEBUG [ImageProcessing.cpp:526] @ 26.7351s :Skim_Adjust 4024
DEBUG [IRImager.cpp:1175] @ 41.5657s :Automatic control of shutter flag
DEBUG [OpFlag.cpp:591] @ 41.7271s :SkimDiff: -9 Adjust: -830 State: 1 EMax: 8649 Emin: 2574
DEBUG [ImageProcessing.cpp:526] @ 41.7396s :Skim_Adjust 4023
DEBUG [IRImager.cpp:1175] @ 69.0217s :Automatic control of shutter flag
DEBUG [OpFlag.cpp:591] @ 69.1816s :SkimDiff: -8 Adjust: -779 State: 1 EMax: 8711 Emin: 2625
DEBUG [ImageProcessing.cpp:526] @ 69.1923s :Skim_Adjust 4022
DEBUG [IRImager.cpp:1175] @ 103.39s :Automatic control of shutter flag
DEBUG [OpFlag.cpp:591] @ 103.566s :SkimDiff: -8 Adjust: -722 State: 1 EMax: 8769 Emin: 2682
DEBUG [ImageProcessing.cpp:526] @ 103.577s :Skim_Adjust 4021
DEBUG [IRImager.cpp:1175] @ 150.59s :Automatic control of shutter flag
DEBUG [OpFlag.cpp:591] @ 150.75s :SkimDiff: -7 Adjust: -660 State: 1 EMax: 8846 Emin: 2744
DEBUG [ImageProcessing.cpp:526] @ 150.763s :Skim_Adjust 4020
DEBUG [IRImager.cpp:1175] @ 187.694s :Automatic control of shutter flag
DEBUG [OpFlag.cpp:591] @ 187.854s :SkimDiff: -7 Adjust: -603 State: 1 EMax: 8913 Emin: 2801
DEBUG [ImageProcessing.cpp:526] @ 187.865s :Skim_Adjust 4019
DEBUG [IRImager.cpp:1175] @ 210.19s :Automatic control of shutter flag
DEBUG [OpFlag.cpp:591] @ 210.35s :SkimDiff: -6 Adjust: -540 State: 1 EMax: 8972 Emin: 2864
DEBUG [ImageProcessing.cpp:526] @ 210.366s :Skim_Adjust 4018
DEBUG [IRImager.cpp:665] @ 254.945s :Release imager
DEBUG [BaseControlDevice.cpp:26] @ 254.994s :Base destructor called
DEBUG [IRImager.cpp:672] @ 254.994s :Delete image processing
DEBUG [IRImager.cpp:679] @ 255.005s :Delete buffer
DEBUG [IRImager.cpp:687] @ 255.005s :Delete source buffer
DEBUG [IRImager.cpp:694] @ 255.005s :Delete buffer (energy)
DEBUG [IRImager.cpp:701] @ 255.005s :Delete timer
DEBUG [IRImager.cpp:707] @ 255.005s :Delete manual timer
