DEBUG [IRLogger.cpp:105] @ 0.0003682s :***************************************************
DEBUG [IRLogger.cpp:106] @ 0.0004542s :* IRImagerDirect SDK                              *
DEBUG [IRLogger.cpp:107] @ 0.0004769s :***************************************************
DEBUG [IRLogger.cpp:113] @ 0.0004916s :* Native Machine:      AMD64
DEBUG [IRLogger.cpp:114] @ 0.0005042s :* Machine:             AMD64
DEBUG [IRLogger.cpp:116] @ 0.0005236s :* OS:                  Windows 10 0 26100
DEBUG [IRLogger.cpp:123] @ 0.0005347s :***************************************************
DEBUG [IRDeviceParams.cpp:204] @ 0.0024308s :Parameters
DEBUG [IRDeviceParams.cpp:205] @ 0.002453s :serial: 14110095
DEBUG [IRDeviceParams.cpp:206] @ 0.0024621s :videoformatindex: 0
DEBUG [IRDeviceParams.cpp:207] @ 0.0024982s :fov: 0
DEBUG [IRDeviceParams.cpp:208] @ 0.002509s :optics_text: 0000000000000000
DEBUG [IRDeviceParams.cpp:209] @ 0.0025175s :formatspath: 000002854C0131F0
DEBUG [IRDeviceParams.cpp:210] @ 0.0025272s :calipath: 000002854BFB4D20
DEBUG [IRDeviceParams.cpp:211] @ 0.0025357s :temperature min: 0
DEBUG [IRDeviceParams.cpp:212] @ 0.0025439s :temperature max: 0
DEBUG [IRDeviceParams.cpp:213] @ 0.0025529s :framerate: 32
DEBUG [IRDeviceParams.cpp:214] @ 0.0025611s :bispectral: 0
DEBUG [IRDeviceParams.cpp:215] @ 0.0025691s :flag automatic: 1
DEBUG [IRDeviceParams.cpp:216] @ 0.0025774s :min interval: 15
DEBUG [IRDeviceParams.cpp:217] @ 0.0025861s :max interval: 0
DEBUG [IRDeviceParams.cpp:218] @ 0.0025945s :chip heating mode: 0
DEBUG [IRDeviceParams.cpp:219] @ 0.002603s :chip heating fixed val: 40
DEBUG [IRDeviceParams.cpp:220] @ 0.0026118s :focus:  -1
DEBUG [IRDeviceParams.cpp:221] @ 0.0026236s :enable extended temp range: 0
DEBUG [IRDeviceParams.cpp:222] @ 0.0026324s :buffer queue size: 5
DEBUG [IRDeviceParams.cpp:223] @ 0.0026404s :enable high precision: 0
DEBUG [IRDeviceParams.cpp:224] @ 0.0026486s :radialDistortionCorrectionMode: 0
DEBUG [IRDeviceParams.cpp:225] @ 0.0026569s :deviceAPI: 0
DEBUG [IRDeviceParams.cpp:226] @ 0.0026651s :useExternalProbeForReferencing: 0
DEBUG [IRDeviceParams.cpp:227] @ 0.0026731s :enableMultiThreading: 0
DEBUG [IRDeviceParams.cpp:232] @ 0.0026832s :ethernetDevice.deviceIpAddress: 0.0.0.0
DEBUG [IRDeviceParams.cpp:233] @ 0.0026914s :ethernetDevice.localUdpPort: 0
DEBUG [IRDeviceParams.cpp:234] @ 0.0026996s :ethernetDevice.checkUdpSenderIp: 1
DEBUG [Cali.cpp:87] @ 0.447497s :Calibration directory path: .\Cali-14110095.xml
DEBUG [Cali.cpp:88] @ 0.447542s :Calibration file name: Cali-14110095.xml
DEBUG [Cali.cpp:98] @ 0.447965s :Calibration data A: 1450 B:400 C:4095 D:1000
INFO [IRImager.cpp:266] @ 0.449441s :Init thermal imager to 14110095 with size: 160x121@120 Hz
DEBUG [Cali.cpp:87] @ 0.449817s :Calibration directory path: .\Cali-14110095.xml
DEBUG [Cali.cpp:88] @ 0.449832s :Calibration file name: Cali-14110095.xml
DEBUG [Cali.cpp:98] @ 0.450122s :Calibration data A: 1450 B:400 C:4095 D:1000
DEBUG [Cali.cpp:87] @ 0.450986s :Calibration directory path: .\Cali-14110095.xml
DEBUG [Cali.cpp:88] @ 0.451003s :Calibration file name: Cali-14110095.xml
DEBUG [Cali.cpp:98] @ 0.451258s :Calibration data A: 1450 B:400 C:4095 D:1000
DEBUG [IRImager.cpp:300] @ 0.451308s :No temperature range configuration specified. Setting default values tMin: -20 , tMax: 100
DEBUG [IRImager.cpp:377] @ 0.451662s :Using HID control interface
DEBUG [IRImager.cpp:417] @ 0.468505s :Initialized HID control interface to device with HW:21 FW:2025
DEBUG [IRImager.cpp:438] @ 0.468579s :Frameconfig - width(in): 160, height(in): 121, interval: 83333, max framerate: 120, HW interval: 0.00833333
DEBUG [Cali.cpp:87] @ 0.468615s :Calibration directory path: .\Cali-14110095.xml
DEBUG [Cali.cpp:88] @ 0.468636s :Calibration file name: Cali-14110095.xml
DEBUG [Cali.cpp:98] @ 0.469392s :Calibration data A: 1450 B:400 C:4095 D:1000
DEBUG [ImageProcessing.cpp:200] @ 0.493141s :Source buffer size: 38720 Width: 160 Height: 121
DEBUG [ImageProcessing.cpp:121] @ 0.567479s :Source buffer size: 38720 Width: 160 Height: 121
DEBUG [OpSource.cpp:376] @ 0.568784s :Using formats path: C:\Program Files (x86)\Optris GmbH\IrDirectSDK\examples\matlab\Formats.def
DEBUG [OpSource.cpp:628] @ 0.569602s :Format found with size: 160
DEBUG [OpSource.cpp:791] @ 0.56979s :Selected Format:"PI160 160x120 @ 120Hz"
DEBUG [IRImager.cpp:844] @ 0.570322s :Caught onFrameInit with size: 160x120
DEBUG [OpSource.cpp:376] @ 0.57215s :Using formats path: C:\Program Files (x86)\Optris GmbH\IrDirectSDK\examples\matlab\Formats.def
DEBUG [OpSource.cpp:628] @ 0.572711s :Format found with size: 160
DEBUG [OpSource.cpp:376] @ 0.573473s :Using formats path: C:\Program Files (x86)\Optris GmbH\IrDirectSDK\examples\matlab\Formats.def
DEBUG [OpCorr.cpp:467] @ 0.586363s :Read cali: .\Cali-14110095.xml\Cali-14110095-48-M20-100.dat
DEBUG [OpCorr.cpp:557] @ 0.587361s :Read calibration of camera no 14110095, # of fields: 6 , start of fields: 40
DEBUG [ImageProcessing.cpp:1108] @ 0.890299s :Update flag temperature: 30.9766
DEBUG [ImageProcessing.cpp:1111] @ 0.898566s :Update box temperature: 29.3047
DEBUG [Cali.cpp:639] @ 0.89866s :Calibration file path: 000002854C4FD1C4/0000009036BEC9B8.xml
DEBUG [SimpleXML.cpp:238] @ 0.899212s :Failed to open file .\Cali-14110095.xml\CaliExt-14110095.xml
DEBUG [IRImager.cpp:550] @ 0.918368s :Chip heating disabled
DEBUG [IRImager.cpp:1110] @ 1.05235s :Start flag calibration
DEBUG [OpFlag.cpp:591] @ 11.7247s :SkimDiff: -11 Adjust: -1002 State: 1 EMax: 8481 Emin: 2402
DEBUG [ImageProcessing.cpp:526] @ 11.737s :Skim_Adjust 4015
DEBUG [IRImager.cpp:1124] @ 11.8545s :Finished startup calibration
DEBUG [IRImager.cpp:665] @ 21.281s :Release imager
DEBUG [BaseControlDevice.cpp:26] @ 21.3265s :Base destructor called
DEBUG [IRImager.cpp:672] @ 21.3267s :Delete image processing
DEBUG [IRImager.cpp:679] @ 21.3372s :Delete buffer
DEBUG [IRImager.cpp:687] @ 21.3373s :Delete source buffer
DEBUG [IRImager.cpp:694] @ 21.3373s :Delete buffer (energy)
DEBUG [IRImager.cpp:701] @ 21.3373s :Delete timer
DEBUG [IRImager.cpp:707] @ 21.3373s :Delete manual timer
