DEBUG [IRLogger.cpp:105] @ 0.0003869s :***************************************************
DEBUG [IRLogger.cpp:106] @ 0.00047s :* IRImagerDirect SDK                              *
DEBUG [IRLogger.cpp:107] @ 0.0004924s :***************************************************
DEBUG [IRLogger.cpp:113] @ 0.0005077s :* Native Machine:      AMD64
DEBUG [IRLogger.cpp:114] @ 0.0005203s :* Machine:             AMD64
DEBUG [IRLogger.cpp:116] @ 0.000543s :* OS:                  Windows 10 0 26100
DEBUG [IRLogger.cpp:123] @ 0.0005534s :***************************************************
DEBUG [IRDeviceParams.cpp:204] @ 0.0023538s :Parameters
DEBUG [IRDeviceParams.cpp:205] @ 0.0023717s :serial: 14110095
DEBUG [IRDeviceParams.cpp:206] @ 0.00238s :videoformatindex: 0
DEBUG [IRDeviceParams.cpp:207] @ 0.0023868s :fov: 0
DEBUG [IRDeviceParams.cpp:208] @ 0.0023942s :optics_text: 0000000000000000
DEBUG [IRDeviceParams.cpp:209] @ 0.0024017s :formatspath: 0000011325FC8AB0
DEBUG [IRDeviceParams.cpp:210] @ 0.0024097s :calipath: 000001132508AD10
DEBUG [IRDeviceParams.cpp:211] @ 0.0024162s :temperature min: 0
DEBUG [IRDeviceParams.cpp:212] @ 0.0024228s :temperature max: 0
DEBUG [IRDeviceParams.cpp:213] @ 0.0024302s :framerate: 32
DEBUG [IRDeviceParams.cpp:214] @ 0.0024367s :bispectral: 0
DEBUG [IRDeviceParams.cpp:215] @ 0.0024431s :flag automatic: 1
DEBUG [IRDeviceParams.cpp:216] @ 0.00245s :min interval: 15
DEBUG [IRDeviceParams.cpp:217] @ 0.0024572s :max interval: 0
DEBUG [IRDeviceParams.cpp:218] @ 0.0024639s :chip heating mode: 0
DEBUG [IRDeviceParams.cpp:219] @ 0.0024708s :chip heating fixed val: 40
DEBUG [IRDeviceParams.cpp:220] @ 0.0024781s :focus:  -1
DEBUG [IRDeviceParams.cpp:221] @ 0.0024872s :enable extended temp range: 0
DEBUG [IRDeviceParams.cpp:222] @ 0.0024946s :buffer queue size: 5
DEBUG [IRDeviceParams.cpp:223] @ 0.0025019s :enable high precision: 0
DEBUG [IRDeviceParams.cpp:224] @ 0.0025088s :radialDistortionCorrectionMode: 0
DEBUG [IRDeviceParams.cpp:225] @ 0.0025157s :deviceAPI: 0
DEBUG [IRDeviceParams.cpp:226] @ 0.0025503s :useExternalProbeForReferencing: 0
DEBUG [IRDeviceParams.cpp:227] @ 0.0025629s :enableMultiThreading: 0
DEBUG [IRDeviceParams.cpp:232] @ 0.0025758s :ethernetDevice.deviceIpAddress: 0.0.0.0
DEBUG [IRDeviceParams.cpp:233] @ 0.0026126s :ethernetDevice.localUdpPort: 0
DEBUG [IRDeviceParams.cpp:234] @ 0.0026217s :ethernetDevice.checkUdpSenderIp: 1
DEBUG [Cali.cpp:87] @ 0.327574s :Calibration directory path: .\Cali-14110095.xml
DEBUG [Cali.cpp:88] @ 0.327601s :Calibration file name: Cali-14110095.xml
DEBUG [Cali.cpp:98] @ 0.327854s :Calibration data A: 1450 B:400 C:4095 D:1000
INFO [IRImager.cpp:266] @ 0.328807s :Init thermal imager to 14110095 with size: 160x121@120 Hz
DEBUG [Cali.cpp:87] @ 0.329209s :Calibration directory path: .\Cali-14110095.xml
DEBUG [Cali.cpp:88] @ 0.329229s :Calibration file name: Cali-14110095.xml
DEBUG [Cali.cpp:98] @ 0.329477s :Calibration data A: 1450 B:400 C:4095 D:1000
DEBUG [Cali.cpp:87] @ 0.330202s :Calibration directory path: .\Cali-14110095.xml
DEBUG [Cali.cpp:88] @ 0.330216s :Calibration file name: Cali-14110095.xml
DEBUG [Cali.cpp:98] @ 0.330416s :Calibration data A: 1450 B:400 C:4095 D:1000
DEBUG [IRImager.cpp:300] @ 0.33046s :No temperature range configuration specified. Setting default values tMin: -20 , tMax: 100
DEBUG [IRImager.cpp:377] @ 0.330756s :Using HID control interface
DEBUG [IRImager.cpp:417] @ 0.346675s :Initialized HID control interface to device with HW:21 FW:2025
DEBUG [IRImager.cpp:438] @ 0.346706s :Frameconfig - width(in): 160, height(in): 121, interval: 83333, max framerate: 120, HW interval: 0.00833333
DEBUG [Cali.cpp:87] @ 0.346719s :Calibration directory path: .\Cali-14110095.xml
DEBUG [Cali.cpp:88] @ 0.346726s :Calibration file name: Cali-14110095.xml
DEBUG [Cali.cpp:98] @ 0.347031s :Calibration data A: 1450 B:400 C:4095 D:1000
DEBUG [ImageProcessing.cpp:200] @ 0.362985s :Source buffer size: 38720 Width: 160 Height: 121
DEBUG [ImageProcessing.cpp:121] @ 0.412644s :Source buffer size: 38720 Width: 160 Height: 121
DEBUG [OpSource.cpp:376] @ 0.412876s :Using formats path: C:\Program Files (x86)\Optris GmbH\IrDirectSDK\examples\matlab\Formats.def
DEBUG [OpSource.cpp:628] @ 0.412986s :Format found with size: 160
DEBUG [OpSource.cpp:791] @ 0.41301s :Selected Format:"PI160 160x120 @ 120Hz"
DEBUG [IRImager.cpp:844] @ 0.413082s :Caught onFrameInit with size: 160x120
DEBUG [OpSource.cpp:376] @ 0.413307s :Using formats path: C:\Program Files (x86)\Optris GmbH\IrDirectSDK\examples\matlab\Formats.def
DEBUG [OpSource.cpp:628] @ 0.413384s :Format found with size: 160
DEBUG [OpSource.cpp:376] @ 0.41346s :Using formats path: C:\Program Files (x86)\Optris GmbH\IrDirectSDK\examples\matlab\Formats.def
DEBUG [OpCorr.cpp:467] @ 0.429399s :Read cali: .\Cali-14110095.xml\Cali-14110095-48-M20-100.dat
DEBUG [OpCorr.cpp:557] @ 0.429483s :Read calibration of camera no 14110095, # of fields: 6 , start of fields: 40
DEBUG [ImageProcessing.cpp:1108] @ 0.718849s :Update flag temperature: 30.7578
DEBUG [ImageProcessing.cpp:1111] @ 0.727123s :Update box temperature: 29.0156
DEBUG [Cali.cpp:639] @ 0.727179s :Calibration file path: 0000011326422394/0000000AC73ECD98.xml
DEBUG [SimpleXML.cpp:238] @ 0.72746s :Failed to open file .\Cali-14110095.xml\CaliExt-14110095.xml
DEBUG [IRImager.cpp:550] @ 0.752039s :Chip heating disabled
DEBUG [IRImager.cpp:1110] @ 0.828681s :Start flag calibration
DEBUG [OpFlag.cpp:591] @ 11.5s :SkimDiff: -10 Adjust: -923 State: 1 EMax: 8491 Emin: 2481
DEBUG [ImageProcessing.cpp:526] @ 11.511s :Skim_Adjust 4016
DEBUG [IRImager.cpp:1124] @ 11.6283s :Finished startup calibration
DEBUG [IRImager.cpp:665] @ 24.643s :Release imager
DEBUG [BaseControlDevice.cpp:26] @ 24.6922s :Base destructor called
DEBUG [IRImager.cpp:672] @ 24.6923s :Delete image processing
DEBUG [IRImager.cpp:679] @ 24.701s :Delete buffer
DEBUG [IRImager.cpp:687] @ 24.701s :Delete source buffer
DEBUG [IRImager.cpp:694] @ 24.701s :Delete buffer (energy)
DEBUG [IRImager.cpp:701] @ 24.701s :Delete timer
DEBUG [IRImager.cpp:707] @ 24.7011s :Delete manual timer
