DEBUG [IRLogger.cpp:105] @ 0.0004419s :***************************************************
DEBUG [IRLogger.cpp:106] @ 0.0005273s :* IRImagerDirect SDK                              *
DEBUG [IRLogger.cpp:107] @ 0.0005525s :***************************************************
DEBUG [IRLogger.cpp:113] @ 0.0005695s :* Native Machine:      AMD64
DEBUG [IRLogger.cpp:114] @ 0.0005833s :* Machine:             AMD64
DEBUG [IRLogger.cpp:116] @ 0.0006056s :* OS:                  Windows 10 0 26100
DEBUG [IRLogger.cpp:123] @ 0.000619s :***************************************************
DEBUG [IRDeviceParams.cpp:204] @ 0.0028268s :Parameters
DEBUG [IRDeviceParams.cpp:205] @ 0.0028484s :serial: 14110095
DEBUG [IRDeviceParams.cpp:206] @ 0.0028577s :videoformatindex: 0
DEBUG [IRDeviceParams.cpp:207] @ 0.002866s :fov: 0
DEBUG [IRDeviceParams.cpp:208] @ 0.0028749s :optics_text: 0000000000000000
DEBUG [IRDeviceParams.cpp:209] @ 0.0028834s :formatspath: 00000279C22242D0
DEBUG [IRDeviceParams.cpp:210] @ 0.0028927s :calipath: 00000279C13752F0
DEBUG [IRDeviceParams.cpp:211] @ 0.0029014s :temperature min: 0
DEBUG [IRDeviceParams.cpp:212] @ 0.0029097s :temperature max: 0
DEBUG [IRDeviceParams.cpp:213] @ 0.0029189s :framerate: 32
DEBUG [IRDeviceParams.cpp:214] @ 0.0029274s :bispectral: 0
DEBUG [IRDeviceParams.cpp:215] @ 0.0029354s :flag automatic: 1
DEBUG [IRDeviceParams.cpp:216] @ 0.0029436s :min interval: 15
DEBUG [IRDeviceParams.cpp:217] @ 0.0029521s :max interval: 0
DEBUG [IRDeviceParams.cpp:218] @ 0.0029602s :chip heating mode: 0
DEBUG [IRDeviceParams.cpp:219] @ 0.0029686s :chip heating fixed val: 40
DEBUG [IRDeviceParams.cpp:220] @ 0.0029772s :focus:  -1
DEBUG [IRDeviceParams.cpp:221] @ 0.0029881s :enable extended temp range: 0
DEBUG [IRDeviceParams.cpp:222] @ 0.0029966s :buffer queue size: 5
DEBUG [IRDeviceParams.cpp:223] @ 0.0030046s :enable high precision: 0
DEBUG [IRDeviceParams.cpp:224] @ 0.0030127s :radialDistortionCorrectionMode: 0
DEBUG [IRDeviceParams.cpp:225] @ 0.0030207s :deviceAPI: 0
DEBUG [IRDeviceParams.cpp:226] @ 0.0030287s :useExternalProbeForReferencing: 0
DEBUG [IRDeviceParams.cpp:227] @ 0.0030365s :enableMultiThreading: 0
DEBUG [IRDeviceParams.cpp:232] @ 0.0030468s :ethernetDevice.deviceIpAddress: 0.0.0.0
DEBUG [IRDeviceParams.cpp:233] @ 0.0030546s :ethernetDevice.localUdpPort: 0
DEBUG [IRDeviceParams.cpp:234] @ 0.0030625s :ethernetDevice.checkUdpSenderIp: 1
DEBUG [Cali.cpp:87] @ 0.33001s :Calibration directory path: .\Cali-14110095.xml
DEBUG [Cali.cpp:88] @ 0.330038s :Calibration file name: Cali-14110095.xml
DEBUG [Cali.cpp:98] @ 0.330304s :Calibration data A: 1450 B:400 C:4095 D:1000
INFO [IRImager.cpp:266] @ 0.331343s :Init thermal imager to 14110095 with size: 160x121@120 Hz
DEBUG [Cali.cpp:87] @ 0.33162s :Calibration directory path: .\Cali-14110095.xml
DEBUG [Cali.cpp:88] @ 0.331631s :Calibration file name: Cali-14110095.xml
DEBUG [Cali.cpp:98] @ 0.331836s :Calibration data A: 1450 B:400 C:4095 D:1000
DEBUG [Cali.cpp:87] @ 0.33247s :Calibration directory path: .\Cali-14110095.xml
DEBUG [Cali.cpp:88] @ 0.332483s :Calibration file name: Cali-14110095.xml
DEBUG [Cali.cpp:98] @ 0.332692s :Calibration data A: 1450 B:400 C:4095 D:1000
DEBUG [IRImager.cpp:300] @ 0.332734s :No temperature range configuration specified. Setting default values tMin: -20 , tMax: 100
DEBUG [IRImager.cpp:377] @ 0.333042s :Using HID control interface
DEBUG [IRImager.cpp:417] @ 0.357927s :Initialized HID control interface to device with HW:21 FW:2025
DEBUG [IRImager.cpp:438] @ 0.357991s :Frameconfig - width(in): 160, height(in): 121, interval: 83333, max framerate: 120, HW interval: 0.00833333
DEBUG [Cali.cpp:87] @ 0.358021s :Calibration directory path: .\Cali-14110095.xml
DEBUG [Cali.cpp:88] @ 0.358039s :Calibration file name: Cali-14110095.xml
DEBUG [Cali.cpp:98] @ 0.3587s :Calibration data A: 1450 B:400 C:4095 D:1000
DEBUG [ImageProcessing.cpp:200] @ 0.375098s :Source buffer size: 38720 Width: 160 Height: 121
DEBUG [ImageProcessing.cpp:121] @ 0.440708s :Source buffer size: 38720 Width: 160 Height: 121
DEBUG [OpSource.cpp:376] @ 0.442075s :Using formats path: C:\Program Files (x86)\Optris GmbH\IrDirectSDK\examples\matlab\Formats.def
DEBUG [OpSource.cpp:628] @ 0.443278s :Format found with size: 160
DEBUG [OpSource.cpp:791] @ 0.443465s :Selected Format:"PI160 160x120 @ 120Hz"
DEBUG [IRImager.cpp:844] @ 0.444052s :Caught onFrameInit with size: 160x120
DEBUG [OpSource.cpp:376] @ 0.445656s :Using formats path: C:\Program Files (x86)\Optris GmbH\IrDirectSDK\examples\matlab\Formats.def
DEBUG [OpSource.cpp:628] @ 0.446108s :Format found with size: 160
DEBUG [OpSource.cpp:376] @ 0.446738s :Using formats path: C:\Program Files (x86)\Optris GmbH\IrDirectSDK\examples\matlab\Formats.def
DEBUG [OpCorr.cpp:467] @ 0.460268s :Read cali: .\Cali-14110095.xml\Cali-14110095-48-M20-100.dat
DEBUG [OpCorr.cpp:557] @ 0.460904s :Read calibration of camera no 14110095, # of fields: 6 , start of fields: 40
DEBUG [ImageProcessing.cpp:1108] @ 0.75471s :Update flag temperature: 31.0156
DEBUG [ImageProcessing.cpp:1111] @ 0.763093s :Update box temperature: 29.2969
DEBUG [Cali.cpp:639] @ 0.763177s :Calibration file path: 00000279C24693F4/0000008CC77ECF38.xml
DEBUG [SimpleXML.cpp:238] @ 0.763553s :Failed to open file .\Cali-14110095.xml\CaliExt-14110095.xml
DEBUG [IRImager.cpp:550] @ 0.774393s :Chip heating disabled
DEBUG [IRImager.cpp:1110] @ 0.88574s :Start flag calibration
DEBUG [OpFlag.cpp:591] @ 11.5593s :SkimDiff: -11 Adjust: -1035 State: 1 EMax: 8472 Emin: 2369
DEBUG [ImageProcessing.cpp:526] @ 11.5719s :Skim_Adjust 4015
DEBUG [IRImager.cpp:1124] @ 11.6852s :Finished startup calibration
DEBUG [IRImager.cpp:665] @ 28.1678s :Release imager
DEBUG [BaseControlDevice.cpp:26] @ 28.231s :Base destructor called
DEBUG [IRImager.cpp:672] @ 28.2311s :Delete image processing
DEBUG [IRImager.cpp:679] @ 28.2391s :Delete buffer
DEBUG [IRImager.cpp:687] @ 28.2392s :Delete source buffer
DEBUG [IRImager.cpp:694] @ 28.2392s :Delete buffer (energy)
DEBUG [IRImager.cpp:701] @ 28.2392s :Delete timer
DEBUG [IRImager.cpp:707] @ 28.2392s :Delete manual timer
