DEBUG [IRLogger.cpp:105] @ 0.0004363s :***************************************************
DEBUG [IRLogger.cpp:106] @ 0.0005485s :* IRImagerDirect SDK                              *
DEBUG [IRLogger.cpp:107] @ 0.0005799s :***************************************************
DEBUG [IRLogger.cpp:113] @ 0.0007233s :* Native Machine:      AMD64
DEBUG [IRLogger.cpp:114] @ 0.0007507s :* Machine:             AMD64
DEBUG [IRLogger.cpp:116] @ 0.0007802s :* OS:                  Windows 10 0 26100
DEBUG [IRLogger.cpp:123] @ 0.0008232s :***************************************************
DEBUG [IRDeviceParams.cpp:204] @ 0.0027303s :Parameters
DEBUG [IRDeviceParams.cpp:205] @ 0.002755s :serial: 14110095
DEBUG [IRDeviceParams.cpp:206] @ 0.0027665s :videoformatindex: 0
DEBUG [IRDeviceParams.cpp:207] @ 0.0027769s :fov: 0
DEBUG [IRDeviceParams.cpp:208] @ 0.0027882s :optics_text: 0000000000000000
DEBUG [IRDeviceParams.cpp:209] @ 0.0027985s :formatspath: 0000021164E80BD0
DEBUG [IRDeviceParams.cpp:210] @ 0.0028098s :calipath: 0000021163FD5DC0
DEBUG [IRDeviceParams.cpp:211] @ 0.0028194s :temperature min: 0
DEBUG [IRDeviceParams.cpp:212] @ 0.0028292s :temperature max: 0
DEBUG [IRDeviceParams.cpp:213] @ 0.0028401s :framerate: 32
DEBUG [IRDeviceParams.cpp:214] @ 0.0028499s :bispectral: 0
DEBUG [IRDeviceParams.cpp:215] @ 0.0028594s :flag automatic: 1
DEBUG [IRDeviceParams.cpp:216] @ 0.0028698s :min interval: 15
DEBUG [IRDeviceParams.cpp:217] @ 0.0028803s :max interval: 0
DEBUG [IRDeviceParams.cpp:218] @ 0.0028914s :chip heating mode: 0
DEBUG [IRDeviceParams.cpp:219] @ 0.0029015s :chip heating fixed val: 40
DEBUG [IRDeviceParams.cpp:220] @ 0.0029121s :focus:  -1
DEBUG [IRDeviceParams.cpp:221] @ 0.0029256s :enable extended temp range: 0
DEBUG [IRDeviceParams.cpp:222] @ 0.0029361s :buffer queue size: 5
DEBUG [IRDeviceParams.cpp:223] @ 0.0029457s :enable high precision: 0
DEBUG [IRDeviceParams.cpp:224] @ 0.0029561s :radialDistortionCorrectionMode: 0
DEBUG [IRDeviceParams.cpp:225] @ 0.0029665s :deviceAPI: 0
DEBUG [IRDeviceParams.cpp:226] @ 0.0029763s :useExternalProbeForReferencing: 0
DEBUG [IRDeviceParams.cpp:227] @ 0.0029864s :enableMultiThreading: 0
DEBUG [IRDeviceParams.cpp:232] @ 0.0029984s :ethernetDevice.deviceIpAddress: 0.0.0.0
DEBUG [IRDeviceParams.cpp:233] @ 0.0030101s :ethernetDevice.localUdpPort: 0
DEBUG [IRDeviceParams.cpp:234] @ 0.0030197s :ethernetDevice.checkUdpSenderIp: 1
DEBUG [Cali.cpp:87] @ 0.355284s :Calibration directory path: .\Cali-14110095.xml
DEBUG [Cali.cpp:88] @ 0.355312s :Calibration file name: Cali-14110095.xml
DEBUG [Cali.cpp:98] @ 0.355618s :Calibration data A: 1450 B:400 C:4095 D:1000
INFO [IRImager.cpp:266] @ 0.357121s :Init thermal imager to 14110095 with size: 160x121@120 Hz
DEBUG [Cali.cpp:87] @ 0.357518s :Calibration directory path: .\Cali-14110095.xml
DEBUG [Cali.cpp:88] @ 0.357535s :Calibration file name: Cali-14110095.xml
DEBUG [Cali.cpp:98] @ 0.357856s :Calibration data A: 1450 B:400 C:4095 D:1000
DEBUG [Cali.cpp:87] @ 0.358581s :Calibration directory path: .\Cali-14110095.xml
DEBUG [Cali.cpp:88] @ 0.358597s :Calibration file name: Cali-14110095.xml
DEBUG [Cali.cpp:98] @ 0.358808s :Calibration data A: 1450 B:400 C:4095 D:1000
DEBUG [IRImager.cpp:300] @ 0.358856s :No temperature range configuration specified. Setting default values tMin: -20 , tMax: 100
DEBUG [IRImager.cpp:377] @ 0.359176s :Using HID control interface
DEBUG [IRImager.cpp:417] @ 0.38024s :Initialized HID control interface to device with HW:21 FW:2025
DEBUG [IRImager.cpp:438] @ 0.380315s :Frameconfig - width(in): 160, height(in): 121, interval: 83333, max framerate: 120, HW interval: 0.00833333
DEBUG [Cali.cpp:87] @ 0.380349s :Calibration directory path: .\Cali-14110095.xml
DEBUG [Cali.cpp:88] @ 0.380369s :Calibration file name: Cali-14110095.xml
DEBUG [Cali.cpp:98] @ 0.381095s :Calibration data A: 1450 B:400 C:4095 D:1000
DEBUG [ImageProcessing.cpp:200] @ 0.404802s :Source buffer size: 38720 Width: 160 Height: 121
DEBUG [ImageProcessing.cpp:121] @ 0.471227s :Source buffer size: 38720 Width: 160 Height: 121
DEBUG [OpSource.cpp:376] @ 0.472955s :Using formats path: C:\Program Files (x86)\Optris GmbH\IrDirectSDK\examples\matlab\Formats.def
DEBUG [OpSource.cpp:628] @ 0.473839s :Format found with size: 160
DEBUG [OpSource.cpp:791] @ 0.474037s :Selected Format:"PI160 160x120 @ 120Hz"
DEBUG [IRImager.cpp:844] @ 0.474692s :Caught onFrameInit with size: 160x120
DEBUG [OpSource.cpp:376] @ 0.476476s :Using formats path: C:\Program Files (x86)\Optris GmbH\IrDirectSDK\examples\matlab\Formats.def
DEBUG [OpSource.cpp:628] @ 0.477015s :Format found with size: 160
DEBUG [OpSource.cpp:376] @ 0.477757s :Using formats path: C:\Program Files (x86)\Optris GmbH\IrDirectSDK\examples\matlab\Formats.def
DEBUG [OpCorr.cpp:467] @ 0.488889s :Read cali: .\Cali-14110095.xml\Cali-14110095-48-M20-100.dat
DEBUG [OpCorr.cpp:557] @ 0.489637s :Read calibration of camera no 14110095, # of fields: 6 , start of fields: 40
DEBUG [ImageProcessing.cpp:1108] @ 0.777021s :Update flag temperature: 31.0859
DEBUG [ImageProcessing.cpp:1111] @ 0.785484s :Update box temperature: 29.3438
DEBUG [Cali.cpp:639] @ 0.785538s :Calibration file path: 000002116506AE34/0000005A891EC968.xml
DEBUG [SimpleXML.cpp:238] @ 0.785826s :Failed to open file .\Cali-14110095.xml\CaliExt-14110095.xml
DEBUG [IRImager.cpp:550] @ 0.817005s :Chip heating disabled
DEBUG [IRImager.cpp:1110] @ 0.901004s :Start flag calibration
