DEBUG [IRLogger.cpp:105] @ 0.0003356s :***************************************************
DEBUG [IRLogger.cpp:106] @ 0.0004159s :* IRImagerDirect SDK                              *
DEBUG [IRLogger.cpp:107] @ 0.0004363s :***************************************************
DEBUG [IRLogger.cpp:113] @ 0.0004503s :* Native Machine:      AMD64
DEBUG [IRLogger.cpp:114] @ 0.0004621s :* Machine:             AMD64
DEBUG [IRLogger.cpp:116] @ 0.0004826s :* OS:                  Windows 10 0 26100
DEBUG [IRLogger.cpp:123] @ 0.0004932s :***************************************************
DEBUG [IRDeviceParams.cpp:204] @ 0.0023295s :Parameters
DEBUG [IRDeviceParams.cpp:205] @ 0.0026911s :serial: 14110095
DEBUG [IRDeviceParams.cpp:206] @ 0.0027029s :videoformatindex: 0
DEBUG [IRDeviceParams.cpp:207] @ 0.0027104s :fov: 0
DEBUG [IRDeviceParams.cpp:208] @ 0.0027178s :optics_text: 0000000000000000
DEBUG [IRDeviceParams.cpp:209] @ 0.0027249s :formatspath: 000001A2DE9DEB90
DEBUG [IRDeviceParams.cpp:210] @ 0.0027329s :calipath: 000001A2DE976870
DEBUG [IRDeviceParams.cpp:211] @ 0.0027396s :temperature min: 0
DEBUG [IRDeviceParams.cpp:212] @ 0.0027463s :temperature max: 0
DEBUG [IRDeviceParams.cpp:213] @ 0.0027538s :framerate: 32
DEBUG [IRDeviceParams.cpp:214] @ 0.0027603s :bispectral: 0
DEBUG [IRDeviceParams.cpp:215] @ 0.0027668s :flag automatic: 1
DEBUG [IRDeviceParams.cpp:216] @ 0.0027737s :min interval: 15
DEBUG [IRDeviceParams.cpp:217] @ 0.0027813s :max interval: 0
DEBUG [IRDeviceParams.cpp:218] @ 0.0027881s :chip heating mode: 0
DEBUG [IRDeviceParams.cpp:219] @ 0.0027952s :chip heating fixed val: 40
DEBUG [IRDeviceParams.cpp:220] @ 0.0028024s :focus:  -1
DEBUG [IRDeviceParams.cpp:221] @ 0.002812s :enable extended temp range: 0
DEBUG [IRDeviceParams.cpp:222] @ 0.0028191s :buffer queue size: 5
DEBUG [IRDeviceParams.cpp:223] @ 0.0028259s :enable high precision: 0
DEBUG [IRDeviceParams.cpp:224] @ 0.0028328s :radialDistortionCorrectionMode: 0
DEBUG [IRDeviceParams.cpp:225] @ 0.0028395s :deviceAPI: 0
DEBUG [IRDeviceParams.cpp:226] @ 0.0028462s :useExternalProbeForReferencing: 0
DEBUG [IRDeviceParams.cpp:227] @ 0.0028532s :enableMultiThreading: 0
DEBUG [IRDeviceParams.cpp:232] @ 0.0028617s :ethernetDevice.deviceIpAddress: 0.0.0.0
DEBUG [IRDeviceParams.cpp:233] @ 0.0028685s :ethernetDevice.localUdpPort: 0
DEBUG [IRDeviceParams.cpp:234] @ 0.0028753s :ethernetDevice.checkUdpSenderIp: 1
DEBUG [Cali.cpp:87] @ 0.382975s :Calibration directory path: .\Cali-14110095.xml
DEBUG [Cali.cpp:88] @ 0.383013s :Calibration file name: Cali-14110095.xml
DEBUG [Cali.cpp:98] @ 0.383406s :Calibration data A: 1450 B:400 C:4095 D:1000
INFO [IRImager.cpp:266] @ 0.384877s :Init thermal imager to 14110095 with size: 160x121@120 Hz
DEBUG [Cali.cpp:87] @ 0.38526s :Calibration directory path: .\Cali-14110095.xml
DEBUG [Cali.cpp:88] @ 0.385275s :Calibration file name: Cali-14110095.xml
DEBUG [Cali.cpp:98] @ 0.385563s :Calibration data A: 1450 B:400 C:4095 D:1000
DEBUG [Cali.cpp:87] @ 0.386445s :Calibration directory path: .\Cali-14110095.xml
DEBUG [Cali.cpp:88] @ 0.386462s :Calibration file name: Cali-14110095.xml
DEBUG [Cali.cpp:98] @ 0.386722s :Calibration data A: 1450 B:400 C:4095 D:1000
DEBUG [IRImager.cpp:300] @ 0.386777s :No temperature range configuration specified. Setting default values tMin: -20 , tMax: 100
DEBUG [IRImager.cpp:377] @ 0.387145s :Using HID control interface
DEBUG [IRImager.cpp:417] @ 0.407664s :Initialized HID control interface to device with HW:21 FW:2025
DEBUG [IRImager.cpp:438] @ 0.407753s :Frameconfig - width(in): 160, height(in): 121, interval: 83333, max framerate: 120, HW interval: 0.00833333
DEBUG [Cali.cpp:87] @ 0.407795s :Calibration directory path: .\Cali-14110095.xml
DEBUG [Cali.cpp:88] @ 0.40782s :Calibration file name: Cali-14110095.xml
DEBUG [Cali.cpp:98] @ 0.408739s :Calibration data A: 1450 B:400 C:4095 D:1000
DEBUG [ImageProcessing.cpp:200] @ 0.42404s :Source buffer size: 38720 Width: 160 Height: 121
DEBUG [ImageProcessing.cpp:121] @ 0.490348s :Source buffer size: 38720 Width: 160 Height: 121
DEBUG [OpSource.cpp:376] @ 0.49163s :Using formats path: C:\Program Files (x86)\Optris GmbH\IrDirectSDK\examples\matlab\Formats.def
DEBUG [OpSource.cpp:628] @ 0.492423s :Format found with size: 160
DEBUG [OpSource.cpp:791] @ 0.492603s :Selected Format:"PI160 160x120 @ 120Hz"
DEBUG [IRImager.cpp:844] @ 0.493161s :Caught onFrameInit with size: 160x120
DEBUG [OpSource.cpp:376] @ 0.494942s :Using formats path: C:\Program Files (x86)\Optris GmbH\IrDirectSDK\examples\matlab\Formats.def
DEBUG [OpSource.cpp:628] @ 0.495478s :Format found with size: 160
DEBUG [OpSource.cpp:376] @ 0.496219s :Using formats path: C:\Program Files (x86)\Optris GmbH\IrDirectSDK\examples\matlab\Formats.def
DEBUG [OpCorr.cpp:467] @ 0.508512s :Read cali: .\Cali-14110095.xml\Cali-14110095-48-M20-100.dat
DEBUG [OpCorr.cpp:557] @ 0.509191s :Read calibration of camera no 14110095, # of fields: 6 , start of fields: 40
DEBUG [ImageProcessing.cpp:1108] @ 0.829481s :Update flag temperature: 31.1797
DEBUG [ImageProcessing.cpp:1111] @ 0.837695s :Update box temperature: 29.3672
DEBUG [Cali.cpp:639] @ 0.83777s :Calibration file path: 000001A2DEA66DC4/0000008F67FECBC8.xml
DEBUG [SimpleXML.cpp:238] @ 0.83819s :Failed to open file .\Cali-14110095.xml\CaliExt-14110095.xml
DEBUG [IRImager.cpp:550] @ 0.859977s :Chip heating disabled
DEBUG [IRImager.cpp:1110] @ 0.954475s :Start flag calibration
DEBUG [IRImager.cpp:665] @ 8.44769s :Release imager
DEBUG [BaseControlDevice.cpp:26] @ 8.50816s :Base destructor called
DEBUG [IRImager.cpp:672] @ 8.5082s :Delete image processing
DEBUG [IRImager.cpp:679] @ 8.51574s :Delete buffer
DEBUG [IRImager.cpp:687] @ 8.51578s :Delete source buffer
DEBUG [IRImager.cpp:694] @ 8.51579s :Delete buffer (energy)
DEBUG [IRImager.cpp:701] @ 8.5158s :Delete timer
DEBUG [IRImager.cpp:707] @ 8.51581s :Delete manual timer
