DEBUG [IRLogger.cpp:105] @ 0.000389s :***************************************************
DEBUG [IRLogger.cpp:106] @ 0.0004877s :* IRImagerDirect SDK                              *
DEBUG [IRLogger.cpp:107] @ 0.0005083s :***************************************************
DEBUG [IRLogger.cpp:113] @ 0.0005227s :* Native Machine:      AMD64
DEBUG [IRLogger.cpp:114] @ 0.0005349s :* Machine:             AMD64
DEBUG [IRLogger.cpp:116] @ 0.0005533s :* OS:                  Windows 10 0 26100
DEBUG [IRLogger.cpp:123] @ 0.0005646s :***************************************************
DEBUG [IRDeviceParams.cpp:204] @ 0.0024345s :Parameters
DEBUG [IRDeviceParams.cpp:205] @ 0.0024528s :serial: 14110095
DEBUG [IRDeviceParams.cpp:206] @ 0.002461s :videoformatindex: 0
DEBUG [IRDeviceParams.cpp:207] @ 0.0024679s :fov: 0
DEBUG [IRDeviceParams.cpp:208] @ 0.0024755s :optics_text: 0000000000000000
DEBUG [IRDeviceParams.cpp:209] @ 0.0024832s :formatspath: 000001D43FCD4BE0
DEBUG [IRDeviceParams.cpp:210] @ 0.0024914s :calipath: 000001D441B25EE0
DEBUG [IRDeviceParams.cpp:211] @ 0.0024978s :temperature min: 0
DEBUG [IRDeviceParams.cpp:212] @ 0.0025042s :temperature max: 0
DEBUG [IRDeviceParams.cpp:213] @ 0.0025117s :framerate: 32
DEBUG [IRDeviceParams.cpp:214] @ 0.0025181s :bispectral: 0
DEBUG [IRDeviceParams.cpp:215] @ 0.0025244s :flag automatic: 1
DEBUG [IRDeviceParams.cpp:216] @ 0.0025311s :min interval: 15
DEBUG [IRDeviceParams.cpp:217] @ 0.002538s :max interval: 0
DEBUG [IRDeviceParams.cpp:218] @ 0.0025446s :chip heating mode: 0
DEBUG [IRDeviceParams.cpp:219] @ 0.0025514s :chip heating fixed val: 40
DEBUG [IRDeviceParams.cpp:220] @ 0.0025584s :focus:  -1
DEBUG [IRDeviceParams.cpp:221] @ 0.0025682s :enable extended temp range: 0
DEBUG [IRDeviceParams.cpp:222] @ 0.0025752s :buffer queue size: 5
DEBUG [IRDeviceParams.cpp:223] @ 0.0025823s :enable high precision: 0
DEBUG [IRDeviceParams.cpp:224] @ 0.0025889s :radialDistortionCorrectionMode: 0
DEBUG [IRDeviceParams.cpp:225] @ 0.0025956s :deviceAPI: 0
DEBUG [IRDeviceParams.cpp:226] @ 0.0026024s :useExternalProbeForReferencing: 0
DEBUG [IRDeviceParams.cpp:227] @ 0.0026088s :enableMultiThreading: 0
DEBUG [IRDeviceParams.cpp:232] @ 0.0026171s :ethernetDevice.deviceIpAddress: 0.0.0.0
DEBUG [IRDeviceParams.cpp:233] @ 0.0026235s :ethernetDevice.localUdpPort: 0
DEBUG [IRDeviceParams.cpp:234] @ 0.0026302s :ethernetDevice.checkUdpSenderIp: 1
DEBUG [Cali.cpp:87] @ 0.440802s :Calibration directory path: .\Cali-14110095.xml
DEBUG [Cali.cpp:88] @ 0.440835s :Calibration file name: Cali-14110095.xml
DEBUG [Cali.cpp:98] @ 0.441152s :Calibration data A: 1450 B:400 C:4095 D:1000
INFO [IRImager.cpp:266] @ 0.442351s :Init thermal imager to 14110095 with size: 160x121@120 Hz
DEBUG [Cali.cpp:87] @ 0.442668s :Calibration directory path: .\Cali-14110095.xml
DEBUG [Cali.cpp:88] @ 0.44268s :Calibration file name: Cali-14110095.xml
DEBUG [Cali.cpp:98] @ 0.44295s :Calibration data A: 1450 B:400 C:4095 D:1000
DEBUG [Cali.cpp:87] @ 0.44366s :Calibration directory path: .\Cali-14110095.xml
DEBUG [Cali.cpp:88] @ 0.443673s :Calibration file name: Cali-14110095.xml
DEBUG [Cali.cpp:98] @ 0.443883s :Calibration data A: 1450 B:400 C:4095 D:1000
DEBUG [IRImager.cpp:300] @ 0.443927s :No temperature range configuration specified. Setting default values tMin: -20 , tMax: 100
DEBUG [IRImager.cpp:377] @ 0.444253s :Using HID control interface
DEBUG [IRImager.cpp:417] @ 0.459791s :Initialized HID control interface to device with HW:21 FW:2025
DEBUG [IRImager.cpp:438] @ 0.459842s :Frameconfig - width(in): 160, height(in): 121, interval: 83333, max framerate: 120, HW interval: 0.00833333
DEBUG [Cali.cpp:87] @ 0.459867s :Calibration directory path: .\Cali-14110095.xml
DEBUG [Cali.cpp:88] @ 0.459881s :Calibration file name: Cali-14110095.xml
DEBUG [Cali.cpp:98] @ 0.460452s :Calibration data A: 1450 B:400 C:4095 D:1000
DEBUG [ImageProcessing.cpp:200] @ 0.476343s :Source buffer size: 38720 Width: 160 Height: 121
DEBUG [ImageProcessing.cpp:121] @ 0.550766s :Source buffer size: 38720 Width: 160 Height: 121
DEBUG [OpSource.cpp:376] @ 0.550975s :Using formats path: C:\Program Files (x86)\Optris GmbH\IrDirectSDK\examples\matlab\Formats.def
DEBUG [OpSource.cpp:628] @ 0.5515s :Format found with size: 160
DEBUG [OpSource.cpp:791] @ 0.55167s :Selected Format:"PI160 160x120 @ 120Hz"
DEBUG [IRImager.cpp:844] @ 0.552297s :Caught onFrameInit with size: 160x120
DEBUG [OpSource.cpp:376] @ 0.554038s :Using formats path: C:\Program Files (x86)\Optris GmbH\IrDirectSDK\examples\matlab\Formats.def
DEBUG [OpSource.cpp:628] @ 0.554528s :Format found with size: 160
DEBUG [OpSource.cpp:376] @ 0.555226s :Using formats path: C:\Program Files (x86)\Optris GmbH\IrDirectSDK\examples\matlab\Formats.def
DEBUG [OpCorr.cpp:467] @ 0.560617s :Read cali: .\Cali-14110095.xml\Cali-14110095-48-M20-100.dat
DEBUG [OpCorr.cpp:557] @ 0.561168s :Read calibration of camera no 14110095, # of fields: 6 , start of fields: 40
DEBUG [ImageProcessing.cpp:1108] @ 0.848786s :Update flag temperature: 29.9922
DEBUG [ImageProcessing.cpp:1111] @ 0.857032s :Update box temperature: 28.2266
DEBUG [Cali.cpp:639] @ 0.857142s :Calibration file path: 000001D442CE96F4/00000049D0DECB78.xml
DEBUG [SimpleXML.cpp:238] @ 0.857749s :Failed to open file .\Cali-14110095.xml\CaliExt-14110095.xml
DEBUG [IRImager.cpp:550] @ 0.882878s :Chip heating disabled
DEBUG [IRImager.cpp:1110] @ 0.995499s :Start flag calibration
DEBUG [OpFlag.cpp:591] @ 11.6661s :SkimDiff: -11 Adjust: -1057 State: 1 EMax: 8347 Emin: 2347
DEBUG [ImageProcessing.cpp:526] @ 11.6776s :Skim_Adjust 4015
DEBUG [IRImager.cpp:1124] @ 11.7951s :Finished startup calibration
DEBUG [IRImager.cpp:1175] @ 26.5141s :Automatic control of shutter flag
DEBUG [OpFlag.cpp:591] @ 26.6743s :SkimDiff: -5 Adjust: -416 State: 1 EMax: 8978 Emin: 2988
DEBUG [ImageProcessing.cpp:526] @ 26.687s :Skim_Adjust 4014
DEBUG [IRImager.cpp:665] @ 49.6559s :Release imager
DEBUG [BaseControlDevice.cpp:26] @ 49.7145s :Base destructor called
DEBUG [IRImager.cpp:672] @ 49.7147s :Delete image processing
DEBUG [IRImager.cpp:679] @ 49.725s :Delete buffer
DEBUG [IRImager.cpp:687] @ 49.725s :Delete source buffer
DEBUG [IRImager.cpp:694] @ 49.725s :Delete buffer (energy)
DEBUG [IRImager.cpp:701] @ 49.725s :Delete timer
DEBUG [IRImager.cpp:707] @ 49.7251s :Delete manual timer
