DEBUG [IRLogger.cpp:105] @ 0.0005403s :***************************************************
DEBUG [IRLogger.cpp:106] @ 0.0006611s :* IRImagerDirect SDK                              *
DEBUG [IRLogger.cpp:107] @ 0.0006939s :***************************************************
DEBUG [IRLogger.cpp:113] @ 0.000716s :* Native Machine:      AMD64
DEBUG [IRLogger.cpp:114] @ 0.0007355s :* Machine:             AMD64
DEBUG [IRLogger.cpp:116] @ 0.0007665s :* OS:                  Windows 10 0 26100
DEBUG [IRLogger.cpp:123] @ 0.0007842s :***************************************************
DEBUG [IRDeviceParams.cpp:204] @ 0.0029612s :Parameters
DEBUG [IRDeviceParams.cpp:205] @ 0.0029888s :serial: 14110095
DEBUG [IRDeviceParams.cpp:206] @ 0.0030011s :videoformatindex: 0
DEBUG [IRDeviceParams.cpp:207] @ 0.0030125s :fov: 0
DEBUG [IRDeviceParams.cpp:208] @ 0.0030243s :optics_text: 0000000000000000
DEBUG [IRDeviceParams.cpp:209] @ 0.0030359s :formatspath: 000002099DCF6760
DEBUG [IRDeviceParams.cpp:210] @ 0.0030492s :calipath: 000002099FDE5B50
DEBUG [IRDeviceParams.cpp:211] @ 0.00306s :temperature min: 0
DEBUG [IRDeviceParams.cpp:212] @ 0.0030719s :temperature max: 0
DEBUG [IRDeviceParams.cpp:213] @ 0.0030845s :framerate: 32
DEBUG [IRDeviceParams.cpp:214] @ 0.0030952s :bispectral: 0
DEBUG [IRDeviceParams.cpp:215] @ 0.0031062s :flag automatic: 1
DEBUG [IRDeviceParams.cpp:216] @ 0.0031174s :min interval: 15
DEBUG [IRDeviceParams.cpp:217] @ 0.0031292s :max interval: 0
DEBUG [IRDeviceParams.cpp:218] @ 0.0031405s :chip heating mode: 0
DEBUG [IRDeviceParams.cpp:219] @ 0.003152s :chip heating fixed val: 40
DEBUG [IRDeviceParams.cpp:220] @ 0.0031642s :focus:  -1
DEBUG [IRDeviceParams.cpp:221] @ 0.0031799s :enable extended temp range: 0
DEBUG [IRDeviceParams.cpp:222] @ 0.0031915s :buffer queue size: 5
DEBUG [IRDeviceParams.cpp:223] @ 0.0032025s :enable high precision: 0
DEBUG [IRDeviceParams.cpp:224] @ 0.0032137s :radialDistortionCorrectionMode: 0
DEBUG [IRDeviceParams.cpp:225] @ 0.0032248s :deviceAPI: 0
DEBUG [IRDeviceParams.cpp:226] @ 0.0032359s :useExternalProbeForReferencing: 0
DEBUG [IRDeviceParams.cpp:227] @ 0.0032468s :enableMultiThreading: 0
DEBUG [IRDeviceParams.cpp:232] @ 0.0032606s :ethernetDevice.deviceIpAddress: 0.0.0.0
DEBUG [IRDeviceParams.cpp:233] @ 0.0032718s :ethernetDevice.localUdpPort: 0
DEBUG [IRDeviceParams.cpp:234] @ 0.003283s :ethernetDevice.checkUdpSenderIp: 1
DEBUG [Cali.cpp:87] @ 0.391502s :Calibration directory path: .\Cali-14110095.xml
DEBUG [Cali.cpp:88] @ 0.391533s :Calibration file name: Cali-14110095.xml
DEBUG [Cali.cpp:98] @ 0.391813s :Calibration data A: 1450 B:400 C:4095 D:1000
INFO [IRImager.cpp:266] @ 0.392827s :Init thermal imager to 14110095 with size: 160x121@120 Hz
DEBUG [Cali.cpp:87] @ 0.393114s :Calibration directory path: .\Cali-14110095.xml
DEBUG [Cali.cpp:88] @ 0.393126s :Calibration file name: Cali-14110095.xml
DEBUG [Cali.cpp:98] @ 0.393339s :Calibration data A: 1450 B:400 C:4095 D:1000
DEBUG [Cali.cpp:87] @ 0.39399s :Calibration directory path: .\Cali-14110095.xml
DEBUG [Cali.cpp:88] @ 0.394004s :Calibration file name: Cali-14110095.xml
DEBUG [Cali.cpp:98] @ 0.394203s :Calibration data A: 1450 B:400 C:4095 D:1000
DEBUG [IRImager.cpp:300] @ 0.394248s :No temperature range configuration specified. Setting default values tMin: -20 , tMax: 100
DEBUG [IRImager.cpp:377] @ 0.394554s :Using HID control interface
DEBUG [IRImager.cpp:417] @ 0.4108s :Initialized HID control interface to device with HW:21 FW:2025
DEBUG [IRImager.cpp:438] @ 0.410842s :Frameconfig - width(in): 160, height(in): 121, interval: 83333, max framerate: 120, HW interval: 0.00833333
DEBUG [Cali.cpp:87] @ 0.410862s :Calibration directory path: .\Cali-14110095.xml
DEBUG [Cali.cpp:88] @ 0.410873s :Calibration file name: Cali-14110095.xml
DEBUG [Cali.cpp:98] @ 0.411306s :Calibration data A: 1450 B:400 C:4095 D:1000
DEBUG [ImageProcessing.cpp:200] @ 0.435404s :Source buffer size: 38720 Width: 160 Height: 121
DEBUG [ImageProcessing.cpp:121] @ 0.518267s :Source buffer size: 38720 Width: 160 Height: 121
DEBUG [OpSource.cpp:376] @ 0.519666s :Using formats path: C:\Program Files (x86)\Optris GmbH\IrDirectSDK\examples\matlab\Formats.def
DEBUG [OpSource.cpp:628] @ 0.520563s :Format found with size: 160
DEBUG [OpSource.cpp:791] @ 0.520754s :Selected Format:"PI160 160x120 @ 120Hz"
DEBUG [IRImager.cpp:844] @ 0.521435s :Caught onFrameInit with size: 160x120
DEBUG [OpSource.cpp:376] @ 0.523152s :Using formats path: C:\Program Files (x86)\Optris GmbH\IrDirectSDK\examples\matlab\Formats.def
DEBUG [OpSource.cpp:628] @ 0.523695s :Format found with size: 160
DEBUG [OpSource.cpp:376] @ 0.52445s :Using formats path: C:\Program Files (x86)\Optris GmbH\IrDirectSDK\examples\matlab\Formats.def
DEBUG [OpCorr.cpp:467] @ 0.536723s :Read cali: .\Cali-14110095.xml\Cali-14110095-48-M20-100.dat
DEBUG [OpCorr.cpp:557] @ 0.537466s :Read calibration of camera no 14110095, # of fields: 6 , start of fields: 40
DEBUG [ImageProcessing.cpp:1108] @ 0.86553s :Update flag temperature: 31.1719
DEBUG [ImageProcessing.cpp:1111] @ 0.873967s :Update box temperature: 29.4375
DEBUG [Cali.cpp:639] @ 0.874044s :Calibration file path: 00000209A0E3D774/00000061AABECBD8.xml
DEBUG [SimpleXML.cpp:238] @ 0.874431s :Failed to open file .\Cali-14110095.xml\CaliExt-14110095.xml
DEBUG [IRImager.cpp:550] @ 0.892101s :Chip heating disabled
DEBUG [IRImager.cpp:1110] @ 1.02177s :Start flag calibration
DEBUG [OpFlag.cpp:591] @ 11.6945s :SkimDiff: -10 Adjust: -941 State: 1 EMax: 8521 Emin: 2463
DEBUG [ImageProcessing.cpp:526] @ 11.7058s :Skim_Adjust 4016
DEBUG [IRImager.cpp:1124] @ 11.8235s :Finished startup calibration
DEBUG [IRImager.cpp:1175] @ 26.5426s :Automatic control of shutter flag
DEBUG [OpFlag.cpp:591] @ 26.7031s :SkimDiff: -4 Adjust: -371 State: 1 EMax: 9107 Emin: 3033
DEBUG [ImageProcessing.cpp:526] @ 26.7164s :Skim_Adjust 4015
DEBUG [IRImager.cpp:665] @ 34.4568s :Release imager
DEBUG [BaseControlDevice.cpp:26] @ 34.5074s :Base destructor called
DEBUG [IRImager.cpp:672] @ 34.5074s :Delete image processing
DEBUG [IRImager.cpp:679] @ 34.5141s :Delete buffer
DEBUG [IRImager.cpp:687] @ 34.5141s :Delete source buffer
DEBUG [IRImager.cpp:694] @ 34.5141s :Delete buffer (energy)
DEBUG [IRImager.cpp:701] @ 34.5141s :Delete timer
DEBUG [IRImager.cpp:707] @ 34.5141s :Delete manual timer
