DEBUG [IRLogger.cpp:105] @ 0.0003374s :***************************************************
DEBUG [IRLogger.cpp:106] @ 0.0004873s :* IRImagerDirect SDK                              *
DEBUG [IRLogger.cpp:107] @ 0.0005314s :***************************************************
DEBUG [IRLogger.cpp:113] @ 0.000556s :* Native Machine:      AMD64
DEBUG [IRLogger.cpp:114] @ 0.0005705s :* Machine:             AMD64
DEBUG [IRLogger.cpp:116] @ 0.0007004s :* OS:                  Windows 10 0 26100
DEBUG [IRLogger.cpp:123] @ 0.0007171s :***************************************************
DEBUG [IRDeviceParams.cpp:204] @ 0.0025148s :Parameters
DEBUG [IRDeviceParams.cpp:205] @ 0.0025318s :serial: 14110095
DEBUG [IRDeviceParams.cpp:206] @ 0.0025393s :videoformatindex: 0
DEBUG [IRDeviceParams.cpp:207] @ 0.0025461s :fov: 0
DEBUG [IRDeviceParams.cpp:208] @ 0.0025532s :optics_text: 0000000000000000
DEBUG [IRDeviceParams.cpp:209] @ 0.0025606s :formatspath: 0000024D20699FE0
DEBUG [IRDeviceParams.cpp:210] @ 0.0025683s :calipath: 0000024D20639260
DEBUG [IRDeviceParams.cpp:211] @ 0.0025749s :temperature min: 0
DEBUG [IRDeviceParams.cpp:212] @ 0.0025813s :temperature max: 0
DEBUG [IRDeviceParams.cpp:213] @ 0.0025885s :framerate: 32
DEBUG [IRDeviceParams.cpp:214] @ 0.0025949s :bispectral: 0
DEBUG [IRDeviceParams.cpp:215] @ 0.0026013s :flag automatic: 1
DEBUG [IRDeviceParams.cpp:216] @ 0.002608s :min interval: 15
DEBUG [IRDeviceParams.cpp:217] @ 0.002615s :max interval: 0
DEBUG [IRDeviceParams.cpp:218] @ 0.0026215s :chip heating mode: 0
DEBUG [IRDeviceParams.cpp:219] @ 0.0026286s :chip heating fixed val: 40
DEBUG [IRDeviceParams.cpp:220] @ 0.0026355s :focus:  -1
DEBUG [IRDeviceParams.cpp:221] @ 0.0026446s :enable extended temp range: 0
DEBUG [IRDeviceParams.cpp:222] @ 0.0026514s :buffer queue size: 5
DEBUG [IRDeviceParams.cpp:223] @ 0.0026578s :enable high precision: 0
DEBUG [IRDeviceParams.cpp:224] @ 0.0026644s :radialDistortionCorrectionMode: 0
DEBUG [IRDeviceParams.cpp:225] @ 0.0026709s :deviceAPI: 0
DEBUG [IRDeviceParams.cpp:226] @ 0.0026777s :useExternalProbeForReferencing: 0
DEBUG [IRDeviceParams.cpp:227] @ 0.0026841s :enableMultiThreading: 0
DEBUG [IRDeviceParams.cpp:232] @ 0.0026924s :ethernetDevice.deviceIpAddress: 0.0.0.0
DEBUG [IRDeviceParams.cpp:233] @ 0.0026996s :ethernetDevice.localUdpPort: 0
DEBUG [IRDeviceParams.cpp:234] @ 0.0027063s :ethernetDevice.checkUdpSenderIp: 1
DEBUG [Cali.cpp:87] @ 0.432751s :Calibration directory path: .\Cali-14110095.xml
DEBUG [Cali.cpp:88] @ 0.432794s :Calibration file name: Cali-14110095.xml
DEBUG [Cali.cpp:98] @ 0.433262s :Calibration data A: 1450 B:400 C:4095 D:1000
INFO [IRImager.cpp:266] @ 0.434858s :Init thermal imager to 14110095 with size: 160x121@120 Hz
DEBUG [Cali.cpp:87] @ 0.435279s :Calibration directory path: .\Cali-14110095.xml
DEBUG [Cali.cpp:88] @ 0.435294s :Calibration file name: Cali-14110095.xml
DEBUG [Cali.cpp:98] @ 0.435597s :Calibration data A: 1450 B:400 C:4095 D:1000
DEBUG [Cali.cpp:87] @ 0.436512s :Calibration directory path: .\Cali-14110095.xml
DEBUG [Cali.cpp:88] @ 0.43653s :Calibration file name: Cali-14110095.xml
DEBUG [Cali.cpp:98] @ 0.43681s :Calibration data A: 1450 B:400 C:4095 D:1000
DEBUG [IRImager.cpp:300] @ 0.436867s :No temperature range configuration specified. Setting default values tMin: -20 , tMax: 100
DEBUG [IRImager.cpp:377] @ 0.437253s :Using HID control interface
DEBUG [IRImager.cpp:417] @ 0.453524s :Initialized HID control interface to device with HW:21 FW:2025
DEBUG [IRImager.cpp:438] @ 0.453591s :Frameconfig - width(in): 160, height(in): 121, interval: 83333, max framerate: 120, HW interval: 0.00833333
DEBUG [Cali.cpp:87] @ 0.453622s :Calibration directory path: .\Cali-14110095.xml
DEBUG [Cali.cpp:88] @ 0.45364s :Calibration file name: Cali-14110095.xml
DEBUG [Cali.cpp:98] @ 0.454341s :Calibration data A: 1450 B:400 C:4095 D:1000
DEBUG [ImageProcessing.cpp:200] @ 0.470102s :Source buffer size: 38720 Width: 160 Height: 121
DEBUG [ImageProcessing.cpp:121] @ 0.536366s :Source buffer size: 38720 Width: 160 Height: 121
DEBUG [OpSource.cpp:376] @ 0.537677s :Using formats path: C:\Program Files (x86)\Optris GmbH\IrDirectSDK\examples\matlab\Formats.def
DEBUG [OpSource.cpp:628] @ 0.538512s :Format found with size: 160
DEBUG [OpSource.cpp:791] @ 0.538706s :Selected Format:"PI160 160x120 @ 120Hz"
DEBUG [IRImager.cpp:844] @ 0.53932s :Caught onFrameInit with size: 160x120
DEBUG [OpSource.cpp:376] @ 0.541186s :Using formats path: C:\Program Files (x86)\Optris GmbH\IrDirectSDK\examples\matlab\Formats.def
DEBUG [OpSource.cpp:628] @ 0.541732s :Format found with size: 160
DEBUG [OpSource.cpp:376] @ 0.542582s :Using formats path: C:\Program Files (x86)\Optris GmbH\IrDirectSDK\examples\matlab\Formats.def
DEBUG [OpCorr.cpp:467] @ 0.554234s :Read cali: .\Cali-14110095.xml\Cali-14110095-48-M20-100.dat
DEBUG [OpCorr.cpp:557] @ 0.554847s :Read calibration of camera no 14110095, # of fields: 6 , start of fields: 40
DEBUG [ImageProcessing.cpp:1108] @ 0.850741s :Update flag temperature: 31.1172
DEBUG [ImageProcessing.cpp:1111] @ 0.859103s :Update box temperature: 29.4141
DEBUG [Cali.cpp:639] @ 0.85919s :Calibration file path: 0000024D2082B1C4/00000092EB3EC9E8.xml
DEBUG [SimpleXML.cpp:238] @ 0.859655s :Failed to open file .\Cali-14110095.xml\CaliExt-14110095.xml
DEBUG [IRImager.cpp:550] @ 0.880133s :Chip heating disabled
DEBUG [IRImager.cpp:1110] @ 1.02498s :Start flag calibration
