DEBUG [IRLogger.cpp:105] @ 0.0020396s :***************************************************
DEBUG [IRLogger.cpp:106] @ 0.0021263s :* IRImagerDirect SDK                              *
DEBUG [IRLogger.cpp:107] @ 0.0021472s :***************************************************
DEBUG [IRLogger.cpp:113] @ 0.0021604s :* Native Machine:      AMD64
DEBUG [IRLogger.cpp:114] @ 0.0021722s :* Machine:             AMD64
DEBUG [IRLogger.cpp:116] @ 0.0021925s :* OS:                  Windows 10 0 26100
DEBUG [IRLogger.cpp:123] @ 0.0022276s :***************************************************
DEBUG [IRDeviceParams.cpp:204] @ 0.0026687s :Parameters
DEBUG [IRDeviceParams.cpp:205] @ 0.0026853s :serial: 14110095
DEBUG [IRDeviceParams.cpp:206] @ 0.0026928s :videoformatindex: 0
DEBUG [IRDeviceParams.cpp:207] @ 0.0026998s :fov: 0
DEBUG [IRDeviceParams.cpp:208] @ 0.002707s :optics_text: 0000000000000000
DEBUG [IRDeviceParams.cpp:209] @ 0.0027143s :formatspath: 0000020DCBE0CBA0
DEBUG [IRDeviceParams.cpp:210] @ 0.0027233s :calipath: 0000020DCDBE3350
DEBUG [IRDeviceParams.cpp:211] @ 0.0027296s :temperature min: 0
DEBUG [IRDeviceParams.cpp:212] @ 0.0027361s :temperature max: 0
DEBUG [IRDeviceParams.cpp:213] @ 0.0027436s :framerate: 32
DEBUG [IRDeviceParams.cpp:214] @ 0.0027499s :bispectral: 0
DEBUG [IRDeviceParams.cpp:215] @ 0.0027561s :flag automatic: 1
DEBUG [IRDeviceParams.cpp:216] @ 0.0027628s :min interval: 15
DEBUG [IRDeviceParams.cpp:217] @ 0.0027697s :max interval: 0
DEBUG [IRDeviceParams.cpp:218] @ 0.0027762s :chip heating mode: 0
DEBUG [IRDeviceParams.cpp:219] @ 0.0027831s :chip heating fixed val: 40
DEBUG [IRDeviceParams.cpp:220] @ 0.0027904s :focus:  -1
DEBUG [IRDeviceParams.cpp:221] @ 0.0028002s :enable extended temp range: 0
DEBUG [IRDeviceParams.cpp:222] @ 0.0028072s :buffer queue size: 5
DEBUG [IRDeviceParams.cpp:223] @ 0.0028139s :enable high precision: 0
DEBUG [IRDeviceParams.cpp:224] @ 0.0028206s :radialDistortionCorrectionMode: 0
DEBUG [IRDeviceParams.cpp:225] @ 0.0028276s :deviceAPI: 0
DEBUG [IRDeviceParams.cpp:226] @ 0.0028344s :useExternalProbeForReferencing: 0
DEBUG [IRDeviceParams.cpp:227] @ 0.002841s :enableMultiThreading: 0
DEBUG [IRDeviceParams.cpp:232] @ 0.0028496s :ethernetDevice.deviceIpAddress: 0.0.0.0
DEBUG [IRDeviceParams.cpp:233] @ 0.0028562s :ethernetDevice.localUdpPort: 0
DEBUG [IRDeviceParams.cpp:234] @ 0.0028629s :ethernetDevice.checkUdpSenderIp: 1
DEBUG [Cali.cpp:87] @ 0.457758s :Calibration directory path: .\Cali-14110095.xml
DEBUG [Cali.cpp:88] @ 0.457867s :Calibration file name: Cali-14110095.xml
DEBUG [Cali.cpp:98] @ 0.459464s :Calibration data A: 1450 B:400 C:4095 D:1000
INFO [IRImager.cpp:266] @ 0.464877s :Init thermal imager to 14110095 with size: 160x121@120 Hz
DEBUG [Cali.cpp:87] @ 0.46604s :Calibration directory path: .\Cali-14110095.xml
DEBUG [Cali.cpp:88] @ 0.466089s :Calibration file name: Cali-14110095.xml
DEBUG [Cali.cpp:98] @ 0.466995s :Calibration data A: 1450 B:400 C:4095 D:1000
DEBUG [Cali.cpp:87] @ 0.469471s :Calibration directory path: .\Cali-14110095.xml
DEBUG [Cali.cpp:88] @ 0.469516s :Calibration file name: Cali-14110095.xml
DEBUG [Cali.cpp:98] @ 0.470246s :Calibration data A: 1450 B:400 C:4095 D:1000
DEBUG [IRImager.cpp:300] @ 0.470388s :No temperature range configuration specified. Setting default values tMin: -20 , tMax: 100
DEBUG [IRImager.cpp:377] @ 0.471404s :Using HID control interface
DEBUG [IRImager.cpp:417] @ 0.500385s :Initialized HID control interface to device with HW:21 FW:2025
DEBUG [IRImager.cpp:438] @ 0.500627s :Frameconfig - width(in): 160, height(in): 121, interval: 83333, max framerate: 120, HW interval: 0.00833333
DEBUG [Cali.cpp:87] @ 0.500744s :Calibration directory path: .\Cali-14110095.xml
DEBUG [Cali.cpp:88] @ 0.500814s :Calibration file name: Cali-14110095.xml
DEBUG [Cali.cpp:98] @ 0.503427s :Calibration data A: 1450 B:400 C:4095 D:1000
DEBUG [ImageProcessing.cpp:200] @ 0.516146s :Source buffer size: 38720 Width: 160 Height: 121
DEBUG [ImageProcessing.cpp:121] @ 0.582358s :Source buffer size: 38720 Width: 160 Height: 121
DEBUG [OpSource.cpp:376] @ 0.58372s :Using formats path: C:\Program Files (x86)\Optris GmbH\IrDirectSDK\examples\matlab\Formats.def
DEBUG [OpSource.cpp:628] @ 0.584788s :Format found with size: 160
DEBUG [OpSource.cpp:791] @ 0.585028s :Selected Format:"PI160 160x120 @ 120Hz"
DEBUG [IRImager.cpp:844] @ 0.585819s :Caught onFrameInit with size: 160x120
DEBUG [OpSource.cpp:376] @ 0.587974s :Using formats path: C:\Program Files (x86)\Optris GmbH\IrDirectSDK\examples\matlab\Formats.def
DEBUG [OpSource.cpp:628] @ 0.588708s :Format found with size: 160
DEBUG [OpSource.cpp:376] @ 0.589578s :Using formats path: C:\Program Files (x86)\Optris GmbH\IrDirectSDK\examples\matlab\Formats.def
DEBUG [OpCorr.cpp:467] @ 0.601056s :Read cali: .\Cali-14110095.xml\Cali-14110095-48-M20-100.dat
DEBUG [OpCorr.cpp:557] @ 0.601881s :Read calibration of camera no 14110095, # of fields: 6 , start of fields: 40
DEBUG [ImageProcessing.cpp:1108] @ 0.905136s :Update flag temperature: 30.7969
DEBUG [ImageProcessing.cpp:1111] @ 0.913422s :Update box temperature: 29.125
DEBUG [Cali.cpp:639] @ 0.913572s :Calibration file path: 0000020DCF2731C4/000000598CDED058.xml
DEBUG [SimpleXML.cpp:238] @ 0.914326s :Failed to open file .\Cali-14110095.xml\CaliExt-14110095.xml
DEBUG [IRImager.cpp:550] @ 0.931721s :Chip heating disabled
DEBUG [IRImager.cpp:1110] @ 1.05123s :Start flag calibration
DEBUG [OpFlag.cpp:591] @ 11.7227s :SkimDiff: -10 Adjust: -913 State: 1 EMax: 8492 Emin: 2491
DEBUG [ImageProcessing.cpp:526] @ 11.7358s :Skim_Adjust 4016
DEBUG [IRImager.cpp:1124] @ 11.85s :Finished startup calibration
DEBUG [IRImager.cpp:1175] @ 26.5704s :Automatic control of shutter flag
DEBUG [OpFlag.cpp:591] @ 26.7312s :SkimDiff: -4 Adjust: -372 State: 1 EMax: 9048 Emin: 3032
DEBUG [ImageProcessing.cpp:526] @ 26.7434s :Skim_Adjust 4015
DEBUG [IRImager.cpp:665] @ 32.7509s :Release imager
DEBUG [BaseControlDevice.cpp:26] @ 32.7933s :Base destructor called
DEBUG [IRImager.cpp:672] @ 32.7934s :Delete image processing
DEBUG [IRImager.cpp:679] @ 32.7969s :Delete buffer
DEBUG [IRImager.cpp:687] @ 32.797s :Delete source buffer
DEBUG [IRImager.cpp:694] @ 32.797s :Delete buffer (energy)
DEBUG [IRImager.cpp:701] @ 32.797s :Delete timer
DEBUG [IRImager.cpp:707] @ 32.797s :Delete manual timer
