DEBUG [IRLogger.cpp:105] @ 0.0004896s :***************************************************
DEBUG [IRLogger.cpp:106] @ 0.0005808s :* IRImagerDirect SDK                              *
DEBUG [IRLogger.cpp:107] @ 0.0006018s :***************************************************
DEBUG [IRLogger.cpp:113] @ 0.000616s :* Native Machine:      AMD64
DEBUG [IRLogger.cpp:114] @ 0.0006286s :* Machine:             AMD64
DEBUG [IRLogger.cpp:116] @ 0.0006481s :* OS:                  Windows 10 0 26100
DEBUG [IRLogger.cpp:123] @ 0.0006601s :***************************************************
DEBUG [IRDeviceParams.cpp:204] @ 0.0011072s :Parameters
DEBUG [IRDeviceParams.cpp:205] @ 0.0011242s :serial: 14110095
DEBUG [IRDeviceParams.cpp:206] @ 0.0011317s :videoformatindex: 0
DEBUG [IRDeviceParams.cpp:207] @ 0.0011386s :fov: 0
DEBUG [IRDeviceParams.cpp:208] @ 0.0011459s :optics_text: 0000000000000000
DEBUG [IRDeviceParams.cpp:209] @ 0.0011529s :formatspath: 0000017ADF1ECD90
DEBUG [IRDeviceParams.cpp:210] @ 0.0011609s :calipath: 0000017ADF196090
DEBUG [IRDeviceParams.cpp:211] @ 0.0011678s :temperature min: 0
DEBUG [IRDeviceParams.cpp:212] @ 0.0011745s :temperature max: 0
DEBUG [IRDeviceParams.cpp:213] @ 0.0011823s :framerate: 32
DEBUG [IRDeviceParams.cpp:214] @ 0.001189s :bispectral: 0
DEBUG [IRDeviceParams.cpp:215] @ 0.0011956s :flag automatic: 1
DEBUG [IRDeviceParams.cpp:216] @ 0.0012033s :min interval: 15
DEBUG [IRDeviceParams.cpp:217] @ 0.0012105s :max interval: 0
DEBUG [IRDeviceParams.cpp:218] @ 0.0012175s :chip heating mode: 0
DEBUG [IRDeviceParams.cpp:219] @ 0.0012249s :chip heating fixed val: 40
DEBUG [IRDeviceParams.cpp:220] @ 0.0012321s :focus:  -1
DEBUG [IRDeviceParams.cpp:221] @ 0.0012413s :enable extended temp range: 0
DEBUG [IRDeviceParams.cpp:222] @ 0.0012484s :buffer queue size: 5
DEBUG [IRDeviceParams.cpp:223] @ 0.0012551s :enable high precision: 0
DEBUG [IRDeviceParams.cpp:224] @ 0.0012621s :radialDistortionCorrectionMode: 0
DEBUG [IRDeviceParams.cpp:225] @ 0.001269s :deviceAPI: 0
DEBUG [IRDeviceParams.cpp:226] @ 0.0012758s :useExternalProbeForReferencing: 0
DEBUG [IRDeviceParams.cpp:227] @ 0.0012831s :enableMultiThreading: 0
DEBUG [IRDeviceParams.cpp:232] @ 0.0012916s :ethernetDevice.deviceIpAddress: 0.0.0.0
DEBUG [IRDeviceParams.cpp:233] @ 0.0012984s :ethernetDevice.localUdpPort: 0
DEBUG [IRDeviceParams.cpp:234] @ 0.0013052s :ethernetDevice.checkUdpSenderIp: 1
DEBUG [Cali.cpp:87] @ 0.359667s :Calibration directory path: .\Cali-14110095.xml
DEBUG [Cali.cpp:88] @ 0.359704s :Calibration file name: Cali-14110095.xml
DEBUG [Cali.cpp:98] @ 0.360122s :Calibration data A: 1450 B:400 C:4095 D:1000
INFO [IRImager.cpp:266] @ 0.361523s :Init thermal imager to 14110095 with size: 160x121@120 Hz
DEBUG [Cali.cpp:87] @ 0.361937s :Calibration directory path: .\Cali-14110095.xml
DEBUG [Cali.cpp:88] @ 0.361954s :Calibration file name: Cali-14110095.xml
DEBUG [Cali.cpp:98] @ 0.362309s :Calibration data A: 1450 B:400 C:4095 D:1000
DEBUG [Cali.cpp:87] @ 0.363429s :Calibration directory path: .\Cali-14110095.xml
DEBUG [Cali.cpp:88] @ 0.363453s :Calibration file name: Cali-14110095.xml
DEBUG [Cali.cpp:98] @ 0.363812s :Calibration data A: 1450 B:400 C:4095 D:1000
DEBUG [IRImager.cpp:300] @ 0.36389s :No temperature range configuration specified. Setting default values tMin: -20 , tMax: 100
DEBUG [IRImager.cpp:377] @ 0.364459s :Using HID control interface
DEBUG [IRImager.cpp:417] @ 0.383491s :Initialized HID control interface to device with HW:21 FW:2025
DEBUG [IRImager.cpp:438] @ 0.383598s :Frameconfig - width(in): 160, height(in): 121, interval: 83333, max framerate: 120, HW interval: 0.00833333
DEBUG [Cali.cpp:87] @ 0.383648s :Calibration directory path: .\Cali-14110095.xml
DEBUG [Cali.cpp:88] @ 0.383678s :Calibration file name: Cali-14110095.xml
DEBUG [Cali.cpp:98] @ 0.384795s :Calibration data A: 1450 B:400 C:4095 D:1000
DEBUG [ImageProcessing.cpp:200] @ 0.408112s :Source buffer size: 38720 Width: 160 Height: 121
DEBUG [ImageProcessing.cpp:121] @ 0.490987s :Source buffer size: 38720 Width: 160 Height: 121
DEBUG [OpSource.cpp:376] @ 0.492303s :Using formats path: C:\Program Files (x86)\Optris GmbH\IrDirectSDK\examples\matlab\Formats.def
DEBUG [OpSource.cpp:628] @ 0.493244s :Format found with size: 160
DEBUG [OpSource.cpp:791] @ 0.493436s :Selected Format:"PI160 160x120 @ 120Hz"
DEBUG [IRImager.cpp:844] @ 0.494065s :Caught onFrameInit with size: 160x120
DEBUG [OpSource.cpp:376] @ 0.495874s :Using formats path: C:\Program Files (x86)\Optris GmbH\IrDirectSDK\examples\matlab\Formats.def
DEBUG [OpSource.cpp:628] @ 0.496433s :Format found with size: 160
DEBUG [OpSource.cpp:376] @ 0.497345s :Using formats path: C:\Program Files (x86)\Optris GmbH\IrDirectSDK\examples\matlab\Formats.def
DEBUG [OpCorr.cpp:467] @ 0.509023s :Read cali: .\Cali-14110095.xml\Cali-14110095-48-M20-100.dat
DEBUG [OpCorr.cpp:557] @ 0.510024s :Read calibration of camera no 14110095, # of fields: 6 , start of fields: 40
DEBUG [ImageProcessing.cpp:1108] @ 0.797023s :Update flag temperature: 31.0781
DEBUG [ImageProcessing.cpp:1111] @ 0.805316s :Update box temperature: 29.3203
DEBUG [Cali.cpp:639] @ 0.8054s :Calibration file path: 0000017ADF3D33B4/000000249F1ED0F8.xml
DEBUG [SimpleXML.cpp:238] @ 0.805865s :Failed to open file .\Cali-14110095.xml\CaliExt-14110095.xml
DEBUG [IRImager.cpp:550] @ 0.818304s :Chip heating disabled
DEBUG [IRImager.cpp:1110] @ 0.934595s :Start flag calibration
DEBUG [OpFlag.cpp:591] @ 11.6079s :SkimDiff: -11 Adjust: -1031 State: 1 EMax: 8493 Emin: 2373
DEBUG [ImageProcessing.cpp:526] @ 11.6204s :Skim_Adjust 4015
DEBUG [IRImager.cpp:1124] @ 11.7368s :Finished startup calibration
DEBUG [IRImager.cpp:665] @ 14.5516s :Release imager
DEBUG [BaseControlDevice.cpp:26] @ 14.5989s :Base destructor called
DEBUG [IRImager.cpp:672] @ 14.5989s :Delete image processing
DEBUG [IRImager.cpp:679] @ 14.6127s :Delete buffer
DEBUG [IRImager.cpp:687] @ 14.6127s :Delete source buffer
DEBUG [IRImager.cpp:694] @ 14.6127s :Delete buffer (energy)
DEBUG [IRImager.cpp:701] @ 14.6128s :Delete timer
DEBUG [IRImager.cpp:707] @ 14.6128s :Delete manual timer
