DEBUG [IRLogger.cpp:105] @ 0.0003609s :***************************************************
DEBUG [IRLogger.cpp:106] @ 0.0004386s :* IRImagerDirect SDK                              *
DEBUG [IRLogger.cpp:107] @ 0.0004596s :***************************************************
DEBUG [IRLogger.cpp:113] @ 0.0004981s :* Native Machine:      AMD64
DEBUG [IRLogger.cpp:114] @ 0.00051s :* Machine:             AMD64
DEBUG [IRLogger.cpp:116] @ 0.0005289s :* OS:                  Windows 10 0 26100
DEBUG [IRLogger.cpp:123] @ 0.0005394s :***************************************************
DEBUG [IRDeviceParams.cpp:204] @ 0.002285s :Parameters
DEBUG [IRDeviceParams.cpp:205] @ 0.0023044s :serial: 14110095
DEBUG [IRDeviceParams.cpp:206] @ 0.0023119s :videoformatindex: 0
DEBUG [IRDeviceParams.cpp:207] @ 0.0023193s :fov: 0
DEBUG [IRDeviceParams.cpp:208] @ 0.0023261s :optics_text: 0000000000000000
DEBUG [IRDeviceParams.cpp:209] @ 0.0023329s :formatspath: 000001F508D4D0A0
DEBUG [IRDeviceParams.cpp:210] @ 0.0023406s :calipath: 000001F508CED090
DEBUG [IRDeviceParams.cpp:211] @ 0.0023469s :temperature min: 0
DEBUG [IRDeviceParams.cpp:212] @ 0.0023532s :temperature max: 0
DEBUG [IRDeviceParams.cpp:213] @ 0.0023604s :framerate: 32
DEBUG [IRDeviceParams.cpp:214] @ 0.0023668s :bispectral: 0
DEBUG [IRDeviceParams.cpp:215] @ 0.0023733s :flag automatic: 1
DEBUG [IRDeviceParams.cpp:216] @ 0.0023799s :min interval: 15
DEBUG [IRDeviceParams.cpp:217] @ 0.0023869s :max interval: 0
DEBUG [IRDeviceParams.cpp:218] @ 0.0023934s :chip heating mode: 0
DEBUG [IRDeviceParams.cpp:219] @ 0.0024001s :chip heating fixed val: 40
DEBUG [IRDeviceParams.cpp:220] @ 0.0024069s :focus:  -1
DEBUG [IRDeviceParams.cpp:221] @ 0.0024165s :enable extended temp range: 0
DEBUG [IRDeviceParams.cpp:222] @ 0.0024232s :buffer queue size: 5
DEBUG [IRDeviceParams.cpp:223] @ 0.0024296s :enable high precision: 0
DEBUG [IRDeviceParams.cpp:224] @ 0.0024364s :radialDistortionCorrectionMode: 0
DEBUG [IRDeviceParams.cpp:225] @ 0.0024431s :deviceAPI: 0
DEBUG [IRDeviceParams.cpp:226] @ 0.0024495s :useExternalProbeForReferencing: 0
DEBUG [IRDeviceParams.cpp:227] @ 0.0024559s :enableMultiThreading: 0
DEBUG [IRDeviceParams.cpp:232] @ 0.0024639s :ethernetDevice.deviceIpAddress: 0.0.0.0
DEBUG [IRDeviceParams.cpp:233] @ 0.0024704s :ethernetDevice.localUdpPort: 0
DEBUG [IRDeviceParams.cpp:234] @ 0.0024768s :ethernetDevice.checkUdpSenderIp: 1
DEBUG [Cali.cpp:87] @ 0.383286s :Calibration directory path: .\Cali-14110095.xml
DEBUG [Cali.cpp:88] @ 0.383321s :Calibration file name: Cali-14110095.xml
DEBUG [Cali.cpp:98] @ 0.383668s :Calibration data A: 1450 B:400 C:4095 D:1000
INFO [IRImager.cpp:266] @ 0.384998s :Init thermal imager to 14110095 with size: 160x121@120 Hz
DEBUG [Cali.cpp:87] @ 0.385317s :Calibration directory path: .\Cali-14110095.xml
DEBUG [Cali.cpp:88] @ 0.38533s :Calibration file name: Cali-14110095.xml
DEBUG [Cali.cpp:98] @ 0.385613s :Calibration data A: 1450 B:400 C:4095 D:1000
DEBUG [Cali.cpp:87] @ 0.386503s :Calibration directory path: .\Cali-14110095.xml
DEBUG [Cali.cpp:88] @ 0.386525s :Calibration file name: Cali-14110095.xml
DEBUG [Cali.cpp:98] @ 0.386817s :Calibration data A: 1450 B:400 C:4095 D:1000
DEBUG [IRImager.cpp:300] @ 0.386879s :No temperature range configuration specified. Setting default values tMin: -20 , tMax: 100
DEBUG [IRImager.cpp:377] @ 0.387314s :Using HID control interface
DEBUG [IRImager.cpp:417] @ 0.405223s :Initialized HID control interface to device with HW:21 FW:2025
DEBUG [IRImager.cpp:438] @ 0.4053s :Frameconfig - width(in): 160, height(in): 121, interval: 83333, max framerate: 120, HW interval: 0.00833333
DEBUG [Cali.cpp:87] @ 0.405343s :Calibration directory path: .\Cali-14110095.xml
DEBUG [Cali.cpp:88] @ 0.405365s :Calibration file name: Cali-14110095.xml
DEBUG [Cali.cpp:98] @ 0.406161s :Calibration data A: 1450 B:400 C:4095 D:1000
DEBUG [ImageProcessing.cpp:200] @ 0.429867s :Source buffer size: 38720 Width: 160 Height: 121
DEBUG [ImageProcessing.cpp:121] @ 0.504396s :Source buffer size: 38720 Width: 160 Height: 121
DEBUG [OpSource.cpp:376] @ 0.505741s :Using formats path: C:\Program Files (x86)\Optris GmbH\IrDirectSDK\examples\matlab\Formats.def
DEBUG [OpSource.cpp:628] @ 0.506618s :Format found with size: 160
DEBUG [OpSource.cpp:791] @ 0.506812s :Selected Format:"PI160 160x120 @ 120Hz"
DEBUG [IRImager.cpp:844] @ 0.507474s :Caught onFrameInit with size: 160x120
DEBUG [OpSource.cpp:376] @ 0.509194s :Using formats path: C:\Program Files (x86)\Optris GmbH\IrDirectSDK\examples\matlab\Formats.def
DEBUG [OpSource.cpp:628] @ 0.509725s :Format found with size: 160
DEBUG [OpSource.cpp:376] @ 0.510479s :Using formats path: C:\Program Files (x86)\Optris GmbH\IrDirectSDK\examples\matlab\Formats.def
DEBUG [OpCorr.cpp:467] @ 0.522436s :Read cali: .\Cali-14110095.xml\Cali-14110095-48-M20-100.dat
DEBUG [OpCorr.cpp:557] @ 0.523193s :Read calibration of camera no 14110095, # of fields: 6 , start of fields: 40
DEBUG [ImageProcessing.cpp:1108] @ 0.810446s :Update flag temperature: 30.5625
DEBUG [ImageProcessing.cpp:1111] @ 0.818706s :Update box temperature: 28.7812
DEBUG [Cali.cpp:639] @ 0.818783s :Calibration file path: 000001F508EE8CF4/000000104F1ECF38.xml
DEBUG [SimpleXML.cpp:238] @ 0.819177s :Failed to open file .\Cali-14110095.xml\CaliExt-14110095.xml
DEBUG [IRImager.cpp:550] @ 0.83243s :Chip heating disabled
DEBUG [IRImager.cpp:1110] @ 0.91508s :Start flag calibration
DEBUG [OpFlag.cpp:591] @ 11.5871s :SkimDiff: -11 Adjust: -1036 State: 1 EMax: 8428 Emin: 2368
DEBUG [ImageProcessing.cpp:526] @ 11.5987s :Skim_Adjust 4015
DEBUG [IRImager.cpp:1124] @ 11.7147s :Finished startup calibration
DEBUG [IRImager.cpp:1175] @ 26.4346s :Automatic control of shutter flag
DEBUG [OpFlag.cpp:591] @ 26.6119s :SkimDiff: -4 Adjust: -393 State: 1 EMax: 9069 Emin: 3011
DEBUG [ImageProcessing.cpp:526] @ 26.624s :Skim_Adjust 4014
DEBUG [IRImager.cpp:1175] @ 53.7785s :Automatic control of shutter flag
DEBUG [OpFlag.cpp:591] @ 53.9546s :SkimDiff: -4 Adjust: -313 State: 1 EMax: 9136 Emin: 3091
DEBUG [ImageProcessing.cpp:526] @ 53.9654s :Skim_Adjust 4013
DEBUG [IRImager.cpp:1175] @ 80.0984s :Automatic control of shutter flag
DEBUG [OpFlag.cpp:591] @ 80.2586s :SkimDiff: -3 Adjust: -251 State: 1 EMax: 9196 Emin: 3153
DEBUG [ImageProcessing.cpp:526] @ 80.2695s :Skim_Adjust 4012
DEBUG [IRImager.cpp:1175] @ 111.683s :Automatic control of shutter flag
DEBUG [OpFlag.cpp:591] @ 111.843s :SkimDiff: -2 Adjust: -193 State: 1 EMax: 9260 Emin: 3211
DEBUG [ImageProcessing.cpp:526] @ 111.854s :Skim_Adjust 4011
DEBUG [IRImager.cpp:665] @ 122.343s :Release imager
DEBUG [BaseControlDevice.cpp:26] @ 122.383s :Base destructor called
DEBUG [IRImager.cpp:672] @ 122.383s :Delete image processing
DEBUG [IRImager.cpp:679] @ 122.386s :Delete buffer
DEBUG [IRImager.cpp:687] @ 122.386s :Delete source buffer
DEBUG [IRImager.cpp:694] @ 122.386s :Delete buffer (energy)
DEBUG [IRImager.cpp:701] @ 122.386s :Delete timer
DEBUG [IRImager.cpp:707] @ 122.386s :Delete manual timer
