DEBUG [IRLogger.cpp:105] @ 0.0003876s :***************************************************
DEBUG [IRLogger.cpp:106] @ 0.0004608s :* IRImagerDirect SDK                              *
DEBUG [IRLogger.cpp:107] @ 0.0004806s :***************************************************
DEBUG [IRLogger.cpp:113] @ 0.0004946s :* Native Machine:      AMD64
DEBUG [IRLogger.cpp:114] @ 0.0005074s :* Machine:             AMD64
DEBUG [IRLogger.cpp:116] @ 0.0005263s :* OS:                  Windows 10 0 26100
DEBUG [IRLogger.cpp:123] @ 0.0005382s :***************************************************
DEBUG [IRDeviceParams.cpp:204] @ 0.0023479s :Parameters
DEBUG [IRDeviceParams.cpp:205] @ 0.0023653s :serial: 14110095
DEBUG [IRDeviceParams.cpp:206] @ 0.0023734s :videoformatindex: 0
DEBUG [IRDeviceParams.cpp:207] @ 0.0023801s :fov: 0
DEBUG [IRDeviceParams.cpp:208] @ 0.0023872s :optics_text: 0000000000000000
DEBUG [IRDeviceParams.cpp:209] @ 0.002394s :formatspath: 0000018EF01E8630
DEBUG [IRDeviceParams.cpp:210] @ 0.0024017s :calipath: 0000018EF019AB40
DEBUG [IRDeviceParams.cpp:211] @ 0.002408s :temperature min: 0
DEBUG [IRDeviceParams.cpp:212] @ 0.0024143s :temperature max: 0
DEBUG [IRDeviceParams.cpp:213] @ 0.0024217s :framerate: 32
DEBUG [IRDeviceParams.cpp:214] @ 0.0024281s :bispectral: 0
DEBUG [IRDeviceParams.cpp:215] @ 0.0024344s :flag automatic: 1
DEBUG [IRDeviceParams.cpp:216] @ 0.0024411s :min interval: 15
DEBUG [IRDeviceParams.cpp:217] @ 0.002448s :max interval: 0
DEBUG [IRDeviceParams.cpp:218] @ 0.0024546s :chip heating mode: 0
DEBUG [IRDeviceParams.cpp:219] @ 0.0024614s :chip heating fixed val: 40
DEBUG [IRDeviceParams.cpp:220] @ 0.0024685s :focus:  -1
DEBUG [IRDeviceParams.cpp:221] @ 0.0024775s :enable extended temp range: 0
DEBUG [IRDeviceParams.cpp:222] @ 0.0024847s :buffer queue size: 5
DEBUG [IRDeviceParams.cpp:223] @ 0.002491s :enable high precision: 0
DEBUG [IRDeviceParams.cpp:224] @ 0.0024976s :radialDistortionCorrectionMode: 0
DEBUG [IRDeviceParams.cpp:225] @ 0.002504s :deviceAPI: 0
DEBUG [IRDeviceParams.cpp:226] @ 0.0025104s :useExternalProbeForReferencing: 0
DEBUG [IRDeviceParams.cpp:227] @ 0.0025167s :enableMultiThreading: 0
DEBUG [IRDeviceParams.cpp:232] @ 0.0025246s :ethernetDevice.deviceIpAddress: 0.0.0.0
DEBUG [IRDeviceParams.cpp:233] @ 0.0025311s :ethernetDevice.localUdpPort: 0
DEBUG [IRDeviceParams.cpp:234] @ 0.0025376s :ethernetDevice.checkUdpSenderIp: 1
DEBUG [Cali.cpp:87] @ 0.356389s :Calibration directory path: .\Cali-14110095.xml
DEBUG [Cali.cpp:88] @ 0.356421s :Calibration file name: Cali-14110095.xml
DEBUG [Cali.cpp:98] @ 0.356723s :Calibration data A: 1450 B:400 C:4095 D:1000
INFO [IRImager.cpp:266] @ 0.3579s :Init thermal imager to 14110095 with size: 160x121@120 Hz
DEBUG [Cali.cpp:87] @ 0.358212s :Calibration directory path: .\Cali-14110095.xml
DEBUG [Cali.cpp:88] @ 0.358223s :Calibration file name: Cali-14110095.xml
DEBUG [Cali.cpp:98] @ 0.358442s :Calibration data A: 1450 B:400 C:4095 D:1000
DEBUG [Cali.cpp:87] @ 0.359114s :Calibration directory path: .\Cali-14110095.xml
DEBUG [Cali.cpp:88] @ 0.359127s :Calibration file name: Cali-14110095.xml
DEBUG [Cali.cpp:98] @ 0.359326s :Calibration data A: 1450 B:400 C:4095 D:1000
DEBUG [IRImager.cpp:300] @ 0.359367s :No temperature range configuration specified. Setting default values tMin: -20 , tMax: 100
DEBUG [IRImager.cpp:377] @ 0.359696s :Using HID control interface
DEBUG [IRImager.cpp:417] @ 0.384025s :Initialized HID control interface to device with HW:21 FW:2025
DEBUG [IRImager.cpp:438] @ 0.384196s :Frameconfig - width(in): 160, height(in): 121, interval: 83333, max framerate: 120, HW interval: 0.00833333
DEBUG [Cali.cpp:87] @ 0.384238s :Calibration directory path: .\Cali-14110095.xml
DEBUG [Cali.cpp:88] @ 0.38426s :Calibration file name: Cali-14110095.xml
DEBUG [Cali.cpp:98] @ 0.385049s :Calibration data A: 1450 B:400 C:4095 D:1000
DEBUG [ImageProcessing.cpp:200] @ 0.400447s :Source buffer size: 38720 Width: 160 Height: 121
DEBUG [ImageProcessing.cpp:121] @ 0.46682s :Source buffer size: 38720 Width: 160 Height: 121
DEBUG [OpSource.cpp:376] @ 0.468113s :Using formats path: C:\Program Files (x86)\Optris GmbH\IrDirectSDK\examples\matlab\Formats.def
DEBUG [OpSource.cpp:628] @ 0.468975s :Format found with size: 160
DEBUG [OpSource.cpp:791] @ 0.469165s :Selected Format:"PI160 160x120 @ 120Hz"
DEBUG [IRImager.cpp:844] @ 0.469821s :Caught onFrameInit with size: 160x120
DEBUG [OpSource.cpp:376] @ 0.471886s :Using formats path: C:\Program Files (x86)\Optris GmbH\IrDirectSDK\examples\matlab\Formats.def
DEBUG [OpSource.cpp:628] @ 0.472362s :Format found with size: 160
DEBUG [OpSource.cpp:376] @ 0.473017s :Using formats path: C:\Program Files (x86)\Optris GmbH\IrDirectSDK\examples\matlab\Formats.def
DEBUG [OpCorr.cpp:467] @ 0.484794s :Read cali: .\Cali-14110095.xml\Cali-14110095-48-M20-100.dat
DEBUG [OpCorr.cpp:557] @ 0.485395s :Read calibration of camera no 14110095, # of fields: 6 , start of fields: 40
DEBUG [ImageProcessing.cpp:1108] @ 0.805887s :Update flag temperature: 31.1797
DEBUG [ImageProcessing.cpp:1111] @ 0.814245s :Update box temperature: 29.3594
DEBUG [Cali.cpp:639] @ 0.814303s :Calibration file path: 0000018EF03698C4/0000003144BECB68.xml
DEBUG [SimpleXML.cpp:238] @ 0.814677s :Failed to open file .\Cali-14110095.xml\CaliExt-14110095.xml
DEBUG [IRImager.cpp:550] @ 0.826114s :Chip heating disabled
DEBUG [IRImager.cpp:1110] @ 0.981706s :Start flag calibration
DEBUG [IRImager.cpp:665] @ 8.77883s :Release imager
DEBUG [BaseControlDevice.cpp:26] @ 8.82471s :Base destructor called
DEBUG [IRImager.cpp:672] @ 8.82477s :Delete image processing
DEBUG [IRImager.cpp:679] @ 8.83498s :Delete buffer
DEBUG [IRImager.cpp:687] @ 8.83502s :Delete source buffer
DEBUG [IRImager.cpp:694] @ 8.83503s :Delete buffer (energy)
DEBUG [IRImager.cpp:701] @ 8.83504s :Delete timer
DEBUG [IRImager.cpp:707] @ 8.83505s :Delete manual timer
