DEBUG [IRLogger.cpp:105] @ 0.0003918s :***************************************************
DEBUG [IRLogger.cpp:106] @ 0.0004698s :* IRImagerDirect SDK                              *
DEBUG [IRLogger.cpp:107] @ 0.0004894s :***************************************************
DEBUG [IRLogger.cpp:113] @ 0.000504s :* Native Machine:      AMD64
DEBUG [IRLogger.cpp:114] @ 0.0005166s :* Machine:             AMD64
DEBUG [IRLogger.cpp:116] @ 0.0005361s :* OS:                  Windows 10 0 26100
DEBUG [IRLogger.cpp:123] @ 0.0005474s :***************************************************
DEBUG [IRDeviceParams.cpp:204] @ 0.0022447s :Parameters
DEBUG [IRDeviceParams.cpp:205] @ 0.0022621s :serial: 14110095
DEBUG [IRDeviceParams.cpp:206] @ 0.0022692s :videoformatindex: 0
DEBUG [IRDeviceParams.cpp:207] @ 0.002276s :fov: 0
DEBUG [IRDeviceParams.cpp:208] @ 0.0022832s :optics_text: 0000000000000000
DEBUG [IRDeviceParams.cpp:209] @ 0.0022903s :formatspath: 0000027F19173020
DEBUG [IRDeviceParams.cpp:210] @ 0.002298s :calipath: 0000027F19111610
DEBUG [IRDeviceParams.cpp:211] @ 0.0023048s :temperature min: 0
DEBUG [IRDeviceParams.cpp:212] @ 0.0023113s :temperature max: 0
DEBUG [IRDeviceParams.cpp:213] @ 0.0023186s :framerate: 32
DEBUG [IRDeviceParams.cpp:214] @ 0.0023251s :bispectral: 0
DEBUG [IRDeviceParams.cpp:215] @ 0.0023312s :flag automatic: 1
DEBUG [IRDeviceParams.cpp:216] @ 0.0023379s :min interval: 15
DEBUG [IRDeviceParams.cpp:217] @ 0.002345s :max interval: 0
DEBUG [IRDeviceParams.cpp:218] @ 0.0023518s :chip heating mode: 0
DEBUG [IRDeviceParams.cpp:219] @ 0.0023589s :chip heating fixed val: 40
DEBUG [IRDeviceParams.cpp:220] @ 0.0023661s :focus:  -1
DEBUG [IRDeviceParams.cpp:221] @ 0.0023754s :enable extended temp range: 0
DEBUG [IRDeviceParams.cpp:222] @ 0.0023824s :buffer queue size: 5
DEBUG [IRDeviceParams.cpp:223] @ 0.0023896s :enable high precision: 0
DEBUG [IRDeviceParams.cpp:224] @ 0.0023964s :radialDistortionCorrectionMode: 0
DEBUG [IRDeviceParams.cpp:225] @ 0.0024032s :deviceAPI: 0
DEBUG [IRDeviceParams.cpp:226] @ 0.0024103s :useExternalProbeForReferencing: 0
DEBUG [IRDeviceParams.cpp:227] @ 0.0024173s :enableMultiThreading: 0
DEBUG [IRDeviceParams.cpp:232] @ 0.0024263s :ethernetDevice.deviceIpAddress: 0.0.0.0
DEBUG [IRDeviceParams.cpp:233] @ 0.0024345s :ethernetDevice.localUdpPort: 0
DEBUG [IRDeviceParams.cpp:234] @ 0.002441s :ethernetDevice.checkUdpSenderIp: 1
DEBUG [Cali.cpp:87] @ 0.421193s :Calibration directory path: .\Cali-14110095.xml
DEBUG [Cali.cpp:88] @ 0.421236s :Calibration file name: Cali-14110095.xml
DEBUG [Cali.cpp:98] @ 0.421634s :Calibration data A: 1450 B:400 C:4095 D:1000
INFO [IRImager.cpp:266] @ 0.423127s :Init thermal imager to 14110095 with size: 160x121@120 Hz
DEBUG [Cali.cpp:87] @ 0.423509s :Calibration directory path: .\Cali-14110095.xml
DEBUG [Cali.cpp:88] @ 0.423522s :Calibration file name: Cali-14110095.xml
DEBUG [Cali.cpp:98] @ 0.423807s :Calibration data A: 1450 B:400 C:4095 D:1000
DEBUG [Cali.cpp:87] @ 0.424725s :Calibration directory path: .\Cali-14110095.xml
DEBUG [Cali.cpp:88] @ 0.424743s :Calibration file name: Cali-14110095.xml
DEBUG [Cali.cpp:98] @ 0.425006s :Calibration data A: 1450 B:400 C:4095 D:1000
DEBUG [IRImager.cpp:300] @ 0.425065s :No temperature range configuration specified. Setting default values tMin: -20 , tMax: 100
DEBUG [IRImager.cpp:377] @ 0.425431s :Using HID control interface
DEBUG [IRImager.cpp:417] @ 0.442178s :Initialized HID control interface to device with HW:21 FW:2025
DEBUG [IRImager.cpp:438] @ 0.442253s :Frameconfig - width(in): 160, height(in): 121, interval: 83333, max framerate: 120, HW interval: 0.00833333
DEBUG [Cali.cpp:87] @ 0.442289s :Calibration directory path: .\Cali-14110095.xml
DEBUG [Cali.cpp:88] @ 0.442308s :Calibration file name: Cali-14110095.xml
DEBUG [Cali.cpp:98] @ 0.443014s :Calibration data A: 1450 B:400 C:4095 D:1000
DEBUG [ImageProcessing.cpp:200] @ 0.458501s :Source buffer size: 38720 Width: 160 Height: 121
DEBUG [ImageProcessing.cpp:121] @ 0.524837s :Source buffer size: 38720 Width: 160 Height: 121
DEBUG [OpSource.cpp:376] @ 0.526507s :Using formats path: C:\Program Files (x86)\Optris GmbH\IrDirectSDK\examples\matlab\Formats.def
DEBUG [OpSource.cpp:628] @ 0.527405s :Format found with size: 160
DEBUG [OpSource.cpp:791] @ 0.527622s :Selected Format:"PI160 160x120 @ 120Hz"
DEBUG [IRImager.cpp:844] @ 0.528363s :Caught onFrameInit with size: 160x120
DEBUG [OpSource.cpp:376] @ 0.530453s :Using formats path: C:\Program Files (x86)\Optris GmbH\IrDirectSDK\examples\matlab\Formats.def
DEBUG [OpSource.cpp:628] @ 0.531171s :Format found with size: 160
DEBUG [OpSource.cpp:376] @ 0.532021s :Using formats path: C:\Program Files (x86)\Optris GmbH\IrDirectSDK\examples\matlab\Formats.def
DEBUG [OpCorr.cpp:467] @ 0.542954s :Read cali: .\Cali-14110095.xml\Cali-14110095-48-M20-100.dat
DEBUG [OpCorr.cpp:557] @ 0.543634s :Read calibration of camera no 14110095, # of fields: 6 , start of fields: 40
DEBUG [ImageProcessing.cpp:1108] @ 0.822487s :Update flag temperature: 31.1172
DEBUG [ImageProcessing.cpp:1111] @ 0.830747s :Update box temperature: 29.4062
DEBUG [Cali.cpp:639] @ 0.830811s :Calibration file path: 0000027F1931BA44/000000D38EFED0D8.xml
DEBUG [SimpleXML.cpp:238] @ 0.831082s :Failed to open file .\Cali-14110095.xml\CaliExt-14110095.xml
DEBUG [IRImager.cpp:550] @ 0.847242s :Chip heating disabled
DEBUG [IRImager.cpp:1110] @ 0.972822s :Start flag calibration
DEBUG [OpFlag.cpp:591] @ 11.644s :SkimDiff: -10 Adjust: -967 State: 1 EMax: 8508 Emin: 2437
DEBUG [ImageProcessing.cpp:526] @ 11.6552s :Skim_Adjust 4016
DEBUG [IRImager.cpp:1124] @ 11.7725s :Finished startup calibration
DEBUG [IRImager.cpp:1175] @ 26.4923s :Automatic control of shutter flag
DEBUG [OpFlag.cpp:591] @ 26.6521s :SkimDiff: -4 Adjust: -378 State: 1 EMax: 9094 Emin: 3026
DEBUG [ImageProcessing.cpp:526] @ 26.6634s :Skim_Adjust 4015
DEBUG [IRImager.cpp:665] @ 57.0704s :Release imager
DEBUG [BaseControlDevice.cpp:26] @ 57.1169s :Base destructor called
DEBUG [IRImager.cpp:672] @ 57.117s :Delete image processing
DEBUG [IRImager.cpp:679] @ 57.1323s :Delete buffer
DEBUG [IRImager.cpp:687] @ 57.1324s :Delete source buffer
DEBUG [IRImager.cpp:694] @ 57.1324s :Delete buffer (energy)
DEBUG [IRImager.cpp:701] @ 57.1324s :Delete timer
DEBUG [IRImager.cpp:707] @ 57.1324s :Delete manual timer
