DEBUG [IRLogger.cpp:105] @ 0.0003351s :***************************************************
DEBUG [IRLogger.cpp:106] @ 0.0004133s :* IRImagerDirect SDK                              *
DEBUG [IRLogger.cpp:107] @ 0.0004329s :***************************************************
DEBUG [IRLogger.cpp:113] @ 0.000448s :* Native Machine:      AMD64
DEBUG [IRLogger.cpp:114] @ 0.0004832s :* Machine:             AMD64
DEBUG [IRLogger.cpp:116] @ 0.0006214s :* OS:                  Windows 10 0 26100
DEBUG [IRLogger.cpp:123] @ 0.0006563s :***************************************************
DEBUG [IRDeviceParams.cpp:204] @ 0.0024015s :Parameters
DEBUG [IRDeviceParams.cpp:205] @ 0.0024185s :serial: 14110095
DEBUG [IRDeviceParams.cpp:206] @ 0.0024259s :videoformatindex: 0
DEBUG [IRDeviceParams.cpp:207] @ 0.0024324s :fov: 0
DEBUG [IRDeviceParams.cpp:208] @ 0.0024399s :optics_text: 0000000000000000
DEBUG [IRDeviceParams.cpp:209] @ 0.0024467s :formatspath: 00000222C2FDC370
DEBUG [IRDeviceParams.cpp:210] @ 0.0024542s :calipath: 00000222C2F936E0
DEBUG [IRDeviceParams.cpp:211] @ 0.0024605s :temperature min: 0
DEBUG [IRDeviceParams.cpp:212] @ 0.0024669s :temperature max: 0
DEBUG [IRDeviceParams.cpp:213] @ 0.0024741s :framerate: 32
DEBUG [IRDeviceParams.cpp:214] @ 0.0024802s :bispectral: 0
DEBUG [IRDeviceParams.cpp:215] @ 0.0024864s :flag automatic: 1
DEBUG [IRDeviceParams.cpp:216] @ 0.002493s :min interval: 15
DEBUG [IRDeviceParams.cpp:217] @ 0.0024999s :max interval: 0
DEBUG [IRDeviceParams.cpp:218] @ 0.0025063s :chip heating mode: 0
DEBUG [IRDeviceParams.cpp:219] @ 0.0025129s :chip heating fixed val: 40
DEBUG [IRDeviceParams.cpp:220] @ 0.0025197s :focus:  -1
DEBUG [IRDeviceParams.cpp:221] @ 0.0025285s :enable extended temp range: 0
DEBUG [IRDeviceParams.cpp:222] @ 0.0025351s :buffer queue size: 5
DEBUG [IRDeviceParams.cpp:223] @ 0.0025414s :enable high precision: 0
DEBUG [IRDeviceParams.cpp:224] @ 0.0025482s :radialDistortionCorrectionMode: 0
DEBUG [IRDeviceParams.cpp:225] @ 0.0025548s :deviceAPI: 0
DEBUG [IRDeviceParams.cpp:226] @ 0.0025612s :useExternalProbeForReferencing: 0
DEBUG [IRDeviceParams.cpp:227] @ 0.0025676s :enableMultiThreading: 0
DEBUG [IRDeviceParams.cpp:232] @ 0.0025757s :ethernetDevice.deviceIpAddress: 0.0.0.0
DEBUG [IRDeviceParams.cpp:233] @ 0.002582s :ethernetDevice.localUdpPort: 0
DEBUG [IRDeviceParams.cpp:234] @ 0.0025885s :ethernetDevice.checkUdpSenderIp: 1
DEBUG [Cali.cpp:87] @ 0.367506s :Calibration directory path: .\Cali-14110095.xml
DEBUG [Cali.cpp:88] @ 0.367545s :Calibration file name: Cali-14110095.xml
DEBUG [Cali.cpp:98] @ 0.367922s :Calibration data A: 1450 B:400 C:4095 D:1000
INFO [IRImager.cpp:266] @ 0.369421s :Init thermal imager to 14110095 with size: 160x121@120 Hz
DEBUG [Cali.cpp:87] @ 0.369859s :Calibration directory path: .\Cali-14110095.xml
DEBUG [Cali.cpp:88] @ 0.369876s :Calibration file name: Cali-14110095.xml
DEBUG [Cali.cpp:98] @ 0.370225s :Calibration data A: 1450 B:400 C:4095 D:1000
DEBUG [Cali.cpp:87] @ 0.371422s :Calibration directory path: .\Cali-14110095.xml
DEBUG [Cali.cpp:88] @ 0.371449s :Calibration file name: Cali-14110095.xml
DEBUG [Cali.cpp:98] @ 0.371831s :Calibration data A: 1450 B:400 C:4095 D:1000
DEBUG [IRImager.cpp:300] @ 0.371918s :No temperature range configuration specified. Setting default values tMin: -20 , tMax: 100
DEBUG [IRImager.cpp:377] @ 0.372502s :Using HID control interface
DEBUG [IRImager.cpp:417] @ 0.394229s :Initialized HID control interface to device with HW:21 FW:2025
DEBUG [IRImager.cpp:438] @ 0.39434s :Frameconfig - width(in): 160, height(in): 121, interval: 83333, max framerate: 120, HW interval: 0.00833333
DEBUG [Cali.cpp:87] @ 0.394393s :Calibration directory path: .\Cali-14110095.xml
DEBUG [Cali.cpp:88] @ 0.394422s :Calibration file name: Cali-14110095.xml
DEBUG [Cali.cpp:98] @ 0.395584s :Calibration data A: 1450 B:400 C:4095 D:1000
DEBUG [ImageProcessing.cpp:200] @ 0.419975s :Source buffer size: 38720 Width: 160 Height: 121
DEBUG [ImageProcessing.cpp:121] @ 0.493434s :Source buffer size: 38720 Width: 160 Height: 121
DEBUG [OpSource.cpp:376] @ 0.494779s :Using formats path: C:\Program Files (x86)\Optris GmbH\IrDirectSDK\examples\matlab\Formats.def
DEBUG [OpSource.cpp:628] @ 0.496177s :Format found with size: 160
DEBUG [OpSource.cpp:791] @ 0.49643s :Selected Format:"PI160 160x120 @ 120Hz"
DEBUG [IRImager.cpp:844] @ 0.496975s :Caught onFrameInit with size: 160x120
DEBUG [OpSource.cpp:376] @ 0.498755s :Using formats path: C:\Program Files (x86)\Optris GmbH\IrDirectSDK\examples\matlab\Formats.def
DEBUG [OpSource.cpp:628] @ 0.499361s :Format found with size: 160
DEBUG [OpSource.cpp:376] @ 0.500007s :Using formats path: C:\Program Files (x86)\Optris GmbH\IrDirectSDK\examples\matlab\Formats.def
DEBUG [OpCorr.cpp:467] @ 0.511722s :Read cali: .\Cali-14110095.xml\Cali-14110095-48-M20-100.dat
DEBUG [OpCorr.cpp:557] @ 0.512413s :Read calibration of camera no 14110095, # of fields: 6 , start of fields: 40
DEBUG [ImageProcessing.cpp:1108] @ 0.815952s :Update flag temperature: 31.1641
DEBUG [ImageProcessing.cpp:1111] @ 0.824444s :Update box temperature: 29.3672
DEBUG [Cali.cpp:639] @ 0.824548s :Calibration file path: 00000222C3212C84/000000F4CA5ECDB8.xml
DEBUG [SimpleXML.cpp:238] @ 0.825115s :Failed to open file .\Cali-14110095.xml\CaliExt-14110095.xml
DEBUG [IRImager.cpp:550] @ 0.844521s :Chip heating disabled
DEBUG [IRImager.cpp:1110] @ 0.913572s :Start flag calibration
DEBUG [OpFlag.cpp:591] @ 11.5859s :SkimDiff: -11 Adjust: -1034 State: 1 EMax: 8499 Emin: 2370
DEBUG [ImageProcessing.cpp:526] @ 11.5984s :Skim_Adjust 4015
DEBUG [IRImager.cpp:1124] @ 11.7149s :Finished startup calibration
DEBUG [IRImager.cpp:665] @ 21.074s :Release imager
DEBUG [BaseControlDevice.cpp:26] @ 21.1258s :Base destructor called
DEBUG [IRImager.cpp:672] @ 21.1258s :Delete image processing
DEBUG [IRImager.cpp:679] @ 21.1369s :Delete buffer
DEBUG [IRImager.cpp:687] @ 21.1369s :Delete source buffer
DEBUG [IRImager.cpp:694] @ 21.1369s :Delete buffer (energy)
DEBUG [IRImager.cpp:701] @ 21.137s :Delete timer
DEBUG [IRImager.cpp:707] @ 21.137s :Delete manual timer
