DEBUG [IRLogger.cpp:105] @ 0.0016504s :***************************************************
DEBUG [IRLogger.cpp:106] @ 0.0017374s :* IRImagerDirect SDK                              *
DEBUG [IRLogger.cpp:107] @ 0.001757s :***************************************************
DEBUG [IRLogger.cpp:113] @ 0.0017709s :* Native Machine:      AMD64
DEBUG [IRLogger.cpp:114] @ 0.0017837s :* Machine:             AMD64
DEBUG [IRLogger.cpp:116] @ 0.0018027s :* OS:                  Windows 10 0 26100
DEBUG [IRLogger.cpp:123] @ 0.0018162s :***************************************************
DEBUG [IRDeviceParams.cpp:204] @ 0.0023961s :Parameters
DEBUG [IRDeviceParams.cpp:205] @ 0.0024154s :serial: 14110095
DEBUG [IRDeviceParams.cpp:206] @ 0.002423s :videoformatindex: 0
DEBUG [IRDeviceParams.cpp:207] @ 0.0024298s :fov: 0
DEBUG [IRDeviceParams.cpp:208] @ 0.002437s :optics_text: 0000000000000000
DEBUG [IRDeviceParams.cpp:209] @ 0.0024441s :formatspath: 000001DBAB231070
DEBUG [IRDeviceParams.cpp:210] @ 0.0024519s :calipath: 000001DBB54C5A20
DEBUG [IRDeviceParams.cpp:211] @ 0.0024584s :temperature min: 0
DEBUG [IRDeviceParams.cpp:212] @ 0.0024657s :temperature max: 0
DEBUG [IRDeviceParams.cpp:213] @ 0.0024726s :framerate: 32
DEBUG [IRDeviceParams.cpp:214] @ 0.0024787s :bispectral: 0
DEBUG [IRDeviceParams.cpp:215] @ 0.0024848s :flag automatic: 1
DEBUG [IRDeviceParams.cpp:216] @ 0.0024912s :min interval: 15
DEBUG [IRDeviceParams.cpp:217] @ 0.0024979s :max interval: 0
DEBUG [IRDeviceParams.cpp:218] @ 0.0025042s :chip heating mode: 0
DEBUG [IRDeviceParams.cpp:219] @ 0.0025106s :chip heating fixed val: 40
DEBUG [IRDeviceParams.cpp:220] @ 0.0025172s :focus:  -1
DEBUG [IRDeviceParams.cpp:221] @ 0.0025252s :enable extended temp range: 0
DEBUG [IRDeviceParams.cpp:222] @ 0.0025318s :buffer queue size: 5
DEBUG [IRDeviceParams.cpp:223] @ 0.0025382s :enable high precision: 0
DEBUG [IRDeviceParams.cpp:224] @ 0.0025448s :radialDistortionCorrectionMode: 0
DEBUG [IRDeviceParams.cpp:225] @ 0.0025512s :deviceAPI: 0
DEBUG [IRDeviceParams.cpp:226] @ 0.0025575s :useExternalProbeForReferencing: 0
DEBUG [IRDeviceParams.cpp:227] @ 0.0025641s :enableMultiThreading: 0
DEBUG [IRDeviceParams.cpp:232] @ 0.0025723s :ethernetDevice.deviceIpAddress: 0.0.0.0
DEBUG [IRDeviceParams.cpp:233] @ 0.0025798s :ethernetDevice.localUdpPort: 0
DEBUG [IRDeviceParams.cpp:234] @ 0.002586s :ethernetDevice.checkUdpSenderIp: 1
DEBUG [Cali.cpp:87] @ 0.194297s :Calibration directory path: .\Cali-14110095.xml
DEBUG [Cali.cpp:88] @ 0.194325s :Calibration file name: Cali-14110095.xml
DEBUG [Cali.cpp:98] @ 0.194607s :Calibration data A: 1450 B:400 C:4095 D:1000
INFO [IRImager.cpp:266] @ 0.195624s :Init thermal imager to 14110095 with size: 160x121@120 Hz
DEBUG [Cali.cpp:87] @ 0.195888s :Calibration directory path: .\Cali-14110095.xml
DEBUG [Cali.cpp:88] @ 0.195899s :Calibration file name: Cali-14110095.xml
DEBUG [Cali.cpp:98] @ 0.196113s :Calibration data A: 1450 B:400 C:4095 D:1000
DEBUG [Cali.cpp:87] @ 0.196812s :Calibration directory path: .\Cali-14110095.xml
DEBUG [Cali.cpp:88] @ 0.196825s :Calibration file name: Cali-14110095.xml
DEBUG [Cali.cpp:98] @ 0.197028s :Calibration data A: 1450 B:400 C:4095 D:1000
DEBUG [IRImager.cpp:300] @ 0.197072s :No temperature range configuration specified. Setting default values tMin: -20 , tMax: 100
DEBUG [IRImager.cpp:377] @ 0.197407s :Using HID control interface
DEBUG [IRImager.cpp:417] @ 0.211915s :Initialized HID control interface to device with HW:21 FW:2025
DEBUG [IRImager.cpp:438] @ 0.211943s :Frameconfig - width(in): 160, height(in): 121, interval: 83333, max framerate: 120, HW interval: 0.00833333
DEBUG [Cali.cpp:87] @ 0.211956s :Calibration directory path: .\Cali-14110095.xml
DEBUG [Cali.cpp:88] @ 0.211964s :Calibration file name: Cali-14110095.xml
DEBUG [Cali.cpp:98] @ 0.212261s :Calibration data A: 1450 B:400 C:4095 D:1000
DEBUG [ImageProcessing.cpp:200] @ 0.236536s :Source buffer size: 38720 Width: 160 Height: 121
DEBUG [ImageProcessing.cpp:121] @ 0.3037s :Source buffer size: 38720 Width: 160 Height: 121
DEBUG [OpSource.cpp:376] @ 0.305405s :Using formats path: C:\Program Files (x86)\Optris GmbH\IrDirectSDK\examples\matlab\Formats.def
DEBUG [OpSource.cpp:628] @ 0.306364s :Format found with size: 160
DEBUG [OpSource.cpp:791] @ 0.306587s :Selected Format:"PI160 160x120 @ 120Hz"
DEBUG [IRImager.cpp:844] @ 0.306901s :Caught onFrameInit with size: 160x120
DEBUG [OpSource.cpp:376] @ 0.308731s :Using formats path: C:\Program Files (x86)\Optris GmbH\IrDirectSDK\examples\matlab\Formats.def
DEBUG [OpSource.cpp:628] @ 0.309557s :Format found with size: 160
DEBUG [OpSource.cpp:376] @ 0.310418s :Using formats path: C:\Program Files (x86)\Optris GmbH\IrDirectSDK\examples\matlab\Formats.def
DEBUG [OpCorr.cpp:467] @ 0.321569s :Read cali: .\Cali-14110095.xml\Cali-14110095-48-M20-100.dat
DEBUG [OpCorr.cpp:557] @ 0.322379s :Read calibration of camera no 14110095, # of fields: 6 , start of fields: 40
DEBUG [ImageProcessing.cpp:1108] @ 0.625442s :Update flag temperature: 32.5156
DEBUG [ImageProcessing.cpp:1111] @ 0.633769s :Update box temperature: 30.5078
DEBUG [Cali.cpp:639] @ 0.633888s :Calibration file path: 000001DBB5B4E304/000000D8509EC5F8.xml
DEBUG [SimpleXML.cpp:238] @ 0.634499s :Failed to open file .\Cali-14110095.xml\CaliExt-14110095.xml
DEBUG [IRImager.cpp:550] @ 0.651856s :Chip heating disabled
DEBUG [IRImager.cpp:1110] @ 0.764015s :Start flag calibration
DEBUG [OpFlag.cpp:591] @ 11.4359s :SkimDiff: -8 Adjust: -737 State: 1 EMax: 8810 Emin: 2667
DEBUG [ImageProcessing.cpp:526] @ 11.4485s :Skim_Adjust 4025
DEBUG [IRImager.cpp:1124] @ 11.5651s :Finished startup calibration
DEBUG [IRImager.cpp:1175] @ 26.2829s :Automatic control of shutter flag
DEBUG [OpFlag.cpp:591] @ 26.4441s :SkimDiff: -8 Adjust: -750 State: 1 EMax: 8826 Emin: 2654
DEBUG [ImageProcessing.cpp:526] @ 26.4565s :Skim_Adjust 4024
DEBUG [IRImager.cpp:1175] @ 41.2921s :Automatic control of shutter flag
DEBUG [OpFlag.cpp:591] @ 41.452s :SkimDiff: -8 Adjust: -721 State: 1 EMax: 8876 Emin: 2683
DEBUG [ImageProcessing.cpp:526] @ 41.4646s :Skim_Adjust 4023
DEBUG [IRImager.cpp:1175] @ 69.4839s :Automatic control of shutter flag
DEBUG [OpFlag.cpp:591] @ 69.6606s :SkimDiff: -7 Adjust: -680 State: 1 EMax: 8922 Emin: 2724
DEBUG [ImageProcessing.cpp:526] @ 69.6726s :Skim_Adjust 4022
DEBUG [IRImager.cpp:1175] @ 251.148s :Automatic control of shutter flag
DEBUG [OpFlag.cpp:591] @ 251.324s :SkimDiff: -7 Adjust: -630 State: 1 EMax: 8982 Emin: 2774
DEBUG [ImageProcessing.cpp:526] @ 251.337s :Skim_Adjust 4021
DEBUG [IRImager.cpp:1175] @ 282.844s :Automatic control of shutter flag
DEBUG [OpFlag.cpp:591] @ 283.004s :SkimDiff: -6 Adjust: -575 State: 1 EMax: 9038 Emin: 2829
DEBUG [ImageProcessing.cpp:526] @ 283.018s :Skim_Adjust 4020
DEBUG [IRImager.cpp:1175] @ 440.603s :Automatic control of shutter flag
DEBUG [OpFlag.cpp:591] @ 440.78s :SkimDiff: -6 Adjust: -510 State: 1 EMax: 9104 Emin: 2894
DEBUG [ImageProcessing.cpp:526] @ 440.794s :Skim_Adjust 4019
DEBUG [IRImager.cpp:1175] @ 500.507s :Automatic control of shutter flag
DEBUG [OpFlag.cpp:591] @ 500.669s :SkimDiff: -5 Adjust: -450 State: 1 EMax: 9163 Emin: 2954
DEBUG [ImageProcessing.cpp:526] @ 500.682s :Skim_Adjust 4018
DEBUG [IRImager.cpp:1175] @ 536.732s :Automatic control of shutter flag
DEBUG [OpFlag.cpp:591] @ 536.91s :SkimDiff: -4 Adjust: -387 State: 1 EMax: 9226 Emin: 3017
DEBUG [ImageProcessing.cpp:526] @ 536.922s :Skim_Adjust 4017
DEBUG [IRImager.cpp:1175] @ 1014.14s :Automatic control of shutter flag
DEBUG [OpFlag.cpp:591] @ 1014.33s :SkimDiff: -4 Adjust: -328 State: 1 EMax: 9287 Emin: 3076
DEBUG [ImageProcessing.cpp:526] @ 1014.35s :Skim_Adjust 4016
DEBUG [IRImager.cpp:1175] @ 1031.26s :Automatic control of shutter flag
DEBUG [OpFlag.cpp:591] @ 1031.44s :SkimDiff: -3 Adjust: -270 State: 1 EMax: 9346 Emin: 3134
DEBUG [ImageProcessing.cpp:526] @ 1031.45s :Skim_Adjust 4015
