DEBUG [IRLogger.cpp:105] @ 0.0003461s :***************************************************
DEBUG [IRLogger.cpp:106] @ 0.0004313s :* IRImagerDirect SDK                              *
DEBUG [IRLogger.cpp:107] @ 0.0004539s :***************************************************
DEBUG [IRLogger.cpp:113] @ 0.00047s :* Native Machine:      AMD64
DEBUG [IRLogger.cpp:114] @ 0.0004842s :* Machine:             AMD64
DEBUG [IRLogger.cpp:116] @ 0.0005064s :* OS:                  Windows 10 0 26100
DEBUG [IRLogger.cpp:123] @ 0.0005196s :***************************************************
DEBUG [IRDeviceParams.cpp:204] @ 0.0022574s :Parameters
DEBUG [IRDeviceParams.cpp:205] @ 0.0022839s :serial: 14110095
DEBUG [IRDeviceParams.cpp:206] @ 0.0022951s :videoformatindex: 0
DEBUG [IRDeviceParams.cpp:207] @ 0.0023665s :fov: 0
DEBUG [IRDeviceParams.cpp:208] @ 0.0023808s :optics_text: 0000000000000000
DEBUG [IRDeviceParams.cpp:209] @ 0.0023903s :formatspath: 000001640A55AB30
DEBUG [IRDeviceParams.cpp:210] @ 0.0024029s :calipath: 000001640A3A7A90
DEBUG [IRDeviceParams.cpp:211] @ 0.0024123s :temperature min: 0
DEBUG [IRDeviceParams.cpp:212] @ 0.0024205s :temperature max: 0
DEBUG [IRDeviceParams.cpp:213] @ 0.0024301s :framerate: 32
DEBUG [IRDeviceParams.cpp:214] @ 0.0024384s :bispectral: 0
DEBUG [IRDeviceParams.cpp:215] @ 0.0024475s :flag automatic: 1
DEBUG [IRDeviceParams.cpp:216] @ 0.0024562s :min interval: 15
DEBUG [IRDeviceParams.cpp:217] @ 0.0024655s :max interval: 0
DEBUG [IRDeviceParams.cpp:218] @ 0.0024744s :chip heating mode: 0
DEBUG [IRDeviceParams.cpp:219] @ 0.0024833s :chip heating fixed val: 40
DEBUG [IRDeviceParams.cpp:220] @ 0.0024927s :focus:  -1
DEBUG [IRDeviceParams.cpp:221] @ 0.0025028s :enable extended temp range: 0
DEBUG [IRDeviceParams.cpp:222] @ 0.002512s :buffer queue size: 5
DEBUG [IRDeviceParams.cpp:223] @ 0.0025209s :enable high precision: 0
DEBUG [IRDeviceParams.cpp:224] @ 0.0025302s :radialDistortionCorrectionMode: 0
DEBUG [IRDeviceParams.cpp:225] @ 0.0025392s :deviceAPI: 0
DEBUG [IRDeviceParams.cpp:226] @ 0.0025477s :useExternalProbeForReferencing: 0
DEBUG [IRDeviceParams.cpp:227] @ 0.0025751s :enableMultiThreading: 0
DEBUG [IRDeviceParams.cpp:232] @ 0.0025918s :ethernetDevice.deviceIpAddress: 0.0.0.0
DEBUG [IRDeviceParams.cpp:233] @ 0.0026013s :ethernetDevice.localUdpPort: 0
DEBUG [IRDeviceParams.cpp:234] @ 0.0026967s :ethernetDevice.checkUdpSenderIp: 1
DEBUG [Cali.cpp:87] @ 0.291162s :Calibration directory path: .\Cali-14110095.xml
DEBUG [Cali.cpp:88] @ 0.291189s :Calibration file name: Cali-14110095.xml
DEBUG [Cali.cpp:98] @ 0.291454s :Calibration data A: 1450 B:400 C:4095 D:1000
INFO [IRImager.cpp:266] @ 0.29242s :Init thermal imager to 14110095 with size: 160x121@120 Hz
DEBUG [Cali.cpp:87] @ 0.292684s :Calibration directory path: .\Cali-14110095.xml
DEBUG [Cali.cpp:88] @ 0.292694s :Calibration file name: Cali-14110095.xml
DEBUG [Cali.cpp:98] @ 0.29292s :Calibration data A: 1450 B:400 C:4095 D:1000
DEBUG [Cali.cpp:87] @ 0.29357s :Calibration directory path: .\Cali-14110095.xml
DEBUG [Cali.cpp:88] @ 0.293582s :Calibration file name: Cali-14110095.xml
DEBUG [Cali.cpp:98] @ 0.293786s :Calibration data A: 1450 B:400 C:4095 D:1000
DEBUG [IRImager.cpp:300] @ 0.293828s :No temperature range configuration specified. Setting default values tMin: -20 , tMax: 100
DEBUG [IRImager.cpp:377] @ 0.294141s :Using HID control interface
DEBUG [IRImager.cpp:417] @ 0.309243s :Initialized HID control interface to device with HW:21 FW:2025
DEBUG [IRImager.cpp:438] @ 0.309287s :Frameconfig - width(in): 160, height(in): 121, interval: 83333, max framerate: 120, HW interval: 0.00833333
DEBUG [Cali.cpp:87] @ 0.309308s :Calibration directory path: .\Cali-14110095.xml
DEBUG [Cali.cpp:88] @ 0.309319s :Calibration file name: Cali-14110095.xml
DEBUG [Cali.cpp:98] @ 0.309765s :Calibration data A: 1450 B:400 C:4095 D:1000
DEBUG [ImageProcessing.cpp:200] @ 0.334031s :Source buffer size: 38720 Width: 160 Height: 121
DEBUG [ImageProcessing.cpp:121] @ 0.408421s :Source buffer size: 38720 Width: 160 Height: 121
DEBUG [OpSource.cpp:376] @ 0.409753s :Using formats path: C:\Program Files (x86)\Optris GmbH\IrDirectSDK\examples\matlab\Formats.def
DEBUG [OpSource.cpp:628] @ 0.410571s :Format found with size: 160
DEBUG [OpSource.cpp:791] @ 0.410755s :Selected Format:"PI160 160x120 @ 120Hz"
DEBUG [IRImager.cpp:844] @ 0.411213s :Caught onFrameInit with size: 160x120
DEBUG [OpSource.cpp:376] @ 0.412369s :Using formats path: C:\Program Files (x86)\Optris GmbH\IrDirectSDK\examples\matlab\Formats.def
DEBUG [OpSource.cpp:628] @ 0.41298s :Format found with size: 160
DEBUG [OpSource.cpp:376] @ 0.413731s :Using formats path: C:\Program Files (x86)\Optris GmbH\IrDirectSDK\examples\matlab\Formats.def
DEBUG [OpCorr.cpp:467] @ 0.418269s :Read cali: .\Cali-14110095.xml\Cali-14110095-48-M20-100.dat
DEBUG [OpCorr.cpp:557] @ 0.41917s :Read calibration of camera no 14110095, # of fields: 6 , start of fields: 40
DEBUG [ImageProcessing.cpp:1108] @ 0.722952s :Update flag temperature: 30.0078
DEBUG [ImageProcessing.cpp:1111] @ 0.731202s :Update box temperature: 27.9688
DEBUG [Cali.cpp:639] @ 0.731285s :Calibration file path: 00000164154EC564/00000025D39ECAE8.xml
DEBUG [SimpleXML.cpp:238] @ 0.731744s :Failed to open file .\Cali-14110095.xml\CaliExt-14110095.xml
DEBUG [IRImager.cpp:550] @ 0.746861s :Chip heating disabled
DEBUG [IRImager.cpp:1110] @ 0.963587s :Start flag calibration
DEBUG [OpFlag.cpp:591] @ 11.6355s :SkimDiff: -11 Adjust: -1093 State: 1 EMax: 8347 Emin: 2311
DEBUG [ImageProcessing.cpp:526] @ 11.6476s :Skim_Adjust 4015
DEBUG [IRImager.cpp:1124] @ 11.7646s :Finished startup calibration
DEBUG [IRImager.cpp:1175] @ 26.4843s :Automatic control of shutter flag
DEBUG [OpFlag.cpp:591] @ 26.6444s :SkimDiff: -5 Adjust: -449 State: 1 EMax: 8986 Emin: 2955
DEBUG [ImageProcessing.cpp:526] @ 26.657s :Skim_Adjust 4014
DEBUG [IRImager.cpp:665] @ 200.615s :Release imager
DEBUG [BaseControlDevice.cpp:26] @ 200.651s :Base destructor called
DEBUG [IRImager.cpp:672] @ 200.651s :Delete image processing
DEBUG [IRImager.cpp:679] @ 200.665s :Delete buffer
DEBUG [IRImager.cpp:687] @ 200.665s :Delete source buffer
DEBUG [IRImager.cpp:694] @ 200.665s :Delete buffer (energy)
DEBUG [IRImager.cpp:701] @ 200.665s :Delete timer
DEBUG [IRImager.cpp:707] @ 200.666s :Delete manual timer
