DEBUG [IRLogger.cpp:105] @ 0.0003088s :***************************************************
DEBUG [IRLogger.cpp:106] @ 0.0003885s :* IRImagerDirect SDK                              *
DEBUG [IRLogger.cpp:107] @ 0.0004573s :***************************************************
DEBUG [IRLogger.cpp:113] @ 0.0005182s :* Native Machine:      AMD64
DEBUG [IRLogger.cpp:114] @ 0.0006504s :* Machine:             AMD64
DEBUG [IRLogger.cpp:116] @ 0.0007001s :* OS:                  Windows 10 0 26100
DEBUG [IRLogger.cpp:123] @ 0.0007146s :***************************************************
DEBUG [IRDeviceParams.cpp:204] @ 0.0024433s :Parameters
DEBUG [IRDeviceParams.cpp:205] @ 0.002462s :serial: 14110095
DEBUG [IRDeviceParams.cpp:206] @ 0.0024697s :videoformatindex: 0
DEBUG [IRDeviceParams.cpp:207] @ 0.0025678s :fov: 0
DEBUG [IRDeviceParams.cpp:208] @ 0.0025789s :optics_text: 0000000000000000
DEBUG [IRDeviceParams.cpp:209] @ 0.0025861s :formatspath: 000001724AF87CA0
DEBUG [IRDeviceParams.cpp:210] @ 0.0025942s :calipath: 00000172430A0F10
DEBUG [IRDeviceParams.cpp:211] @ 0.0026012s :temperature min: 0
DEBUG [IRDeviceParams.cpp:212] @ 0.0026078s :temperature max: 0
DEBUG [IRDeviceParams.cpp:213] @ 0.0026157s :framerate: 32
DEBUG [IRDeviceParams.cpp:214] @ 0.0026222s :bispectral: 0
DEBUG [IRDeviceParams.cpp:215] @ 0.0026286s :flag automatic: 1
DEBUG [IRDeviceParams.cpp:216] @ 0.0026358s :min interval: 15
DEBUG [IRDeviceParams.cpp:217] @ 0.0026428s :max interval: 0
DEBUG [IRDeviceParams.cpp:218] @ 0.0026498s :chip heating mode: 0
DEBUG [IRDeviceParams.cpp:219] @ 0.0026568s :chip heating fixed val: 40
DEBUG [IRDeviceParams.cpp:220] @ 0.0026639s :focus:  -1
DEBUG [IRDeviceParams.cpp:221] @ 0.0026721s :enable extended temp range: 0
DEBUG [IRDeviceParams.cpp:222] @ 0.0026793s :buffer queue size: 5
DEBUG [IRDeviceParams.cpp:223] @ 0.0026861s :enable high precision: 0
DEBUG [IRDeviceParams.cpp:224] @ 0.0026933s :radialDistortionCorrectionMode: 0
DEBUG [IRDeviceParams.cpp:225] @ 0.0027001s :deviceAPI: 0
DEBUG [IRDeviceParams.cpp:226] @ 0.0027067s :useExternalProbeForReferencing: 0
DEBUG [IRDeviceParams.cpp:227] @ 0.0027135s :enableMultiThreading: 0
DEBUG [IRDeviceParams.cpp:232] @ 0.0027219s :ethernetDevice.deviceIpAddress: 0.0.0.0
DEBUG [IRDeviceParams.cpp:233] @ 0.002729s :ethernetDevice.localUdpPort: 0
DEBUG [IRDeviceParams.cpp:234] @ 0.0027359s :ethernetDevice.checkUdpSenderIp: 1
DEBUG [Cali.cpp:87] @ 0.285773s :Calibration directory path: .\Cali-14110095.xml
DEBUG [Cali.cpp:88] @ 0.285828s :Calibration file name: Cali-14110095.xml
DEBUG [Cali.cpp:98] @ 0.286415s :Calibration data A: 1450 B:400 C:4095 D:1000
INFO [IRImager.cpp:266] @ 0.288391s :Init thermal imager to 14110095 with size: 160x121@120 Hz
DEBUG [Cali.cpp:87] @ 0.288896s :Calibration directory path: .\Cali-14110095.xml
DEBUG [Cali.cpp:88] @ 0.288919s :Calibration file name: Cali-14110095.xml
DEBUG [Cali.cpp:98] @ 0.289306s :Calibration data A: 1450 B:400 C:4095 D:1000
DEBUG [Cali.cpp:87] @ 0.290441s :Calibration directory path: .\Cali-14110095.xml
DEBUG [Cali.cpp:88] @ 0.290465s :Calibration file name: Cali-14110095.xml
DEBUG [Cali.cpp:98] @ 0.290802s :Calibration data A: 1450 B:400 C:4095 D:1000
DEBUG [IRImager.cpp:300] @ 0.290873s :No temperature range configuration specified. Setting default values tMin: -20 , tMax: 100
DEBUG [IRImager.cpp:377] @ 0.291356s :Using HID control interface
DEBUG [IRImager.cpp:417] @ 0.311024s :Initialized HID control interface to device with HW:21 FW:2025
DEBUG [IRImager.cpp:438] @ 0.311093s :Frameconfig - width(in): 160, height(in): 121, interval: 83333, max framerate: 120, HW interval: 0.00833333
DEBUG [Cali.cpp:87] @ 0.311128s :Calibration directory path: .\Cali-14110095.xml
DEBUG [Cali.cpp:88] @ 0.311145s :Calibration file name: Cali-14110095.xml
DEBUG [Cali.cpp:98] @ 0.311775s :Calibration data A: 1450 B:400 C:4095 D:1000
DEBUG [ImageProcessing.cpp:200] @ 0.327414s :Source buffer size: 38720 Width: 160 Height: 121
DEBUG [ImageProcessing.cpp:121] @ 0.393815s :Source buffer size: 38720 Width: 160 Height: 121
DEBUG [OpSource.cpp:376] @ 0.395096s :Using formats path: C:\Program Files (x86)\Optris GmbH\IrDirectSDK\examples\matlab\Formats.def
DEBUG [OpSource.cpp:628] @ 0.395922s :Format found with size: 160
DEBUG [OpSource.cpp:791] @ 0.396106s :Selected Format:"PI160 160x120 @ 120Hz"
DEBUG [IRImager.cpp:844] @ 0.396339s :Caught onFrameInit with size: 160x120
DEBUG [OpSource.cpp:376] @ 0.397897s :Using formats path: C:\Program Files (x86)\Optris GmbH\IrDirectSDK\examples\matlab\Formats.def
DEBUG [OpSource.cpp:628] @ 0.398438s :Format found with size: 160
DEBUG [OpSource.cpp:376] @ 0.399129s :Using formats path: C:\Program Files (x86)\Optris GmbH\IrDirectSDK\examples\matlab\Formats.def
DEBUG [OpCorr.cpp:467] @ 0.411936s :Read cali: .\Cali-14110095.xml\Cali-14110095-48-M20-100.dat
DEBUG [OpCorr.cpp:557] @ 0.412595s :Read calibration of camera no 14110095, # of fields: 6 , start of fields: 40
DEBUG [ImageProcessing.cpp:1108] @ 0.708193s :Update flag temperature: 30.8672
DEBUG [ImageProcessing.cpp:1111] @ 0.716347s :Update box temperature: 29.2656
DEBUG [Cali.cpp:639] @ 0.716408s :Calibration file path: 000001724AFEE4A4/00000013095ECA78.xml
DEBUG [SimpleXML.cpp:238] @ 0.716783s :Failed to open file .\Cali-14110095.xml\CaliExt-14110095.xml
DEBUG [IRImager.cpp:550] @ 0.73007s :Chip heating disabled
DEBUG [IRImager.cpp:1110] @ 0.861246s :Start flag calibration
DEBUG [OpFlag.cpp:591] @ 11.5327s :SkimDiff: -10 Adjust: -901 State: 1 EMax: 8495 Emin: 2503
DEBUG [ImageProcessing.cpp:526] @ 11.5459s :Skim_Adjust 4016
DEBUG [IRImager.cpp:1124] @ 11.6612s :Finished startup calibration
DEBUG [IRImager.cpp:1175] @ 26.3807s :Automatic control of shutter flag
DEBUG [OpFlag.cpp:591] @ 26.5426s :SkimDiff: -4 Adjust: -365 State: 1 EMax: 9052 Emin: 3039
DEBUG [ImageProcessing.cpp:526] @ 26.5702s :Skim_Adjust 4015
DEBUG [IRImager.cpp:665] @ 29.6424s :Release imager
DEBUG [BaseControlDevice.cpp:26] @ 29.7002s :Base destructor called
DEBUG [IRImager.cpp:672] @ 29.7005s :Delete image processing
DEBUG [IRImager.cpp:679] @ 29.707s :Delete buffer
DEBUG [IRImager.cpp:687] @ 29.7072s :Delete source buffer
DEBUG [IRImager.cpp:694] @ 29.7073s :Delete buffer (energy)
DEBUG [IRImager.cpp:701] @ 29.7074s :Delete timer
DEBUG [IRImager.cpp:707] @ 29.7075s :Delete manual timer
