DEBUG [IRLogger.cpp:105] @ 0.0003034s :***************************************************
DEBUG [IRLogger.cpp:106] @ 0.0003752s :* IRImagerDirect SDK                              *
DEBUG [IRLogger.cpp:107] @ 0.0003949s :***************************************************
DEBUG [IRLogger.cpp:113] @ 0.0004093s :* Native Machine:      AMD64
DEBUG [IRLogger.cpp:114] @ 0.0004213s :* Machine:             AMD64
DEBUG [IRLogger.cpp:116] @ 0.0004411s :* OS:                  Windows 10 0 26100
DEBUG [IRLogger.cpp:123] @ 0.0004518s :***************************************************
DEBUG [IRDeviceParams.cpp:204] @ 0.002152s :Parameters
DEBUG [IRDeviceParams.cpp:205] @ 0.0021697s :serial: 14110095
DEBUG [IRDeviceParams.cpp:206] @ 0.0021775s :videoformatindex: 0
DEBUG [IRDeviceParams.cpp:207] @ 0.0021845s :fov: 0
DEBUG [IRDeviceParams.cpp:208] @ 0.002192s :optics_text: 0000000000000000
DEBUG [IRDeviceParams.cpp:209] @ 0.0021997s :formatspath: 000002A504F30E90
DEBUG [IRDeviceParams.cpp:210] @ 0.0022079s :calipath: 000002A50F3CAD10
DEBUG [IRDeviceParams.cpp:211] @ 0.0022146s :temperature min: 0
DEBUG [IRDeviceParams.cpp:212] @ 0.0022225s :temperature max: 0
DEBUG [IRDeviceParams.cpp:213] @ 0.0022299s :framerate: 32
DEBUG [IRDeviceParams.cpp:214] @ 0.0022363s :bispectral: 0
DEBUG [IRDeviceParams.cpp:215] @ 0.0022427s :flag automatic: 1
DEBUG [IRDeviceParams.cpp:216] @ 0.0022497s :min interval: 15
DEBUG [IRDeviceParams.cpp:217] @ 0.0022568s :max interval: 0
DEBUG [IRDeviceParams.cpp:218] @ 0.0022636s :chip heating mode: 0
DEBUG [IRDeviceParams.cpp:219] @ 0.0022706s :chip heating fixed val: 40
DEBUG [IRDeviceParams.cpp:220] @ 0.0022778s :focus:  -1
DEBUG [IRDeviceParams.cpp:221] @ 0.0022857s :enable extended temp range: 0
DEBUG [IRDeviceParams.cpp:222] @ 0.0022932s :buffer queue size: 5
DEBUG [IRDeviceParams.cpp:223] @ 0.0022999s :enable high precision: 0
DEBUG [IRDeviceParams.cpp:224] @ 0.0023066s :radialDistortionCorrectionMode: 0
DEBUG [IRDeviceParams.cpp:225] @ 0.0023135s :deviceAPI: 0
DEBUG [IRDeviceParams.cpp:226] @ 0.0023205s :useExternalProbeForReferencing: 0
DEBUG [IRDeviceParams.cpp:227] @ 0.0023271s :enableMultiThreading: 0
DEBUG [IRDeviceParams.cpp:232] @ 0.0023355s :ethernetDevice.deviceIpAddress: 0.0.0.0
DEBUG [IRDeviceParams.cpp:233] @ 0.002342s :ethernetDevice.localUdpPort: 0
DEBUG [IRDeviceParams.cpp:234] @ 0.0023486s :ethernetDevice.checkUdpSenderIp: 1
DEBUG [Cali.cpp:87] @ 0.369256s :Calibration directory path: .\Cali-14110095.xml
DEBUG [Cali.cpp:88] @ 0.369283s :Calibration file name: Cali-14110095.xml
DEBUG [Cali.cpp:98] @ 0.3696s :Calibration data A: 1450 B:400 C:4095 D:1000
INFO [IRImager.cpp:266] @ 0.370935s :Init thermal imager to 14110095 with size: 160x121@120 Hz
DEBUG [Cali.cpp:87] @ 0.371259s :Calibration directory path: .\Cali-14110095.xml
DEBUG [Cali.cpp:88] @ 0.371271s :Calibration file name: Cali-14110095.xml
DEBUG [Cali.cpp:98] @ 0.371527s :Calibration data A: 1450 B:400 C:4095 D:1000
DEBUG [Cali.cpp:87] @ 0.372263s :Calibration directory path: .\Cali-14110095.xml
DEBUG [Cali.cpp:88] @ 0.372278s :Calibration file name: Cali-14110095.xml
DEBUG [Cali.cpp:98] @ 0.372494s :Calibration data A: 1450 B:400 C:4095 D:1000
DEBUG [IRImager.cpp:300] @ 0.372544s :No temperature range configuration specified. Setting default values tMin: -20 , tMax: 100
DEBUG [IRImager.cpp:377] @ 0.372918s :Using HID control interface
DEBUG [IRImager.cpp:417] @ 0.395808s :Initialized HID control interface to device with HW:21 FW:2025
DEBUG [IRImager.cpp:438] @ 0.395882s :Frameconfig - width(in): 160, height(in): 121, interval: 83333, max framerate: 120, HW interval: 0.00833333
DEBUG [Cali.cpp:87] @ 0.395911s :Calibration directory path: .\Cali-14110095.xml
DEBUG [Cali.cpp:88] @ 0.395927s :Calibration file name: Cali-14110095.xml
DEBUG [Cali.cpp:98] @ 0.396563s :Calibration data A: 1450 B:400 C:4095 D:1000
DEBUG [ImageProcessing.cpp:200] @ 0.420062s :Source buffer size: 38720 Width: 160 Height: 121
DEBUG [ImageProcessing.cpp:121] @ 0.478048s :Source buffer size: 38720 Width: 160 Height: 121
DEBUG [OpSource.cpp:376] @ 0.479095s :Using formats path: C:\Program Files (x86)\Optris GmbH\IrDirectSDK\examples\matlab\Formats.def
DEBUG [OpSource.cpp:628] @ 0.479779s :Format found with size: 160
DEBUG [OpSource.cpp:791] @ 0.479979s :Selected Format:"PI160 160x120 @ 120Hz"
DEBUG [IRImager.cpp:844] @ 0.48015s :Caught onFrameInit with size: 160x120
DEBUG [OpSource.cpp:376] @ 0.481011s :Using formats path: C:\Program Files (x86)\Optris GmbH\IrDirectSDK\examples\matlab\Formats.def
DEBUG [OpSource.cpp:628] @ 0.4814s :Format found with size: 160
DEBUG [OpSource.cpp:376] @ 0.482225s :Using formats path: C:\Program Files (x86)\Optris GmbH\IrDirectSDK\examples\matlab\Formats.def
DEBUG [OpCorr.cpp:467] @ 0.495525s :Read cali: .\Cali-14110095.xml\Cali-14110095-48-M20-100.dat
DEBUG [OpCorr.cpp:557] @ 0.495941s :Read calibration of camera no 14110095, # of fields: 6 , start of fields: 40
DEBUG [ImageProcessing.cpp:1108] @ 0.808834s :Update flag temperature: 30.0312
DEBUG [ImageProcessing.cpp:1111] @ 0.817344s :Update box temperature: 28.4141
DEBUG [Cali.cpp:639] @ 0.817457s :Calibration file path: 000002A50EA9A004/000000EA743EC618.xml
DEBUG [SimpleXML.cpp:238] @ 0.818075s :Failed to open file .\Cali-14110095.xml\CaliExt-14110095.xml
DEBUG [IRImager.cpp:550] @ 0.83766s :Chip heating disabled
DEBUG [IRImager.cpp:1110] @ 0.94349s :Start flag calibration
DEBUG [OpFlag.cpp:591] @ 11.6172s :SkimDiff: -10 Adjust: -988 State: 1 EMax: 8368 Emin: 2416
DEBUG [ImageProcessing.cpp:526] @ 11.6298s :Skim_Adjust 4016
DEBUG [IRImager.cpp:1124] @ 11.7442s :Finished startup calibration
DEBUG [IRImager.cpp:1175] @ 26.4642s :Automatic control of shutter flag
DEBUG [OpFlag.cpp:591] @ 26.624s :SkimDiff: -5 Adjust: -436 State: 1 EMax: 8918 Emin: 2968
DEBUG [ImageProcessing.cpp:526] @ 26.6362s :Skim_Adjust 4015
DEBUG [IRImager.cpp:1175] @ 43.1356s :Automatic control of shutter flag
DEBUG [OpFlag.cpp:591] @ 43.3134s :SkimDiff: -4 Adjust: -387 State: 1 EMax: 8981 Emin: 3017
DEBUG [ImageProcessing.cpp:526] @ 43.3265s :Skim_Adjust 4014
DEBUG [IRImager.cpp:1175] @ 71.6796s :Automatic control of shutter flag
DEBUG [OpFlag.cpp:591] @ 71.8566s :SkimDiff: -4 Adjust: -339 State: 1 EMax: 9039 Emin: 3065
DEBUG [ImageProcessing.cpp:526] @ 71.8694s :Skim_Adjust 4013
DEBUG [IRImager.cpp:1175] @ 107.952s :Automatic control of shutter flag
DEBUG [OpFlag.cpp:591] @ 108.128s :SkimDiff: -3 Adjust: -281 State: 1 EMax: 9108 Emin: 3123
DEBUG [ImageProcessing.cpp:526] @ 108.141s :Skim_Adjust 4012
DEBUG [IRImager.cpp:1175] @ 122.975s :Automatic control of shutter flag
DEBUG [OpFlag.cpp:591] @ 123.135s :SkimDiff: -3 Adjust: -231 State: 1 EMax: 9173 Emin: 3173
DEBUG [ImageProcessing.cpp:526] @ 123.147s :Skim_Adjust 4011
DEBUG [IRImager.cpp:1175] @ 143.936s :Automatic control of shutter flag
DEBUG [OpFlag.cpp:591] @ 144.112s :SkimDiff: -2 Adjust: -176 State: 1 EMax: 9229 Emin: 3228
DEBUG [ImageProcessing.cpp:526] @ 144.125s :Skim_Adjust 4010
DEBUG [IRImager.cpp:1175] @ 180.783s :Automatic control of shutter flag
DEBUG [OpFlag.cpp:591] @ 180.959s :SkimDiff: -2 Adjust: -114 State: 1 EMax: 9293 Emin: 3290
DEBUG [ImageProcessing.cpp:526] @ 180.971s :Skim_Adjust 4009
DEBUG [IRImager.cpp:1175] @ 209.487s :Automatic control of shutter flag
DEBUG [OpFlag.cpp:591] @ 209.647s :SkimDiff: -1 Adjust: -51 State: 1 EMax: 9365 Emin: 3353
DEBUG [ImageProcessing.cpp:526] @ 209.66s :Skim_Adjust 4008
DEBUG [IRImager.cpp:1175] @ 228.303s :Automatic control of shutter flag
DEBUG [OpFlag.cpp:591] @ 228.479s :SkimDiff: -1 Adjust: -2 State: 1 EMax: 9422 Emin: 3402
DEBUG [ImageProcessing.cpp:526] @ 228.492s :Skim_Adjust 4007
DEBUG [IRImager.cpp:1175] @ 259.007s :Automatic control of shutter flag
DEBUG [OpFlag.cpp:591] @ 259.183s :SkimDiff: 0 Adjust: 0 State: 0 EMax: 9492 Emin: 3459
DEBUG [IRImager.cpp:1175] @ 279.838s :Automatic control of shutter flag
DEBUG [OpFlag.cpp:591] @ 279.999s :SkimDiff: 0 Adjust: 0 State: 0 EMax: 9497 Emin: 3466
DEBUG [IRImager.cpp:1175] @ 319.262s :Automatic control of shutter flag
DEBUG [OpFlag.cpp:591] @ 319.423s :SkimDiff: 0 Adjust: 0 State: 0 EMax: 9506 Emin: 3470
DEBUG [IRImager.cpp:1175] @ 337.919s :Automatic control of shutter flag
DEBUG [OpFlag.cpp:591] @ 338.079s :SkimDiff: 0 Adjust: 0 State: 0 EMax: 9515 Emin: 3480
DEBUG [IRImager.cpp:1175] @ 386.447s :Automatic control of shutter flag
DEBUG [OpFlag.cpp:591] @ 386.622s :SkimDiff: 0 Adjust: 0 State: 0 EMax: 9532 Emin: 3483
DEBUG [IRImager.cpp:1175] @ 408.751s :Automatic control of shutter flag
DEBUG [OpFlag.cpp:591] @ 408.926s :SkimDiff: 0 Adjust: 0 State: 0 EMax: 9537 Emin: 3485
DEBUG [IRImager.cpp:1175] @ 444.35s :Automatic control of shutter flag
DEBUG [OpFlag.cpp:591] @ 444.51s :SkimDiff: 0 Adjust: 0 State: 0 EMax: 9545 Emin: 3490
DEBUG [IRImager.cpp:1175] @ 485.582s :Automatic control of shutter flag
DEBUG [OpFlag.cpp:591] @ 485.742s :SkimDiff: 0 Adjust: 0 State: 0 EMax: 9563 Emin: 3493
DEBUG [IRImager.cpp:665] @ 503.315s :Release imager
DEBUG [BaseControlDevice.cpp:26] @ 503.35s :Base destructor called
DEBUG [IRImager.cpp:672] @ 503.35s :Delete image processing
DEBUG [IRImager.cpp:679] @ 503.363s :Delete buffer
DEBUG [IRImager.cpp:687] @ 503.363s :Delete source buffer
DEBUG [IRImager.cpp:694] @ 503.363s :Delete buffer (energy)
DEBUG [IRImager.cpp:701] @ 503.363s :Delete timer
DEBUG [IRImager.cpp:707] @ 503.363s :Delete manual timer
