DEBUG [IRLogger.cpp:105] @ 0.0004848s :***************************************************
DEBUG [IRLogger.cpp:106] @ 0.0006258s :* IRImagerDirect SDK                              *
DEBUG [IRLogger.cpp:107] @ 0.0006968s :***************************************************
DEBUG [IRLogger.cpp:113] @ 0.0007245s :* Native Machine:      AMD64
DEBUG [IRLogger.cpp:114] @ 0.0007392s :* Machine:             AMD64
DEBUG [IRLogger.cpp:116] @ 0.0007615s :* OS:                  Windows 10 0 26100
DEBUG [IRLogger.cpp:123] @ 0.0007733s :***************************************************
DEBUG [IRDeviceParams.cpp:204] @ 0.0024051s :Parameters
DEBUG [IRDeviceParams.cpp:205] @ 0.0024239s :serial: 14110095
DEBUG [IRDeviceParams.cpp:206] @ 0.0024314s :videoformatindex: 0
DEBUG [IRDeviceParams.cpp:207] @ 0.0024384s :fov: 0
DEBUG [IRDeviceParams.cpp:208] @ 0.002446s :optics_text: 0000000000000000
DEBUG [IRDeviceParams.cpp:209] @ 0.0024529s :formatspath: 000001C723884AB0
DEBUG [IRDeviceParams.cpp:210] @ 0.0024605s :calipath: 000001C72DA66F40
DEBUG [IRDeviceParams.cpp:211] @ 0.0024671s :temperature min: 0
DEBUG [IRDeviceParams.cpp:212] @ 0.002474s :temperature max: 0
DEBUG [IRDeviceParams.cpp:213] @ 0.0024815s :framerate: 32
DEBUG [IRDeviceParams.cpp:214] @ 0.0024881s :bispectral: 0
DEBUG [IRDeviceParams.cpp:215] @ 0.0024946s :flag automatic: 1
DEBUG [IRDeviceParams.cpp:216] @ 0.0025016s :min interval: 15
DEBUG [IRDeviceParams.cpp:217] @ 0.0025087s :max interval: 0
DEBUG [IRDeviceParams.cpp:218] @ 0.0025155s :chip heating mode: 0
DEBUG [IRDeviceParams.cpp:219] @ 0.0025235s :chip heating fixed val: 40
DEBUG [IRDeviceParams.cpp:220] @ 0.0025304s :focus:  -1
DEBUG [IRDeviceParams.cpp:221] @ 0.0025381s :enable extended temp range: 0
DEBUG [IRDeviceParams.cpp:222] @ 0.0025451s :buffer queue size: 5
DEBUG [IRDeviceParams.cpp:223] @ 0.0025516s :enable high precision: 0
DEBUG [IRDeviceParams.cpp:224] @ 0.0025582s :radialDistortionCorrectionMode: 0
DEBUG [IRDeviceParams.cpp:225] @ 0.0025651s :deviceAPI: 0
DEBUG [IRDeviceParams.cpp:226] @ 0.0025716s :useExternalProbeForReferencing: 0
DEBUG [IRDeviceParams.cpp:227] @ 0.002578s :enableMultiThreading: 0
DEBUG [IRDeviceParams.cpp:232] @ 0.0025864s :ethernetDevice.deviceIpAddress: 0.0.0.0
DEBUG [IRDeviceParams.cpp:233] @ 0.0025931s :ethernetDevice.localUdpPort: 0
DEBUG [IRDeviceParams.cpp:234] @ 0.0025995s :ethernetDevice.checkUdpSenderIp: 1
DEBUG [Cali.cpp:87] @ 0.208086s :Calibration directory path: .\Cali-14110095.xml
DEBUG [Cali.cpp:88] @ 0.208113s :Calibration file name: Cali-14110095.xml
DEBUG [Cali.cpp:98] @ 0.208382s :Calibration data A: 1450 B:400 C:4095 D:1000
INFO [IRImager.cpp:266] @ 0.20937s :Init thermal imager to 14110095 with size: 160x121@120 Hz
DEBUG [Cali.cpp:87] @ 0.209637s :Calibration directory path: .\Cali-14110095.xml
DEBUG [Cali.cpp:88] @ 0.209648s :Calibration file name: Cali-14110095.xml
DEBUG [Cali.cpp:98] @ 0.209878s :Calibration data A: 1450 B:400 C:4095 D:1000
DEBUG [Cali.cpp:87] @ 0.210576s :Calibration directory path: .\Cali-14110095.xml
DEBUG [Cali.cpp:88] @ 0.21059s :Calibration file name: Cali-14110095.xml
DEBUG [Cali.cpp:98] @ 0.210789s :Calibration data A: 1450 B:400 C:4095 D:1000
DEBUG [IRImager.cpp:300] @ 0.210832s :No temperature range configuration specified. Setting default values tMin: -20 , tMax: 100
DEBUG [IRImager.cpp:377] @ 0.211161s :Using HID control interface
DEBUG [IRImager.cpp:417] @ 0.229097s :Initialized HID control interface to device with HW:21 FW:2025
DEBUG [IRImager.cpp:438] @ 0.229129s :Frameconfig - width(in): 160, height(in): 121, interval: 83333, max framerate: 120, HW interval: 0.00833333
DEBUG [Cali.cpp:87] @ 0.229145s :Calibration directory path: .\Cali-14110095.xml
DEBUG [Cali.cpp:88] @ 0.229153s :Calibration file name: Cali-14110095.xml
DEBUG [Cali.cpp:98] @ 0.229474s :Calibration data A: 1450 B:400 C:4095 D:1000
DEBUG [ImageProcessing.cpp:200] @ 0.253799s :Source buffer size: 38720 Width: 160 Height: 121
DEBUG [ImageProcessing.cpp:121] @ 0.328377s :Source buffer size: 38720 Width: 160 Height: 121
DEBUG [OpSource.cpp:376] @ 0.3295s :Using formats path: C:\Program Files (x86)\Optris GmbH\IrDirectSDK\examples\matlab\Formats.def
DEBUG [OpSource.cpp:628] @ 0.330178s :Format found with size: 160
DEBUG [OpSource.cpp:791] @ 0.330337s :Selected Format:"PI160 160x120 @ 120Hz"
DEBUG [IRImager.cpp:844] @ 0.330531s :Caught onFrameInit with size: 160x120
DEBUG [OpSource.cpp:376] @ 0.332241s :Using formats path: C:\Program Files (x86)\Optris GmbH\IrDirectSDK\examples\matlab\Formats.def
DEBUG [OpSource.cpp:628] @ 0.332704s :Format found with size: 160
DEBUG [OpSource.cpp:376] @ 0.333302s :Using formats path: C:\Program Files (x86)\Optris GmbH\IrDirectSDK\examples\matlab\Formats.def
DEBUG [OpCorr.cpp:467] @ 0.338278s :Read cali: .\Cali-14110095.xml\Cali-14110095-48-M20-100.dat
DEBUG [OpCorr.cpp:557] @ 0.338904s :Read calibration of camera no 14110095, # of fields: 6 , start of fields: 40
DEBUG [ImageProcessing.cpp:1108] @ 0.651083s :Update flag temperature: 32
DEBUG [ImageProcessing.cpp:1111] @ 0.659253s :Update box temperature: 29.9688
DEBUG [Cali.cpp:639] @ 0.659298s :Calibration file path: 000001C72E82E114/00000096393EC858.xml
DEBUG [SimpleXML.cpp:238] @ 0.659559s :Failed to open file .\Cali-14110095.xml\CaliExt-14110095.xml
DEBUG [IRImager.cpp:550] @ 0.677494s :Chip heating disabled
DEBUG [IRImager.cpp:1110] @ 0.730152s :Start flag calibration
DEBUG [OpFlag.cpp:591] @ 11.4027s :SkimDiff: -10 Adjust: -926 State: 1 EMax: 8645 Emin: 2478
DEBUG [ImageProcessing.cpp:526] @ 11.4146s :Skim_Adjust 4016
DEBUG [IRImager.cpp:1124] @ 11.5318s :Finished startup calibration
DEBUG [IRImager.cpp:1175] @ 26.2511s :Automatic control of shutter flag
DEBUG [OpFlag.cpp:591] @ 26.4115s :SkimDiff: -4 Adjust: -325 State: 1 EMax: 9244 Emin: 3079
DEBUG [ImageProcessing.cpp:526] @ 26.4242s :Skim_Adjust 4015
DEBUG [IRImager.cpp:1175] @ 93.7857s :Automatic control of shutter flag
DEBUG [OpFlag.cpp:591] @ 93.9617s :SkimDiff: -3 Adjust: -257 State: 1 EMax: 9313 Emin: 3147
DEBUG [ImageProcessing.cpp:526] @ 93.9732s :Skim_Adjust 4014
DEBUG [IRImager.cpp:1175] @ 119.101s :Automatic control of shutter flag
DEBUG [OpFlag.cpp:591] @ 119.275s :SkimDiff: -2 Adjust: -197 State: 1 EMax: 9371 Emin: 3207
DEBUG [ImageProcessing.cpp:526] @ 119.29s :Skim_Adjust 4013
DEBUG [IRImager.cpp:1175] @ 146.603s :Automatic control of shutter flag
DEBUG [OpFlag.cpp:591] @ 146.763s :SkimDiff: -2 Adjust: -137 State: 1 EMax: 9431 Emin: 3267
DEBUG [ImageProcessing.cpp:526] @ 146.781s :Skim_Adjust 4012
DEBUG [IRImager.cpp:665] @ 156.059s :Release imager
DEBUG [BaseControlDevice.cpp:26] @ 156.107s :Base destructor called
DEBUG [IRImager.cpp:672] @ 156.107s :Delete image processing
DEBUG [IRImager.cpp:679] @ 156.119s :Delete buffer
DEBUG [IRImager.cpp:687] @ 156.119s :Delete source buffer
DEBUG [IRImager.cpp:694] @ 156.119s :Delete buffer (energy)
DEBUG [IRImager.cpp:701] @ 156.119s :Delete timer
DEBUG [IRImager.cpp:707] @ 156.119s :Delete manual timer
