DEBUG [IRLogger.cpp:105] @ 0.0009979s :***************************************************
DEBUG [IRLogger.cpp:106] @ 0.001068s :* IRImagerDirect SDK                              *
DEBUG [IRLogger.cpp:107] @ 0.0010885s :***************************************************
DEBUG [IRLogger.cpp:113] @ 0.0011037s :* Native Machine:      AMD64
DEBUG [IRLogger.cpp:114] @ 0.0011165s :* Machine:             AMD64
DEBUG [IRLogger.cpp:116] @ 0.0011365s :* OS:                  Windows 10 0 26100
DEBUG [IRLogger.cpp:123] @ 0.001148s :***************************************************
DEBUG [IRDeviceParams.cpp:204] @ 0.0028256s :Parameters
DEBUG [IRDeviceParams.cpp:205] @ 0.0028448s :serial: 14110095
DEBUG [IRDeviceParams.cpp:206] @ 0.0028534s :videoformatindex: 0
DEBUG [IRDeviceParams.cpp:207] @ 0.0028608s :fov: 0
DEBUG [IRDeviceParams.cpp:208] @ 0.0028685s :optics_text: 0000000000000000
DEBUG [IRDeviceParams.cpp:209] @ 0.0028759s :formatspath: 000001F568127710
DEBUG [IRDeviceParams.cpp:210] @ 0.0028844s :calipath: 000001F56812BC80
DEBUG [IRDeviceParams.cpp:211] @ 0.0028916s :temperature min: 0
DEBUG [IRDeviceParams.cpp:212] @ 0.0028986s :temperature max: 0
DEBUG [IRDeviceParams.cpp:213] @ 0.0029068s :framerate: 32
DEBUG [IRDeviceParams.cpp:214] @ 0.0029138s :bispectral: 0
DEBUG [IRDeviceParams.cpp:215] @ 0.0029207s :flag automatic: 1
DEBUG [IRDeviceParams.cpp:216] @ 0.002928s :min interval: 15
DEBUG [IRDeviceParams.cpp:217] @ 0.0029357s :max interval: 0
DEBUG [IRDeviceParams.cpp:218] @ 0.0029429s :chip heating mode: 0
DEBUG [IRDeviceParams.cpp:219] @ 0.0029506s :chip heating fixed val: 40
DEBUG [IRDeviceParams.cpp:220] @ 0.0029588s :focus:  -1
DEBUG [IRDeviceParams.cpp:221] @ 0.0029671s :enable extended temp range: 0
DEBUG [IRDeviceParams.cpp:222] @ 0.0029745s :buffer queue size: 5
DEBUG [IRDeviceParams.cpp:223] @ 0.0029815s :enable high precision: 0
DEBUG [IRDeviceParams.cpp:224] @ 0.0029886s :radialDistortionCorrectionMode: 0
DEBUG [IRDeviceParams.cpp:225] @ 0.0029956s :deviceAPI: 0
DEBUG [IRDeviceParams.cpp:226] @ 0.0030027s :useExternalProbeForReferencing: 0
DEBUG [IRDeviceParams.cpp:227] @ 0.0030103s :enableMultiThreading: 0
DEBUG [IRDeviceParams.cpp:232] @ 0.0030191s :ethernetDevice.deviceIpAddress: 0.0.0.0
DEBUG [IRDeviceParams.cpp:233] @ 0.0030262s :ethernetDevice.localUdpPort: 0
DEBUG [IRDeviceParams.cpp:234] @ 0.0030333s :ethernetDevice.checkUdpSenderIp: 1
DEBUG [Cali.cpp:87] @ 0.31924s :Calibration directory path: .\Cali-14110095.xml
DEBUG [Cali.cpp:88] @ 0.319267s :Calibration file name: Cali-14110095.xml
DEBUG [Cali.cpp:98] @ 0.319553s :Calibration data A: 1450 B:400 C:4095 D:1000
INFO [IRImager.cpp:266] @ 0.320569s :Init thermal imager to 14110095 with size: 160x121@120 Hz
DEBUG [Cali.cpp:87] @ 0.320839s :Calibration directory path: .\Cali-14110095.xml
DEBUG [Cali.cpp:88] @ 0.320851s :Calibration file name: Cali-14110095.xml
DEBUG [Cali.cpp:98] @ 0.321067s :Calibration data A: 1450 B:400 C:4095 D:1000
DEBUG [Cali.cpp:87] @ 0.321751s :Calibration directory path: .\Cali-14110095.xml
DEBUG [Cali.cpp:88] @ 0.321765s :Calibration file name: Cali-14110095.xml
DEBUG [Cali.cpp:98] @ 0.32197s :Calibration data A: 1450 B:400 C:4095 D:1000
DEBUG [IRImager.cpp:300] @ 0.322013s :No temperature range configuration specified. Setting default values tMin: -20 , tMax: 100
DEBUG [IRImager.cpp:377] @ 0.322315s :Using HID control interface
DEBUG [IRImager.cpp:417] @ 0.340455s :Initialized HID control interface to device with HW:21 FW:2025
DEBUG [IRImager.cpp:438] @ 0.340516s :Frameconfig - width(in): 160, height(in): 121, interval: 83333, max framerate: 120, HW interval: 0.00833333
DEBUG [Cali.cpp:87] @ 0.340538s :Calibration directory path: .\Cali-14110095.xml
DEBUG [Cali.cpp:88] @ 0.340551s :Calibration file name: Cali-14110095.xml
DEBUG [Cali.cpp:98] @ 0.340991s :Calibration data A: 1450 B:400 C:4095 D:1000
DEBUG [ImageProcessing.cpp:200] @ 0.365095s :Source buffer size: 38720 Width: 160 Height: 121
DEBUG [ImageProcessing.cpp:121] @ 0.423654s :Source buffer size: 38720 Width: 160 Height: 121
DEBUG [OpSource.cpp:376] @ 0.425058s :Using formats path: C:\Program Files (x86)\Optris GmbH\IrDirectSDK\examples\matlab\Formats.def
DEBUG [OpSource.cpp:628] @ 0.425771s :Format found with size: 160
DEBUG [OpSource.cpp:791] @ 0.425996s :Selected Format:"PI160 160x120 @ 120Hz"
DEBUG [IRImager.cpp:844] @ 0.426198s :Caught onFrameInit with size: 160x120
DEBUG [OpSource.cpp:376] @ 0.427027s :Using formats path: C:\Program Files (x86)\Optris GmbH\IrDirectSDK\examples\matlab\Formats.def
DEBUG [OpSource.cpp:628] @ 0.427459s :Format found with size: 160
DEBUG [OpSource.cpp:376] @ 0.428176s :Using formats path: C:\Program Files (x86)\Optris GmbH\IrDirectSDK\examples\matlab\Formats.def
DEBUG [OpCorr.cpp:467] @ 0.440724s :Read cali: .\Cali-14110095.xml\Cali-14110095-48-M20-100.dat
DEBUG [OpCorr.cpp:557] @ 0.441197s :Read calibration of camera no 14110095, # of fields: 6 , start of fields: 40
DEBUG [ImageProcessing.cpp:1108] @ 0.720839s :Update flag temperature: 28.2891
DEBUG [ImageProcessing.cpp:1111] @ 0.729059s :Update box temperature: 26.5859
DEBUG [Cali.cpp:639] @ 0.72912s :Calibration file path: 000001F5687B9BB4/00000062737EC588.xml
DEBUG [SimpleXML.cpp:238] @ 0.729469s :Failed to open file .\Cali-14110095.xml\CaliExt-14110095.xml
DEBUG [IRImager.cpp:550] @ 0.754945s :Chip heating disabled
DEBUG [IRImager.cpp:1110] @ 0.830175s :Start flag calibration
DEBUG [OpFlag.cpp:591] @ 11.5029s :SkimDiff: -11 Adjust: -1085 State: 1 EMax: 8130 Emin: 2319
DEBUG [ImageProcessing.cpp:526] @ 11.5151s :Skim_Adjust 4015
DEBUG [IRImager.cpp:1124] @ 11.6315s :Finished startup calibration
DEBUG [IRImager.cpp:1175] @ 26.351s :Automatic control of shutter flag
DEBUG [OpFlag.cpp:591] @ 26.5108s :SkimDiff: -6 Adjust: -506 State: 1 EMax: 8724 Emin: 2898
DEBUG [ImageProcessing.cpp:526] @ 26.5239s :Skim_Adjust 4014
DEBUG [IRImager.cpp:1175] @ 44.6063s :Automatic control of shutter flag
DEBUG [OpFlag.cpp:591] @ 44.782s :SkimDiff: -5 Adjust: -454 State: 1 EMax: 8776 Emin: 2950
DEBUG [ImageProcessing.cpp:526] @ 44.8059s :Skim_Adjust 4013
DEBUG [IRImager.cpp:1175] @ 74.3199s :Automatic control of shutter flag
DEBUG [OpFlag.cpp:591] @ 74.4983s :SkimDiff: -5 Adjust: -406 State: 1 EMax: 8838 Emin: 2998
DEBUG [ImageProcessing.cpp:526] @ 74.5176s :Skim_Adjust 4012
DEBUG [IRImager.cpp:1175] @ 110.142s :Automatic control of shutter flag
DEBUG [OpFlag.cpp:591] @ 110.302s :SkimDiff: -4 Adjust: -351 State: 1 EMax: 8895 Emin: 3053
DEBUG [ImageProcessing.cpp:526] @ 110.322s :Skim_Adjust 4011
DEBUG [IRImager.cpp:1175] @ 126.894s :Automatic control of shutter flag
DEBUG [OpFlag.cpp:591] @ 127.056s :SkimDiff: -4 Adjust: -302 State: 1 EMax: 8957 Emin: 3102
DEBUG [ImageProcessing.cpp:526] @ 127.069s :Skim_Adjust 4010
DEBUG [IRImager.cpp:1175] @ 142.366s :Automatic control of shutter flag
DEBUG [OpFlag.cpp:591] @ 142.543s :SkimDiff: -3 Adjust: -248 State: 1 EMax: 9014 Emin: 3156
DEBUG [ImageProcessing.cpp:526] @ 142.555s :Skim_Adjust 4009
DEBUG [IRImager.cpp:665] @ 181.826s :Release imager
DEBUG [BaseControlDevice.cpp:26] @ 181.872s :Base destructor called
DEBUG [IRImager.cpp:672] @ 181.872s :Delete image processing
DEBUG [IRImager.cpp:679] @ 181.879s :Delete buffer
DEBUG [IRImager.cpp:687] @ 181.879s :Delete source buffer
DEBUG [IRImager.cpp:694] @ 181.879s :Delete buffer (energy)
DEBUG [IRImager.cpp:701] @ 181.879s :Delete timer
DEBUG [IRImager.cpp:707] @ 181.879s :Delete manual timer
