DEBUG [IRLogger.cpp:105] @ 0.0004996s :***************************************************
DEBUG [IRLogger.cpp:106] @ 0.0005923s :* IRImagerDirect SDK                              *
DEBUG [IRLogger.cpp:107] @ 0.0006501s :***************************************************
DEBUG [IRLogger.cpp:113] @ 0.0006685s :* Native Machine:      AMD64
DEBUG [IRLogger.cpp:114] @ 0.0006816s :* Machine:             AMD64
DEBUG [IRLogger.cpp:116] @ 0.0007085s :* OS:                  Windows 10 0 26100
DEBUG [IRLogger.cpp:123] @ 0.0007197s :***************************************************
DEBUG [IRDeviceParams.cpp:204] @ 0.0024787s :Parameters
DEBUG [IRDeviceParams.cpp:205] @ 0.0025004s :serial: 14110095
DEBUG [IRDeviceParams.cpp:206] @ 0.0025084s :videoformatindex: 0
DEBUG [IRDeviceParams.cpp:207] @ 0.0025156s :fov: 0
DEBUG [IRDeviceParams.cpp:208] @ 0.0025352s :optics_text: 0000000000000000
DEBUG [IRDeviceParams.cpp:209] @ 0.0025427s :formatspath: 0000021393D45810
DEBUG [IRDeviceParams.cpp:210] @ 0.0025505s :calipath: 0000021386ACDB70
DEBUG [IRDeviceParams.cpp:211] @ 0.0025572s :temperature min: 0
DEBUG [IRDeviceParams.cpp:212] @ 0.0025637s :temperature max: 0
DEBUG [IRDeviceParams.cpp:213] @ 0.0025736s :framerate: 32
DEBUG [IRDeviceParams.cpp:214] @ 0.0025833s :bispectral: 0
DEBUG [IRDeviceParams.cpp:215] @ 0.0025912s :flag automatic: 1
DEBUG [IRDeviceParams.cpp:216] @ 0.0025983s :min interval: 15
DEBUG [IRDeviceParams.cpp:217] @ 0.0026057s :max interval: 0
DEBUG [IRDeviceParams.cpp:218] @ 0.002613s :chip heating mode: 0
DEBUG [IRDeviceParams.cpp:219] @ 0.0026205s :chip heating fixed val: 40
DEBUG [IRDeviceParams.cpp:220] @ 0.0026282s :focus:  -1
DEBUG [IRDeviceParams.cpp:221] @ 0.0026371s :enable extended temp range: 0
DEBUG [IRDeviceParams.cpp:222] @ 0.0026445s :buffer queue size: 5
DEBUG [IRDeviceParams.cpp:223] @ 0.0026521s :enable high precision: 0
DEBUG [IRDeviceParams.cpp:224] @ 0.0026593s :radialDistortionCorrectionMode: 0
DEBUG [IRDeviceParams.cpp:225] @ 0.0026663s :deviceAPI: 0
DEBUG [IRDeviceParams.cpp:226] @ 0.0026732s :useExternalProbeForReferencing: 0
DEBUG [IRDeviceParams.cpp:227] @ 0.0026802s :enableMultiThreading: 0
DEBUG [IRDeviceParams.cpp:232] @ 0.0026892s :ethernetDevice.deviceIpAddress: 0.0.0.0
DEBUG [IRDeviceParams.cpp:233] @ 0.0026964s :ethernetDevice.localUdpPort: 0
DEBUG [IRDeviceParams.cpp:234] @ 0.0027038s :ethernetDevice.checkUdpSenderIp: 1
DEBUG [Cali.cpp:87] @ 0.295683s :Calibration directory path: .\Cali-14110095.xml
DEBUG [Cali.cpp:88] @ 0.295717s :Calibration file name: Cali-14110095.xml
DEBUG [Cali.cpp:98] @ 0.296036s :Calibration data A: 1450 B:400 C:4095 D:1000
INFO [IRImager.cpp:266] @ 0.297245s :Init thermal imager to 14110095 with size: 160x121@120 Hz
DEBUG [Cali.cpp:87] @ 0.297564s :Calibration directory path: .\Cali-14110095.xml
DEBUG [Cali.cpp:88] @ 0.297577s :Calibration file name: Cali-14110095.xml
DEBUG [Cali.cpp:98] @ 0.297838s :Calibration data A: 1450 B:400 C:4095 D:1000
DEBUG [Cali.cpp:87] @ 0.298626s :Calibration directory path: .\Cali-14110095.xml
DEBUG [Cali.cpp:88] @ 0.298644s :Calibration file name: Cali-14110095.xml
DEBUG [Cali.cpp:98] @ 0.298878s :Calibration data A: 1450 B:400 C:4095 D:1000
DEBUG [IRImager.cpp:300] @ 0.298932s :No temperature range configuration specified. Setting default values tMin: -20 , tMax: 100
DEBUG [IRImager.cpp:377] @ 0.299271s :Using HID control interface
DEBUG [IRImager.cpp:417] @ 0.321495s :Initialized HID control interface to device with HW:21 FW:2025
DEBUG [IRImager.cpp:438] @ 0.321551s :Frameconfig - width(in): 160, height(in): 121, interval: 83333, max framerate: 120, HW interval: 0.00833333
DEBUG [Cali.cpp:87] @ 0.321574s :Calibration directory path: .\Cali-14110095.xml
DEBUG [Cali.cpp:88] @ 0.321586s :Calibration file name: Cali-14110095.xml
DEBUG [Cali.cpp:98] @ 0.322121s :Calibration data A: 1450 B:400 C:4095 D:1000
DEBUG [ImageProcessing.cpp:200] @ 0.338065s :Source buffer size: 38720 Width: 160 Height: 121
DEBUG [ImageProcessing.cpp:121] @ 0.404592s :Source buffer size: 38720 Width: 160 Height: 121
DEBUG [OpSource.cpp:376] @ 0.405711s :Using formats path: C:\Program Files (x86)\Optris GmbH\IrDirectSDK\examples\matlab\Formats.def
DEBUG [OpSource.cpp:628] @ 0.406185s :Format found with size: 160
DEBUG [OpSource.cpp:791] @ 0.406259s :Selected Format:"PI160 160x120 @ 120Hz"
DEBUG [IRImager.cpp:844] @ 0.406347s :Caught onFrameInit with size: 160x120
DEBUG [OpSource.cpp:376] @ 0.406736s :Using formats path: C:\Program Files (x86)\Optris GmbH\IrDirectSDK\examples\matlab\Formats.def
DEBUG [OpSource.cpp:628] @ 0.40692s :Format found with size: 160
DEBUG [OpSource.cpp:376] @ 0.407188s :Using formats path: C:\Program Files (x86)\Optris GmbH\IrDirectSDK\examples\matlab\Formats.def
DEBUG [OpCorr.cpp:467] @ 0.421476s :Read cali: .\Cali-14110095.xml\Cali-14110095-48-M20-100.dat
DEBUG [OpCorr.cpp:557] @ 0.421789s :Read calibration of camera no 14110095, # of fields: 6 , start of fields: 40
DEBUG [ImageProcessing.cpp:1108] @ 0.702022s :Update flag temperature: 29.3359
DEBUG [ImageProcessing.cpp:1111] @ 0.710328s :Update box temperature: 27.4297
DEBUG [Cali.cpp:639] @ 0.710387s :Calibration file path: 0000021394321A94/000000AC45BEC808.xml
DEBUG [SimpleXML.cpp:238] @ 0.710745s :Failed to open file .\Cali-14110095.xml\CaliExt-14110095.xml
DEBUG [IRImager.cpp:550] @ 0.732638s :Chip heating disabled
DEBUG [IRImager.cpp:1110] @ 0.796871s :Start flag calibration
DEBUG [OpFlag.cpp:591] @ 11.4688s :SkimDiff: -10 Adjust: -992 State: 1 EMax: 8291 Emin: 2412
DEBUG [ImageProcessing.cpp:526] @ 11.4799s :Skim_Adjust 4016
DEBUG [IRImager.cpp:1124] @ 11.5968s :Finished startup calibration
DEBUG [IRImager.cpp:1175] @ 26.3168s :Automatic control of shutter flag
DEBUG [OpFlag.cpp:591] @ 26.4779s :SkimDiff: -5 Adjust: -476 State: 1 EMax: 8820 Emin: 2928
DEBUG [ImageProcessing.cpp:526] @ 26.4899s :Skim_Adjust 4015
DEBUG [IRImager.cpp:1175] @ 43.0208s :Automatic control of shutter flag
DEBUG [OpFlag.cpp:591] @ 43.1971s :SkimDiff: -5 Adjust: -446 State: 1 EMax: 8869 Emin: 2958
DEBUG [ImageProcessing.cpp:526] @ 43.2081s :Skim_Adjust 4014
DEBUG [IRImager.cpp:1175] @ 100.733s :Automatic control of shutter flag
DEBUG [OpFlag.cpp:591] @ 100.909s :SkimDiff: -5 Adjust: -404 State: 1 EMax: 8917 Emin: 3000
DEBUG [ImageProcessing.cpp:526] @ 100.92s :Skim_Adjust 4013
DEBUG [IRImager.cpp:1175] @ 121.389s :Automatic control of shutter flag
DEBUG [OpFlag.cpp:591] @ 121.549s :SkimDiff: -4 Adjust: -350 State: 1 EMax: 8978 Emin: 3054
DEBUG [ImageProcessing.cpp:526] @ 121.56s :Skim_Adjust 4012
DEBUG [IRImager.cpp:665] @ 139.649s :Release imager
DEBUG [BaseControlDevice.cpp:26] @ 139.7s :Base destructor called
DEBUG [IRImager.cpp:672] @ 139.7s :Delete image processing
DEBUG [IRImager.cpp:679] @ 139.711s :Delete buffer
DEBUG [IRImager.cpp:687] @ 139.711s :Delete source buffer
DEBUG [IRImager.cpp:694] @ 139.711s :Delete buffer (energy)
DEBUG [IRImager.cpp:701] @ 139.711s :Delete timer
DEBUG [IRImager.cpp:707] @ 139.711s :Delete manual timer
