DEBUG [IRLogger.cpp:105] @ 0.0003158s :***************************************************
DEBUG [IRLogger.cpp:106] @ 0.0003975s :* IRImagerDirect SDK                              *
DEBUG [IRLogger.cpp:107] @ 0.0004505s :***************************************************
DEBUG [IRLogger.cpp:113] @ 0.0004692s :* Native Machine:      AMD64
DEBUG [IRLogger.cpp:114] @ 0.0004817s :* Machine:             AMD64
DEBUG [IRLogger.cpp:116] @ 0.0005027s :* OS:                  Windows 10 0 26100
DEBUG [IRLogger.cpp:123] @ 0.0005148s :***************************************************
DEBUG [IRDeviceParams.cpp:204] @ 0.0021439s :Parameters
DEBUG [IRDeviceParams.cpp:205] @ 0.0021607s :serial: 14110095
DEBUG [IRDeviceParams.cpp:206] @ 0.0021681s :videoformatindex: 0
DEBUG [IRDeviceParams.cpp:207] @ 0.0021748s :fov: 0
DEBUG [IRDeviceParams.cpp:208] @ 0.0021819s :optics_text: 0000000000000000
DEBUG [IRDeviceParams.cpp:209] @ 0.0021886s :formatspath: 000001C199643410
DEBUG [IRDeviceParams.cpp:210] @ 0.0021962s :calipath: 000001C199B41560
DEBUG [IRDeviceParams.cpp:211] @ 0.0022027s :temperature min: 0
DEBUG [IRDeviceParams.cpp:212] @ 0.0022091s :temperature max: 0
DEBUG [IRDeviceParams.cpp:213] @ 0.0022165s :framerate: 32
DEBUG [IRDeviceParams.cpp:214] @ 0.0022229s :bispectral: 0
DEBUG [IRDeviceParams.cpp:215] @ 0.0022294s :flag automatic: 1
DEBUG [IRDeviceParams.cpp:216] @ 0.0022363s :min interval: 15
DEBUG [IRDeviceParams.cpp:217] @ 0.0022431s :max interval: 0
DEBUG [IRDeviceParams.cpp:218] @ 0.0022496s :chip heating mode: 0
DEBUG [IRDeviceParams.cpp:219] @ 0.0022566s :chip heating fixed val: 40
DEBUG [IRDeviceParams.cpp:220] @ 0.0022636s :focus:  -1
DEBUG [IRDeviceParams.cpp:221] @ 0.002272s :enable extended temp range: 0
DEBUG [IRDeviceParams.cpp:222] @ 0.0022793s :buffer queue size: 5
DEBUG [IRDeviceParams.cpp:223] @ 0.0022862s :enable high precision: 0
DEBUG [IRDeviceParams.cpp:224] @ 0.0022931s :radialDistortionCorrectionMode: 0
DEBUG [IRDeviceParams.cpp:225] @ 0.0022996s :deviceAPI: 0
DEBUG [IRDeviceParams.cpp:226] @ 0.002306s :useExternalProbeForReferencing: 0
DEBUG [IRDeviceParams.cpp:227] @ 0.0023124s :enableMultiThreading: 0
DEBUG [IRDeviceParams.cpp:232] @ 0.0023205s :ethernetDevice.deviceIpAddress: 0.0.0.0
DEBUG [IRDeviceParams.cpp:233] @ 0.002327s :ethernetDevice.localUdpPort: 0
DEBUG [IRDeviceParams.cpp:234] @ 0.0023337s :ethernetDevice.checkUdpSenderIp: 1
DEBUG [Cali.cpp:87] @ 0.290449s :Calibration directory path: .\Cali-14110095.xml
DEBUG [Cali.cpp:88] @ 0.290487s :Calibration file name: Cali-14110095.xml
DEBUG [Cali.cpp:98] @ 0.290798s :Calibration data A: 1450 B:400 C:4095 D:1000
INFO [IRImager.cpp:266] @ 0.2919s :Init thermal imager to 14110095 with size: 160x121@120 Hz
DEBUG [Cali.cpp:87] @ 0.292209s :Calibration directory path: .\Cali-14110095.xml
DEBUG [Cali.cpp:88] @ 0.292222s :Calibration file name: Cali-14110095.xml
DEBUG [Cali.cpp:98] @ 0.292462s :Calibration data A: 1450 B:400 C:4095 D:1000
DEBUG [Cali.cpp:87] @ 0.293164s :Calibration directory path: .\Cali-14110095.xml
DEBUG [Cali.cpp:88] @ 0.293181s :Calibration file name: Cali-14110095.xml
DEBUG [Cali.cpp:98] @ 0.293425s :Calibration data A: 1450 B:400 C:4095 D:1000
DEBUG [IRImager.cpp:300] @ 0.293473s :No temperature range configuration specified. Setting default values tMin: -20 , tMax: 100
DEBUG [IRImager.cpp:377] @ 0.293812s :Using HID control interface
DEBUG [IRImager.cpp:417] @ 0.315503s :Initialized HID control interface to device with HW:21 FW:2025
DEBUG [IRImager.cpp:438] @ 0.315577s :Frameconfig - width(in): 160, height(in): 121, interval: 83333, max framerate: 120, HW interval: 0.00833333
DEBUG [Cali.cpp:87] @ 0.31561s :Calibration directory path: .\Cali-14110095.xml
DEBUG [Cali.cpp:88] @ 0.315626s :Calibration file name: Cali-14110095.xml
DEBUG [Cali.cpp:98] @ 0.316274s :Calibration data A: 1450 B:400 C:4095 D:1000
DEBUG [ImageProcessing.cpp:200] @ 0.331974s :Source buffer size: 38720 Width: 160 Height: 121
DEBUG [ImageProcessing.cpp:121] @ 0.398292s :Source buffer size: 38720 Width: 160 Height: 121
DEBUG [OpSource.cpp:376] @ 0.399581s :Using formats path: C:\Program Files (x86)\Optris GmbH\IrDirectSDK\examples\matlab\Formats.def
DEBUG [OpSource.cpp:628] @ 0.400357s :Format found with size: 160
DEBUG [OpSource.cpp:791] @ 0.400471s :Selected Format:"PI160 160x120 @ 120Hz"
DEBUG [IRImager.cpp:844] @ 0.400641s :Caught onFrameInit with size: 160x120
DEBUG [OpSource.cpp:376] @ 0.401884s :Using formats path: C:\Program Files (x86)\Optris GmbH\IrDirectSDK\examples\matlab\Formats.def
DEBUG [OpSource.cpp:628] @ 0.402227s :Format found with size: 160
DEBUG [OpSource.cpp:376] @ 0.40246s :Using formats path: C:\Program Files (x86)\Optris GmbH\IrDirectSDK\examples\matlab\Formats.def
DEBUG [OpCorr.cpp:467] @ 0.407048s :Read cali: .\Cali-14110095.xml\Cali-14110095-48-M20-100.dat
DEBUG [OpCorr.cpp:557] @ 0.407356s :Read calibration of camera no 14110095, # of fields: 6 , start of fields: 40
DEBUG [ImageProcessing.cpp:1108] @ 0.704385s :Update flag temperature: 30.125
DEBUG [ImageProcessing.cpp:1111] @ 0.712681s :Update box temperature: 28.3438
DEBUG [Cali.cpp:639] @ 0.712752s :Calibration file path: 000001C19A6CC474/0000008C77DECB18.xml
DEBUG [SimpleXML.cpp:238] @ 0.713151s :Failed to open file .\Cali-14110095.xml\CaliExt-14110095.xml
DEBUG [IRImager.cpp:550] @ 0.72989s :Chip heating disabled
DEBUG [IRImager.cpp:1110] @ 0.813888s :Start flag calibration
DEBUG [OpFlag.cpp:591] @ 11.486s :SkimDiff: -10 Adjust: -996 State: 1 EMax: 8395 Emin: 2408
DEBUG [ImageProcessing.cpp:526] @ 11.4982s :Skim_Adjust 4016
DEBUG [IRImager.cpp:1124] @ 11.615s :Finished startup calibration
DEBUG [IRImager.cpp:1175] @ 26.3345s :Automatic control of shutter flag
DEBUG [OpFlag.cpp:591] @ 26.4941s :SkimDiff: -5 Adjust: -441 State: 1 EMax: 8968 Emin: 2963
DEBUG [ImageProcessing.cpp:526] @ 26.5056s :Skim_Adjust 4015
DEBUG [IRImager.cpp:1175] @ 51.9023s :Automatic control of shutter flag
DEBUG [OpFlag.cpp:591] @ 52.0796s :SkimDiff: -4 Adjust: -386 State: 1 EMax: 9024 Emin: 3018
DEBUG [ImageProcessing.cpp:526] @ 52.0927s :Skim_Adjust 4014
DEBUG [IRImager.cpp:1175] @ 81.6788s :Automatic control of shutter flag
DEBUG [OpFlag.cpp:591] @ 81.8555s :SkimDiff: -4 Adjust: -331 State: 1 EMax: 9095 Emin: 3073
DEBUG [ImageProcessing.cpp:526] @ 81.8673s :Skim_Adjust 4013
DEBUG [IRImager.cpp:1175] @ 98.7024s :Automatic control of shutter flag
DEBUG [OpFlag.cpp:591] @ 98.8633s :SkimDiff: -3 Adjust: -271 State: 1 EMax: 9150 Emin: 3133
DEBUG [ImageProcessing.cpp:526] @ 98.8752s :Skim_Adjust 4012
DEBUG [IRImager.cpp:1175] @ 125.39s :Automatic control of shutter flag
DEBUG [OpFlag.cpp:591] @ 125.551s :SkimDiff: -3 Adjust: -209 State: 1 EMax: 9211 Emin: 3195
DEBUG [ImageProcessing.cpp:526] @ 125.563s :Skim_Adjust 4011
DEBUG [IRImager.cpp:1175] @ 146.222s :Automatic control of shutter flag
DEBUG [OpFlag.cpp:591] @ 146.399s :SkimDiff: -2 Adjust: -154 State: 1 EMax: 9269 Emin: 3250
DEBUG [ImageProcessing.cpp:526] @ 146.412s :Skim_Adjust 4010
DEBUG [IRImager.cpp:1175] @ 179.838s :Automatic control of shutter flag
DEBUG [OpFlag.cpp:591] @ 180.015s :SkimDiff: -1 Adjust: -92 State: 1 EMax: 9343 Emin: 3312
DEBUG [ImageProcessing.cpp:526] @ 180.028s :Skim_Adjust 4009
DEBUG [IRImager.cpp:1175] @ 199.214s :Automatic control of shutter flag
DEBUG [OpFlag.cpp:591] @ 199.374s :SkimDiff: -1 Adjust: -33 State: 1 EMax: 9406 Emin: 3371
DEBUG [ImageProcessing.cpp:526] @ 199.387s :Skim_Adjust 4008
DEBUG [IRImager.cpp:1175] @ 245.822s :Automatic control of shutter flag
DEBUG [OpFlag.cpp:591] @ 245.983s :SkimDiff: 0 Adjust: 0 State: 0 EMax: 9482 Emin: 3430
DEBUG [IRImager.cpp:1175] @ 285.791s :Automatic control of shutter flag
DEBUG [OpFlag.cpp:591] @ 285.967s :SkimDiff: 0 Adjust: 0 State: 0 EMax: 9488 Emin: 3434
DEBUG [IRImager.cpp:1175] @ 311.518s :Automatic control of shutter flag
DEBUG [OpFlag.cpp:591] @ 311.68s :SkimDiff: 0 Adjust: 0 State: 0 EMax: 9495 Emin: 3445
DEBUG [IRImager.cpp:1175] @ 338.416s :Automatic control of shutter flag
DEBUG [OpFlag.cpp:591] @ 338.575s :SkimDiff: 0 Adjust: 0 State: 0 EMax: 9513 Emin: 3446
DEBUG [IRImager.cpp:1175] @ 396.59s :Automatic control of shutter flag
DEBUG [OpFlag.cpp:591] @ 396.751s :SkimDiff: 0 Adjust: 0 State: 0 EMax: 9527 Emin: 3456
DEBUG [IRImager.cpp:1175] @ 427.534s :Automatic control of shutter flag
DEBUG [OpFlag.cpp:591] @ 427.695s :SkimDiff: 0 Adjust: 0 State: 0 EMax: 9532 Emin: 3461
DEBUG [IRImager.cpp:1175] @ 472.622s :Automatic control of shutter flag
DEBUG [OpFlag.cpp:591] @ 472.783s :SkimDiff: 0 Adjust: 0 State: 0 EMax: 9554 Emin: 3469
DEBUG [IRImager.cpp:1175] @ 488.527s :Automatic control of shutter flag
DEBUG [OpFlag.cpp:591] @ 488.702s :SkimDiff: 0 Adjust: 0 State: 0 EMax: 9556 Emin: 3469
DEBUG [IRImager.cpp:1175] @ 535.838s :Automatic control of shutter flag
DEBUG [OpFlag.cpp:591] @ 535.999s :SkimDiff: 0 Adjust: 0 State: 0 EMax: 9570 Emin: 3476
DEBUG [IRImager.cpp:1175] @ 584.766s :Automatic control of shutter flag
DEBUG [OpFlag.cpp:591] @ 584.926s :SkimDiff: 0 Adjust: 0 State: 0 EMax: 9587 Emin: 3483
DEBUG [IRImager.cpp:1175] @ 630.734s :Automatic control of shutter flag
DEBUG [OpFlag.cpp:591] @ 630.895s :SkimDiff: 0 Adjust: 0 State: 0 EMax: 9595 Emin: 3490
DEBUG [IRImager.cpp:1175] @ 690.447s :Automatic control of shutter flag
DEBUG [OpFlag.cpp:591] @ 690.623s :SkimDiff: 0 Adjust: 0 State: 0 EMax: 9599 Emin: 3494
DEBUG [IRImager.cpp:1175] @ 757.92s :Automatic control of shutter flag
DEBUG [OpFlag.cpp:591] @ 758.095s :SkimDiff: 0 Adjust: 0 State: 0 EMax: 9622 Emin: 3501
DEBUG [IRImager.cpp:1175] @ 799.341s :Automatic control of shutter flag
DEBUG [OpFlag.cpp:591] @ 799.502s :SkimDiff: 0 Adjust: 0 State: 0 EMax: 9625 Emin: 3507
DEBUG [IRImager.cpp:1175] @ 885.549s :Automatic control of shutter flag
DEBUG [OpFlag.cpp:591] @ 885.726s :SkimDiff: 0 Adjust: 0 State: 0 EMax: 9651 Emin: 3515
DEBUG [IRImager.cpp:1175] @ 961.743s :Automatic control of shutter flag
DEBUG [OpFlag.cpp:591] @ 961.919s :SkimDiff: 0 Adjust: 0 State: 0 EMax: 9659 Emin: 3523
DEBUG [IRImager.cpp:1175] @ 1046.88s :Automatic control of shutter flag
DEBUG [OpFlag.cpp:591] @ 1047.05s :SkimDiff: 0 Adjust: 0 State: 0 EMax: 9684 Emin: 3527
DEBUG [IRImager.cpp:1175] @ 1086.48s :Automatic control of shutter flag
DEBUG [OpFlag.cpp:591] @ 1086.64s :SkimDiff: 0 Adjust: 0 State: 0 EMax: 9687 Emin: 3534
DEBUG [IRImager.cpp:1175] @ 1118.25s :Automatic control of shutter flag
DEBUG [OpFlag.cpp:591] @ 1118.42s :SkimDiff: 0 Adjust: 0 State: 0 EMax: 9691 Emin: 3538
DEBUG [IRImager.cpp:1175] @ 1205.37s :Automatic control of shutter flag
DEBUG [OpFlag.cpp:591] @ 1205.53s :SkimDiff: 0 Adjust: 0 State: 0 EMax: 9705 Emin: 3550
