DEBUG [IRLogger.cpp:105] @ 0.000422s :***************************************************
DEBUG [IRLogger.cpp:106] @ 0.0005125s :* IRImagerDirect SDK                              *
DEBUG [IRLogger.cpp:107] @ 0.0005634s :***************************************************
DEBUG [IRLogger.cpp:113] @ 0.0006165s :* Native Machine:      AMD64
DEBUG [IRLogger.cpp:114] @ 0.0006324s :* Machine:             AMD64
DEBUG [IRLogger.cpp:116] @ 0.0006531s :* OS:                  Windows 10 0 26100
DEBUG [IRLogger.cpp:123] @ 0.0006652s :***************************************************
DEBUG [IRDeviceParams.cpp:204] @ 0.0023587s :Parameters
DEBUG [IRDeviceParams.cpp:205] @ 0.0023748s :serial: 14110095
DEBUG [IRDeviceParams.cpp:206] @ 0.0023823s :videoformatindex: 0
DEBUG [IRDeviceParams.cpp:207] @ 0.0023892s :fov: 0
DEBUG [IRDeviceParams.cpp:208] @ 0.0023961s :optics_text: 0000000000000000
DEBUG [IRDeviceParams.cpp:209] @ 0.0024029s :formatspath: 0000019A580905C0
DEBUG [IRDeviceParams.cpp:210] @ 0.002411s :calipath: 0000019A55596D40
DEBUG [IRDeviceParams.cpp:211] @ 0.0024177s :temperature min: 0
DEBUG [IRDeviceParams.cpp:212] @ 0.002424s :temperature max: 0
DEBUG [IRDeviceParams.cpp:213] @ 0.0024313s :framerate: 32
DEBUG [IRDeviceParams.cpp:214] @ 0.0024377s :bispectral: 0
DEBUG [IRDeviceParams.cpp:215] @ 0.0024442s :flag automatic: 1
DEBUG [IRDeviceParams.cpp:216] @ 0.0024519s :min interval: 15
DEBUG [IRDeviceParams.cpp:217] @ 0.0024597s :max interval: 0
DEBUG [IRDeviceParams.cpp:218] @ 0.0024668s :chip heating mode: 0
DEBUG [IRDeviceParams.cpp:219] @ 0.0024742s :chip heating fixed val: 40
DEBUG [IRDeviceParams.cpp:220] @ 0.0024813s :focus:  -1
DEBUG [IRDeviceParams.cpp:221] @ 0.0024896s :enable extended temp range: 0
DEBUG [IRDeviceParams.cpp:222] @ 0.0024965s :buffer queue size: 5
DEBUG [IRDeviceParams.cpp:223] @ 0.0025032s :enable high precision: 0
DEBUG [IRDeviceParams.cpp:224] @ 0.00251s :radialDistortionCorrectionMode: 0
DEBUG [IRDeviceParams.cpp:225] @ 0.0025179s :deviceAPI: 0
DEBUG [IRDeviceParams.cpp:226] @ 0.0025262s :useExternalProbeForReferencing: 0
DEBUG [IRDeviceParams.cpp:227] @ 0.0025338s :enableMultiThreading: 0
DEBUG [IRDeviceParams.cpp:232] @ 0.0025423s :ethernetDevice.deviceIpAddress: 0.0.0.0
DEBUG [IRDeviceParams.cpp:233] @ 0.0025491s :ethernetDevice.localUdpPort: 0
DEBUG [IRDeviceParams.cpp:234] @ 0.002556s :ethernetDevice.checkUdpSenderIp: 1
DEBUG [Cali.cpp:87] @ 0.198779s :Calibration directory path: .\Cali-14110095.xml
DEBUG [Cali.cpp:88] @ 0.198809s :Calibration file name: Cali-14110095.xml
DEBUG [Cali.cpp:98] @ 0.199108s :Calibration data A: 1450 B:400 C:4095 D:1000
INFO [IRImager.cpp:266] @ 0.200087s :Init thermal imager to 14110095 with size: 160x121@120 Hz
DEBUG [Cali.cpp:87] @ 0.200414s :Calibration directory path: .\Cali-14110095.xml
DEBUG [Cali.cpp:88] @ 0.200427s :Calibration file name: Cali-14110095.xml
DEBUG [Cali.cpp:98] @ 0.200662s :Calibration data A: 1450 B:400 C:4095 D:1000
DEBUG [Cali.cpp:87] @ 0.20134s :Calibration directory path: .\Cali-14110095.xml
DEBUG [Cali.cpp:88] @ 0.201353s :Calibration file name: Cali-14110095.xml
DEBUG [Cali.cpp:98] @ 0.201566s :Calibration data A: 1450 B:400 C:4095 D:1000
DEBUG [IRImager.cpp:300] @ 0.201608s :No temperature range configuration specified. Setting default values tMin: -20 , tMax: 100
DEBUG [IRImager.cpp:377] @ 0.20196s :Using HID control interface
DEBUG [IRImager.cpp:417] @ 0.219839s :Initialized HID control interface to device with HW:21 FW:2025
DEBUG [IRImager.cpp:438] @ 0.219875s :Frameconfig - width(in): 160, height(in): 121, interval: 83333, max framerate: 120, HW interval: 0.00833333
DEBUG [Cali.cpp:87] @ 0.219892s :Calibration directory path: .\Cali-14110095.xml
DEBUG [Cali.cpp:88] @ 0.219902s :Calibration file name: Cali-14110095.xml
DEBUG [Cali.cpp:98] @ 0.220244s :Calibration data A: 1450 B:400 C:4095 D:1000
DEBUG [ImageProcessing.cpp:200] @ 0.244476s :Source buffer size: 38720 Width: 160 Height: 121
DEBUG [ImageProcessing.cpp:121] @ 0.302244s :Source buffer size: 38720 Width: 160 Height: 121
DEBUG [OpSource.cpp:376] @ 0.302439s :Using formats path: C:\Program Files (x86)\Optris GmbH\IrDirectSDK\examples\matlab\Formats.def
DEBUG [OpSource.cpp:628] @ 0.302547s :Format found with size: 160
DEBUG [OpSource.cpp:791] @ 0.302582s :Selected Format:"PI160 160x120 @ 120Hz"
DEBUG [IRImager.cpp:844] @ 0.302617s :Caught onFrameInit with size: 160x120
DEBUG [OpSource.cpp:376] @ 0.302752s :Using formats path: C:\Program Files (x86)\Optris GmbH\IrDirectSDK\examples\matlab\Formats.def
DEBUG [OpSource.cpp:628] @ 0.302816s :Format found with size: 160
DEBUG [OpSource.cpp:376] @ 0.303588s :Using formats path: C:\Program Files (x86)\Optris GmbH\IrDirectSDK\examples\matlab\Formats.def
DEBUG [OpCorr.cpp:467] @ 0.320744s :Read cali: .\Cali-14110095.xml\Cali-14110095-48-M20-100.dat
DEBUG [OpCorr.cpp:557] @ 0.32144s :Read calibration of camera no 14110095, # of fields: 6 , start of fields: 40
DEBUG [ImageProcessing.cpp:1108] @ 0.633252s :Update flag temperature: 31.0547
DEBUG [ImageProcessing.cpp:1111] @ 0.641629s :Update box temperature: 29.375
DEBUG [Cali.cpp:639] @ 0.641693s :Calibration file path: 0000019A627AC434/00000073D1FEC8C8.xml
DEBUG [SimpleXML.cpp:238] @ 0.642102s :Failed to open file .\Cali-14110095.xml\CaliExt-14110095.xml
DEBUG [IRImager.cpp:550] @ 0.656194s :Chip heating disabled
DEBUG [IRImager.cpp:1110] @ 0.747563s :Start flag calibration
DEBUG [OpFlag.cpp:591] @ 11.4184s :SkimDiff: -10 Adjust: -983 State: 1 EMax: 8487 Emin: 2421
DEBUG [ImageProcessing.cpp:526] @ 11.4297s :Skim_Adjust 4016
DEBUG [IRImager.cpp:1124] @ 11.5464s :Finished startup calibration
DEBUG [IRImager.cpp:1175] @ 26.267s :Automatic control of shutter flag
DEBUG [OpFlag.cpp:591] @ 26.4267s :SkimDiff: -4 Adjust: -393 State: 1 EMax: 9075 Emin: 3011
DEBUG [ImageProcessing.cpp:526] @ 26.4402s :Skim_Adjust 4015
DEBUG [IRImager.cpp:665] @ 27.2785s :Release imager
DEBUG [BaseControlDevice.cpp:26] @ 27.3216s :Base destructor called
DEBUG [IRImager.cpp:672] @ 27.3217s :Delete image processing
DEBUG [IRImager.cpp:679] @ 27.3311s :Delete buffer
DEBUG [IRImager.cpp:687] @ 27.3312s :Delete source buffer
DEBUG [IRImager.cpp:694] @ 27.3312s :Delete buffer (energy)
DEBUG [IRImager.cpp:701] @ 27.3312s :Delete timer
DEBUG [IRImager.cpp:707] @ 27.3312s :Delete manual timer
