DEBUG [IRLogger.cpp:105] @ 0.0016653s :***************************************************
DEBUG [IRLogger.cpp:106] @ 0.0018262s :* IRImagerDirect SDK                              *
DEBUG [IRLogger.cpp:107] @ 0.0018664s :***************************************************
DEBUG [IRLogger.cpp:113] @ 0.0018947s :* Native Machine:      AMD64
DEBUG [IRLogger.cpp:114] @ 0.0019197s :* Machine:             AMD64
DEBUG [IRLogger.cpp:116] @ 0.0019607s :* OS:                  Windows 10 0 26100
DEBUG [IRLogger.cpp:123] @ 0.0019832s :***************************************************
DEBUG [IRDeviceParams.cpp:204] @ 0.0368129s :Parameters
DEBUG [IRDeviceParams.cpp:205] @ 0.0369283s :serial: 14110095
DEBUG [IRDeviceParams.cpp:206] @ 0.0369753s :videoformatindex: 0
DEBUG [IRDeviceParams.cpp:207] @ 0.0370169s :fov: 0
DEBUG [IRDeviceParams.cpp:208] @ 0.0370654s :optics_text: 0000000000000000
DEBUG [IRDeviceParams.cpp:209] @ 0.0371148s :formatspath: 000002297EE10970
DEBUG [IRDeviceParams.cpp:210] @ 0.037173s :calipath: 000002297EF79E40
DEBUG [IRDeviceParams.cpp:211] @ 0.0372891s :temperature min: 0
DEBUG [IRDeviceParams.cpp:212] @ 0.0373374s :temperature max: 0
DEBUG [IRDeviceParams.cpp:213] @ 0.0373886s :framerate: 32
DEBUG [IRDeviceParams.cpp:214] @ 0.0374324s :bispectral: 0
DEBUG [IRDeviceParams.cpp:215] @ 0.0374771s :flag automatic: 1
DEBUG [IRDeviceParams.cpp:216] @ 0.0375229s :min interval: 15
DEBUG [IRDeviceParams.cpp:217] @ 0.0375719s :max interval: 0
DEBUG [IRDeviceParams.cpp:218] @ 0.0376162s :chip heating mode: 0
DEBUG [IRDeviceParams.cpp:219] @ 0.037664s :chip heating fixed val: 40
DEBUG [IRDeviceParams.cpp:220] @ 0.0377123s :focus:  -1
DEBUG [IRDeviceParams.cpp:221] @ 0.0377721s :enable extended temp range: 0
DEBUG [IRDeviceParams.cpp:222] @ 0.0378198s :buffer queue size: 5
DEBUG [IRDeviceParams.cpp:223] @ 0.0378663s :enable high precision: 0
DEBUG [IRDeviceParams.cpp:224] @ 0.0379126s :radialDistortionCorrectionMode: 0
DEBUG [IRDeviceParams.cpp:225] @ 0.0379584s :deviceAPI: 0
DEBUG [IRDeviceParams.cpp:226] @ 0.0380043s :useExternalProbeForReferencing: 0
DEBUG [IRDeviceParams.cpp:227] @ 0.0380487s :enableMultiThreading: 0
DEBUG [IRDeviceParams.cpp:232] @ 0.0381113s :ethernetDevice.deviceIpAddress: 0.0.0.0
DEBUG [IRDeviceParams.cpp:233] @ 0.0381564s :ethernetDevice.localUdpPort: 0
DEBUG [IRDeviceParams.cpp:234] @ 0.0382028s :ethernetDevice.checkUdpSenderIp: 1
ERROR [IRDeviceDS.cpp:822] @ 0.0602939s :create video graph failed hr=0
ERROR [DirectBridgeClientUSB.cpp:165] @ 0.0636217s :Device with serial 14110095 could not be found
