DEBUG [IRLogger.cpp:105] @ 0.0004075s :***************************************************
DEBUG [IRLogger.cpp:106] @ 0.0004891s :* IRImagerDirect SDK                              *
DEBUG [IRLogger.cpp:107] @ 0.0005108s :***************************************************
DEBUG [IRLogger.cpp:113] @ 0.0005644s :* Native Machine:      AMD64
DEBUG [IRLogger.cpp:114] @ 0.0005779s :* Machine:             AMD64
DEBUG [IRLogger.cpp:116] @ 0.0005978s :* OS:                  Windows 10 0 26100
DEBUG [IRLogger.cpp:123] @ 0.0006091s :***************************************************
DEBUG [IRDeviceParams.cpp:204] @ 0.0023301s :Parameters
DEBUG [IRDeviceParams.cpp:205] @ 0.0023506s :serial: 14110095
DEBUG [IRDeviceParams.cpp:206] @ 0.0023584s :videoformatindex: 0
DEBUG [IRDeviceParams.cpp:207] @ 0.0023653s :fov: 0
DEBUG [IRDeviceParams.cpp:208] @ 0.0023726s :optics_text: 0000000000000000
DEBUG [IRDeviceParams.cpp:209] @ 0.0023795s :formatspath: 00000156D7F221E0
DEBUG [IRDeviceParams.cpp:210] @ 0.0023875s :calipath: 00000156E24F3220
DEBUG [IRDeviceParams.cpp:211] @ 0.0023941s :temperature min: 0
DEBUG [IRDeviceParams.cpp:212] @ 0.0024006s :temperature max: 0
DEBUG [IRDeviceParams.cpp:213] @ 0.0024086s :framerate: 32
DEBUG [IRDeviceParams.cpp:214] @ 0.0024153s :bispectral: 0
DEBUG [IRDeviceParams.cpp:215] @ 0.0024216s :flag automatic: 1
DEBUG [IRDeviceParams.cpp:216] @ 0.0024284s :min interval: 15
DEBUG [IRDeviceParams.cpp:217] @ 0.0024353s :max interval: 0
DEBUG [IRDeviceParams.cpp:218] @ 0.0024421s :chip heating mode: 0
DEBUG [IRDeviceParams.cpp:219] @ 0.002449s :chip heating fixed val: 40
DEBUG [IRDeviceParams.cpp:220] @ 0.0024563s :focus:  -1
DEBUG [IRDeviceParams.cpp:221] @ 0.0024643s :enable extended temp range: 0
DEBUG [IRDeviceParams.cpp:222] @ 0.002471s :buffer queue size: 5
DEBUG [IRDeviceParams.cpp:223] @ 0.0024777s :enable high precision: 0
DEBUG [IRDeviceParams.cpp:224] @ 0.0024845s :radialDistortionCorrectionMode: 0
DEBUG [IRDeviceParams.cpp:225] @ 0.0024911s :deviceAPI: 0
DEBUG [IRDeviceParams.cpp:226] @ 0.0024978s :useExternalProbeForReferencing: 0
DEBUG [IRDeviceParams.cpp:227] @ 0.0025044s :enableMultiThreading: 0
DEBUG [IRDeviceParams.cpp:232] @ 0.0025127s :ethernetDevice.deviceIpAddress: 0.0.0.0
DEBUG [IRDeviceParams.cpp:233] @ 0.0025193s :ethernetDevice.localUdpPort: 0
DEBUG [IRDeviceParams.cpp:234] @ 0.0025262s :ethernetDevice.checkUdpSenderIp: 1
DEBUG [Cali.cpp:87] @ 0.347386s :Calibration directory path: .\Cali-14110095.xml
DEBUG [Cali.cpp:88] @ 0.347431s :Calibration file name: Cali-14110095.xml
DEBUG [Cali.cpp:98] @ 0.347926s :Calibration data A: 1450 B:400 C:4095 D:1000
INFO [IRImager.cpp:266] @ 0.349461s :Init thermal imager to 14110095 with size: 160x121@120 Hz
DEBUG [Cali.cpp:87] @ 0.34988s :Calibration directory path: .\Cali-14110095.xml
DEBUG [Cali.cpp:88] @ 0.349897s :Calibration file name: Cali-14110095.xml
DEBUG [Cali.cpp:98] @ 0.350265s :Calibration data A: 1450 B:400 C:4095 D:1000
DEBUG [Cali.cpp:87] @ 0.35127s :Calibration directory path: .\Cali-14110095.xml
DEBUG [Cali.cpp:88] @ 0.351288s :Calibration file name: Cali-14110095.xml
DEBUG [Cali.cpp:98] @ 0.351561s :Calibration data A: 1450 B:400 C:4095 D:1000
DEBUG [IRImager.cpp:300] @ 0.351709s :No temperature range configuration specified. Setting default values tMin: -20 , tMax: 100
DEBUG [IRImager.cpp:377] @ 0.352189s :Using HID control interface
DEBUG [IRImager.cpp:417] @ 0.369245s :Initialized HID control interface to device with HW:21 FW:2025
DEBUG [IRImager.cpp:438] @ 0.369312s :Frameconfig - width(in): 160, height(in): 121, interval: 83333, max framerate: 120, HW interval: 0.00833333
DEBUG [Cali.cpp:87] @ 0.369342s :Calibration directory path: .\Cali-14110095.xml
DEBUG [Cali.cpp:88] @ 0.36936s :Calibration file name: Cali-14110095.xml
DEBUG [Cali.cpp:98] @ 0.370048s :Calibration data A: 1450 B:400 C:4095 D:1000
DEBUG [ImageProcessing.cpp:200] @ 0.394027s :Source buffer size: 38720 Width: 160 Height: 121
DEBUG [ImageProcessing.cpp:121] @ 0.468436s :Source buffer size: 38720 Width: 160 Height: 121
DEBUG [OpSource.cpp:376] @ 0.469565s :Using formats path: C:\Program Files (x86)\Optris GmbH\IrDirectSDK\examples\matlab\Formats.def
DEBUG [OpSource.cpp:628] @ 0.470503s :Format found with size: 160
DEBUG [OpSource.cpp:791] @ 0.470812s :Selected Format:"PI160 160x120 @ 120Hz"
DEBUG [IRImager.cpp:844] @ 0.471135s :Caught onFrameInit with size: 160x120
DEBUG [OpSource.cpp:376] @ 0.472109s :Using formats path: C:\Program Files (x86)\Optris GmbH\IrDirectSDK\examples\matlab\Formats.def
DEBUG [OpSource.cpp:628] @ 0.472538s :Format found with size: 160
DEBUG [OpSource.cpp:376] @ 0.473054s :Using formats path: C:\Program Files (x86)\Optris GmbH\IrDirectSDK\examples\matlab\Formats.def
DEBUG [OpCorr.cpp:467] @ 0.478098s :Read cali: .\Cali-14110095.xml\Cali-14110095-48-M20-100.dat
DEBUG [OpCorr.cpp:557] @ 0.478465s :Read calibration of camera no 14110095, # of fields: 6 , start of fields: 40
DEBUG [ImageProcessing.cpp:1108] @ 0.799653s :Update flag temperature: 30.0859
DEBUG [ImageProcessing.cpp:1111] @ 0.807694s :Update box temperature: 28.1953
DEBUG [Cali.cpp:639] @ 0.807804s :Calibration file path: 00000156D7A0C804/00000037D19EC728.xml
DEBUG [SimpleXML.cpp:238] @ 0.808353s :Failed to open file .\Cali-14110095.xml\CaliExt-14110095.xml
DEBUG [IRImager.cpp:550] @ 0.822656s :Chip heating disabled
DEBUG [IRImager.cpp:1110] @ 0.905112s :Start flag calibration
DEBUG [OpFlag.cpp:591] @ 11.5769s :SkimDiff: -11 Adjust: -1049 State: 1 EMax: 8368 Emin: 2355
DEBUG [ImageProcessing.cpp:526] @ 11.5898s :Skim_Adjust 4015
DEBUG [IRImager.cpp:1124] @ 11.704s :Finished startup calibration
DEBUG [IRImager.cpp:1175] @ 26.4245s :Automatic control of shutter flag
DEBUG [OpFlag.cpp:591] @ 26.5848s :SkimDiff: -5 Adjust: -418 State: 1 EMax: 8995 Emin: 2986
DEBUG [ImageProcessing.cpp:526] @ 26.5962s :Skim_Adjust 4014
DEBUG [IRImager.cpp:1175] @ 52.4725s :Automatic control of shutter flag
DEBUG [OpFlag.cpp:591] @ 52.6496s :SkimDiff: -4 Adjust: -347 State: 1 EMax: 9060 Emin: 3057
DEBUG [ImageProcessing.cpp:526] @ 52.6622s :Skim_Adjust 4013
DEBUG [IRImager.cpp:1175] @ 111.017s :Automatic control of shutter flag
DEBUG [OpFlag.cpp:591] @ 111.193s :SkimDiff: -3 Adjust: -287 State: 1 EMax: 9123 Emin: 3117
DEBUG [ImageProcessing.cpp:526] @ 111.206s :Skim_Adjust 4012
DEBUG [IRImager.cpp:665] @ 135.626s :Release imager
DEBUG [BaseControlDevice.cpp:26] @ 135.669s :Base destructor called
DEBUG [IRImager.cpp:672] @ 135.669s :Delete image processing
DEBUG [IRImager.cpp:679] @ 135.68s :Delete buffer
DEBUG [IRImager.cpp:687] @ 135.68s :Delete source buffer
DEBUG [IRImager.cpp:694] @ 135.68s :Delete buffer (energy)
DEBUG [IRImager.cpp:701] @ 135.68s :Delete timer
DEBUG [IRImager.cpp:707] @ 135.68s :Delete manual timer
