DEBUG [IRLogger.cpp:105] @ 0.0003114s :***************************************************
DEBUG [IRLogger.cpp:106] @ 0.0004145s :* IRImagerDirect SDK                              *
DEBUG [IRLogger.cpp:107] @ 0.0004624s :***************************************************
DEBUG [IRLogger.cpp:113] @ 0.0004792s :* Native Machine:      AMD64
DEBUG [IRLogger.cpp:114] @ 0.0004919s :* Machine:             AMD64
DEBUG [IRLogger.cpp:116] @ 0.0005105s :* OS:                  Windows 10 0 26100
DEBUG [IRLogger.cpp:123] @ 0.0005212s :***************************************************
DEBUG [IRDeviceParams.cpp:204] @ 0.0021978s :Parameters
DEBUG [IRDeviceParams.cpp:205] @ 0.0022168s :serial: 14110095
DEBUG [IRDeviceParams.cpp:206] @ 0.0022254s :videoformatindex: 0
DEBUG [IRDeviceParams.cpp:207] @ 0.0022327s :fov: 0
DEBUG [IRDeviceParams.cpp:208] @ 0.0022406s :optics_text: 0000000000000000
DEBUG [IRDeviceParams.cpp:209] @ 0.0022479s :formatspath: 00000243783EEC40
DEBUG [IRDeviceParams.cpp:210] @ 0.0022566s :calipath: 000002437586E410
DEBUG [IRDeviceParams.cpp:211] @ 0.0022635s :temperature min: 0
DEBUG [IRDeviceParams.cpp:212] @ 0.00227s :temperature max: 0
DEBUG [IRDeviceParams.cpp:213] @ 0.0022777s :framerate: 32
DEBUG [IRDeviceParams.cpp:214] @ 0.0022846s :bispectral: 0
DEBUG [IRDeviceParams.cpp:215] @ 0.002291s :flag automatic: 1
DEBUG [IRDeviceParams.cpp:216] @ 0.0022982s :min interval: 15
DEBUG [IRDeviceParams.cpp:217] @ 0.0023055s :max interval: 0
DEBUG [IRDeviceParams.cpp:218] @ 0.0023127s :chip heating mode: 0
DEBUG [IRDeviceParams.cpp:219] @ 0.0023199s :chip heating fixed val: 40
DEBUG [IRDeviceParams.cpp:220] @ 0.0023272s :focus:  -1
DEBUG [IRDeviceParams.cpp:221] @ 0.0023352s :enable extended temp range: 0
DEBUG [IRDeviceParams.cpp:222] @ 0.0023422s :buffer queue size: 5
DEBUG [IRDeviceParams.cpp:223] @ 0.0023489s :enable high precision: 0
DEBUG [IRDeviceParams.cpp:224] @ 0.0023557s :radialDistortionCorrectionMode: 0
DEBUG [IRDeviceParams.cpp:225] @ 0.0023624s :deviceAPI: 0
DEBUG [IRDeviceParams.cpp:226] @ 0.0023692s :useExternalProbeForReferencing: 0
DEBUG [IRDeviceParams.cpp:227] @ 0.0023764s :enableMultiThreading: 0
DEBUG [IRDeviceParams.cpp:232] @ 0.0023853s :ethernetDevice.deviceIpAddress: 0.0.0.0
DEBUG [IRDeviceParams.cpp:233] @ 0.0024412s :ethernetDevice.localUdpPort: 0
DEBUG [IRDeviceParams.cpp:234] @ 0.0024519s :ethernetDevice.checkUdpSenderIp: 1
DEBUG [Cali.cpp:87] @ 0.361258s :Calibration directory path: .\Cali-14110095.xml
DEBUG [Cali.cpp:88] @ 0.361296s :Calibration file name: Cali-14110095.xml
DEBUG [Cali.cpp:98] @ 0.361707s :Calibration data A: 1450 B:400 C:4095 D:1000
INFO [IRImager.cpp:266] @ 0.363125s :Init thermal imager to 14110095 with size: 160x121@120 Hz
DEBUG [Cali.cpp:87] @ 0.363471s :Calibration directory path: .\Cali-14110095.xml
DEBUG [Cali.cpp:88] @ 0.363485s :Calibration file name: Cali-14110095.xml
DEBUG [Cali.cpp:98] @ 0.363766s :Calibration data A: 1450 B:400 C:4095 D:1000
DEBUG [Cali.cpp:87] @ 0.364626s :Calibration directory path: .\Cali-14110095.xml
DEBUG [Cali.cpp:88] @ 0.364642s :Calibration file name: Cali-14110095.xml
DEBUG [Cali.cpp:98] @ 0.364877s :Calibration data A: 1450 B:400 C:4095 D:1000
DEBUG [IRImager.cpp:300] @ 0.364928s :No temperature range configuration specified. Setting default values tMin: -20 , tMax: 100
DEBUG [IRImager.cpp:377] @ 0.365344s :Using HID control interface
DEBUG [IRImager.cpp:417] @ 0.384419s :Initialized HID control interface to device with HW:21 FW:2025
DEBUG [IRImager.cpp:438] @ 0.384466s :Frameconfig - width(in): 160, height(in): 121, interval: 83333, max framerate: 120, HW interval: 0.00833333
DEBUG [Cali.cpp:87] @ 0.384488s :Calibration directory path: .\Cali-14110095.xml
DEBUG [Cali.cpp:88] @ 0.384501s :Calibration file name: Cali-14110095.xml
DEBUG [Cali.cpp:98] @ 0.38527s :Calibration data A: 1450 B:400 C:4095 D:1000
DEBUG [ImageProcessing.cpp:200] @ 0.400692s :Source buffer size: 38720 Width: 160 Height: 121
DEBUG [ImageProcessing.cpp:121] @ 0.467408s :Source buffer size: 38720 Width: 160 Height: 121
DEBUG [OpSource.cpp:376] @ 0.46792s :Using formats path: C:\Program Files (x86)\Optris GmbH\IrDirectSDK\examples\matlab\Formats.def
DEBUG [OpSource.cpp:628] @ 0.468198s :Format found with size: 160
DEBUG [OpSource.cpp:791] @ 0.468269s :Selected Format:"PI160 160x120 @ 120Hz"
DEBUG [IRImager.cpp:844] @ 0.468369s :Caught onFrameInit with size: 160x120
DEBUG [OpSource.cpp:376] @ 0.468933s :Using formats path: C:\Program Files (x86)\Optris GmbH\IrDirectSDK\examples\matlab\Formats.def
DEBUG [OpSource.cpp:628] @ 0.46917s :Format found with size: 160
DEBUG [OpSource.cpp:376] @ 0.469448s :Using formats path: C:\Program Files (x86)\Optris GmbH\IrDirectSDK\examples\matlab\Formats.def
DEBUG [OpCorr.cpp:467] @ 0.477531s :Read cali: .\Cali-14110095.xml\Cali-14110095-48-M20-100.dat
DEBUG [OpCorr.cpp:557] @ 0.478325s :Read calibration of camera no 14110095, # of fields: 6 , start of fields: 40
DEBUG [ImageProcessing.cpp:1108] @ 0.773189s :Update flag temperature: 26.9688
DEBUG [ImageProcessing.cpp:1111] @ 0.781674s :Update box temperature: 25.2031
DEBUG [Cali.cpp:639] @ 0.781749s :Calibration file path: 000002436CC14834/00000052A07ECB68.xml
DEBUG [SimpleXML.cpp:238] @ 0.782179s :Failed to open file .\Cali-14110095.xml\CaliExt-14110095.xml
DEBUG [IRImager.cpp:550] @ 0.798691s :Chip heating disabled
DEBUG [IRImager.cpp:1110] @ 0.965926s :Start flag calibration
DEBUG [OpFlag.cpp:591] @ 11.6387s :SkimDiff: -11 Adjust: -1090 State: 1 EMax: 8001 Emin: 2314
DEBUG [ImageProcessing.cpp:526] @ 11.6508s :Skim_Adjust 4015
DEBUG [IRImager.cpp:1124] @ 11.7666s :Finished startup calibration
DEBUG [IRImager.cpp:1175] @ 26.4859s :Automatic control of shutter flag
DEBUG [OpFlag.cpp:591] @ 26.6476s :SkimDiff: -6 Adjust: -557 State: 1 EMax: 8555 Emin: 2847
DEBUG [ImageProcessing.cpp:526] @ 26.6604s :Skim_Adjust 4014
DEBUG [IRImager.cpp:1175] @ 41.4948s :Automatic control of shutter flag
DEBUG [OpFlag.cpp:591] @ 41.6549s :SkimDiff: -6 Adjust: -518 State: 1 EMax: 8606 Emin: 2886
DEBUG [ImageProcessing.cpp:526] @ 41.6674s :Skim_Adjust 4013
DEBUG [IRImager.cpp:1175] @ 65.1744s :Automatic control of shutter flag
DEBUG [OpFlag.cpp:591] @ 65.3348s :SkimDiff: -5 Adjust: -477 State: 1 EMax: 8652 Emin: 2927
DEBUG [ImageProcessing.cpp:526] @ 65.3474s :Skim_Adjust 4012
DEBUG [IRImager.cpp:1175] @ 101.877s :Automatic control of shutter flag
DEBUG [OpFlag.cpp:591] @ 102.038s :SkimDiff: -5 Adjust: -431 State: 1 EMax: 8714 Emin: 2973
DEBUG [ImageProcessing.cpp:526] @ 102.048s :Skim_Adjust 4011
DEBUG [IRImager.cpp:1175] @ 119.061s :Automatic control of shutter flag
DEBUG [OpFlag.cpp:591] @ 119.237s :SkimDiff: -4 Adjust: -383 State: 1 EMax: 8764 Emin: 3021
DEBUG [ImageProcessing.cpp:526] @ 119.248s :Skim_Adjust 4010
DEBUG [IRImager.cpp:1175] @ 144.661s :Automatic control of shutter flag
DEBUG [OpFlag.cpp:591] @ 144.822s :SkimDiff: -4 Adjust: -335 State: 1 EMax: 8829 Emin: 3069
DEBUG [ImageProcessing.cpp:526] @ 144.833s :Skim_Adjust 4009
DEBUG [IRImager.cpp:1175] @ 187.813s :Automatic control of shutter flag
DEBUG [OpFlag.cpp:591] @ 187.99s :SkimDiff: -3 Adjust: -278 State: 1 EMax: 8882 Emin: 3126
DEBUG [ImageProcessing.cpp:526] @ 188.001s :Skim_Adjust 4008
DEBUG [IRImager.cpp:1175] @ 230.789s :Automatic control of shutter flag
DEBUG [OpFlag.cpp:591] @ 230.95s :SkimDiff: -3 Adjust: -228 State: 1 EMax: 8946 Emin: 3176
DEBUG [ImageProcessing.cpp:526] @ 230.961s :Skim_Adjust 4007
DEBUG [IRImager.cpp:1175] @ 285.413s :Automatic control of shutter flag
DEBUG [OpFlag.cpp:591] @ 285.589s :SkimDiff: -2 Adjust: -172 State: 1 EMax: 9006 Emin: 3232
DEBUG [ImageProcessing.cpp:526] @ 285.6s :Skim_Adjust 4006
DEBUG [IRImager.cpp:1175] @ 324.741s :Automatic control of shutter flag
DEBUG [OpFlag.cpp:591] @ 324.901s :SkimDiff: -2 Adjust: -118 State: 1 EMax: 9060 Emin: 3286
DEBUG [ImageProcessing.cpp:526] @ 324.913s :Skim_Adjust 4005
DEBUG [IRImager.cpp:1175] @ 380.549s :Automatic control of shutter flag
DEBUG [OpFlag.cpp:591] @ 380.726s :SkimDiff: -1 Adjust: -64 State: 1 EMax: 9128 Emin: 3340
DEBUG [ImageProcessing.cpp:526] @ 380.737s :Skim_Adjust 4004
DEBUG [IRImager.cpp:1175] @ 441.622s :Automatic control of shutter flag
DEBUG [OpFlag.cpp:591] @ 441.798s :SkimDiff: -1 Adjust: -9 State: 1 EMax: 9187 Emin: 3395
DEBUG [ImageProcessing.cpp:526] @ 441.809s :Skim_Adjust 4003
DEBUG [IRImager.cpp:1175] @ 504.357s :Automatic control of shutter flag
DEBUG [OpFlag.cpp:591] @ 504.534s :SkimDiff: 0 Adjust: 0 State: 0 EMax: 9245 Emin: 3454
DEBUG [IRImager.cpp:1175] @ 534.197s :Automatic control of shutter flag
DEBUG [OpFlag.cpp:591] @ 534.374s :SkimDiff: 0 Adjust: 0 State: 0 EMax: 9264 Emin: 3455
DEBUG [IRImager.cpp:1175] @ 552.325s :Automatic control of shutter flag
DEBUG [OpFlag.cpp:591] @ 552.502s :SkimDiff: 0 Adjust: 0 State: 0 EMax: 9266 Emin: 3459
DEBUG [IRImager.cpp:1175] @ 604.501s :Automatic control of shutter flag
DEBUG [OpFlag.cpp:591] @ 604.678s :SkimDiff: 0 Adjust: 0 State: 0 EMax: 9265 Emin: 3462
DEBUG [IRImager.cpp:1175] @ 630.805s :Automatic control of shutter flag
DEBUG [OpFlag.cpp:591] @ 630.981s :SkimDiff: 0 Adjust: 0 State: 0 EMax: 9274 Emin: 3464
DEBUG [IRImager.cpp:1175] @ 737.317s :Automatic control of shutter flag
DEBUG [OpFlag.cpp:591] @ 737.494s :SkimDiff: 0 Adjust: 0 State: 0 EMax: 9291 Emin: 3470
DEBUG [IRImager.cpp:1175] @ 792.597s :Automatic control of shutter flag
DEBUG [OpFlag.cpp:591] @ 792.757s :SkimDiff: 0 Adjust: 0 State: 0 EMax: 9297 Emin: 3477
DEBUG [IRImager.cpp:1175] @ 874.07s :Automatic control of shutter flag
DEBUG [OpFlag.cpp:591] @ 874.231s :SkimDiff: 0 Adjust: 0 State: 0 EMax: 9318 Emin: 3482
DEBUG [IRImager.cpp:1175] @ 923.509s :Automatic control of shutter flag
DEBUG [OpFlag.cpp:591] @ 923.671s :SkimDiff: 0 Adjust: 0 State: 0 EMax: 9323 Emin: 3482
DEBUG [IRImager.cpp:1175] @ 1015.91s :Automatic control of shutter flag
DEBUG [OpFlag.cpp:591] @ 1016.07s :SkimDiff: 0 Adjust: 0 State: 0 EMax: 9330 Emin: 3490
DEBUG [IRImager.cpp:1175] @ 1057.7s :Automatic control of shutter flag
DEBUG [OpFlag.cpp:591] @ 1057.86s :SkimDiff: 0 Adjust: 0 State: 0 EMax: 9331 Emin: 3491
DEBUG [IRImager.cpp:1175] @ 1146.45s :Automatic control of shutter flag
DEBUG [OpFlag.cpp:591] @ 1146.61s :SkimDiff: 0 Adjust: 0 State: 0 EMax: 9349 Emin: 3497
DEBUG [IRImager.cpp:1175] @ 1232.49s :Automatic control of shutter flag
DEBUG [OpFlag.cpp:591] @ 1232.66s :SkimDiff: 0 Adjust: 0 State: 0 EMax: 9357 Emin: 3501
DEBUG [IRImager.cpp:665] @ 1236.46s :Release imager
DEBUG [BaseControlDevice.cpp:26] @ 1236.51s :Base destructor called
DEBUG [IRImager.cpp:672] @ 1236.51s :Delete image processing
DEBUG [IRImager.cpp:679] @ 1236.51s :Delete buffer
DEBUG [IRImager.cpp:687] @ 1236.51s :Delete source buffer
DEBUG [IRImager.cpp:694] @ 1236.51s :Delete buffer (energy)
DEBUG [IRImager.cpp:701] @ 1236.51s :Delete timer
DEBUG [IRImager.cpp:707] @ 1236.51s :Delete manual timer
