DEBUG [IRLogger.cpp:105] @ 0.0003258s :***************************************************
DEBUG [IRLogger.cpp:106] @ 0.0004036s :* IRImagerDirect SDK                              *
DEBUG [IRLogger.cpp:107] @ 0.0004241s :***************************************************
DEBUG [IRLogger.cpp:113] @ 0.0004596s :* Native Machine:      AMD64
DEBUG [IRLogger.cpp:114] @ 0.000475s :* Machine:             AMD64
DEBUG [IRLogger.cpp:116] @ 0.0005242s :* OS:                  Windows 10 0 26100
DEBUG [IRLogger.cpp:123] @ 0.0005368s :***************************************************
DEBUG [IRDeviceParams.cpp:204] @ 0.0022518s :Parameters
DEBUG [IRDeviceParams.cpp:205] @ 0.0022741s :serial: 14110095
DEBUG [IRDeviceParams.cpp:206] @ 0.0022824s :videoformatindex: 0
DEBUG [IRDeviceParams.cpp:207] @ 0.0022898s :fov: 0
DEBUG [IRDeviceParams.cpp:208] @ 0.0022975s :optics_text: 0000000000000000
DEBUG [IRDeviceParams.cpp:209] @ 0.0023053s :formatspath: 000001C5E4FA4440
DEBUG [IRDeviceParams.cpp:210] @ 0.0023137s :calipath: 000001C5E539D310
DEBUG [IRDeviceParams.cpp:211] @ 0.0023212s :temperature min: 0
DEBUG [IRDeviceParams.cpp:212] @ 0.0023281s :temperature max: 0
DEBUG [IRDeviceParams.cpp:213] @ 0.0023364s :framerate: 32
DEBUG [IRDeviceParams.cpp:214] @ 0.0023434s :bispectral: 0
DEBUG [IRDeviceParams.cpp:215] @ 0.0023504s :flag automatic: 1
DEBUG [IRDeviceParams.cpp:216] @ 0.0023578s :min interval: 15
DEBUG [IRDeviceParams.cpp:217] @ 0.0023659s :max interval: 0
DEBUG [IRDeviceParams.cpp:218] @ 0.0023735s :chip heating mode: 0
DEBUG [IRDeviceParams.cpp:219] @ 0.0023814s :chip heating fixed val: 40
DEBUG [IRDeviceParams.cpp:220] @ 0.0023896s :focus:  -1
DEBUG [IRDeviceParams.cpp:221] @ 0.0024261s :enable extended temp range: 0
DEBUG [IRDeviceParams.cpp:222] @ 0.0024488s :buffer queue size: 5
DEBUG [IRDeviceParams.cpp:223] @ 0.0024576s :enable high precision: 0
DEBUG [IRDeviceParams.cpp:224] @ 0.0024656s :radialDistortionCorrectionMode: 0
DEBUG [IRDeviceParams.cpp:225] @ 0.002473s :deviceAPI: 0
DEBUG [IRDeviceParams.cpp:226] @ 0.0024804s :useExternalProbeForReferencing: 0
DEBUG [IRDeviceParams.cpp:227] @ 0.0024876s :enableMultiThreading: 0
DEBUG [IRDeviceParams.cpp:232] @ 0.0024966s :ethernetDevice.deviceIpAddress: 0.0.0.0
DEBUG [IRDeviceParams.cpp:233] @ 0.0025051s :ethernetDevice.localUdpPort: 0
DEBUG [IRDeviceParams.cpp:234] @ 0.002512s :ethernetDevice.checkUdpSenderIp: 1
DEBUG [Cali.cpp:87] @ 0.413371s :Calibration directory path: .\Cali-14110095.xml
DEBUG [Cali.cpp:88] @ 0.413402s :Calibration file name: Cali-14110095.xml
DEBUG [Cali.cpp:98] @ 0.413689s :Calibration data A: 1450 B:400 C:4095 D:1000
INFO [IRImager.cpp:266] @ 0.414887s :Init thermal imager to 14110095 with size: 160x121@120 Hz
DEBUG [Cali.cpp:87] @ 0.415192s :Calibration directory path: .\Cali-14110095.xml
DEBUG [Cali.cpp:88] @ 0.415204s :Calibration file name: Cali-14110095.xml
DEBUG [Cali.cpp:98] @ 0.41542s :Calibration data A: 1450 B:400 C:4095 D:1000
DEBUG [Cali.cpp:87] @ 0.416133s :Calibration directory path: .\Cali-14110095.xml
DEBUG [Cali.cpp:88] @ 0.416149s :Calibration file name: Cali-14110095.xml
DEBUG [Cali.cpp:98] @ 0.416361s :Calibration data A: 1450 B:400 C:4095 D:1000
DEBUG [IRImager.cpp:300] @ 0.416408s :No temperature range configuration specified. Setting default values tMin: -20 , tMax: 100
DEBUG [IRImager.cpp:377] @ 0.41673s :Using HID control interface
DEBUG [IRImager.cpp:417] @ 0.438025s :Initialized HID control interface to device with HW:21 FW:2025
DEBUG [IRImager.cpp:438] @ 0.438112s :Frameconfig - width(in): 160, height(in): 121, interval: 83333, max framerate: 120, HW interval: 0.00833333
DEBUG [Cali.cpp:87] @ 0.43815s :Calibration directory path: .\Cali-14110095.xml
DEBUG [Cali.cpp:88] @ 0.438173s :Calibration file name: Cali-14110095.xml
DEBUG [Cali.cpp:98] @ 0.438981s :Calibration data A: 1450 B:400 C:4095 D:1000
DEBUG [ImageProcessing.cpp:200] @ 0.462776s :Source buffer size: 38720 Width: 160 Height: 121
DEBUG [ImageProcessing.cpp:121] @ 0.520509s :Source buffer size: 38720 Width: 160 Height: 121
DEBUG [OpSource.cpp:376] @ 0.521664s :Using formats path: C:\Program Files (x86)\Optris GmbH\IrDirectSDK\examples\matlab\Formats.def
DEBUG [OpSource.cpp:628] @ 0.52285s :Format found with size: 160
DEBUG [OpSource.cpp:791] @ 0.523119s :Selected Format:"PI160 160x120 @ 120Hz"
DEBUG [IRImager.cpp:844] @ 0.523328s :Caught onFrameInit with size: 160x120
DEBUG [OpSource.cpp:376] @ 0.524466s :Using formats path: C:\Program Files (x86)\Optris GmbH\IrDirectSDK\examples\matlab\Formats.def
DEBUG [OpSource.cpp:628] @ 0.524983s :Format found with size: 160
DEBUG [OpSource.cpp:376] @ 0.52576s :Using formats path: C:\Program Files (x86)\Optris GmbH\IrDirectSDK\examples\matlab\Formats.def
DEBUG [OpCorr.cpp:467] @ 0.530369s :Read cali: .\Cali-14110095.xml\Cali-14110095-48-M20-100.dat
DEBUG [OpCorr.cpp:557] @ 0.530938s :Read calibration of camera no 14110095, # of fields: 6 , start of fields: 40
DEBUG [ImageProcessing.cpp:1108] @ 0.835382s :Update flag temperature: 29.0078
DEBUG [ImageProcessing.cpp:1111] @ 0.843407s :Update box temperature: 27.1484
DEBUG [Cali.cpp:639] @ 0.843503s :Calibration file path: 000001C5E55E7284/000000AB2F5ECBA8.xml
DEBUG [SimpleXML.cpp:238] @ 0.844017s :Failed to open file .\Cali-14110095.xml\CaliExt-14110095.xml
DEBUG [IRImager.cpp:550] @ 0.866728s :Chip heating disabled
DEBUG [IRImager.cpp:1110] @ 0.973502s :Start flag calibration
DEBUG [OpFlag.cpp:591] @ 11.6462s :SkimDiff: -12 Adjust: -1101 State: 1 EMax: 8203 Emin: 2303
DEBUG [ImageProcessing.cpp:526] @ 11.6587s :Skim_Adjust 4014
DEBUG [IRImager.cpp:1124] @ 11.7746s :Finished startup calibration
DEBUG [IRImager.cpp:1175] @ 26.4931s :Automatic control of shutter flag
DEBUG [OpFlag.cpp:591] @ 26.6701s :SkimDiff: -5 Adjust: -428 State: 1 EMax: 8871 Emin: 2976
DEBUG [ImageProcessing.cpp:526] @ 26.6821s :Skim_Adjust 4013
DEBUG [IRImager.cpp:1175] @ 85.6774s :Automatic control of shutter flag
DEBUG [OpFlag.cpp:591] @ 85.8543s :SkimDiff: -4 Adjust: -373 State: 1 EMax: 8928 Emin: 3031
DEBUG [ImageProcessing.cpp:526] @ 85.8679s :Skim_Adjust 4012
DEBUG [IRImager.cpp:1175] @ 131.997s :Automatic control of shutter flag
DEBUG [OpFlag.cpp:591] @ 132.174s :SkimDiff: -4 Adjust: -321 State: 1 EMax: 8982 Emin: 3083
DEBUG [ImageProcessing.cpp:526] @ 132.187s :Skim_Adjust 4011
DEBUG [IRImager.cpp:1175] @ 205.661s :Automatic control of shutter flag
DEBUG [OpFlag.cpp:591] @ 205.838s :SkimDiff: -3 Adjust: -267 State: 1 EMax: 9050 Emin: 3137
DEBUG [ImageProcessing.cpp:526] @ 205.85s :Skim_Adjust 4010
DEBUG [IRImager.cpp:1175] @ 251.278s :Automatic control of shutter flag
DEBUG [OpFlag.cpp:591] @ 251.453s :SkimDiff: -3 Adjust: -209 State: 1 EMax: 9102 Emin: 3195
DEBUG [ImageProcessing.cpp:526] @ 251.465s :Skim_Adjust 4009
DEBUG [IRImager.cpp:1175] @ 309.261s :Automatic control of shutter flag
DEBUG [OpFlag.cpp:591] @ 309.438s :SkimDiff: -2 Adjust: -154 State: 1 EMax: 9168 Emin: 3250
DEBUG [ImageProcessing.cpp:526] @ 309.451s :Skim_Adjust 4008
DEBUG [IRImager.cpp:1175] @ 367.39s :Automatic control of shutter flag
DEBUG [OpFlag.cpp:591] @ 367.566s :SkimDiff: -2 Adjust: -103 State: 1 EMax: 9229 Emin: 3301
DEBUG [ImageProcessing.cpp:526] @ 367.578s :Skim_Adjust 4007
DEBUG [IRImager.cpp:1175] @ 453.837s :Automatic control of shutter flag
DEBUG [OpFlag.cpp:591] @ 454.013s :SkimDiff: -1 Adjust: -46 State: 1 EMax: 9293 Emin: 3358
DEBUG [ImageProcessing.cpp:526] @ 454.026s :Skim_Adjust 4006
DEBUG [IRImager.cpp:1175] @ 618.622s :Automatic control of shutter flag
DEBUG [OpFlag.cpp:591] @ 618.797s :SkimDiff: 0 Adjust: 0 State: 0 EMax: 9364 Emin: 3422
DEBUG [IRImager.cpp:665] @ 643.139s :Release imager
DEBUG [BaseControlDevice.cpp:26] @ 643.175s :Base destructor called
DEBUG [IRImager.cpp:672] @ 643.175s :Delete image processing
DEBUG [IRImager.cpp:679] @ 643.184s :Delete buffer
DEBUG [IRImager.cpp:687] @ 643.185s :Delete source buffer
DEBUG [IRImager.cpp:694] @ 643.185s :Delete buffer (energy)
DEBUG [IRImager.cpp:701] @ 643.185s :Delete timer
DEBUG [IRImager.cpp:707] @ 643.185s :Delete manual timer
