DEBUG [IRLogger.cpp:105] @ 0.000648s :***************************************************
DEBUG [IRLogger.cpp:106] @ 0.0007274s :* IRImagerDirect SDK                              *
DEBUG [IRLogger.cpp:107] @ 0.0007483s :***************************************************
DEBUG [IRLogger.cpp:113] @ 0.0007696s :* Native Machine:      AMD64
DEBUG [IRLogger.cpp:114] @ 0.0007837s :* Machine:             AMD64
DEBUG [IRLogger.cpp:116] @ 0.0009985s :* OS:                  Windows 10 0 26100
DEBUG [IRLogger.cpp:123] @ 0.0010994s :***************************************************
DEBUG [IRDeviceParams.cpp:204] @ 0.00278s :Parameters
DEBUG [IRDeviceParams.cpp:205] @ 0.0028024s :serial: 14110095
DEBUG [IRDeviceParams.cpp:206] @ 0.002811s :videoformatindex: 0
DEBUG [IRDeviceParams.cpp:207] @ 0.0028182s :fov: 0
DEBUG [IRDeviceParams.cpp:208] @ 0.0028257s :optics_text: 0000000000000000
DEBUG [IRDeviceParams.cpp:209] @ 0.0028331s :formatspath: 0000017DC94A3170
DEBUG [IRDeviceParams.cpp:210] @ 0.0028413s :calipath: 0000017DC9184630
DEBUG [IRDeviceParams.cpp:211] @ 0.0028487s :temperature min: 0
DEBUG [IRDeviceParams.cpp:212] @ 0.0028558s :temperature max: 0
DEBUG [IRDeviceParams.cpp:213] @ 0.0028636s :framerate: 32
DEBUG [IRDeviceParams.cpp:214] @ 0.0028704s :bispectral: 0
DEBUG [IRDeviceParams.cpp:215] @ 0.002878s :flag automatic: 1
DEBUG [IRDeviceParams.cpp:216] @ 0.002885s :min interval: 15
DEBUG [IRDeviceParams.cpp:217] @ 0.0028919s :max interval: 0
DEBUG [IRDeviceParams.cpp:218] @ 0.0028987s :chip heating mode: 0
DEBUG [IRDeviceParams.cpp:219] @ 0.0029059s :chip heating fixed val: 40
DEBUG [IRDeviceParams.cpp:220] @ 0.002913s :focus:  -1
DEBUG [IRDeviceParams.cpp:221] @ 0.0029212s :enable extended temp range: 0
DEBUG [IRDeviceParams.cpp:222] @ 0.0029282s :buffer queue size: 5
DEBUG [IRDeviceParams.cpp:223] @ 0.0029348s :enable high precision: 0
DEBUG [IRDeviceParams.cpp:224] @ 0.0029415s :radialDistortionCorrectionMode: 0
DEBUG [IRDeviceParams.cpp:225] @ 0.0029482s :deviceAPI: 0
DEBUG [IRDeviceParams.cpp:226] @ 0.0029551s :useExternalProbeForReferencing: 0
DEBUG [IRDeviceParams.cpp:227] @ 0.002962s :enableMultiThreading: 0
DEBUG [IRDeviceParams.cpp:232] @ 0.0029706s :ethernetDevice.deviceIpAddress: 0.0.0.0
DEBUG [IRDeviceParams.cpp:233] @ 0.0029776s :ethernetDevice.localUdpPort: 0
DEBUG [IRDeviceParams.cpp:234] @ 0.0029847s :ethernetDevice.checkUdpSenderIp: 1
DEBUG [Cali.cpp:87] @ 0.325557s :Calibration directory path: .\Cali-14110095.xml
DEBUG [Cali.cpp:88] @ 0.325588s :Calibration file name: Cali-14110095.xml
DEBUG [Cali.cpp:98] @ 0.3259s :Calibration data A: 1450 B:400 C:4095 D:1000
INFO [IRImager.cpp:266] @ 0.327002s :Init thermal imager to 14110095 with size: 160x121@120 Hz
DEBUG [Cali.cpp:87] @ 0.327291s :Calibration directory path: .\Cali-14110095.xml
DEBUG [Cali.cpp:88] @ 0.327302s :Calibration file name: Cali-14110095.xml
DEBUG [Cali.cpp:98] @ 0.327538s :Calibration data A: 1450 B:400 C:4095 D:1000
DEBUG [Cali.cpp:87] @ 0.328215s :Calibration directory path: .\Cali-14110095.xml
DEBUG [Cali.cpp:88] @ 0.328229s :Calibration file name: Cali-14110095.xml
DEBUG [Cali.cpp:98] @ 0.328431s :Calibration data A: 1450 B:400 C:4095 D:1000
DEBUG [IRImager.cpp:300] @ 0.328475s :No temperature range configuration specified. Setting default values tMin: -20 , tMax: 100
DEBUG [IRImager.cpp:377] @ 0.328794s :Using HID control interface
DEBUG [IRImager.cpp:417] @ 0.350633s :Initialized HID control interface to device with HW:21 FW:2025
DEBUG [IRImager.cpp:438] @ 0.350716s :Frameconfig - width(in): 160, height(in): 121, interval: 83333, max framerate: 120, HW interval: 0.00833333
DEBUG [Cali.cpp:87] @ 0.350757s :Calibration directory path: .\Cali-14110095.xml
DEBUG [Cali.cpp:88] @ 0.35078s :Calibration file name: Cali-14110095.xml
DEBUG [Cali.cpp:98] @ 0.351653s :Calibration data A: 1450 B:400 C:4095 D:1000
DEBUG [ImageProcessing.cpp:200] @ 0.366874s :Source buffer size: 38720 Width: 160 Height: 121
DEBUG [ImageProcessing.cpp:121] @ 0.4336s :Source buffer size: 38720 Width: 160 Height: 121
DEBUG [OpSource.cpp:376] @ 0.43477s :Using formats path: C:\Program Files (x86)\Optris GmbH\IrDirectSDK\examples\matlab\Formats.def
DEBUG [OpSource.cpp:628] @ 0.435468s :Format found with size: 160
DEBUG [OpSource.cpp:791] @ 0.435695s :Selected Format:"PI160 160x120 @ 120Hz"
DEBUG [IRImager.cpp:844] @ 0.435892s :Caught onFrameInit with size: 160x120
DEBUG [OpSource.cpp:376] @ 0.436848s :Using formats path: C:\Program Files (x86)\Optris GmbH\IrDirectSDK\examples\matlab\Formats.def
DEBUG [OpSource.cpp:628] @ 0.43732s :Format found with size: 160
DEBUG [OpSource.cpp:376] @ 0.437837s :Using formats path: C:\Program Files (x86)\Optris GmbH\IrDirectSDK\examples\matlab\Formats.def
DEBUG [OpCorr.cpp:467] @ 0.451585s :Read cali: .\Cali-14110095.xml\Cali-14110095-48-M20-100.dat
DEBUG [OpCorr.cpp:557] @ 0.452232s :Read calibration of camera no 14110095, # of fields: 6 , start of fields: 40
DEBUG [ImageProcessing.cpp:1108] @ 0.755737s :Update flag temperature: 30.8359
DEBUG [ImageProcessing.cpp:1111] @ 0.764124s :Update box temperature: 28.8594
DEBUG [Cali.cpp:639] @ 0.764235s :Calibration file path: 0000017DD3F50274/00000005F25ECBF8.xml
DEBUG [SimpleXML.cpp:238] @ 0.764832s :Failed to open file .\Cali-14110095.xml\CaliExt-14110095.xml
DEBUG [IRImager.cpp:550] @ 0.781271s :Chip heating disabled
DEBUG [IRImager.cpp:1110] @ 0.884998s :Start flag calibration
DEBUG [OpFlag.cpp:591] @ 11.5583s :SkimDiff: -10 Adjust: -910 State: 1 EMax: 8511 Emin: 2494
DEBUG [ImageProcessing.cpp:526] @ 11.5713s :Skim_Adjust 4016
DEBUG [IRImager.cpp:1124] @ 11.6855s :Finished startup calibration
DEBUG [IRImager.cpp:1175] @ 26.4045s :Automatic control of shutter flag
DEBUG [OpFlag.cpp:591] @ 26.5654s :SkimDiff: -4 Adjust: -377 State: 1 EMax: 9060 Emin: 3027
DEBUG [ImageProcessing.cpp:526] @ 26.578s :Skim_Adjust 4015
DEBUG [IRImager.cpp:1175] @ 46.1977s :Automatic control of shutter flag
DEBUG [OpFlag.cpp:591] @ 46.3736s :SkimDiff: -4 Adjust: -347 State: 1 EMax: 9107 Emin: 3057
DEBUG [ImageProcessing.cpp:526] @ 46.3858s :Skim_Adjust 4014
DEBUG [IRImager.cpp:1175] @ 135.348s :Automatic control of shutter flag
DEBUG [OpFlag.cpp:591] @ 135.524s :SkimDiff: -3 Adjust: -297 State: 1 EMax: 9153 Emin: 3107
DEBUG [ImageProcessing.cpp:526] @ 135.536s :Skim_Adjust 4013
DEBUG [IRImager.cpp:1175] @ 212.549s :Automatic control of shutter flag
DEBUG [OpFlag.cpp:591] @ 212.726s :SkimDiff: -3 Adjust: -240 State: 1 EMax: 9225 Emin: 3164
DEBUG [ImageProcessing.cpp:526] @ 212.739s :Skim_Adjust 4012
DEBUG [IRImager.cpp:1175] @ 319.604s :Automatic control of shutter flag
DEBUG [OpFlag.cpp:591] @ 319.78s :SkimDiff: -2 Adjust: -189 State: 1 EMax: 9288 Emin: 3215
DEBUG [ImageProcessing.cpp:526] @ 319.793s :Skim_Adjust 4011
DEBUG [IRImager.cpp:665] @ 460.522s :Release imager
DEBUG [BaseControlDevice.cpp:26] @ 460.569s :Base destructor called
DEBUG [IRImager.cpp:672] @ 460.569s :Delete image processing
DEBUG [IRImager.cpp:679] @ 460.579s :Delete buffer
DEBUG [IRImager.cpp:687] @ 460.579s :Delete source buffer
DEBUG [IRImager.cpp:694] @ 460.579s :Delete buffer (energy)
DEBUG [IRImager.cpp:701] @ 460.579s :Delete timer
DEBUG [IRImager.cpp:707] @ 460.579s :Delete manual timer
