DEBUG [IRLogger.cpp:105] @ 0.0003157s :***************************************************
DEBUG [IRLogger.cpp:106] @ 0.0003903s :* IRImagerDirect SDK                              *
DEBUG [IRLogger.cpp:107] @ 0.0004092s :***************************************************
DEBUG [IRLogger.cpp:113] @ 0.0004227s :* Native Machine:      AMD64
DEBUG [IRLogger.cpp:114] @ 0.0004358s :* Machine:             AMD64
DEBUG [IRLogger.cpp:116] @ 0.0004559s :* OS:                  Windows 10 0 26100
DEBUG [IRLogger.cpp:123] @ 0.0004666s :***************************************************
DEBUG [IRDeviceParams.cpp:204] @ 0.0021727s :Parameters
DEBUG [IRDeviceParams.cpp:205] @ 0.0021899s :serial: 14110095
DEBUG [IRDeviceParams.cpp:206] @ 0.0021974s :videoformatindex: 0
DEBUG [IRDeviceParams.cpp:207] @ 0.0022043s :fov: 0
DEBUG [IRDeviceParams.cpp:208] @ 0.0022113s :optics_text: 0000000000000000
DEBUG [IRDeviceParams.cpp:209] @ 0.0022186s :formatspath: 0000021D8A0FB310
DEBUG [IRDeviceParams.cpp:210] @ 0.0022269s :calipath: 0000021D8A5D7660
DEBUG [IRDeviceParams.cpp:211] @ 0.0022337s :temperature min: 0
DEBUG [IRDeviceParams.cpp:212] @ 0.0022402s :temperature max: 0
DEBUG [IRDeviceParams.cpp:213] @ 0.0022486s :framerate: 32
DEBUG [IRDeviceParams.cpp:214] @ 0.0022551s :bispectral: 0
DEBUG [IRDeviceParams.cpp:215] @ 0.0022614s :flag automatic: 1
DEBUG [IRDeviceParams.cpp:216] @ 0.0022681s :min interval: 15
DEBUG [IRDeviceParams.cpp:217] @ 0.002275s :max interval: 0
DEBUG [IRDeviceParams.cpp:218] @ 0.002282s :chip heating mode: 0
DEBUG [IRDeviceParams.cpp:219] @ 0.0022889s :chip heating fixed val: 40
DEBUG [IRDeviceParams.cpp:220] @ 0.0022958s :focus:  -1
DEBUG [IRDeviceParams.cpp:221] @ 0.0023037s :enable extended temp range: 0
DEBUG [IRDeviceParams.cpp:222] @ 0.0023109s :buffer queue size: 5
DEBUG [IRDeviceParams.cpp:223] @ 0.0023174s :enable high precision: 0
DEBUG [IRDeviceParams.cpp:224] @ 0.002324s :radialDistortionCorrectionMode: 0
DEBUG [IRDeviceParams.cpp:225] @ 0.0023305s :deviceAPI: 0
DEBUG [IRDeviceParams.cpp:226] @ 0.0023368s :useExternalProbeForReferencing: 0
DEBUG [IRDeviceParams.cpp:227] @ 0.0023433s :enableMultiThreading: 0
DEBUG [IRDeviceParams.cpp:232] @ 0.0023517s :ethernetDevice.deviceIpAddress: 0.0.0.0
DEBUG [IRDeviceParams.cpp:233] @ 0.0023585s :ethernetDevice.localUdpPort: 0
DEBUG [IRDeviceParams.cpp:234] @ 0.0023652s :ethernetDevice.checkUdpSenderIp: 1
DEBUG [Cali.cpp:87] @ 0.219022s :Calibration directory path: .\Cali-14110095.xml
DEBUG [Cali.cpp:88] @ 0.219048s :Calibration file name: Cali-14110095.xml
DEBUG [Cali.cpp:98] @ 0.219303s :Calibration data A: 1450 B:400 C:4095 D:1000
INFO [IRImager.cpp:266] @ 0.220223s :Init thermal imager to 14110095 with size: 160x121@120 Hz
DEBUG [Cali.cpp:87] @ 0.220478s :Calibration directory path: .\Cali-14110095.xml
DEBUG [Cali.cpp:88] @ 0.220488s :Calibration file name: Cali-14110095.xml
DEBUG [Cali.cpp:98] @ 0.220691s :Calibration data A: 1450 B:400 C:4095 D:1000
DEBUG [Cali.cpp:87] @ 0.221338s :Calibration directory path: .\Cali-14110095.xml
DEBUG [Cali.cpp:88] @ 0.221352s :Calibration file name: Cali-14110095.xml
DEBUG [Cali.cpp:98] @ 0.221538s :Calibration data A: 1450 B:400 C:4095 D:1000
DEBUG [IRImager.cpp:300] @ 0.221578s :No temperature range configuration specified. Setting default values tMin: -20 , tMax: 100
DEBUG [IRImager.cpp:377] @ 0.221859s :Using HID control interface
DEBUG [IRImager.cpp:417] @ 0.238797s :Initialized HID control interface to device with HW:21 FW:2025
DEBUG [IRImager.cpp:438] @ 0.238884s :Frameconfig - width(in): 160, height(in): 121, interval: 83333, max framerate: 120, HW interval: 0.00833333
DEBUG [Cali.cpp:87] @ 0.238909s :Calibration directory path: .\Cali-14110095.xml
DEBUG [Cali.cpp:88] @ 0.238923s :Calibration file name: Cali-14110095.xml
DEBUG [Cali.cpp:98] @ 0.239503s :Calibration data A: 1450 B:400 C:4095 D:1000
DEBUG [ImageProcessing.cpp:200] @ 0.263577s :Source buffer size: 38720 Width: 160 Height: 121
DEBUG [ImageProcessing.cpp:121] @ 0.338063s :Source buffer size: 38720 Width: 160 Height: 121
DEBUG [OpSource.cpp:376] @ 0.339147s :Using formats path: C:\Program Files (x86)\Optris GmbH\IrDirectSDK\examples\matlab\Formats.def
DEBUG [OpSource.cpp:628] @ 0.339751s :Format found with size: 160
DEBUG [OpSource.cpp:791] @ 0.339895s :Selected Format:"PI160 160x120 @ 120Hz"
DEBUG [IRImager.cpp:844] @ 0.340119s :Caught onFrameInit with size: 160x120
DEBUG [OpSource.cpp:376] @ 0.341179s :Using formats path: C:\Program Files (x86)\Optris GmbH\IrDirectSDK\examples\matlab\Formats.def
DEBUG [OpSource.cpp:628] @ 0.341675s :Format found with size: 160
DEBUG [OpSource.cpp:376] @ 0.342371s :Using formats path: C:\Program Files (x86)\Optris GmbH\IrDirectSDK\examples\matlab\Formats.def
DEBUG [OpCorr.cpp:467] @ 0.347889s :Read cali: .\Cali-14110095.xml\Cali-14110095-48-M20-100.dat
DEBUG [OpCorr.cpp:557] @ 0.348499s :Read calibration of camera no 14110095, # of fields: 6 , start of fields: 40
DEBUG [ImageProcessing.cpp:1108] @ 0.627556s :Update flag temperature: 29.1797
DEBUG [ImageProcessing.cpp:1111] @ 0.635825s :Update box temperature: 27.4453
DEBUG [Cali.cpp:639] @ 0.63586s :Calibration file path: 0000021D8AEF7554/000000964E5FC958.xml
DEBUG [SimpleXML.cpp:238] @ 0.636044s :Failed to open file .\Cali-14110095.xml\CaliExt-14110095.xml
DEBUG [IRImager.cpp:550] @ 0.648118s :Chip heating disabled
DEBUG [IRImager.cpp:1110] @ 0.711695s :Start flag calibration
DEBUG [OpFlag.cpp:591] @ 11.3846s :SkimDiff: -12 Adjust: -1132 State: 1 EMax: 8229 Emin: 2272
DEBUG [ImageProcessing.cpp:526] @ 11.397s :Skim_Adjust 4014
DEBUG [IRImager.cpp:1124] @ 11.5132s :Finished startup calibration
DEBUG [IRImager.cpp:1175] @ 26.2324s :Automatic control of shutter flag
DEBUG [OpFlag.cpp:591] @ 26.3939s :SkimDiff: -5 Adjust: -442 State: 1 EMax: 8910 Emin: 2962
DEBUG [ImageProcessing.cpp:526] @ 26.4079s :Skim_Adjust 4013
DEBUG [IRImager.cpp:1175] @ 41.5288s :Automatic control of shutter flag
DEBUG [OpFlag.cpp:591] @ 41.704s :SkimDiff: -4 Adjust: -370 State: 1 EMax: 8965 Emin: 3034
DEBUG [ImageProcessing.cpp:526] @ 41.7168s :Skim_Adjust 4012
DEBUG [IRImager.cpp:1175] @ 65.4646s :Automatic control of shutter flag
DEBUG [OpFlag.cpp:591] @ 65.6419s :SkimDiff: -4 Adjust: -308 State: 1 EMax: 9033 Emin: 3096
DEBUG [ImageProcessing.cpp:526] @ 65.6631s :Skim_Adjust 4011
DEBUG [IRImager.cpp:1175] @ 82.8563s :Automatic control of shutter flag
DEBUG [OpFlag.cpp:591] @ 83.0353s :SkimDiff: -3 Adjust: -247 State: 1 EMax: 9094 Emin: 3157
DEBUG [ImageProcessing.cpp:526] @ 83.0627s :Skim_Adjust 4010
DEBUG [IRImager.cpp:1175] @ 107.705s :Automatic control of shutter flag
DEBUG [OpFlag.cpp:591] @ 107.882s :SkimDiff: -2 Adjust: -186 State: 1 EMax: 9155 Emin: 3218
DEBUG [ImageProcessing.cpp:526] @ 107.905s :Skim_Adjust 4009
DEBUG [IRImager.cpp:665] @ 122.593s :Release imager
DEBUG [BaseControlDevice.cpp:26] @ 122.638s :Base destructor called
DEBUG [IRImager.cpp:672] @ 122.638s :Delete image processing
DEBUG [IRImager.cpp:679] @ 122.654s :Delete buffer
DEBUG [IRImager.cpp:687] @ 122.654s :Delete source buffer
DEBUG [IRImager.cpp:694] @ 122.654s :Delete buffer (energy)
DEBUG [IRImager.cpp:701] @ 122.655s :Delete timer
DEBUG [IRImager.cpp:707] @ 122.655s :Delete manual timer
