DEBUG [IRLogger.cpp:105] @ 0.0003716s :***************************************************
DEBUG [IRLogger.cpp:106] @ 0.0004487s :* IRImagerDirect SDK                              *
DEBUG [IRLogger.cpp:107] @ 0.0004682s :***************************************************
DEBUG [IRLogger.cpp:113] @ 0.0004837s :* Native Machine:      AMD64
DEBUG [IRLogger.cpp:114] @ 0.0005263s :* Machine:             AMD64
DEBUG [IRLogger.cpp:116] @ 0.000589s :* OS:                  Windows 10 0 26100
DEBUG [IRLogger.cpp:123] @ 0.0006045s :***************************************************
DEBUG [IRDeviceParams.cpp:204] @ 0.0017483s :Parameters
DEBUG [IRDeviceParams.cpp:205] @ 0.0017642s :serial: 14110095
DEBUG [IRDeviceParams.cpp:206] @ 0.0017717s :videoformatindex: 0
DEBUG [IRDeviceParams.cpp:207] @ 0.0017782s :fov: 0
DEBUG [IRDeviceParams.cpp:208] @ 0.0017852s :optics_text: 0000000000000000
DEBUG [IRDeviceParams.cpp:209] @ 0.0017922s :formatspath: 0000028F8E365D40
DEBUG [IRDeviceParams.cpp:210] @ 0.0017999s :calipath: 0000028F9860FCC0
DEBUG [IRDeviceParams.cpp:211] @ 0.0018063s :temperature min: 0
DEBUG [IRDeviceParams.cpp:212] @ 0.0018125s :temperature max: 0
DEBUG [IRDeviceParams.cpp:213] @ 0.0018201s :framerate: 32
DEBUG [IRDeviceParams.cpp:214] @ 0.0018266s :bispectral: 0
DEBUG [IRDeviceParams.cpp:215] @ 0.0018328s :flag automatic: 1
DEBUG [IRDeviceParams.cpp:216] @ 0.0018393s :min interval: 15
DEBUG [IRDeviceParams.cpp:217] @ 0.0018461s :max interval: 0
DEBUG [IRDeviceParams.cpp:218] @ 0.0018526s :chip heating mode: 0
DEBUG [IRDeviceParams.cpp:219] @ 0.0018594s :chip heating fixed val: 40
DEBUG [IRDeviceParams.cpp:220] @ 0.0018664s :focus:  -1
DEBUG [IRDeviceParams.cpp:221] @ 0.0018743s :enable extended temp range: 0
DEBUG [IRDeviceParams.cpp:222] @ 0.0018814s :buffer queue size: 5
DEBUG [IRDeviceParams.cpp:223] @ 0.0018878s :enable high precision: 0
DEBUG [IRDeviceParams.cpp:224] @ 0.0018943s :radialDistortionCorrectionMode: 0
DEBUG [IRDeviceParams.cpp:225] @ 0.0019007s :deviceAPI: 0
DEBUG [IRDeviceParams.cpp:226] @ 0.0019071s :useExternalProbeForReferencing: 0
DEBUG [IRDeviceParams.cpp:227] @ 0.0019134s :enableMultiThreading: 0
DEBUG [IRDeviceParams.cpp:232] @ 0.0019214s :ethernetDevice.deviceIpAddress: 0.0.0.0
DEBUG [IRDeviceParams.cpp:233] @ 0.0019278s :ethernetDevice.localUdpPort: 0
DEBUG [IRDeviceParams.cpp:234] @ 0.0019345s :ethernetDevice.checkUdpSenderIp: 1
DEBUG [Cali.cpp:87] @ 0.263203s :Calibration directory path: .\Cali-14110095.xml
DEBUG [Cali.cpp:88] @ 0.263231s :Calibration file name: Cali-14110095.xml
DEBUG [Cali.cpp:98] @ 0.26349s :Calibration data A: 1450 B:400 C:4095 D:1000
INFO [IRImager.cpp:266] @ 0.264856s :Init thermal imager to 14110095 with size: 160x121@120 Hz
DEBUG [Cali.cpp:87] @ 0.265425s :Calibration directory path: .\Cali-14110095.xml
DEBUG [Cali.cpp:88] @ 0.265447s :Calibration file name: Cali-14110095.xml
DEBUG [Cali.cpp:98] @ 0.265899s :Calibration data A: 1450 B:400 C:4095 D:1000
DEBUG [Cali.cpp:87] @ 0.267424s :Calibration directory path: .\Cali-14110095.xml
DEBUG [Cali.cpp:88] @ 0.267456s :Calibration file name: Cali-14110095.xml
DEBUG [Cali.cpp:98] @ 0.267941s :Calibration data A: 1450 B:400 C:4095 D:1000
DEBUG [IRImager.cpp:300] @ 0.268046s :No temperature range configuration specified. Setting default values tMin: -20 , tMax: 100
DEBUG [IRImager.cpp:377] @ 0.268768s :Using HID control interface
DEBUG [IRImager.cpp:417] @ 0.28988s :Initialized HID control interface to device with HW:21 FW:2025
DEBUG [IRImager.cpp:438] @ 0.289994s :Frameconfig - width(in): 160, height(in): 121, interval: 83333, max framerate: 120, HW interval: 0.00833333
DEBUG [Cali.cpp:87] @ 0.290048s :Calibration directory path: .\Cali-14110095.xml
DEBUG [Cali.cpp:88] @ 0.290078s :Calibration file name: Cali-14110095.xml
DEBUG [Cali.cpp:98] @ 0.291162s :Calibration data A: 1450 B:400 C:4095 D:1000
DEBUG [ImageProcessing.cpp:200] @ 0.306235s :Source buffer size: 38720 Width: 160 Height: 121
DEBUG [ImageProcessing.cpp:121] @ 0.380575s :Source buffer size: 38720 Width: 160 Height: 121
DEBUG [OpSource.cpp:376] @ 0.381942s :Using formats path: C:\Program Files (x86)\Optris GmbH\IrDirectSDK\examples\matlab\Formats.def
DEBUG [OpSource.cpp:628] @ 0.382593s :Format found with size: 160
DEBUG [OpSource.cpp:791] @ 0.382893s :Selected Format:"PI160 160x120 @ 120Hz"
DEBUG [IRImager.cpp:844] @ 0.383022s :Caught onFrameInit with size: 160x120
DEBUG [OpSource.cpp:376] @ 0.383668s :Using formats path: C:\Program Files (x86)\Optris GmbH\IrDirectSDK\examples\matlab\Formats.def
DEBUG [OpSource.cpp:628] @ 0.383976s :Format found with size: 160
DEBUG [OpSource.cpp:376] @ 0.38432s :Using formats path: C:\Program Files (x86)\Optris GmbH\IrDirectSDK\examples\matlab\Formats.def
DEBUG [OpCorr.cpp:467] @ 0.389746s :Read cali: .\Cali-14110095.xml\Cali-14110095-48-M20-100.dat
DEBUG [OpCorr.cpp:557] @ 0.39005s :Read calibration of camera no 14110095, # of fields: 6 , start of fields: 40
DEBUG [ImageProcessing.cpp:1108] @ 0.65377s :Update flag temperature: 28.5234
DEBUG [ImageProcessing.cpp:1111] @ 0.662086s :Update box temperature: 26.6562
DEBUG [Cali.cpp:639] @ 0.662142s :Calibration file path: 0000028F9899CC44/000000CFF4BECAD8.xml
DEBUG [SimpleXML.cpp:238] @ 0.662423s :Failed to open file .\Cali-14110095.xml\CaliExt-14110095.xml
DEBUG [IRImager.cpp:550] @ 0.675827s :Chip heating disabled
DEBUG [IRImager.cpp:1110] @ 0.763943s :Start flag calibration
DEBUG [OpFlag.cpp:591] @ 11.4359s :SkimDiff: -12 Adjust: -1155 State: 1 EMax: 8146 Emin: 2249
DEBUG [ImageProcessing.cpp:526] @ 11.4485s :Skim_Adjust 4014
DEBUG [IRImager.cpp:1124] @ 11.5647s :Finished startup calibration
DEBUG [IRImager.cpp:665] @ 24.7323s :Release imager
DEBUG [BaseControlDevice.cpp:26] @ 24.7878s :Base destructor called
DEBUG [IRImager.cpp:672] @ 24.788s :Delete image processing
DEBUG [IRImager.cpp:679] @ 24.7945s :Delete buffer
DEBUG [IRImager.cpp:687] @ 24.7948s :Delete source buffer
DEBUG [IRImager.cpp:694] @ 24.7948s :Delete buffer (energy)
DEBUG [IRImager.cpp:701] @ 24.7949s :Delete timer
DEBUG [IRImager.cpp:707] @ 24.795s :Delete manual timer
