DEBUG [IRLogger.cpp:105] @ 0.0003608s :***************************************************
DEBUG [IRLogger.cpp:106] @ 0.000452s :* IRImagerDirect SDK                              *
DEBUG [IRLogger.cpp:107] @ 0.0004724s :***************************************************
DEBUG [IRLogger.cpp:113] @ 0.0004865s :* Native Machine:      AMD64
DEBUG [IRLogger.cpp:114] @ 0.0004999s :* Machine:             AMD64
DEBUG [IRLogger.cpp:116] @ 0.0005192s :* OS:                  Windows 10 0 26100
DEBUG [IRLogger.cpp:123] @ 0.0005307s :***************************************************
DEBUG [IRDeviceParams.cpp:204] @ 0.0022067s :Parameters
DEBUG [IRDeviceParams.cpp:205] @ 0.0022234s :serial: 14110095
DEBUG [IRDeviceParams.cpp:206] @ 0.0022305s :videoformatindex: 0
DEBUG [IRDeviceParams.cpp:207] @ 0.002237s :fov: 0
DEBUG [IRDeviceParams.cpp:208] @ 0.0022445s :optics_text: 0000000000000000
DEBUG [IRDeviceParams.cpp:209] @ 0.0022512s :formatspath: 000002DA078A03C0
DEBUG [IRDeviceParams.cpp:210] @ 0.002259s :calipath: 000002DA11BA52A0
DEBUG [IRDeviceParams.cpp:211] @ 0.0022664s :temperature min: 0
DEBUG [IRDeviceParams.cpp:212] @ 0.0022732s :temperature max: 0
DEBUG [IRDeviceParams.cpp:213] @ 0.0022807s :framerate: 32
DEBUG [IRDeviceParams.cpp:214] @ 0.0022871s :bispectral: 0
DEBUG [IRDeviceParams.cpp:215] @ 0.0022934s :flag automatic: 1
DEBUG [IRDeviceParams.cpp:216] @ 0.0023001s :min interval: 15
DEBUG [IRDeviceParams.cpp:217] @ 0.0023071s :max interval: 0
DEBUG [IRDeviceParams.cpp:218] @ 0.0023137s :chip heating mode: 0
DEBUG [IRDeviceParams.cpp:219] @ 0.0023213s :chip heating fixed val: 40
DEBUG [IRDeviceParams.cpp:220] @ 0.0023283s :focus:  -1
DEBUG [IRDeviceParams.cpp:221] @ 0.0023365s :enable extended temp range: 0
DEBUG [IRDeviceParams.cpp:222] @ 0.0023439s :buffer queue size: 5
DEBUG [IRDeviceParams.cpp:223] @ 0.0023503s :enable high precision: 0
DEBUG [IRDeviceParams.cpp:224] @ 0.002357s :radialDistortionCorrectionMode: 0
DEBUG [IRDeviceParams.cpp:225] @ 0.0023641s :deviceAPI: 0
DEBUG [IRDeviceParams.cpp:226] @ 0.0023709s :useExternalProbeForReferencing: 0
DEBUG [IRDeviceParams.cpp:227] @ 0.0023777s :enableMultiThreading: 0
DEBUG [IRDeviceParams.cpp:232] @ 0.0023864s :ethernetDevice.deviceIpAddress: 0.0.0.0
DEBUG [IRDeviceParams.cpp:233] @ 0.0023932s :ethernetDevice.localUdpPort: 0
DEBUG [IRDeviceParams.cpp:234] @ 0.0023997s :ethernetDevice.checkUdpSenderIp: 1
DEBUG [Cali.cpp:87] @ 0.436516s :Calibration directory path: .\Cali-14110095.xml
DEBUG [Cali.cpp:88] @ 0.436546s :Calibration file name: Cali-14110095.xml
DEBUG [Cali.cpp:98] @ 0.436932s :Calibration data A: 1450 B:400 C:4095 D:1000
INFO [IRImager.cpp:266] @ 0.438053s :Init thermal imager to 14110095 with size: 160x121@120 Hz
DEBUG [Cali.cpp:87] @ 0.438316s :Calibration directory path: .\Cali-14110095.xml
DEBUG [Cali.cpp:88] @ 0.438327s :Calibration file name: Cali-14110095.xml
DEBUG [Cali.cpp:98] @ 0.438544s :Calibration data A: 1450 B:400 C:4095 D:1000
DEBUG [Cali.cpp:87] @ 0.439212s :Calibration directory path: .\Cali-14110095.xml
DEBUG [Cali.cpp:88] @ 0.439226s :Calibration file name: Cali-14110095.xml
DEBUG [Cali.cpp:98] @ 0.439431s :Calibration data A: 1450 B:400 C:4095 D:1000
DEBUG [IRImager.cpp:300] @ 0.439475s :No temperature range configuration specified. Setting default values tMin: -20 , tMax: 100
DEBUG [IRImager.cpp:377] @ 0.439813s :Using HID control interface
DEBUG [IRImager.cpp:417] @ 0.460466s :Initialized HID control interface to device with HW:21 FW:2025
DEBUG [IRImager.cpp:438] @ 0.46054s :Frameconfig - width(in): 160, height(in): 121, interval: 83333, max framerate: 120, HW interval: 0.00833333
DEBUG [Cali.cpp:87] @ 0.460569s :Calibration directory path: .\Cali-14110095.xml
DEBUG [Cali.cpp:88] @ 0.460584s :Calibration file name: Cali-14110095.xml
DEBUG [Cali.cpp:98] @ 0.461234s :Calibration data A: 1450 B:400 C:4095 D:1000
DEBUG [ImageProcessing.cpp:200] @ 0.476647s :Source buffer size: 38720 Width: 160 Height: 121
DEBUG [ImageProcessing.cpp:121] @ 0.543675s :Source buffer size: 38720 Width: 160 Height: 121
DEBUG [OpSource.cpp:376] @ 0.544566s :Using formats path: C:\Program Files (x86)\Optris GmbH\IrDirectSDK\examples\matlab\Formats.def
DEBUG [OpSource.cpp:628] @ 0.544752s :Format found with size: 160
DEBUG [OpSource.cpp:791] @ 0.544813s :Selected Format:"PI160 160x120 @ 120Hz"
DEBUG [IRImager.cpp:844] @ 0.544868s :Caught onFrameInit with size: 160x120
DEBUG [OpSource.cpp:376] @ 0.545105s :Using formats path: C:\Program Files (x86)\Optris GmbH\IrDirectSDK\examples\matlab\Formats.def
DEBUG [OpSource.cpp:628] @ 0.545213s :Format found with size: 160
DEBUG [OpSource.cpp:376] @ 0.545363s :Using formats path: C:\Program Files (x86)\Optris GmbH\IrDirectSDK\examples\matlab\Formats.def
DEBUG [OpCorr.cpp:467] @ 0.560696s :Read cali: .\Cali-14110095.xml\Cali-14110095-48-M20-100.dat
DEBUG [OpCorr.cpp:557] @ 0.56086s :Read calibration of camera no 14110095, # of fields: 6 , start of fields: 40
DEBUG [ImageProcessing.cpp:1108] @ 0.865651s :Update flag temperature: 27.7734
DEBUG [ImageProcessing.cpp:1111] @ 0.873974s :Update box temperature: 26.1562
DEBUG [Cali.cpp:639] @ 0.874083s :Calibration file path: 000002DA12A1FD24/000000FCE8BEC8E8.xml
DEBUG [SimpleXML.cpp:238] @ 0.874667s :Failed to open file .\Cali-14110095.xml\CaliExt-14110095.xml
DEBUG [IRImager.cpp:550] @ 0.885872s :Chip heating disabled
DEBUG [IRImager.cpp:1110] @ 1.0572s :Start flag calibration
DEBUG [OpFlag.cpp:591] @ 11.7312s :SkimDiff: -12 Adjust: -1145 State: 1 EMax: 8052 Emin: 2259
DEBUG [ImageProcessing.cpp:526] @ 11.7438s :Skim_Adjust 4014
DEBUG [IRImager.cpp:1124] @ 11.8587s :Finished startup calibration
DEBUG [IRImager.cpp:1175] @ 26.5772s :Automatic control of shutter flag
DEBUG [OpFlag.cpp:591] @ 26.754s :SkimDiff: -5 Adjust: -492 State: 1 EMax: 8702 Emin: 2912
DEBUG [ImageProcessing.cpp:526] @ 26.7664s :Skim_Adjust 4013
DEBUG [IRImager.cpp:665] @ 31.4499s :Release imager
DEBUG [BaseControlDevice.cpp:26] @ 31.503s :Base destructor called
DEBUG [IRImager.cpp:672] @ 31.5031s :Delete image processing
DEBUG [IRImager.cpp:679] @ 31.5168s :Delete buffer
DEBUG [IRImager.cpp:687] @ 31.5169s :Delete source buffer
DEBUG [IRImager.cpp:694] @ 31.5169s :Delete buffer (energy)
DEBUG [IRImager.cpp:701] @ 31.517s :Delete timer
DEBUG [IRImager.cpp:707] @ 31.517s :Delete manual timer
