DEBUG [IRLogger.cpp:105] @ 0.0003429s :***************************************************
DEBUG [IRLogger.cpp:106] @ 0.000428s :* IRImagerDirect SDK                              *
DEBUG [IRLogger.cpp:107] @ 0.0004506s :***************************************************
DEBUG [IRLogger.cpp:113] @ 0.0004661s :* Native Machine:      AMD64
DEBUG [IRLogger.cpp:114] @ 0.0004794s :* Machine:             AMD64
DEBUG [IRLogger.cpp:116] @ 0.0004992s :* OS:                  Windows 10 0 26100
DEBUG [IRLogger.cpp:123] @ 0.000512s :***************************************************
DEBUG [IRDeviceParams.cpp:204] @ 0.0009567s :Parameters
DEBUG [IRDeviceParams.cpp:205] @ 0.0009769s :serial: 14110095
DEBUG [IRDeviceParams.cpp:206] @ 0.0009855s :videoformatindex: 0
DEBUG [IRDeviceParams.cpp:207] @ 0.0009929s :fov: 0
DEBUG [IRDeviceParams.cpp:208] @ 0.0010379s :optics_text: 0000000000000000
DEBUG [IRDeviceParams.cpp:209] @ 0.0010469s :formatspath: 000001F1ECAE6ED0
DEBUG [IRDeviceParams.cpp:210] @ 0.0010551s :calipath: 000001F1ECAA5E90
DEBUG [IRDeviceParams.cpp:211] @ 0.0010629s :temperature min: 0
DEBUG [IRDeviceParams.cpp:212] @ 0.0010713s :temperature max: 0
DEBUG [IRDeviceParams.cpp:213] @ 0.0010932s :framerate: 32
DEBUG [IRDeviceParams.cpp:214] @ 0.0011004s :bispectral: 0
DEBUG [IRDeviceParams.cpp:215] @ 0.0011069s :flag automatic: 1
DEBUG [IRDeviceParams.cpp:216] @ 0.001114s :min interval: 15
DEBUG [IRDeviceParams.cpp:217] @ 0.0011211s :max interval: 0
DEBUG [IRDeviceParams.cpp:218] @ 0.0011279s :chip heating mode: 0
DEBUG [IRDeviceParams.cpp:219] @ 0.0011355s :chip heating fixed val: 40
DEBUG [IRDeviceParams.cpp:220] @ 0.0011435s :focus:  -1
DEBUG [IRDeviceParams.cpp:221] @ 0.0011519s :enable extended temp range: 0
DEBUG [IRDeviceParams.cpp:222] @ 0.0011589s :buffer queue size: 5
DEBUG [IRDeviceParams.cpp:223] @ 0.0011656s :enable high precision: 0
DEBUG [IRDeviceParams.cpp:224] @ 0.0011725s :radialDistortionCorrectionMode: 0
DEBUG [IRDeviceParams.cpp:225] @ 0.0011791s :deviceAPI: 0
DEBUG [IRDeviceParams.cpp:226] @ 0.0011857s :useExternalProbeForReferencing: 0
DEBUG [IRDeviceParams.cpp:227] @ 0.0011924s :enableMultiThreading: 0
DEBUG [IRDeviceParams.cpp:232] @ 0.0012014s :ethernetDevice.deviceIpAddress: 0.0.0.0
DEBUG [IRDeviceParams.cpp:233] @ 0.0012082s :ethernetDevice.localUdpPort: 0
DEBUG [IRDeviceParams.cpp:234] @ 0.0012149s :ethernetDevice.checkUdpSenderIp: 1
DEBUG [Cali.cpp:87] @ 0.315092s :Calibration directory path: .\Cali-14110095.xml
DEBUG [Cali.cpp:88] @ 0.315133s :Calibration file name: Cali-14110095.xml
DEBUG [Cali.cpp:98] @ 0.315499s :Calibration data A: 1450 B:400 C:4095 D:1000
INFO [IRImager.cpp:266] @ 0.316796s :Init thermal imager to 14110095 with size: 160x121@120 Hz
DEBUG [Cali.cpp:87] @ 0.317135s :Calibration directory path: .\Cali-14110095.xml
DEBUG [Cali.cpp:88] @ 0.317148s :Calibration file name: Cali-14110095.xml
DEBUG [Cali.cpp:98] @ 0.317404s :Calibration data A: 1450 B:400 C:4095 D:1000
DEBUG [Cali.cpp:87] @ 0.318204s :Calibration directory path: .\Cali-14110095.xml
DEBUG [Cali.cpp:88] @ 0.318219s :Calibration file name: Cali-14110095.xml
DEBUG [Cali.cpp:98] @ 0.318452s :Calibration data A: 1450 B:400 C:4095 D:1000
DEBUG [IRImager.cpp:300] @ 0.318502s :No temperature range configuration specified. Setting default values tMin: -20 , tMax: 100
DEBUG [IRImager.cpp:377] @ 0.318842s :Using HID control interface
DEBUG [IRImager.cpp:417] @ 0.337756s :Initialized HID control interface to device with HW:21 FW:2025
DEBUG [IRImager.cpp:438] @ 0.33783s :Frameconfig - width(in): 160, height(in): 121, interval: 83333, max framerate: 120, HW interval: 0.00833333
DEBUG [Cali.cpp:87] @ 0.33787s :Calibration directory path: .\Cali-14110095.xml
DEBUG [Cali.cpp:88] @ 0.33789s :Calibration file name: Cali-14110095.xml
DEBUG [Cali.cpp:98] @ 0.338617s :Calibration data A: 1450 B:400 C:4095 D:1000
DEBUG [ImageProcessing.cpp:200] @ 0.354057s :Source buffer size: 38720 Width: 160 Height: 121
DEBUG [ImageProcessing.cpp:121] @ 0.428681s :Source buffer size: 38720 Width: 160 Height: 121
DEBUG [OpSource.cpp:376] @ 0.430351s :Using formats path: C:\Program Files (x86)\Optris GmbH\IrDirectSDK\examples\matlab\Formats.def
DEBUG [OpSource.cpp:628] @ 0.431075s :Format found with size: 160
DEBUG [OpSource.cpp:791] @ 0.431254s :Selected Format:"PI160 160x120 @ 120Hz"
DEBUG [IRImager.cpp:844] @ 0.431512s :Caught onFrameInit with size: 160x120
DEBUG [OpSource.cpp:376] @ 0.432738s :Using formats path: C:\Program Files (x86)\Optris GmbH\IrDirectSDK\examples\matlab\Formats.def
DEBUG [OpSource.cpp:628] @ 0.433368s :Format found with size: 160
DEBUG [OpSource.cpp:376] @ 0.433949s :Using formats path: C:\Program Files (x86)\Optris GmbH\IrDirectSDK\examples\matlab\Formats.def
DEBUG [OpCorr.cpp:467] @ 0.437993s :Read cali: .\Cali-14110095.xml\Cali-14110095-48-M20-100.dat
DEBUG [OpCorr.cpp:557] @ 0.438432s :Read calibration of camera no 14110095, # of fields: 6 , start of fields: 40
DEBUG [ImageProcessing.cpp:1108] @ 0.734747s :Update flag temperature: 31.9688
DEBUG [ImageProcessing.cpp:1111] @ 0.743114s :Update box temperature: 30.0469
DEBUG [Cali.cpp:639] @ 0.743286s :Calibration file path: 000001F1ECFBD724/0000006A46BECA88.xml
DEBUG [SimpleXML.cpp:238] @ 0.743895s :Failed to open file .\Cali-14110095.xml\CaliExt-14110095.xml
DEBUG [IRImager.cpp:550] @ 0.756359s :Chip heating disabled
DEBUG [IRImager.cpp:1110] @ 0.876009s :Start flag calibration
DEBUG [OpFlag.cpp:591] @ 11.5496s :SkimDiff: -10 Adjust: -969 State: 1 EMax: 8642 Emin: 2435
DEBUG [ImageProcessing.cpp:526] @ 11.5631s :Skim_Adjust 4016
DEBUG [IRImager.cpp:1124] @ 11.6775s :Finished startup calibration
DEBUG [IRImager.cpp:1175] @ 26.3955s :Automatic control of shutter flag
DEBUG [OpFlag.cpp:591] @ 26.5558s :SkimDiff: -4 Adjust: -337 State: 1 EMax: 9248 Emin: 3067
DEBUG [ImageProcessing.cpp:526] @ 26.5698s :Skim_Adjust 4015
DEBUG [IRImager.cpp:1175] @ 135.02s :Automatic control of shutter flag
DEBUG [OpFlag.cpp:591] @ 135.198s :SkimDiff: -3 Adjust: -248 State: 1 EMax: 9333 Emin: 3156
DEBUG [ImageProcessing.cpp:526] @ 135.226s :Skim_Adjust 4014
DEBUG [IRImager.cpp:665] @ 161.714s :Release imager
DEBUG [BaseControlDevice.cpp:26] @ 161.76s :Base destructor called
DEBUG [IRImager.cpp:672] @ 161.76s :Delete image processing
DEBUG [IRImager.cpp:679] @ 161.773s :Delete buffer
DEBUG [IRImager.cpp:687] @ 161.773s :Delete source buffer
DEBUG [IRImager.cpp:694] @ 161.773s :Delete buffer (energy)
DEBUG [IRImager.cpp:701] @ 161.773s :Delete timer
DEBUG [IRImager.cpp:707] @ 161.773s :Delete manual timer
