DEBUG [IRLogger.cpp:105] @ 0.0003929s :***************************************************
DEBUG [IRLogger.cpp:106] @ 0.0007999s :* IRImagerDirect SDK                              *
DEBUG [IRLogger.cpp:107] @ 0.0008362s :***************************************************
DEBUG [IRLogger.cpp:113] @ 0.0008561s :* Native Machine:      AMD64
DEBUG [IRLogger.cpp:114] @ 0.0008736s :* Machine:             AMD64
DEBUG [IRLogger.cpp:116] @ 0.0008982s :* OS:                  Windows 10 0 26100
DEBUG [IRLogger.cpp:123] @ 0.0009132s :***************************************************
DEBUG [IRDeviceParams.cpp:204] @ 0.0018915s :Parameters
DEBUG [IRDeviceParams.cpp:205] @ 0.0019285s :serial: 14110095
DEBUG [IRDeviceParams.cpp:206] @ 0.0019447s :videoformatindex: 0
DEBUG [IRDeviceParams.cpp:207] @ 0.00196s :fov: 0
DEBUG [IRDeviceParams.cpp:208] @ 0.0019766s :optics_text: 0000000000000000
DEBUG [IRDeviceParams.cpp:209] @ 0.0019918s :formatspath: 00000216CE1D38D0
DEBUG [IRDeviceParams.cpp:210] @ 0.0020089s :calipath: 00000216CE5CBA50
DEBUG [IRDeviceParams.cpp:211] @ 0.0020247s :temperature min: 0
DEBUG [IRDeviceParams.cpp:212] @ 0.0020337s :temperature max: 0
DEBUG [IRDeviceParams.cpp:213] @ 0.0020436s :framerate: 32
DEBUG [IRDeviceParams.cpp:214] @ 0.0020528s :bispectral: 0
DEBUG [IRDeviceParams.cpp:215] @ 0.0020617s :flag automatic: 1
DEBUG [IRDeviceParams.cpp:216] @ 0.0020707s :min interval: 15
DEBUG [IRDeviceParams.cpp:217] @ 0.0020799s :max interval: 0
DEBUG [IRDeviceParams.cpp:218] @ 0.0020893s :chip heating mode: 0
DEBUG [IRDeviceParams.cpp:219] @ 0.0020989s :chip heating fixed val: 40
DEBUG [IRDeviceParams.cpp:220] @ 0.0021083s :focus:  -1
DEBUG [IRDeviceParams.cpp:221] @ 0.0021189s :enable extended temp range: 0
DEBUG [IRDeviceParams.cpp:222] @ 0.0021291s :buffer queue size: 5
DEBUG [IRDeviceParams.cpp:223] @ 0.0021387s :enable high precision: 0
DEBUG [IRDeviceParams.cpp:224] @ 0.0021485s :radialDistortionCorrectionMode: 0
DEBUG [IRDeviceParams.cpp:225] @ 0.0021578s :deviceAPI: 0
DEBUG [IRDeviceParams.cpp:226] @ 0.0021667s :useExternalProbeForReferencing: 0
DEBUG [IRDeviceParams.cpp:227] @ 0.0021757s :enableMultiThreading: 0
DEBUG [IRDeviceParams.cpp:232] @ 0.0021875s :ethernetDevice.deviceIpAddress: 0.0.0.0
DEBUG [IRDeviceParams.cpp:233] @ 0.0021965s :ethernetDevice.localUdpPort: 0
DEBUG [IRDeviceParams.cpp:234] @ 0.0022055s :ethernetDevice.checkUdpSenderIp: 1
DEBUG [Cali.cpp:87] @ 0.366957s :Calibration directory path: .\Cali-14110095.xml
DEBUG [Cali.cpp:88] @ 0.36699s :Calibration file name: Cali-14110095.xml
DEBUG [Cali.cpp:98] @ 0.367328s :Calibration data A: 1450 B:400 C:4095 D:1000
INFO [IRImager.cpp:266] @ 0.368426s :Init thermal imager to 14110095 with size: 160x121@120 Hz
DEBUG [Cali.cpp:87] @ 0.368722s :Calibration directory path: .\Cali-14110095.xml
DEBUG [Cali.cpp:88] @ 0.368733s :Calibration file name: Cali-14110095.xml
DEBUG [Cali.cpp:98] @ 0.368944s :Calibration data A: 1450 B:400 C:4095 D:1000
DEBUG [Cali.cpp:87] @ 0.369608s :Calibration directory path: .\Cali-14110095.xml
DEBUG [Cali.cpp:88] @ 0.369621s :Calibration file name: Cali-14110095.xml
DEBUG [Cali.cpp:98] @ 0.369828s :Calibration data A: 1450 B:400 C:4095 D:1000
DEBUG [IRImager.cpp:300] @ 0.369872s :No temperature range configuration specified. Setting default values tMin: -20 , tMax: 100
DEBUG [IRImager.cpp:377] @ 0.370161s :Using HID control interface
DEBUG [IRImager.cpp:417] @ 0.391476s :Initialized HID control interface to device with HW:21 FW:2025
DEBUG [IRImager.cpp:438] @ 0.391549s :Frameconfig - width(in): 160, height(in): 121, interval: 83333, max framerate: 120, HW interval: 0.00833333
DEBUG [Cali.cpp:87] @ 0.391578s :Calibration directory path: .\Cali-14110095.xml
DEBUG [Cali.cpp:88] @ 0.391596s :Calibration file name: Cali-14110095.xml
DEBUG [Cali.cpp:98] @ 0.392238s :Calibration data A: 1450 B:400 C:4095 D:1000
DEBUG [ImageProcessing.cpp:200] @ 0.416147s :Source buffer size: 38720 Width: 160 Height: 121
DEBUG [ImageProcessing.cpp:121] @ 0.482278s :Source buffer size: 38720 Width: 160 Height: 121
DEBUG [OpSource.cpp:376] @ 0.482603s :Using formats path: C:\Program Files (x86)\Optris GmbH\IrDirectSDK\examples\matlab\Formats.def
DEBUG [OpSource.cpp:628] @ 0.482785s :Format found with size: 160
DEBUG [OpSource.cpp:791] @ 0.482829s :Selected Format:"PI160 160x120 @ 120Hz"
DEBUG [IRImager.cpp:844] @ 0.482891s :Caught onFrameInit with size: 160x120
DEBUG [OpSource.cpp:376] @ 0.483133s :Using formats path: C:\Program Files (x86)\Optris GmbH\IrDirectSDK\examples\matlab\Formats.def
DEBUG [OpSource.cpp:628] @ 0.483301s :Format found with size: 160
DEBUG [OpSource.cpp:376] @ 0.483458s :Using formats path: C:\Program Files (x86)\Optris GmbH\IrDirectSDK\examples\matlab\Formats.def
DEBUG [OpCorr.cpp:467] @ 0.4929s :Read cali: .\Cali-14110095.xml\Cali-14110095-48-M20-100.dat
DEBUG [OpCorr.cpp:557] @ 0.493336s :Read calibration of camera no 14110095, # of fields: 6 , start of fields: 40
DEBUG [ImageProcessing.cpp:1108] @ 0.771954s :Update flag temperature: 27.5156
DEBUG [ImageProcessing.cpp:1111] @ 0.780216s :Update box temperature: 25.5781
DEBUG [Cali.cpp:639] @ 0.780265s :Calibration file path: 00000216B62E9064/000000F8CABEC7A8.xml
DEBUG [SimpleXML.cpp:238] @ 0.780606s :Failed to open file .\Cali-14110095.xml\CaliExt-14110095.xml
DEBUG [IRImager.cpp:550] @ 0.802635s :Chip heating disabled
DEBUG [IRImager.cpp:1110] @ 0.893821s :Start flag calibration
DEBUG [OpFlag.cpp:591] @ 11.5658s :SkimDiff: -12 Adjust: -1165 State: 1 EMax: 8021 Emin: 2239
DEBUG [ImageProcessing.cpp:526] @ 11.5786s :Skim_Adjust 4014
DEBUG [IRImager.cpp:1124] @ 11.6933s :Finished startup calibration
DEBUG [IRImager.cpp:665] @ 26.3208s :Release imager
DEBUG [BaseControlDevice.cpp:26] @ 26.3645s :Base destructor called
DEBUG [IRImager.cpp:672] @ 26.3646s :Delete image processing
DEBUG [IRImager.cpp:679] @ 26.3773s :Delete buffer
DEBUG [IRImager.cpp:687] @ 26.3773s :Delete source buffer
DEBUG [IRImager.cpp:694] @ 26.3774s :Delete buffer (energy)
DEBUG [IRImager.cpp:701] @ 26.3774s :Delete timer
DEBUG [IRImager.cpp:707] @ 26.3774s :Delete manual timer
