DEBUG [IRLogger.cpp:105] @ 0.0003563s :***************************************************
DEBUG [IRLogger.cpp:106] @ 0.0004533s :* IRImagerDirect SDK                              *
DEBUG [IRLogger.cpp:107] @ 0.0004811s :***************************************************
DEBUG [IRLogger.cpp:113] @ 0.0005014s :* Native Machine:      AMD64
DEBUG [IRLogger.cpp:114] @ 0.0005287s :* Machine:             AMD64
DEBUG [IRLogger.cpp:116] @ 0.0006104s :* OS:                  Windows 10 0 26100
DEBUG [IRLogger.cpp:123] @ 0.0006822s :***************************************************
DEBUG [IRDeviceParams.cpp:204] @ 0.0024385s :Parameters
DEBUG [IRDeviceParams.cpp:205] @ 0.0024703s :serial: 14110095
DEBUG [IRDeviceParams.cpp:206] @ 0.0024809s :videoformatindex: 0
DEBUG [IRDeviceParams.cpp:207] @ 0.0024886s :fov: 0
DEBUG [IRDeviceParams.cpp:208] @ 0.0024966s :optics_text: 0000000000000000
DEBUG [IRDeviceParams.cpp:209] @ 0.0025042s :formatspath: 0000011F0F3F79C0
DEBUG [IRDeviceParams.cpp:210] @ 0.0025123s :calipath: 0000011F22C238A0
DEBUG [IRDeviceParams.cpp:211] @ 0.0025207s :temperature min: 0
DEBUG [IRDeviceParams.cpp:212] @ 0.0025275s :temperature max: 0
DEBUG [IRDeviceParams.cpp:213] @ 0.0025356s :framerate: 32
DEBUG [IRDeviceParams.cpp:214] @ 0.0025439s :bispectral: 0
DEBUG [IRDeviceParams.cpp:215] @ 0.0025511s :flag automatic: 1
DEBUG [IRDeviceParams.cpp:216] @ 0.0025584s :min interval: 15
DEBUG [IRDeviceParams.cpp:217] @ 0.0025662s :max interval: 0
DEBUG [IRDeviceParams.cpp:218] @ 0.0025735s :chip heating mode: 0
DEBUG [IRDeviceParams.cpp:219] @ 0.0025813s :chip heating fixed val: 40
DEBUG [IRDeviceParams.cpp:220] @ 0.0025899s :focus:  -1
DEBUG [IRDeviceParams.cpp:221] @ 0.0025985s :enable extended temp range: 0
DEBUG [IRDeviceParams.cpp:222] @ 0.0026057s :buffer queue size: 5
DEBUG [IRDeviceParams.cpp:223] @ 0.0026126s :enable high precision: 0
DEBUG [IRDeviceParams.cpp:224] @ 0.0026197s :radialDistortionCorrectionMode: 0
DEBUG [IRDeviceParams.cpp:225] @ 0.0026282s :deviceAPI: 0
DEBUG [IRDeviceParams.cpp:226] @ 0.0026355s :useExternalProbeForReferencing: 0
DEBUG [IRDeviceParams.cpp:227] @ 0.0026425s :enableMultiThreading: 0
DEBUG [IRDeviceParams.cpp:232] @ 0.0026519s :ethernetDevice.deviceIpAddress: 0.0.0.0
DEBUG [IRDeviceParams.cpp:233] @ 0.0026589s :ethernetDevice.localUdpPort: 0
DEBUG [IRDeviceParams.cpp:234] @ 0.002666s :ethernetDevice.checkUdpSenderIp: 1
DEBUG [Cali.cpp:87] @ 0.29505s :Calibration directory path: .\Cali-14110095.xml
DEBUG [Cali.cpp:88] @ 0.295083s :Calibration file name: Cali-14110095.xml
DEBUG [Cali.cpp:98] @ 0.295392s :Calibration data A: 1450 B:400 C:4095 D:1000
INFO [IRImager.cpp:266] @ 0.296576s :Init thermal imager to 14110095 with size: 160x121@120 Hz
DEBUG [Cali.cpp:87] @ 0.296912s :Calibration directory path: .\Cali-14110095.xml
DEBUG [Cali.cpp:88] @ 0.296925s :Calibration file name: Cali-14110095.xml
DEBUG [Cali.cpp:98] @ 0.297166s :Calibration data A: 1450 B:400 C:4095 D:1000
DEBUG [Cali.cpp:87] @ 0.297955s :Calibration directory path: .\Cali-14110095.xml
DEBUG [Cali.cpp:88] @ 0.297971s :Calibration file name: Cali-14110095.xml
DEBUG [Cali.cpp:98] @ 0.298206s :Calibration data A: 1450 B:400 C:4095 D:1000
DEBUG [IRImager.cpp:300] @ 0.298259s :No temperature range configuration specified. Setting default values tMin: -20 , tMax: 100
DEBUG [IRImager.cpp:377] @ 0.29862s :Using HID control interface
DEBUG [IRImager.cpp:417] @ 0.319793s :Initialized HID control interface to device with HW:21 FW:2025
DEBUG [IRImager.cpp:438] @ 0.319874s :Frameconfig - width(in): 160, height(in): 121, interval: 83333, max framerate: 120, HW interval: 0.00833333
DEBUG [Cali.cpp:87] @ 0.319907s :Calibration directory path: .\Cali-14110095.xml
DEBUG [Cali.cpp:88] @ 0.319923s :Calibration file name: Cali-14110095.xml
DEBUG [Cali.cpp:98] @ 0.320626s :Calibration data A: 1450 B:400 C:4095 D:1000
DEBUG [ImageProcessing.cpp:200] @ 0.336248s :Source buffer size: 38720 Width: 160 Height: 121
DEBUG [ImageProcessing.cpp:121] @ 0.410677s :Source buffer size: 38720 Width: 160 Height: 121
DEBUG [OpSource.cpp:376] @ 0.411256s :Using formats path: C:\Program Files (x86)\Optris GmbH\IrDirectSDK\examples\matlab\Formats.def
DEBUG [OpSource.cpp:628] @ 0.411575s :Format found with size: 160
DEBUG [OpSource.cpp:791] @ 0.411647s :Selected Format:"PI160 160x120 @ 120Hz"
DEBUG [IRImager.cpp:844] @ 0.411759s :Caught onFrameInit with size: 160x120
DEBUG [OpSource.cpp:376] @ 0.412157s :Using formats path: C:\Program Files (x86)\Optris GmbH\IrDirectSDK\examples\matlab\Formats.def
DEBUG [OpSource.cpp:628] @ 0.412393s :Format found with size: 160
DEBUG [OpSource.cpp:376] @ 0.412666s :Using formats path: C:\Program Files (x86)\Optris GmbH\IrDirectSDK\examples\matlab\Formats.def
DEBUG [OpCorr.cpp:467] @ 0.419536s :Read cali: .\Cali-14110095.xml\Cali-14110095-48-M20-100.dat
DEBUG [OpCorr.cpp:557] @ 0.419789s :Read calibration of camera no 14110095, # of fields: 6 , start of fields: 40
DEBUG [ImageProcessing.cpp:1108] @ 0.700334s :Update flag temperature: 29.5781
DEBUG [ImageProcessing.cpp:1111] @ 0.708652s :Update box temperature: 27.5859
DEBUG [Cali.cpp:639] @ 0.708702s :Calibration file path: 0000011F23049314/00000006773EC5A8.xml
DEBUG [SimpleXML.cpp:238] @ 0.708965s :Failed to open file .\Cali-14110095.xml\CaliExt-14110095.xml
DEBUG [IRImager.cpp:550] @ 0.730031s :Chip heating disabled
DEBUG [IRImager.cpp:1110] @ 0.855552s :Start flag calibration
DEBUG [OpFlag.cpp:591] @ 11.5277s :SkimDiff: -11 Adjust: -1100 State: 1 EMax: 8271 Emin: 2304
DEBUG [ImageProcessing.cpp:526] @ 11.5388s :Skim_Adjust 4015
DEBUG [IRImager.cpp:1124] @ 11.6557s :Finished startup calibration
DEBUG [IRImager.cpp:1175] @ 26.3755s :Automatic control of shutter flag
DEBUG [OpFlag.cpp:591] @ 26.5362s :SkimDiff: -5 Adjust: -463 State: 1 EMax: 8901 Emin: 2941
DEBUG [ImageProcessing.cpp:526] @ 26.5472s :Skim_Adjust 4014
DEBUG [IRImager.cpp:665] @ 114.749s :Release imager
DEBUG [BaseControlDevice.cpp:26] @ 114.805s :Base destructor called
DEBUG [IRImager.cpp:672] @ 114.805s :Delete image processing
DEBUG [IRImager.cpp:679] @ 114.82s :Delete buffer
DEBUG [IRImager.cpp:687] @ 114.82s :Delete source buffer
DEBUG [IRImager.cpp:694] @ 114.82s :Delete buffer (energy)
DEBUG [IRImager.cpp:701] @ 114.82s :Delete timer
DEBUG [IRImager.cpp:707] @ 114.82s :Delete manual timer
