DEBUG [IRLogger.cpp:105] @ 0.0004067s :***************************************************
DEBUG [IRLogger.cpp:106] @ 0.0004892s :* IRImagerDirect SDK                              *
DEBUG [IRLogger.cpp:107] @ 0.0005128s :***************************************************
DEBUG [IRLogger.cpp:113] @ 0.0005296s :* Native Machine:      AMD64
DEBUG [IRLogger.cpp:114] @ 0.0005452s :* Machine:             AMD64
DEBUG [IRLogger.cpp:116] @ 0.0005685s :* OS:                  Windows 10 0 26100
DEBUG [IRLogger.cpp:123] @ 0.0005818s :***************************************************
DEBUG [IRDeviceParams.cpp:204] @ 0.0024425s :Parameters
DEBUG [IRDeviceParams.cpp:205] @ 0.002467s :serial: 14110095
DEBUG [IRDeviceParams.cpp:206] @ 0.0024776s :videoformatindex: 0
DEBUG [IRDeviceParams.cpp:207] @ 0.0024873s :fov: 0
DEBUG [IRDeviceParams.cpp:208] @ 0.0024974s :optics_text: 0000000000000000
DEBUG [IRDeviceParams.cpp:209] @ 0.0025069s :formatspath: 00000147EB3CF3F0
DEBUG [IRDeviceParams.cpp:210] @ 0.0025177s :calipath: 00000147EB42D120
DEBUG [IRDeviceParams.cpp:211] @ 0.0025267s :temperature min: 0
DEBUG [IRDeviceParams.cpp:212] @ 0.0025356s :temperature max: 0
DEBUG [IRDeviceParams.cpp:213] @ 0.0025457s :framerate: 32
DEBUG [IRDeviceParams.cpp:214] @ 0.0025546s :bispectral: 0
DEBUG [IRDeviceParams.cpp:215] @ 0.0025634s :flag automatic: 1
DEBUG [IRDeviceParams.cpp:216] @ 0.0025727s :min interval: 15
DEBUG [IRDeviceParams.cpp:217] @ 0.0025822s :max interval: 0
DEBUG [IRDeviceParams.cpp:218] @ 0.0025916s :chip heating mode: 0
DEBUG [IRDeviceParams.cpp:219] @ 0.0026012s :chip heating fixed val: 40
DEBUG [IRDeviceParams.cpp:220] @ 0.0026108s :focus:  -1
DEBUG [IRDeviceParams.cpp:221] @ 0.0026223s :enable extended temp range: 0
DEBUG [IRDeviceParams.cpp:222] @ 0.002632s :buffer queue size: 5
DEBUG [IRDeviceParams.cpp:223] @ 0.0026412s :enable high precision: 0
DEBUG [IRDeviceParams.cpp:224] @ 0.0026594s :radialDistortionCorrectionMode: 0
DEBUG [IRDeviceParams.cpp:225] @ 0.0026693s :deviceAPI: 0
DEBUG [IRDeviceParams.cpp:226] @ 0.0026783s :useExternalProbeForReferencing: 0
DEBUG [IRDeviceParams.cpp:227] @ 0.0026873s :enableMultiThreading: 0
DEBUG [IRDeviceParams.cpp:232] @ 0.0026987s :ethernetDevice.deviceIpAddress: 0.0.0.0
DEBUG [IRDeviceParams.cpp:233] @ 0.0027079s :ethernetDevice.localUdpPort: 0
DEBUG [IRDeviceParams.cpp:234] @ 0.0027169s :ethernetDevice.checkUdpSenderIp: 1
DEBUG [Cali.cpp:87] @ 0.402781s :Calibration directory path: .\Cali-14110095.xml
DEBUG [Cali.cpp:88] @ 0.40281s :Calibration file name: Cali-14110095.xml
DEBUG [Cali.cpp:98] @ 0.403083s :Calibration data A: 1450 B:400 C:4095 D:1000
INFO [IRImager.cpp:266] @ 0.404177s :Init thermal imager to 14110095 with size: 160x121@120 Hz
DEBUG [Cali.cpp:87] @ 0.404454s :Calibration directory path: .\Cali-14110095.xml
DEBUG [Cali.cpp:88] @ 0.404466s :Calibration file name: Cali-14110095.xml
DEBUG [Cali.cpp:98] @ 0.404677s :Calibration data A: 1450 B:400 C:4095 D:1000
DEBUG [Cali.cpp:87] @ 0.405308s :Calibration directory path: .\Cali-14110095.xml
DEBUG [Cali.cpp:88] @ 0.40532s :Calibration file name: Cali-14110095.xml
DEBUG [Cali.cpp:98] @ 0.405526s :Calibration data A: 1450 B:400 C:4095 D:1000
DEBUG [IRImager.cpp:300] @ 0.40557s :No temperature range configuration specified. Setting default values tMin: -20 , tMax: 100
DEBUG [IRImager.cpp:377] @ 0.405904s :Using HID control interface
DEBUG [IRImager.cpp:417] @ 0.423801s :Initialized HID control interface to device with HW:21 FW:2025
DEBUG [IRImager.cpp:438] @ 0.423851s :Frameconfig - width(in): 160, height(in): 121, interval: 83333, max framerate: 120, HW interval: 0.00833333
DEBUG [Cali.cpp:87] @ 0.423874s :Calibration directory path: .\Cali-14110095.xml
DEBUG [Cali.cpp:88] @ 0.423885s :Calibration file name: Cali-14110095.xml
DEBUG [Cali.cpp:98] @ 0.424399s :Calibration data A: 1450 B:400 C:4095 D:1000
DEBUG [ImageProcessing.cpp:200] @ 0.438191s :Source buffer size: 38720 Width: 160 Height: 121
DEBUG [ImageProcessing.cpp:121] @ 0.50337s :Source buffer size: 38720 Width: 160 Height: 121
DEBUG [OpSource.cpp:376] @ 0.504679s :Using formats path: C:\Program Files (x86)\Optris GmbH\IrDirectSDK\examples\matlab\Formats.def
DEBUG [OpSource.cpp:628] @ 0.505188s :Format found with size: 160
DEBUG [OpSource.cpp:791] @ 0.505285s :Selected Format:"PI160 160x120 @ 120Hz"
DEBUG [IRImager.cpp:844] @ 0.505402s :Caught onFrameInit with size: 160x120
DEBUG [OpSource.cpp:376] @ 0.505956s :Using formats path: C:\Program Files (x86)\Optris GmbH\IrDirectSDK\examples\matlab\Formats.def
DEBUG [OpSource.cpp:628] @ 0.506216s :Format found with size: 160
DEBUG [OpSource.cpp:376] @ 0.506537s :Using formats path: C:\Program Files (x86)\Optris GmbH\IrDirectSDK\examples\matlab\Formats.def
DEBUG [OpCorr.cpp:467] @ 0.519662s :Read cali: .\Cali-14110095.xml\Cali-14110095-48-M20-100.dat
DEBUG [OpCorr.cpp:557] @ 0.519991s :Read calibration of camera no 14110095, # of fields: 6 , start of fields: 40
DEBUG [ImageProcessing.cpp:1108] @ 0.825497s :Update flag temperature: 30.8281
DEBUG [ImageProcessing.cpp:1111] @ 0.832718s :Update box temperature: 29
DEBUG [Cali.cpp:639] @ 0.832816s :Calibration file path: 00000147F608B9C4/0000004062DEC868.xml
DEBUG [SimpleXML.cpp:238] @ 0.833434s :Failed to open file .\Cali-14110095.xml\CaliExt-14110095.xml
DEBUG [IRImager.cpp:550] @ 0.845151s :Chip heating disabled
DEBUG [IRImager.cpp:1110] @ 0.913997s :Start flag calibration
DEBUG [OpFlag.cpp:591] @ 11.5872s :SkimDiff: -10 Adjust: -918 State: 1 EMax: 8518 Emin: 2486
DEBUG [ImageProcessing.cpp:526] @ 11.6002s :Skim_Adjust 4016
DEBUG [IRImager.cpp:1124] @ 11.7155s :Finished startup calibration
DEBUG [IRImager.cpp:665] @ 23.2393s :Release imager
DEBUG [BaseControlDevice.cpp:26] @ 23.2878s :Base destructor called
DEBUG [IRImager.cpp:672] @ 23.2879s :Delete image processing
DEBUG [IRImager.cpp:679] @ 23.3025s :Delete buffer
DEBUG [IRImager.cpp:687] @ 23.3025s :Delete source buffer
DEBUG [IRImager.cpp:694] @ 23.3025s :Delete buffer (energy)
DEBUG [IRImager.cpp:701] @ 23.3025s :Delete timer
DEBUG [IRImager.cpp:707] @ 23.3025s :Delete manual timer
