DEBUG [IRLogger.cpp:105] @ 0.0003634s :***************************************************
DEBUG [IRLogger.cpp:106] @ 0.0004491s :* IRImagerDirect SDK                              *
DEBUG [IRLogger.cpp:107] @ 0.0004763s :***************************************************
DEBUG [IRLogger.cpp:113] @ 0.0004945s :* Native Machine:      AMD64
DEBUG [IRLogger.cpp:114] @ 0.0005351s :* Machine:             AMD64
DEBUG [IRLogger.cpp:116] @ 0.0005593s :* OS:                  Windows 10 0 26100
DEBUG [IRLogger.cpp:123] @ 0.0005714s :***************************************************
DEBUG [IRDeviceParams.cpp:204] @ 0.0011213s :Parameters
DEBUG [IRDeviceParams.cpp:205] @ 0.0011415s :serial: 14110095
DEBUG [IRDeviceParams.cpp:206] @ 0.0011502s :videoformatindex: 0
DEBUG [IRDeviceParams.cpp:207] @ 0.0011582s :fov: 0
DEBUG [IRDeviceParams.cpp:208] @ 0.0011666s :optics_text: 0000000000000000
DEBUG [IRDeviceParams.cpp:209] @ 0.0011746s :formatspath: 000002B8BD5A0150
DEBUG [IRDeviceParams.cpp:210] @ 0.0011842s :calipath: 000002B8C731F400
DEBUG [IRDeviceParams.cpp:211] @ 0.0011916s :temperature min: 0
DEBUG [IRDeviceParams.cpp:212] @ 0.0011989s :temperature max: 0
DEBUG [IRDeviceParams.cpp:213] @ 0.0012074s :framerate: 32
DEBUG [IRDeviceParams.cpp:214] @ 0.0012148s :bispectral: 0
DEBUG [IRDeviceParams.cpp:215] @ 0.0012221s :flag automatic: 1
DEBUG [IRDeviceParams.cpp:216] @ 0.0012298s :min interval: 15
DEBUG [IRDeviceParams.cpp:217] @ 0.0012377s :max interval: 0
DEBUG [IRDeviceParams.cpp:218] @ 0.0012453s :chip heating mode: 0
DEBUG [IRDeviceParams.cpp:219] @ 0.0012533s :chip heating fixed val: 40
DEBUG [IRDeviceParams.cpp:220] @ 0.0012613s :focus:  -1
DEBUG [IRDeviceParams.cpp:221] @ 0.0012707s :enable extended temp range: 0
DEBUG [IRDeviceParams.cpp:222] @ 0.0012786s :buffer queue size: 5
DEBUG [IRDeviceParams.cpp:223] @ 0.0012862s :enable high precision: 0
DEBUG [IRDeviceParams.cpp:224] @ 0.001294s :radialDistortionCorrectionMode: 0
DEBUG [IRDeviceParams.cpp:225] @ 0.0013017s :deviceAPI: 0
DEBUG [IRDeviceParams.cpp:226] @ 0.0013092s :useExternalProbeForReferencing: 0
DEBUG [IRDeviceParams.cpp:227] @ 0.001317s :enableMultiThreading: 0
DEBUG [IRDeviceParams.cpp:232] @ 0.0013265s :ethernetDevice.deviceIpAddress: 0.0.0.0
DEBUG [IRDeviceParams.cpp:233] @ 0.0013342s :ethernetDevice.localUdpPort: 0
DEBUG [IRDeviceParams.cpp:234] @ 0.0013416s :ethernetDevice.checkUdpSenderIp: 1
DEBUG [Cali.cpp:87] @ 0.230171s :Calibration directory path: .\Cali-14110095.xml
DEBUG [Cali.cpp:88] @ 0.230197s :Calibration file name: Cali-14110095.xml
DEBUG [Cali.cpp:98] @ 0.230458s :Calibration data A: 1450 B:400 C:4095 D:1000
INFO [IRImager.cpp:266] @ 0.231479s :Init thermal imager to 14110095 with size: 160x121@120 Hz
DEBUG [Cali.cpp:87] @ 0.231772s :Calibration directory path: .\Cali-14110095.xml
DEBUG [Cali.cpp:88] @ 0.231785s :Calibration file name: Cali-14110095.xml
DEBUG [Cali.cpp:98] @ 0.23201s :Calibration data A: 1450 B:400 C:4095 D:1000
DEBUG [Cali.cpp:87] @ 0.232707s :Calibration directory path: .\Cali-14110095.xml
DEBUG [Cali.cpp:88] @ 0.23272s :Calibration file name: Cali-14110095.xml
DEBUG [Cali.cpp:98] @ 0.232969s :Calibration data A: 1450 B:400 C:4095 D:1000
DEBUG [IRImager.cpp:300] @ 0.233016s :No temperature range configuration specified. Setting default values tMin: -20 , tMax: 100
DEBUG [IRImager.cpp:377] @ 0.23332s :Using HID control interface
DEBUG [IRImager.cpp:417] @ 0.2526s :Initialized HID control interface to device with HW:21 FW:2025
DEBUG [IRImager.cpp:438] @ 0.252659s :Frameconfig - width(in): 160, height(in): 121, interval: 83333, max framerate: 120, HW interval: 0.00833333
DEBUG [Cali.cpp:87] @ 0.252687s :Calibration directory path: .\Cali-14110095.xml
DEBUG [Cali.cpp:88] @ 0.252702s :Calibration file name: Cali-14110095.xml
DEBUG [Cali.cpp:98] @ 0.253265s :Calibration data A: 1450 B:400 C:4095 D:1000
DEBUG [ImageProcessing.cpp:200] @ 0.277394s :Source buffer size: 38720 Width: 160 Height: 121
DEBUG [ImageProcessing.cpp:121] @ 0.343422s :Source buffer size: 38720 Width: 160 Height: 121
DEBUG [OpSource.cpp:376] @ 0.343789s :Using formats path: C:\Program Files (x86)\Optris GmbH\IrDirectSDK\examples\matlab\Formats.def
DEBUG [OpSource.cpp:628] @ 0.343966s :Format found with size: 160
DEBUG [OpSource.cpp:791] @ 0.344007s :Selected Format:"PI160 160x120 @ 120Hz"
DEBUG [IRImager.cpp:844] @ 0.344065s :Caught onFrameInit with size: 160x120
DEBUG [OpSource.cpp:376] @ 0.344406s :Using formats path: C:\Program Files (x86)\Optris GmbH\IrDirectSDK\examples\matlab\Formats.def
DEBUG [OpSource.cpp:628] @ 0.344535s :Format found with size: 160
DEBUG [OpSource.cpp:376] @ 0.344685s :Using formats path: C:\Program Files (x86)\Optris GmbH\IrDirectSDK\examples\matlab\Formats.def
DEBUG [OpCorr.cpp:467] @ 0.352257s :Read cali: .\Cali-14110095.xml\Cali-14110095-48-M20-100.dat
DEBUG [OpCorr.cpp:557] @ 0.352465s :Read calibration of camera no 14110095, # of fields: 6 , start of fields: 40
DEBUG [ImageProcessing.cpp:1108] @ 0.641406s :Update flag temperature: 30.8828
DEBUG [ImageProcessing.cpp:1111] @ 0.649594s :Update box temperature: 29.25
DEBUG [Cali.cpp:639] @ 0.649637s :Calibration file path: 000002B8C7D934A4/000000E084BEC9B8.xml
DEBUG [SimpleXML.cpp:238] @ 0.649859s :Failed to open file .\Cali-14110095.xml\CaliExt-14110095.xml
DEBUG [IRImager.cpp:550] @ 0.670552s :Chip heating disabled
DEBUG [IRImager.cpp:1110] @ 0.734034s :Start flag calibration
DEBUG [OpFlag.cpp:591] @ 11.407s :SkimDiff: -10 Adjust: -994 State: 1 EMax: 8465 Emin: 2410
DEBUG [ImageProcessing.cpp:526] @ 11.42s :Skim_Adjust 4016
DEBUG [IRImager.cpp:1124] @ 11.5356s :Finished startup calibration
DEBUG [IRImager.cpp:1175] @ 26.2534s :Automatic control of shutter flag
DEBUG [OpFlag.cpp:591] @ 26.4306s :SkimDiff: -5 Adjust: -406 State: 1 EMax: 9051 Emin: 2998
DEBUG [ImageProcessing.cpp:526] @ 26.4434s :Skim_Adjust 4015
DEBUG [IRImager.cpp:1175] @ 59.5336s :Automatic control of shutter flag
DEBUG [OpFlag.cpp:591] @ 59.7107s :SkimDiff: -4 Adjust: -334 State: 1 EMax: 9125 Emin: 3070
DEBUG [ImageProcessing.cpp:526] @ 59.736s :Skim_Adjust 4014
DEBUG [IRImager.cpp:1175] @ 81.038s :Automatic control of shutter flag
DEBUG [OpFlag.cpp:591] @ 81.1986s :SkimDiff: -3 Adjust: -275 State: 1 EMax: 9185 Emin: 3129
DEBUG [ImageProcessing.cpp:526] @ 81.2153s :Skim_Adjust 4013
DEBUG [IRImager.cpp:665] @ 83.2488s :Release imager
DEBUG [BaseControlDevice.cpp:26] @ 83.2969s :Base destructor called
DEBUG [IRImager.cpp:672] @ 83.2973s :Delete image processing
DEBUG [IRImager.cpp:679] @ 83.3129s :Delete buffer
DEBUG [IRImager.cpp:687] @ 83.3133s :Delete source buffer
DEBUG [IRImager.cpp:694] @ 83.3135s :Delete buffer (energy)
DEBUG [IRImager.cpp:701] @ 83.3137s :Delete timer
DEBUG [IRImager.cpp:707] @ 83.3138s :Delete manual timer
