DEBUG [IRLogger.cpp:105] @ 0.0003413s :***************************************************
DEBUG [IRLogger.cpp:106] @ 0.0004297s :* IRImagerDirect SDK                              *
DEBUG [IRLogger.cpp:107] @ 0.000454s :***************************************************
DEBUG [IRLogger.cpp:113] @ 0.0004713s :* Native Machine:      AMD64
DEBUG [IRLogger.cpp:114] @ 0.0004858s :* Machine:             AMD64
DEBUG [IRLogger.cpp:116] @ 0.0005074s :* OS:                  Windows 10 0 26100
DEBUG [IRLogger.cpp:123] @ 0.0005201s :***************************************************
DEBUG [IRDeviceParams.cpp:204] @ 0.0021892s :Parameters
DEBUG [IRDeviceParams.cpp:205] @ 0.0022088s :serial: 14110095
DEBUG [IRDeviceParams.cpp:206] @ 0.0022182s :videoformatindex: 0
DEBUG [IRDeviceParams.cpp:207] @ 0.0022279s :fov: 0
DEBUG [IRDeviceParams.cpp:208] @ 0.0022374s :optics_text: 0000000000000000
DEBUG [IRDeviceParams.cpp:209] @ 0.0022463s :formatspath: 000001C8FEB31DA0
DEBUG [IRDeviceParams.cpp:210] @ 0.0022563s :calipath: 000001C8FED579D0
DEBUG [IRDeviceParams.cpp:211] @ 0.0022651s :temperature min: 0
DEBUG [IRDeviceParams.cpp:212] @ 0.0022734s :temperature max: 0
DEBUG [IRDeviceParams.cpp:213] @ 0.0022832s :framerate: 32
DEBUG [IRDeviceParams.cpp:214] @ 0.0022918s :bispectral: 0
DEBUG [IRDeviceParams.cpp:215] @ 0.0023003s :flag automatic: 1
DEBUG [IRDeviceParams.cpp:216] @ 0.0023096s :min interval: 15
DEBUG [IRDeviceParams.cpp:217] @ 0.0023201s :max interval: 0
DEBUG [IRDeviceParams.cpp:218] @ 0.0023291s :chip heating mode: 0
DEBUG [IRDeviceParams.cpp:219] @ 0.0023386s :chip heating fixed val: 40
DEBUG [IRDeviceParams.cpp:220] @ 0.0023484s :focus:  -1
DEBUG [IRDeviceParams.cpp:221] @ 0.0023586s :enable extended temp range: 0
DEBUG [IRDeviceParams.cpp:222] @ 0.0023676s :buffer queue size: 5
DEBUG [IRDeviceParams.cpp:223] @ 0.0023766s :enable high precision: 0
DEBUG [IRDeviceParams.cpp:224] @ 0.0023854s :radialDistortionCorrectionMode: 0
DEBUG [IRDeviceParams.cpp:225] @ 0.0023941s :deviceAPI: 0
DEBUG [IRDeviceParams.cpp:226] @ 0.0024026s :useExternalProbeForReferencing: 0
DEBUG [IRDeviceParams.cpp:227] @ 0.002411s :enableMultiThreading: 0
DEBUG [IRDeviceParams.cpp:232] @ 0.0024342s :ethernetDevice.deviceIpAddress: 0.0.0.0
DEBUG [IRDeviceParams.cpp:233] @ 0.0024429s :ethernetDevice.localUdpPort: 0
DEBUG [IRDeviceParams.cpp:234] @ 0.0024515s :ethernetDevice.checkUdpSenderIp: 1
DEBUG [Cali.cpp:87] @ 0.308292s :Calibration directory path: .\Cali-14110095.xml
DEBUG [Cali.cpp:88] @ 0.308322s :Calibration file name: Cali-14110095.xml
DEBUG [Cali.cpp:98] @ 0.308632s :Calibration data A: 1450 B:400 C:4095 D:1000
INFO [IRImager.cpp:266] @ 0.309738s :Init thermal imager to 14110095 with size: 160x121@120 Hz
DEBUG [Cali.cpp:87] @ 0.310034s :Calibration directory path: .\Cali-14110095.xml
DEBUG [Cali.cpp:88] @ 0.310044s :Calibration file name: Cali-14110095.xml
DEBUG [Cali.cpp:98] @ 0.310261s :Calibration data A: 1450 B:400 C:4095 D:1000
DEBUG [Cali.cpp:87] @ 0.310894s :Calibration directory path: .\Cali-14110095.xml
DEBUG [Cali.cpp:88] @ 0.310906s :Calibration file name: Cali-14110095.xml
DEBUG [Cali.cpp:98] @ 0.311107s :Calibration data A: 1450 B:400 C:4095 D:1000
DEBUG [IRImager.cpp:300] @ 0.311156s :No temperature range configuration specified. Setting default values tMin: -20 , tMax: 100
DEBUG [IRImager.cpp:377] @ 0.311449s :Using HID control interface
DEBUG [IRImager.cpp:417] @ 0.334652s :Initialized HID control interface to device with HW:21 FW:2025
DEBUG [IRImager.cpp:438] @ 0.33473s :Frameconfig - width(in): 160, height(in): 121, interval: 83333, max framerate: 120, HW interval: 0.00833333
DEBUG [Cali.cpp:87] @ 0.334766s :Calibration directory path: .\Cali-14110095.xml
DEBUG [Cali.cpp:88] @ 0.334786s :Calibration file name: Cali-14110095.xml
DEBUG [Cali.cpp:98] @ 0.335558s :Calibration data A: 1450 B:400 C:4095 D:1000
DEBUG [ImageProcessing.cpp:200] @ 0.3594s :Source buffer size: 38720 Width: 160 Height: 121
DEBUG [ImageProcessing.cpp:121] @ 0.433812s :Source buffer size: 38720 Width: 160 Height: 121
DEBUG [OpSource.cpp:376] @ 0.435468s :Using formats path: C:\Program Files (x86)\Optris GmbH\IrDirectSDK\examples\matlab\Formats.def
DEBUG [OpSource.cpp:628] @ 0.43639s :Format found with size: 160
DEBUG [OpSource.cpp:791] @ 0.436612s :Selected Format:"PI160 160x120 @ 120Hz"
DEBUG [IRImager.cpp:844] @ 0.437036s :Caught onFrameInit with size: 160x120
DEBUG [OpSource.cpp:376] @ 0.438216s :Using formats path: C:\Program Files (x86)\Optris GmbH\IrDirectSDK\examples\matlab\Formats.def
DEBUG [OpSource.cpp:628] @ 0.438732s :Format found with size: 160
DEBUG [OpSource.cpp:376] @ 0.43946s :Using formats path: C:\Program Files (x86)\Optris GmbH\IrDirectSDK\examples\matlab\Formats.def
DEBUG [OpCorr.cpp:467] @ 0.452042s :Read cali: .\Cali-14110095.xml\Cali-14110095-48-M20-100.dat
DEBUG [OpCorr.cpp:557] @ 0.452748s :Read calibration of camera no 14110095, # of fields: 6 , start of fields: 40
DEBUG [ImageProcessing.cpp:1108] @ 0.731598s :Update flag temperature: 30.6953
DEBUG [ImageProcessing.cpp:1111] @ 0.739776s :Update box temperature: 28.7891
DEBUG [Cali.cpp:639] @ 0.739822s :Calibration file path: 000001C8FEBF0D94/0000007F1C9ECCF8.xml
DEBUG [SimpleXML.cpp:238] @ 0.740066s :Failed to open file .\Cali-14110095.xml\CaliExt-14110095.xml
DEBUG [IRImager.cpp:550] @ 0.756768s :Chip heating disabled
DEBUG [IRImager.cpp:1110] @ 0.832076s :Start flag calibration
DEBUG [OpFlag.cpp:591] @ 11.5051s :SkimDiff: -11 Adjust: -1044 State: 1 EMax: 8446 Emin: 2360
DEBUG [ImageProcessing.cpp:526] @ 11.5178s :Skim_Adjust 4015
DEBUG [IRImager.cpp:1124] @ 11.6337s :Finished startup calibration
DEBUG [IRImager.cpp:1175] @ 26.3524s :Automatic control of shutter flag
DEBUG [OpFlag.cpp:591] @ 26.5138s :SkimDiff: -4 Adjust: -386 State: 1 EMax: 9090 Emin: 3018
DEBUG [ImageProcessing.cpp:526] @ 26.5274s :Skim_Adjust 4014
DEBUG [IRImager.cpp:1175] @ 49.0251s :Automatic control of shutter flag
DEBUG [OpFlag.cpp:591] @ 49.2018s :SkimDiff: -4 Adjust: -312 State: 1 EMax: 9152 Emin: 3092
DEBUG [ImageProcessing.cpp:526] @ 49.2147s :Skim_Adjust 4013
DEBUG [IRImager.cpp:1175] @ 87.3128s :Automatic control of shutter flag
DEBUG [OpFlag.cpp:591] @ 87.4896s :SkimDiff: -3 Adjust: -248 State: 1 EMax: 9216 Emin: 3156
DEBUG [ImageProcessing.cpp:526] @ 87.5134s :Skim_Adjust 4012
DEBUG [IRImager.cpp:665] @ 104.827s :Release imager
DEBUG [BaseControlDevice.cpp:26] @ 104.869s :Base destructor called
DEBUG [IRImager.cpp:672] @ 104.869s :Delete image processing
DEBUG [IRImager.cpp:679] @ 104.881s :Delete buffer
DEBUG [IRImager.cpp:687] @ 104.881s :Delete source buffer
DEBUG [IRImager.cpp:694] @ 104.881s :Delete buffer (energy)
DEBUG [IRImager.cpp:701] @ 104.881s :Delete timer
DEBUG [IRImager.cpp:707] @ 104.881s :Delete manual timer
