DEBUG [IRLogger.cpp:105] @ 0.0004997s :***************************************************
DEBUG [IRLogger.cpp:106] @ 0.0006139s :* IRImagerDirect SDK                              *
DEBUG [IRLogger.cpp:107] @ 0.0006412s :***************************************************
DEBUG [IRLogger.cpp:113] @ 0.0006598s :* Native Machine:      AMD64
DEBUG [IRLogger.cpp:114] @ 0.0006765s :* Machine:             AMD64
DEBUG [IRLogger.cpp:116] @ 0.0007028s :* OS:                  Windows 10 0 26100
DEBUG [IRLogger.cpp:123] @ 0.0007184s :***************************************************
DEBUG [IRDeviceParams.cpp:204] @ 0.0028404s :Parameters
DEBUG [IRDeviceParams.cpp:205] @ 0.0028659s :serial: 14110095
DEBUG [IRDeviceParams.cpp:206] @ 0.0028781s :videoformatindex: 0
DEBUG [IRDeviceParams.cpp:207] @ 0.0028877s :fov: 0
DEBUG [IRDeviceParams.cpp:208] @ 0.0028977s :optics_text: 0000000000000000
DEBUG [IRDeviceParams.cpp:209] @ 0.0029072s :formatspath: 0000026ADDD62DF0
DEBUG [IRDeviceParams.cpp:210] @ 0.002918s :calipath: 0000026ADD9E1410
DEBUG [IRDeviceParams.cpp:211] @ 0.0029274s :temperature min: 0
DEBUG [IRDeviceParams.cpp:212] @ 0.0029364s :temperature max: 0
DEBUG [IRDeviceParams.cpp:213] @ 0.002947s :framerate: 32
DEBUG [IRDeviceParams.cpp:214] @ 0.0029559s :bispectral: 0
DEBUG [IRDeviceParams.cpp:215] @ 0.0029647s :flag automatic: 1
DEBUG [IRDeviceParams.cpp:216] @ 0.0029739s :min interval: 15
DEBUG [IRDeviceParams.cpp:217] @ 0.0029847s :max interval: 0
DEBUG [IRDeviceParams.cpp:218] @ 0.0029939s :chip heating mode: 0
DEBUG [IRDeviceParams.cpp:219] @ 0.003004s :chip heating fixed val: 40
DEBUG [IRDeviceParams.cpp:220] @ 0.003014s :focus:  -1
DEBUG [IRDeviceParams.cpp:221] @ 0.0030252s :enable extended temp range: 0
DEBUG [IRDeviceParams.cpp:222] @ 0.0030348s :buffer queue size: 5
DEBUG [IRDeviceParams.cpp:223] @ 0.0030441s :enable high precision: 0
DEBUG [IRDeviceParams.cpp:224] @ 0.0030536s :radialDistortionCorrectionMode: 0
DEBUG [IRDeviceParams.cpp:225] @ 0.003063s :deviceAPI: 0
DEBUG [IRDeviceParams.cpp:226] @ 0.0030721s :useExternalProbeForReferencing: 0
DEBUG [IRDeviceParams.cpp:227] @ 0.0030815s :enableMultiThreading: 0
DEBUG [IRDeviceParams.cpp:232] @ 0.003093s :ethernetDevice.deviceIpAddress: 0.0.0.0
DEBUG [IRDeviceParams.cpp:233] @ 0.0031023s :ethernetDevice.localUdpPort: 0
DEBUG [IRDeviceParams.cpp:234] @ 0.0031114s :ethernetDevice.checkUdpSenderIp: 1
DEBUG [Cali.cpp:87] @ 0.223835s :Calibration directory path: .\Cali-14110095.xml
DEBUG [Cali.cpp:88] @ 0.223862s :Calibration file name: Cali-14110095.xml
DEBUG [Cali.cpp:98] @ 0.224136s :Calibration data A: 1450 B:400 C:4095 D:1000
INFO [IRImager.cpp:266] @ 0.225117s :Init thermal imager to 14110095 with size: 160x121@120 Hz
DEBUG [Cali.cpp:87] @ 0.225369s :Calibration directory path: .\Cali-14110095.xml
DEBUG [Cali.cpp:88] @ 0.22538s :Calibration file name: Cali-14110095.xml
DEBUG [Cali.cpp:98] @ 0.225584s :Calibration data A: 1450 B:400 C:4095 D:1000
DEBUG [Cali.cpp:87] @ 0.226229s :Calibration directory path: .\Cali-14110095.xml
DEBUG [Cali.cpp:88] @ 0.226243s :Calibration file name: Cali-14110095.xml
DEBUG [Cali.cpp:98] @ 0.226498s :Calibration data A: 1450 B:400 C:4095 D:1000
DEBUG [IRImager.cpp:300] @ 0.226543s :No temperature range configuration specified. Setting default values tMin: -20 , tMax: 100
DEBUG [IRImager.cpp:377] @ 0.226854s :Using HID control interface
DEBUG [IRImager.cpp:417] @ 0.243819s :Initialized HID control interface to device with HW:21 FW:2025
DEBUG [IRImager.cpp:438] @ 0.243894s :Frameconfig - width(in): 160, height(in): 121, interval: 83333, max framerate: 120, HW interval: 0.00833333
DEBUG [Cali.cpp:87] @ 0.24392s :Calibration directory path: .\Cali-14110095.xml
DEBUG [Cali.cpp:88] @ 0.243935s :Calibration file name: Cali-14110095.xml
DEBUG [Cali.cpp:98] @ 0.244484s :Calibration data A: 1450 B:400 C:4095 D:1000
DEBUG [ImageProcessing.cpp:200] @ 0.268537s :Source buffer size: 38720 Width: 160 Height: 121
DEBUG [ImageProcessing.cpp:121] @ 0.342783s :Source buffer size: 38720 Width: 160 Height: 121
DEBUG [OpSource.cpp:376] @ 0.343314s :Using formats path: C:\Program Files (x86)\Optris GmbH\IrDirectSDK\examples\matlab\Formats.def
DEBUG [OpSource.cpp:628] @ 0.34361s :Format found with size: 160
DEBUG [OpSource.cpp:791] @ 0.34368s :Selected Format:"PI160 160x120 @ 120Hz"
DEBUG [IRImager.cpp:844] @ 0.343913s :Caught onFrameInit with size: 160x120
DEBUG [OpSource.cpp:376] @ 0.344339s :Using formats path: C:\Program Files (x86)\Optris GmbH\IrDirectSDK\examples\matlab\Formats.def
DEBUG [OpSource.cpp:628] @ 0.344602s :Format found with size: 160
DEBUG [OpSource.cpp:376] @ 0.344902s :Using formats path: C:\Program Files (x86)\Optris GmbH\IrDirectSDK\examples\matlab\Formats.def
DEBUG [OpCorr.cpp:467] @ 0.352717s :Read cali: .\Cali-14110095.xml\Cali-14110095-48-M20-100.dat
DEBUG [OpCorr.cpp:557] @ 0.353277s :Read calibration of camera no 14110095, # of fields: 6 , start of fields: 40
DEBUG [ImageProcessing.cpp:1108] @ 0.649063s :Update flag temperature: 31.7422
DEBUG [ImageProcessing.cpp:1111] @ 0.657424s :Update box temperature: 29.8047
DEBUG [Cali.cpp:639] @ 0.657492s :Calibration file path: 0000026ADECD0C54/000000B5939EC678.xml
DEBUG [SimpleXML.cpp:238] @ 0.657812s :Failed to open file .\Cali-14110095.xml\CaliExt-14110095.xml
DEBUG [IRImager.cpp:550] @ 0.679389s :Chip heating disabled
DEBUG [IRImager.cpp:1110] @ 0.758772s :Start flag calibration
DEBUG [OpFlag.cpp:591] @ 11.4317s :SkimDiff: -8 Adjust: -773 State: 1 EMax: 8694 Emin: 2631
DEBUG [ImageProcessing.cpp:526] @ 11.4446s :Skim_Adjust 4025
DEBUG [IRImager.cpp:1124] @ 11.5596s :Finished startup calibration
DEBUG [IRImager.cpp:1175] @ 26.2793s :Automatic control of shutter flag
DEBUG [OpFlag.cpp:591] @ 26.4392s :SkimDiff: -8 Adjust: -794 State: 1 EMax: 8718 Emin: 2610
DEBUG [ImageProcessing.cpp:526] @ 26.4507s :Skim_Adjust 4024
DEBUG [IRImager.cpp:1175] @ 41.2872s :Automatic control of shutter flag
DEBUG [OpFlag.cpp:591] @ 41.4479s :SkimDiff: -8 Adjust: -766 State: 1 EMax: 8750 Emin: 2638
DEBUG [ImageProcessing.cpp:526] @ 41.4604s :Skim_Adjust 4023
DEBUG [IRImager.cpp:1175] @ 56.2946s :Automatic control of shutter flag
DEBUG [OpFlag.cpp:591] @ 56.4549s :SkimDiff: -8 Adjust: -722 State: 1 EMax: 8805 Emin: 2682
DEBUG [ImageProcessing.cpp:526] @ 56.4686s :Skim_Adjust 4022
DEBUG [IRImager.cpp:1175] @ 102.247s :Automatic control of shutter flag
DEBUG [OpFlag.cpp:591] @ 102.425s :SkimDiff: -7 Adjust: -672 State: 1 EMax: 8859 Emin: 2732
DEBUG [ImageProcessing.cpp:526] @ 102.445s :Skim_Adjust 4021
DEBUG [IRImager.cpp:1175] @ 175.065s :Automatic control of shutter flag
DEBUG [OpFlag.cpp:591] @ 175.243s :SkimDiff: -7 Adjust: -619 State: 1 EMax: 8931 Emin: 2785
DEBUG [ImageProcessing.cpp:526] @ 175.272s :Skim_Adjust 4020
DEBUG [IRImager.cpp:1175] @ 194.183s :Automatic control of shutter flag
DEBUG [OpFlag.cpp:591] @ 194.359s :SkimDiff: -6 Adjust: -555 State: 1 EMax: 8991 Emin: 2849
DEBUG [ImageProcessing.cpp:526] @ 194.374s :Skim_Adjust 4019
DEBUG [IRImager.cpp:1175] @ 220.488s :Automatic control of shutter flag
DEBUG [OpFlag.cpp:591] @ 220.663s :SkimDiff: -5 Adjust: -498 State: 1 EMax: 9050 Emin: 2906
DEBUG [ImageProcessing.cpp:526] @ 220.686s :Skim_Adjust 4018
DEBUG [IRImager.cpp:1175] @ 269.559s :Automatic control of shutter flag
DEBUG [OpFlag.cpp:591] @ 269.738s :SkimDiff: -5 Adjust: -435 State: 1 EMax: 9113 Emin: 2969
DEBUG [ImageProcessing.cpp:526] @ 269.757s :Skim_Adjust 4017
DEBUG [IRImager.cpp:1175] @ 327.734s :Automatic control of shutter flag
DEBUG [OpFlag.cpp:591] @ 327.897s :SkimDiff: -4 Adjust: -372 State: 1 EMax: 9190 Emin: 3032
DEBUG [ImageProcessing.cpp:526] @ 327.919s :Skim_Adjust 4016
