DEBUG [IRLogger.cpp:105] @ 0.0003345s :***************************************************
DEBUG [IRLogger.cpp:106] @ 0.0004113s :* IRImagerDirect SDK                              *
DEBUG [IRLogger.cpp:107] @ 0.0004332s :***************************************************
DEBUG [IRLogger.cpp:113] @ 0.000448s :* Native Machine:      AMD64
DEBUG [IRLogger.cpp:114] @ 0.0004619s :* Machine:             AMD64
DEBUG [IRLogger.cpp:116] @ 0.0004817s :* OS:                  Windows 10 0 26100
DEBUG [IRLogger.cpp:123] @ 0.0004947s :***************************************************
DEBUG [IRDeviceParams.cpp:204] @ 0.0021916s :Parameters
DEBUG [IRDeviceParams.cpp:205] @ 0.0024477s :serial: 14110095
DEBUG [IRDeviceParams.cpp:206] @ 0.0024693s :videoformatindex: 0
DEBUG [IRDeviceParams.cpp:207] @ 0.0024783s :fov: 0
DEBUG [IRDeviceParams.cpp:208] @ 0.0024864s :optics_text: 0000000000000000
DEBUG [IRDeviceParams.cpp:209] @ 0.0024947s :formatspath: 0000020C6C9C1330
DEBUG [IRDeviceParams.cpp:210] @ 0.002503s :calipath: 0000020C6C836100
DEBUG [IRDeviceParams.cpp:211] @ 0.0025101s :temperature min: 0
DEBUG [IRDeviceParams.cpp:212] @ 0.0025168s :temperature max: 0
DEBUG [IRDeviceParams.cpp:213] @ 0.0025246s :framerate: 32
DEBUG [IRDeviceParams.cpp:214] @ 0.0025317s :bispectral: 0
DEBUG [IRDeviceParams.cpp:215] @ 0.0025388s :flag automatic: 1
DEBUG [IRDeviceParams.cpp:216] @ 0.0025467s :min interval: 15
DEBUG [IRDeviceParams.cpp:217] @ 0.0025539s :max interval: 0
DEBUG [IRDeviceParams.cpp:218] @ 0.002561s :chip heating mode: 0
DEBUG [IRDeviceParams.cpp:219] @ 0.0025686s :chip heating fixed val: 40
DEBUG [IRDeviceParams.cpp:220] @ 0.0025761s :focus:  -1
DEBUG [IRDeviceParams.cpp:221] @ 0.0025848s :enable extended temp range: 0
DEBUG [IRDeviceParams.cpp:222] @ 0.0025921s :buffer queue size: 5
DEBUG [IRDeviceParams.cpp:223] @ 0.0025989s :enable high precision: 0
DEBUG [IRDeviceParams.cpp:224] @ 0.0026059s :radialDistortionCorrectionMode: 0
DEBUG [IRDeviceParams.cpp:225] @ 0.002613s :deviceAPI: 0
DEBUG [IRDeviceParams.cpp:226] @ 0.002621s :useExternalProbeForReferencing: 0
DEBUG [IRDeviceParams.cpp:227] @ 0.0026664s :enableMultiThreading: 0
DEBUG [IRDeviceParams.cpp:232] @ 0.002677s :ethernetDevice.deviceIpAddress: 0.0.0.0
DEBUG [IRDeviceParams.cpp:233] @ 0.0026852s :ethernetDevice.localUdpPort: 0
DEBUG [IRDeviceParams.cpp:234] @ 0.002692s :ethernetDevice.checkUdpSenderIp: 1
DEBUG [Cali.cpp:87] @ 0.335449s :Calibration directory path: .\Cali-14110095.xml
DEBUG [Cali.cpp:88] @ 0.335479s :Calibration file name: Cali-14110095.xml
DEBUG [Cali.cpp:98] @ 0.335766s :Calibration data A: 1450 B:400 C:4095 D:1000
INFO [IRImager.cpp:266] @ 0.336794s :Init thermal imager to 14110095 with size: 160x121@120 Hz
DEBUG [Cali.cpp:87] @ 0.337063s :Calibration directory path: .\Cali-14110095.xml
DEBUG [Cali.cpp:88] @ 0.337074s :Calibration file name: Cali-14110095.xml
DEBUG [Cali.cpp:98] @ 0.33728s :Calibration data A: 1450 B:400 C:4095 D:1000
DEBUG [Cali.cpp:87] @ 0.337906s :Calibration directory path: .\Cali-14110095.xml
DEBUG [Cali.cpp:88] @ 0.337918s :Calibration file name: Cali-14110095.xml
DEBUG [Cali.cpp:98] @ 0.338109s :Calibration data A: 1450 B:400 C:4095 D:1000
DEBUG [IRImager.cpp:300] @ 0.338151s :No temperature range configuration specified. Setting default values tMin: -20 , tMax: 100
DEBUG [IRImager.cpp:377] @ 0.338495s :Using HID control interface
DEBUG [IRImager.cpp:417] @ 0.360655s :Initialized HID control interface to device with HW:21 FW:2025
DEBUG [IRImager.cpp:438] @ 0.360717s :Frameconfig - width(in): 160, height(in): 121, interval: 83333, max framerate: 120, HW interval: 0.00833333
DEBUG [Cali.cpp:87] @ 0.360744s :Calibration directory path: .\Cali-14110095.xml
DEBUG [Cali.cpp:88] @ 0.360758s :Calibration file name: Cali-14110095.xml
DEBUG [Cali.cpp:98] @ 0.361324s :Calibration data A: 1450 B:400 C:4095 D:1000
DEBUG [ImageProcessing.cpp:200] @ 0.385296s :Source buffer size: 38720 Width: 160 Height: 121
DEBUG [ImageProcessing.cpp:121] @ 0.451435s :Source buffer size: 38720 Width: 160 Height: 121
DEBUG [OpSource.cpp:376] @ 0.452786s :Using formats path: C:\Program Files (x86)\Optris GmbH\IrDirectSDK\examples\matlab\Formats.def
DEBUG [OpSource.cpp:628] @ 0.453628s :Format found with size: 160
DEBUG [OpSource.cpp:791] @ 0.453845s :Selected Format:"PI160 160x120 @ 120Hz"
DEBUG [IRImager.cpp:844] @ 0.454292s :Caught onFrameInit with size: 160x120
DEBUG [OpSource.cpp:376] @ 0.455479s :Using formats path: C:\Program Files (x86)\Optris GmbH\IrDirectSDK\examples\matlab\Formats.def
DEBUG [OpSource.cpp:628] @ 0.4561s :Format found with size: 160
DEBUG [OpSource.cpp:376] @ 0.456774s :Using formats path: C:\Program Files (x86)\Optris GmbH\IrDirectSDK\examples\matlab\Formats.def
DEBUG [OpCorr.cpp:467] @ 0.461194s :Read cali: .\Cali-14110095.xml\Cali-14110095-48-M20-100.dat
DEBUG [OpCorr.cpp:557] @ 0.461773s :Read calibration of camera no 14110095, # of fields: 6 , start of fields: 40
DEBUG [ImageProcessing.cpp:1108] @ 0.790717s :Update flag temperature: 28.8047
DEBUG [ImageProcessing.cpp:1111] @ 0.798947s :Update box temperature: 26.8984
DEBUG [Cali.cpp:639] @ 0.799052s :Calibration file path: 0000020C6CE4AE74/00000083A8DEC5B8.xml
DEBUG [SimpleXML.cpp:238] @ 0.799616s :Failed to open file .\Cali-14110095.xml\CaliExt-14110095.xml
DEBUG [IRImager.cpp:550] @ 0.820691s :Chip heating disabled
DEBUG [IRImager.cpp:1110] @ 0.952195s :Start flag calibration
DEBUG [OpFlag.cpp:591] @ 11.6255s :SkimDiff: -12 Adjust: -1158 State: 1 EMax: 8180 Emin: 2246
DEBUG [ImageProcessing.cpp:526] @ 11.6381s :Skim_Adjust 4014
DEBUG [IRImager.cpp:1124] @ 11.7521s :Finished startup calibration
DEBUG [IRImager.cpp:1175] @ 26.4735s :Automatic control of shutter flag
DEBUG [OpFlag.cpp:591] @ 26.6335s :SkimDiff: -5 Adjust: -466 State: 1 EMax: 8856 Emin: 2938
DEBUG [ImageProcessing.cpp:526] @ 26.6464s :Skim_Adjust 4013
DEBUG [IRImager.cpp:665] @ 53.3547s :Release imager
DEBUG [BaseControlDevice.cpp:26] @ 53.3972s :Base destructor called
DEBUG [IRImager.cpp:672] @ 53.3973s :Delete image processing
DEBUG [IRImager.cpp:679] @ 53.409s :Delete buffer
DEBUG [IRImager.cpp:687] @ 53.409s :Delete source buffer
DEBUG [IRImager.cpp:694] @ 53.409s :Delete buffer (energy)
DEBUG [IRImager.cpp:701] @ 53.409s :Delete timer
DEBUG [IRImager.cpp:707] @ 53.409s :Delete manual timer
