DEBUG [IRLogger.cpp:105] @ 0.0013498s :***************************************************
DEBUG [IRLogger.cpp:106] @ 0.0014678s :* IRImagerDirect SDK                              *
DEBUG [IRLogger.cpp:107] @ 0.0014924s :***************************************************
DEBUG [IRLogger.cpp:113] @ 0.0015524s :* Native Machine:      AMD64
DEBUG [IRLogger.cpp:114] @ 0.0015691s :* Machine:             AMD64
DEBUG [IRLogger.cpp:116] @ 0.0015936s :* OS:                  Windows 10 0 26100
DEBUG [IRLogger.cpp:123] @ 0.0016072s :***************************************************
DEBUG [IRDeviceParams.cpp:204] @ 0.0036261s :Parameters
DEBUG [IRDeviceParams.cpp:205] @ 0.0036527s :serial: 14110095
DEBUG [IRDeviceParams.cpp:206] @ 0.0036605s :videoformatindex: 0
DEBUG [IRDeviceParams.cpp:207] @ 0.0036676s :fov: 0
DEBUG [IRDeviceParams.cpp:208] @ 0.0036748s :optics_text: 0000000000000000
DEBUG [IRDeviceParams.cpp:209] @ 0.0036817s :formatspath: 0000017939E40940
DEBUG [IRDeviceParams.cpp:210] @ 0.0036898s :calipath: 000001793A34E970
DEBUG [IRDeviceParams.cpp:211] @ 0.0036964s :temperature min: 0
DEBUG [IRDeviceParams.cpp:212] @ 0.0037028s :temperature max: 0
DEBUG [IRDeviceParams.cpp:213] @ 0.0037101s :framerate: 32
DEBUG [IRDeviceParams.cpp:214] @ 0.0037166s :bispectral: 0
DEBUG [IRDeviceParams.cpp:215] @ 0.003723s :flag automatic: 1
DEBUG [IRDeviceParams.cpp:216] @ 0.0037363s :min interval: 15
DEBUG [IRDeviceParams.cpp:217] @ 0.0037435s :max interval: 0
DEBUG [IRDeviceParams.cpp:218] @ 0.0037501s :chip heating mode: 0
DEBUG [IRDeviceParams.cpp:219] @ 0.0037573s :chip heating fixed val: 40
DEBUG [IRDeviceParams.cpp:220] @ 0.0037648s :focus:  -1
DEBUG [IRDeviceParams.cpp:221] @ 0.0037726s :enable extended temp range: 0
DEBUG [IRDeviceParams.cpp:222] @ 0.0037794s :buffer queue size: 5
DEBUG [IRDeviceParams.cpp:223] @ 0.003786s :enable high precision: 0
DEBUG [IRDeviceParams.cpp:224] @ 0.0037927s :radialDistortionCorrectionMode: 0
DEBUG [IRDeviceParams.cpp:225] @ 0.0037992s :deviceAPI: 0
DEBUG [IRDeviceParams.cpp:226] @ 0.0038058s :useExternalProbeForReferencing: 0
DEBUG [IRDeviceParams.cpp:227] @ 0.0038126s :enableMultiThreading: 0
DEBUG [IRDeviceParams.cpp:232] @ 0.0038206s :ethernetDevice.deviceIpAddress: 0.0.0.0
DEBUG [IRDeviceParams.cpp:233] @ 0.0038273s :ethernetDevice.localUdpPort: 0
DEBUG [IRDeviceParams.cpp:234] @ 0.0038338s :ethernetDevice.checkUdpSenderIp: 1
DEBUG [Cali.cpp:87] @ 0.408194s :Calibration directory path: .\Cali-14110095.xml
DEBUG [Cali.cpp:88] @ 0.408225s :Calibration file name: Cali-14110095.xml
DEBUG [Cali.cpp:98] @ 0.409119s :Calibration data A: 1450 B:400 C:4095 D:1000
INFO [IRImager.cpp:266] @ 0.411895s :Init thermal imager to 14110095 with size: 160x121@120 Hz
DEBUG [Cali.cpp:87] @ 0.412145s :Calibration directory path: .\Cali-14110095.xml
DEBUG [Cali.cpp:88] @ 0.412155s :Calibration file name: Cali-14110095.xml
DEBUG [Cali.cpp:98] @ 0.412379s :Calibration data A: 1450 B:400 C:4095 D:1000
DEBUG [Cali.cpp:87] @ 0.413062s :Calibration directory path: .\Cali-14110095.xml
DEBUG [Cali.cpp:88] @ 0.413076s :Calibration file name: Cali-14110095.xml
DEBUG [Cali.cpp:98] @ 0.413264s :Calibration data A: 1450 B:400 C:4095 D:1000
DEBUG [IRImager.cpp:300] @ 0.413587s :No temperature range configuration specified. Setting default values tMin: -20 , tMax: 100
DEBUG [IRImager.cpp:377] @ 0.415052s :Using HID control interface
DEBUG [IRImager.cpp:417] @ 0.433131s :Initialized HID control interface to device with HW:21 FW:2025
DEBUG [IRImager.cpp:438] @ 0.433192s :Frameconfig - width(in): 160, height(in): 121, interval: 83333, max framerate: 120, HW interval: 0.00833333
DEBUG [Cali.cpp:87] @ 0.433214s :Calibration directory path: .\Cali-14110095.xml
DEBUG [Cali.cpp:88] @ 0.433221s :Calibration file name: Cali-14110095.xml
DEBUG [Cali.cpp:98] @ 0.433593s :Calibration data A: 1450 B:400 C:4095 D:1000
DEBUG [ImageProcessing.cpp:200] @ 0.44698s :Source buffer size: 38720 Width: 160 Height: 121
DEBUG [ImageProcessing.cpp:121] @ 0.511827s :Source buffer size: 38720 Width: 160 Height: 121
DEBUG [OpSource.cpp:376] @ 0.512089s :Using formats path: C:\Program Files (x86)\Optris GmbH\IrDirectSDK\examples\matlab\Formats.def
DEBUG [OpSource.cpp:628] @ 0.512946s :Format found with size: 160
DEBUG [OpSource.cpp:791] @ 0.513039s :Selected Format:"PI160 160x120 @ 120Hz"
DEBUG [IRImager.cpp:844] @ 0.513082s :Caught onFrameInit with size: 160x120
DEBUG [OpSource.cpp:376] @ 0.51328s :Using formats path: C:\Program Files (x86)\Optris GmbH\IrDirectSDK\examples\matlab\Formats.def
DEBUG [OpSource.cpp:628] @ 0.513505s :Format found with size: 160
DEBUG [OpSource.cpp:376] @ 0.513596s :Using formats path: C:\Program Files (x86)\Optris GmbH\IrDirectSDK\examples\matlab\Formats.def
DEBUG [OpCorr.cpp:467] @ 0.526039s :Read cali: .\Cali-14110095.xml\Cali-14110095-48-M20-100.dat
DEBUG [OpCorr.cpp:557] @ 0.526742s :Read calibration of camera no 14110095, # of fields: 6 , start of fields: 40
DEBUG [ImageProcessing.cpp:1108] @ 0.819587s :Update flag temperature: 29.5469
DEBUG [ImageProcessing.cpp:1111] @ 0.826978s :Update box temperature: 29.0547
DEBUG [Cali.cpp:639] @ 0.827031s :Calibration file path: 000001793A5C0274/00000045F91ECA68.xml
DEBUG [SimpleXML.cpp:238] @ 0.827234s :Failed to open file .\Cali-14110095.xml\CaliExt-14110095.xml
DEBUG [IRImager.cpp:550] @ 0.841246s :Chip heating disabled
DEBUG [IRImager.cpp:1110] @ 0.911815s :Start flag calibration
DEBUG [OpFlag.cpp:591] @ 11.5837s :SkimDiff: -9 Adjust: -860 State: 1 EMax: 8355 Emin: 2544
DEBUG [ImageProcessing.cpp:526] @ 11.5952s :Skim_Adjust 4025
DEBUG [IRImager.cpp:1124] @ 11.7114s :Finished startup calibration
DEBUG [IRImager.cpp:1175] @ 26.4314s :Automatic control of shutter flag
DEBUG [OpFlag.cpp:591] @ 26.5916s :SkimDiff: -9 Adjust: -822 State: 1 EMax: 8428 Emin: 2582
DEBUG [ImageProcessing.cpp:526] @ 26.6034s :Skim_Adjust 4024
DEBUG [IRImager.cpp:1175] @ 41.4396s :Automatic control of shutter flag
DEBUG [OpFlag.cpp:591] @ 41.5993s :SkimDiff: -8 Adjust: -786 State: 1 EMax: 8485 Emin: 2618
DEBUG [ImageProcessing.cpp:526] @ 41.6107s :Skim_Adjust 4023
DEBUG [IRImager.cpp:1175] @ 56.448s :Automatic control of shutter flag
DEBUG [OpFlag.cpp:591] @ 56.6095s :SkimDiff: -8 Adjust: -750 State: 1 EMax: 8559 Emin: 2654
DEBUG [ImageProcessing.cpp:526] @ 56.6229s :Skim_Adjust 4022
DEBUG [IRImager.cpp:1175] @ 71.4558s :Automatic control of shutter flag
DEBUG [OpFlag.cpp:591] @ 71.6169s :SkimDiff: -8 Adjust: -704 State: 1 EMax: 8620 Emin: 2700
DEBUG [ImageProcessing.cpp:526] @ 71.6302s :Skim_Adjust 4021
DEBUG [IRImager.cpp:1175] @ 86.4649s :Automatic control of shutter flag
DEBUG [OpFlag.cpp:591] @ 86.6407s :SkimDiff: -7 Adjust: -658 State: 1 EMax: 8691 Emin: 2746
DEBUG [ImageProcessing.cpp:526] @ 86.6541s :Skim_Adjust 4020
DEBUG [IRImager.cpp:1175] @ 101.489s :Automatic control of shutter flag
DEBUG [OpFlag.cpp:591] @ 101.649s :SkimDiff: -7 Adjust: -607 State: 1 EMax: 8761 Emin: 2797
DEBUG [ImageProcessing.cpp:526] @ 101.662s :Skim_Adjust 4019
DEBUG [IRImager.cpp:1175] @ 116.496s :Automatic control of shutter flag
DEBUG [OpFlag.cpp:591] @ 116.657s :SkimDiff: -6 Adjust: -552 State: 1 EMax: 8833 Emin: 2852
DEBUG [ImageProcessing.cpp:526] @ 116.669s :Skim_Adjust 4018
DEBUG [IRImager.cpp:1175] @ 131.503s :Automatic control of shutter flag
DEBUG [OpFlag.cpp:591] @ 131.664s :SkimDiff: -5 Adjust: -493 State: 1 EMax: 8906 Emin: 2911
DEBUG [ImageProcessing.cpp:526] @ 131.676s :Skim_Adjust 4017
DEBUG [IRImager.cpp:1175] @ 146.512s :Automatic control of shutter flag
DEBUG [OpFlag.cpp:591] @ 146.674s :SkimDiff: -5 Adjust: -432 State: 1 EMax: 8988 Emin: 2972
DEBUG [ImageProcessing.cpp:526] @ 146.686s :Skim_Adjust 4016
DEBUG [IRImager.cpp:1175] @ 161.521s :Automatic control of shutter flag
DEBUG [OpFlag.cpp:591] @ 161.681s :SkimDiff: -4 Adjust: -367 State: 1 EMax: 9051 Emin: 3037
DEBUG [ImageProcessing.cpp:526] @ 161.693s :Skim_Adjust 4015
DEBUG [IRImager.cpp:1175] @ 176.528s :Automatic control of shutter flag
DEBUG [OpFlag.cpp:591] @ 176.689s :SkimDiff: -4 Adjust: -315 State: 1 EMax: 9126 Emin: 3089
DEBUG [ImageProcessing.cpp:526] @ 176.702s :Skim_Adjust 4014
DEBUG [IRImager.cpp:1175] @ 191.536s :Automatic control of shutter flag
DEBUG [OpFlag.cpp:591] @ 191.698s :SkimDiff: -3 Adjust: -256 State: 1 EMax: 9200 Emin: 3148
DEBUG [ImageProcessing.cpp:526] @ 191.71s :Skim_Adjust 4013
DEBUG [IRImager.cpp:1175] @ 206.544s :Automatic control of shutter flag
DEBUG [OpFlag.cpp:591] @ 206.72s :SkimDiff: -2 Adjust: -195 State: 1 EMax: 9264 Emin: 3209
DEBUG [ImageProcessing.cpp:526] @ 206.732s :Skim_Adjust 4012
DEBUG [IRImager.cpp:1175] @ 221.568s :Automatic control of shutter flag
DEBUG [OpFlag.cpp:591] @ 221.729s :SkimDiff: -2 Adjust: -132 State: 1 EMax: 9340 Emin: 3272
DEBUG [ImageProcessing.cpp:526] @ 221.741s :Skim_Adjust 4011
DEBUG [IRImager.cpp:1175] @ 236.576s :Automatic control of shutter flag
DEBUG [OpFlag.cpp:591] @ 236.736s :SkimDiff: -1 Adjust: -71 State: 1 EMax: 9402 Emin: 3333
DEBUG [ImageProcessing.cpp:526] @ 236.749s :Skim_Adjust 4010
DEBUG [IRImager.cpp:1175] @ 251.937s :Automatic control of shutter flag
DEBUG [OpFlag.cpp:591] @ 252.112s :SkimDiff: -1 Adjust: -11 State: 1 EMax: 9480 Emin: 3393
DEBUG [ImageProcessing.cpp:526] @ 252.124s :Skim_Adjust 4009
DEBUG [IRImager.cpp:1175] @ 266.96s :Automatic control of shutter flag
DEBUG [OpFlag.cpp:591] @ 267.12s :SkimDiff: 0 Adjust: 0 State: 0 EMax: 9549 Emin: 3456
DEBUG [IRImager.cpp:1175] @ 283.616s :Automatic control of shutter flag
DEBUG [OpFlag.cpp:591] @ 283.792s :SkimDiff: 0 Adjust: 0 State: 0 EMax: 9569 Emin: 3462
DEBUG [IRImager.cpp:1175] @ 304.016s :Automatic control of shutter flag
DEBUG [OpFlag.cpp:591] @ 304.177s :SkimDiff: 0 Adjust: 0 State: 0 EMax: 9579 Emin: 3471
DEBUG [IRImager.cpp:1175] @ 319.024s :Automatic control of shutter flag
DEBUG [OpFlag.cpp:591] @ 319.185s :SkimDiff: 0 Adjust: 0 State: 0 EMax: 9601 Emin: 3472
DEBUG [IRImager.cpp:1175] @ 334.785s :Automatic control of shutter flag
DEBUG [OpFlag.cpp:591] @ 334.96s :SkimDiff: 0 Adjust: 0 State: 0 EMax: 9610 Emin: 3485
DEBUG [IRImager.cpp:1175] @ 351.361s :Automatic control of shutter flag
DEBUG [OpFlag.cpp:591] @ 351.521s :SkimDiff: 0 Adjust: 0 State: 0 EMax: 9626 Emin: 3487
DEBUG [IRImager.cpp:1175] @ 367.024s :Automatic control of shutter flag
DEBUG [OpFlag.cpp:591] @ 367.185s :SkimDiff: 0 Adjust: 0 State: 0 EMax: 9637 Emin: 3496
DEBUG [IRImager.cpp:1175] @ 390.625s :Automatic control of shutter flag
DEBUG [OpFlag.cpp:591] @ 390.784s :SkimDiff: 0 Adjust: 0 State: 0 EMax: 9658 Emin: 3508
DEBUG [IRImager.cpp:1175] @ 418.289s :Automatic control of shutter flag
DEBUG [OpFlag.cpp:591] @ 418.466s :SkimDiff: 0 Adjust: 0 State: 0 EMax: 9666 Emin: 3511
DEBUG [IRImager.cpp:1175] @ 454.592s :Automatic control of shutter flag
DEBUG [OpFlag.cpp:591] @ 454.768s :SkimDiff: 0 Adjust: 0 State: 0 EMax: 9680 Emin: 3510
DEBUG [IRImager.cpp:665] @ 488.517s :Release imager
DEBUG [BaseControlDevice.cpp:26] @ 488.567s :Base destructor called
DEBUG [IRImager.cpp:672] @ 488.567s :Delete image processing
DEBUG [IRImager.cpp:679] @ 488.581s :Delete buffer
DEBUG [IRImager.cpp:687] @ 488.581s :Delete source buffer
DEBUG [IRImager.cpp:694] @ 488.581s :Delete buffer (energy)
DEBUG [IRImager.cpp:701] @ 488.581s :Delete timer
DEBUG [IRImager.cpp:707] @ 488.581s :Delete manual timer
