DEBUG [IRLogger.cpp:105] @ 0.0004227s :***************************************************
DEBUG [IRLogger.cpp:106] @ 0.0004977s :* IRImagerDirect SDK                              *
DEBUG [IRLogger.cpp:107] @ 0.0006523s :***************************************************
DEBUG [IRLogger.cpp:113] @ 0.0007703s :* Native Machine:      AMD64
DEBUG [IRLogger.cpp:114] @ 0.0007934s :* Machine:             AMD64
DEBUG [IRLogger.cpp:116] @ 0.0008145s :* OS:                  Windows 10 0 26100
DEBUG [IRLogger.cpp:123] @ 0.0008426s :***************************************************
DEBUG [IRDeviceParams.cpp:204] @ 0.0026645s :Parameters
DEBUG [IRDeviceParams.cpp:205] @ 0.0026816s :serial: 14110095
DEBUG [IRDeviceParams.cpp:206] @ 0.0026889s :videoformatindex: 0
DEBUG [IRDeviceParams.cpp:207] @ 0.0026955s :fov: 0
DEBUG [IRDeviceParams.cpp:208] @ 0.0027024s :optics_text: 0000000000000000
DEBUG [IRDeviceParams.cpp:209] @ 0.0027089s :formatspath: 0000019FF8CCE260
DEBUG [IRDeviceParams.cpp:210] @ 0.0027165s :calipath: 0000019FF912B100
DEBUG [IRDeviceParams.cpp:211] @ 0.0027227s :temperature min: 0
DEBUG [IRDeviceParams.cpp:212] @ 0.0027287s :temperature max: 0
DEBUG [IRDeviceParams.cpp:213] @ 0.0027357s :framerate: 32
DEBUG [IRDeviceParams.cpp:214] @ 0.0027419s :bispectral: 0
DEBUG [IRDeviceParams.cpp:215] @ 0.002748s :flag automatic: 1
DEBUG [IRDeviceParams.cpp:216] @ 0.0027546s :min interval: 15
DEBUG [IRDeviceParams.cpp:217] @ 0.0027612s :max interval: 0
DEBUG [IRDeviceParams.cpp:218] @ 0.0027679s :chip heating mode: 0
DEBUG [IRDeviceParams.cpp:219] @ 0.0027747s :chip heating fixed val: 40
DEBUG [IRDeviceParams.cpp:220] @ 0.0027816s :focus:  -1
DEBUG [IRDeviceParams.cpp:221] @ 0.0027895s :enable extended temp range: 0
DEBUG [IRDeviceParams.cpp:222] @ 0.0027963s :buffer queue size: 5
DEBUG [IRDeviceParams.cpp:223] @ 0.0028026s :enable high precision: 0
DEBUG [IRDeviceParams.cpp:224] @ 0.0028092s :radialDistortionCorrectionMode: 0
DEBUG [IRDeviceParams.cpp:225] @ 0.0028155s :deviceAPI: 0
DEBUG [IRDeviceParams.cpp:226] @ 0.0028217s :useExternalProbeForReferencing: 0
DEBUG [IRDeviceParams.cpp:227] @ 0.0028277s :enableMultiThreading: 0
DEBUG [IRDeviceParams.cpp:232] @ 0.0028355s :ethernetDevice.deviceIpAddress: 0.0.0.0
DEBUG [IRDeviceParams.cpp:233] @ 0.0028418s :ethernetDevice.localUdpPort: 0
DEBUG [IRDeviceParams.cpp:234] @ 0.0028482s :ethernetDevice.checkUdpSenderIp: 1
DEBUG [Cali.cpp:87] @ 0.244297s :Calibration directory path: .\Cali-14110095.xml
DEBUG [Cali.cpp:88] @ 0.244331s :Calibration file name: Cali-14110095.xml
DEBUG [Cali.cpp:98] @ 0.244692s :Calibration data A: 1450 B:400 C:4095 D:1000
INFO [IRImager.cpp:266] @ 0.245855s :Init thermal imager to 14110095 with size: 160x121@120 Hz
DEBUG [Cali.cpp:87] @ 0.246163s :Calibration directory path: .\Cali-14110095.xml
DEBUG [Cali.cpp:88] @ 0.246174s :Calibration file name: Cali-14110095.xml
DEBUG [Cali.cpp:98] @ 0.246418s :Calibration data A: 1450 B:400 C:4095 D:1000
DEBUG [Cali.cpp:87] @ 0.247135s :Calibration directory path: .\Cali-14110095.xml
DEBUG [Cali.cpp:88] @ 0.247148s :Calibration file name: Cali-14110095.xml
DEBUG [Cali.cpp:98] @ 0.247372s :Calibration data A: 1450 B:400 C:4095 D:1000
DEBUG [IRImager.cpp:300] @ 0.247418s :No temperature range configuration specified. Setting default values tMin: -20 , tMax: 100
DEBUG [IRImager.cpp:377] @ 0.247774s :Using HID control interface
DEBUG [IRImager.cpp:417] @ 0.26786s :Initialized HID control interface to device with HW:21 FW:2025
DEBUG [IRImager.cpp:438] @ 0.267928s :Frameconfig - width(in): 160, height(in): 121, interval: 83333, max framerate: 120, HW interval: 0.00833333
DEBUG [Cali.cpp:87] @ 0.267961s :Calibration directory path: .\Cali-14110095.xml
DEBUG [Cali.cpp:88] @ 0.267981s :Calibration file name: Cali-14110095.xml
DEBUG [Cali.cpp:98] @ 0.26872s :Calibration data A: 1450 B:400 C:4095 D:1000
DEBUG [ImageProcessing.cpp:200] @ 0.292651s :Source buffer size: 38720 Width: 160 Height: 121
DEBUG [ImageProcessing.cpp:121] @ 0.350675s :Source buffer size: 38720 Width: 160 Height: 121
DEBUG [OpSource.cpp:376] @ 0.352348s :Using formats path: C:\Program Files (x86)\Optris GmbH\IrDirectSDK\examples\matlab\Formats.def
DEBUG [OpSource.cpp:628] @ 0.353435s :Format found with size: 160
DEBUG [OpSource.cpp:791] @ 0.353733s :Selected Format:"PI160 160x120 @ 120Hz"
DEBUG [IRImager.cpp:844] @ 0.354042s :Caught onFrameInit with size: 160x120
DEBUG [OpSource.cpp:376] @ 0.356137s :Using formats path: C:\Program Files (x86)\Optris GmbH\IrDirectSDK\examples\matlab\Formats.def
DEBUG [OpSource.cpp:628] @ 0.356756s :Format found with size: 160
DEBUG [OpSource.cpp:376] @ 0.357575s :Using formats path: C:\Program Files (x86)\Optris GmbH\IrDirectSDK\examples\matlab\Formats.def
DEBUG [OpCorr.cpp:467] @ 0.369412s :Read cali: .\Cali-14110095.xml\Cali-14110095-48-M20-100.dat
DEBUG [OpCorr.cpp:557] @ 0.370346s :Read calibration of camera no 14110095, # of fields: 6 , start of fields: 40
DEBUG [ImageProcessing.cpp:1108] @ 0.664982s :Update flag temperature: 31.0859
DEBUG [ImageProcessing.cpp:1111] @ 0.67325s :Update box temperature: 29.3281
DEBUG [Cali.cpp:639] @ 0.673346s :Calibration file path: 0000019FF99B3BA4/00000039A3DECA78.xml
DEBUG [SimpleXML.cpp:238] @ 0.673946s :Failed to open file .\Cali-14110095.xml\CaliExt-14110095.xml
DEBUG [IRImager.cpp:550] @ 0.696636s :Chip heating disabled
DEBUG [IRImager.cpp:1110] @ 0.777747s :Start flag calibration
DEBUG [OpFlag.cpp:591] @ 11.4507s :SkimDiff: -10 Adjust: -987 State: 1 EMax: 8505 Emin: 2417
DEBUG [ImageProcessing.cpp:526] @ 11.4632s :Skim_Adjust 4016
DEBUG [IRImager.cpp:1124] @ 11.5788s :Finished startup calibration
DEBUG [IRImager.cpp:1175] @ 26.2979s :Automatic control of shutter flag
DEBUG [OpFlag.cpp:591] @ 26.459s :SkimDiff: -4 Adjust: -395 State: 1 EMax: 9093 Emin: 3009
DEBUG [ImageProcessing.cpp:526] @ 26.4715s :Skim_Adjust 4015
DEBUG [IRImager.cpp:1175] @ 56.9864s :Automatic control of shutter flag
DEBUG [OpFlag.cpp:591] @ 57.1642s :SkimDiff: -4 Adjust: -324 State: 1 EMax: 9162 Emin: 3080
DEBUG [ImageProcessing.cpp:526] @ 57.1779s :Skim_Adjust 4014
ERROR [OpMetadata.cpp:85] @ 171.913s :Drop frame due possible data corruption: 11442 0.125 0.171875 0.248566
DEBUG [IRImager.cpp:1175] @ 171.928s :Automatic control of shutter flag
DEBUG [OpFlag.cpp:591] @ 172.089s :SkimDiff: -3 Adjust: -241 State: 1 EMax: 9247 Emin: 3163
DEBUG [ImageProcessing.cpp:526] @ 172.1s :Skim_Adjust 4013
DEBUG [IRImager.cpp:665] @ 186.732s :Release imager
DEBUG [BaseControlDevice.cpp:26] @ 186.782s :Base destructor called
DEBUG [IRImager.cpp:672] @ 186.782s :Delete image processing
DEBUG [IRImager.cpp:679] @ 186.794s :Delete buffer
DEBUG [IRImager.cpp:687] @ 186.795s :Delete source buffer
DEBUG [IRImager.cpp:694] @ 186.795s :Delete buffer (energy)
DEBUG [IRImager.cpp:701] @ 186.795s :Delete timer
DEBUG [IRImager.cpp:707] @ 186.795s :Delete manual timer
