DEBUG [IRLogger.cpp:105] @ 0.0009515s :***************************************************
DEBUG [IRLogger.cpp:106] @ 0.00104s :* IRImagerDirect SDK                              *
DEBUG [IRLogger.cpp:107] @ 0.0010628s :***************************************************
DEBUG [IRLogger.cpp:113] @ 0.0010787s :* Native Machine:      AMD64
DEBUG [IRLogger.cpp:114] @ 0.0010906s :* Machine:             AMD64
DEBUG [IRLogger.cpp:116] @ 0.0011097s :* OS:                  Windows 10 0 26100
DEBUG [IRLogger.cpp:123] @ 0.00112s :***************************************************
DEBUG [IRDeviceParams.cpp:204] @ 0.0032223s :Parameters
DEBUG [IRDeviceParams.cpp:205] @ 0.0032422s :serial: 14110095
DEBUG [IRDeviceParams.cpp:206] @ 0.0032501s :videoformatindex: 0
DEBUG [IRDeviceParams.cpp:207] @ 0.0032572s :fov: 0
DEBUG [IRDeviceParams.cpp:208] @ 0.0032645s :optics_text: 0000000000000000
DEBUG [IRDeviceParams.cpp:209] @ 0.0032738s :formatspath: 0000021F200789F0
DEBUG [IRDeviceParams.cpp:210] @ 0.0032861s :calipath: 0000021F2A410BE0
DEBUG [IRDeviceParams.cpp:211] @ 0.0032966s :temperature min: 0
DEBUG [IRDeviceParams.cpp:212] @ 0.0033046s :temperature max: 0
DEBUG [IRDeviceParams.cpp:213] @ 0.0033129s :framerate: 32
DEBUG [IRDeviceParams.cpp:214] @ 0.0033198s :bispectral: 0
DEBUG [IRDeviceParams.cpp:215] @ 0.0033264s :flag automatic: 1
DEBUG [IRDeviceParams.cpp:216] @ 0.0033333s :min interval: 15
DEBUG [IRDeviceParams.cpp:217] @ 0.0033407s :max interval: 0
DEBUG [IRDeviceParams.cpp:218] @ 0.0033487s :chip heating mode: 0
DEBUG [IRDeviceParams.cpp:219] @ 0.0033558s :chip heating fixed val: 40
DEBUG [IRDeviceParams.cpp:220] @ 0.0033627s :focus:  -1
DEBUG [IRDeviceParams.cpp:221] @ 0.0033708s :enable extended temp range: 0
DEBUG [IRDeviceParams.cpp:222] @ 0.0033776s :buffer queue size: 5
DEBUG [IRDeviceParams.cpp:223] @ 0.0033842s :enable high precision: 0
DEBUG [IRDeviceParams.cpp:224] @ 0.003391s :radialDistortionCorrectionMode: 0
DEBUG [IRDeviceParams.cpp:225] @ 0.0033976s :deviceAPI: 0
DEBUG [IRDeviceParams.cpp:226] @ 0.003404s :useExternalProbeForReferencing: 0
DEBUG [IRDeviceParams.cpp:227] @ 0.0034106s :enableMultiThreading: 0
DEBUG [IRDeviceParams.cpp:232] @ 0.0034188s :ethernetDevice.deviceIpAddress: 0.0.0.0
DEBUG [IRDeviceParams.cpp:233] @ 0.0034251s :ethernetDevice.localUdpPort: 0
DEBUG [IRDeviceParams.cpp:234] @ 0.0034315s :ethernetDevice.checkUdpSenderIp: 1
DEBUG [Cali.cpp:87] @ 0.392195s :Calibration directory path: .\Cali-14110095.xml
DEBUG [Cali.cpp:88] @ 0.392258s :Calibration file name: Cali-14110095.xml
DEBUG [Cali.cpp:98] @ 0.392936s :Calibration data A: 1450 B:400 C:4095 D:1000
INFO [IRImager.cpp:266] @ 0.395121s :Init thermal imager to 14110095 with size: 160x121@120 Hz
DEBUG [Cali.cpp:87] @ 0.395659s :Calibration directory path: .\Cali-14110095.xml
DEBUG [Cali.cpp:88] @ 0.39568s :Calibration file name: Cali-14110095.xml
DEBUG [Cali.cpp:98] @ 0.396111s :Calibration data A: 1450 B:400 C:4095 D:1000
DEBUG [Cali.cpp:87] @ 0.397328s :Calibration directory path: .\Cali-14110095.xml
DEBUG [Cali.cpp:88] @ 0.397357s :Calibration file name: Cali-14110095.xml
DEBUG [Cali.cpp:98] @ 0.397711s :Calibration data A: 1450 B:400 C:4095 D:1000
DEBUG [IRImager.cpp:300] @ 0.397787s :No temperature range configuration specified. Setting default values tMin: -20 , tMax: 100
DEBUG [IRImager.cpp:377] @ 0.398318s :Using HID control interface
DEBUG [IRImager.cpp:417] @ 0.425363s :Initialized HID control interface to device with HW:21 FW:2025
DEBUG [IRImager.cpp:438] @ 0.425491s :Frameconfig - width(in): 160, height(in): 121, interval: 83333, max framerate: 120, HW interval: 0.00833333
DEBUG [Cali.cpp:87] @ 0.425551s :Calibration directory path: .\Cali-14110095.xml
DEBUG [Cali.cpp:88] @ 0.425582s :Calibration file name: Cali-14110095.xml
DEBUG [Cali.cpp:98] @ 0.426739s :Calibration data A: 1450 B:400 C:4095 D:1000
DEBUG [ImageProcessing.cpp:200] @ 0.441391s :Source buffer size: 38720 Width: 160 Height: 121
DEBUG [ImageProcessing.cpp:121] @ 0.507627s :Source buffer size: 38720 Width: 160 Height: 121
DEBUG [OpSource.cpp:376] @ 0.508904s :Using formats path: C:\Program Files (x86)\Optris GmbH\IrDirectSDK\examples\matlab\Formats.def
DEBUG [OpSource.cpp:628] @ 0.509937s :Format found with size: 160
DEBUG [OpSource.cpp:791] @ 0.510089s :Selected Format:"PI160 160x120 @ 120Hz"
DEBUG [IRImager.cpp:844] @ 0.510285s :Caught onFrameInit with size: 160x120
DEBUG [OpSource.cpp:376] @ 0.51104s :Using formats path: C:\Program Files (x86)\Optris GmbH\IrDirectSDK\examples\matlab\Formats.def
DEBUG [OpSource.cpp:628] @ 0.511773s :Format found with size: 160
DEBUG [OpSource.cpp:376] @ 0.512579s :Using formats path: C:\Program Files (x86)\Optris GmbH\IrDirectSDK\examples\matlab\Formats.def
DEBUG [OpCorr.cpp:467] @ 0.517039s :Read cali: .\Cali-14110095.xml\Cali-14110095-48-M20-100.dat
DEBUG [OpCorr.cpp:557] @ 0.51745s :Read calibration of camera no 14110095, # of fields: 6 , start of fields: 40
DEBUG [ImageProcessing.cpp:1108] @ 0.805625s :Update flag temperature: 28.2812
DEBUG [ImageProcessing.cpp:1111] @ 0.813929s :Update box temperature: 26.4141
DEBUG [Cali.cpp:639] @ 0.814002s :Calibration file path: 0000021F29B85484/00000069441EC5D8.xml
DEBUG [SimpleXML.cpp:238] @ 0.814479s :Failed to open file .\Cali-14110095.xml\CaliExt-14110095.xml
DEBUG [IRImager.cpp:550] @ 0.840905s :Chip heating disabled
DEBUG [IRImager.cpp:1110] @ 1.08277s :Start flag calibration
DEBUG [OpFlag.cpp:591] @ 11.7556s :SkimDiff: -12 Adjust: -1173 State: 1 EMax: 8115 Emin: 2231
DEBUG [ImageProcessing.cpp:526] @ 11.7689s :Skim_Adjust 4014
DEBUG [IRImager.cpp:1124] @ 11.8822s :Finished startup calibration
DEBUG [IRImager.cpp:1175] @ 26.603s :Automatic control of shutter flag
DEBUG [OpFlag.cpp:591] @ 26.7639s :SkimDiff: -5 Adjust: -496 State: 1 EMax: 8784 Emin: 2908
DEBUG [ImageProcessing.cpp:526] @ 26.7759s :Skim_Adjust 4013
DEBUG [IRImager.cpp:1175] @ 56.6821s :Automatic control of shutter flag
DEBUG [OpFlag.cpp:591] @ 56.8585s :SkimDiff: -5 Adjust: -429 State: 1 EMax: 8849 Emin: 2975
DEBUG [ImageProcessing.cpp:526] @ 56.8704s :Skim_Adjust 4012
DEBUG [IRImager.cpp:1175] @ 84.4424s :Automatic control of shutter flag
DEBUG [OpFlag.cpp:591] @ 84.6187s :SkimDiff: -4 Adjust: -370 State: 1 EMax: 8902 Emin: 3034
DEBUG [ImageProcessing.cpp:526] @ 84.6303s :Skim_Adjust 4011
DEBUG [IRImager.cpp:1175] @ 128.251s :Automatic control of shutter flag
DEBUG [OpFlag.cpp:591] @ 128.428s :SkimDiff: -4 Adjust: -313 State: 1 EMax: 8961 Emin: 3091
DEBUG [ImageProcessing.cpp:526] @ 128.441s :Skim_Adjust 4010
DEBUG [IRImager.cpp:1175] @ 157.915s :Automatic control of shutter flag
DEBUG [OpFlag.cpp:591] @ 158.092s :SkimDiff: -3 Adjust: -255 State: 1 EMax: 9018 Emin: 3149
DEBUG [ImageProcessing.cpp:526] @ 158.104s :Skim_Adjust 4009
DEBUG [IRImager.cpp:665] @ 180.436s :Release imager
DEBUG [BaseControlDevice.cpp:26] @ 180.481s :Base destructor called
DEBUG [IRImager.cpp:672] @ 180.482s :Delete image processing
DEBUG [IRImager.cpp:679] @ 180.494s :Delete buffer
DEBUG [IRImager.cpp:687] @ 180.494s :Delete source buffer
DEBUG [IRImager.cpp:694] @ 180.494s :Delete buffer (energy)
DEBUG [IRImager.cpp:701] @ 180.494s :Delete timer
DEBUG [IRImager.cpp:707] @ 180.494s :Delete manual timer
