DEBUG [IRLogger.cpp:105] @ 0.0005639s :***************************************************
DEBUG [IRLogger.cpp:106] @ 0.0006992s :* IRImagerDirect SDK                              *
DEBUG [IRLogger.cpp:107] @ 0.0008677s :***************************************************
DEBUG [IRLogger.cpp:113] @ 0.0009276s :* Native Machine:      AMD64
DEBUG [IRLogger.cpp:114] @ 0.0009708s :* Machine:             AMD64
DEBUG [IRLogger.cpp:116] @ 0.001039s :* OS:                  Windows 10 0 26100
DEBUG [IRLogger.cpp:123] @ 0.0010793s :***************************************************
DEBUG [IRDeviceParams.cpp:204] @ 0.0030212s :Parameters
DEBUG [IRDeviceParams.cpp:205] @ 0.0030462s :serial: 14110095
DEBUG [IRDeviceParams.cpp:206] @ 0.0030564s :videoformatindex: 0
DEBUG [IRDeviceParams.cpp:207] @ 0.0030658s :fov: 0
DEBUG [IRDeviceParams.cpp:208] @ 0.0030761s :optics_text: 0000000000000000
DEBUG [IRDeviceParams.cpp:209] @ 0.0030892s :formatspath: 000001EC6A159D70
DEBUG [IRDeviceParams.cpp:210] @ 0.0031008s :calipath: 000001EC683FEB00
DEBUG [IRDeviceParams.cpp:211] @ 0.0031098s :temperature min: 0
DEBUG [IRDeviceParams.cpp:212] @ 0.0031188s :temperature max: 0
DEBUG [IRDeviceParams.cpp:213] @ 0.0031296s :framerate: 32
DEBUG [IRDeviceParams.cpp:214] @ 0.0031382s :bispectral: 0
DEBUG [IRDeviceParams.cpp:215] @ 0.0031466s :flag automatic: 1
DEBUG [IRDeviceParams.cpp:216] @ 0.0031554s :min interval: 15
DEBUG [IRDeviceParams.cpp:217] @ 0.0031651s :max interval: 0
DEBUG [IRDeviceParams.cpp:218] @ 0.0031739s :chip heating mode: 0
DEBUG [IRDeviceParams.cpp:219] @ 0.0031832s :chip heating fixed val: 40
DEBUG [IRDeviceParams.cpp:220] @ 0.0031926s :focus:  -1
DEBUG [IRDeviceParams.cpp:221] @ 0.0032032s :enable extended temp range: 0
DEBUG [IRDeviceParams.cpp:222] @ 0.0032126s :buffer queue size: 5
DEBUG [IRDeviceParams.cpp:223] @ 0.0032213s :enable high precision: 0
DEBUG [IRDeviceParams.cpp:224] @ 0.0032303s :radialDistortionCorrectionMode: 0
DEBUG [IRDeviceParams.cpp:225] @ 0.0032398s :deviceAPI: 0
DEBUG [IRDeviceParams.cpp:226] @ 0.0032486s :useExternalProbeForReferencing: 0
DEBUG [IRDeviceParams.cpp:227] @ 0.0032576s :enableMultiThreading: 0
DEBUG [IRDeviceParams.cpp:232] @ 0.0032688s :ethernetDevice.deviceIpAddress: 0.0.0.0
DEBUG [IRDeviceParams.cpp:233] @ 0.0032781s :ethernetDevice.localUdpPort: 0
DEBUG [IRDeviceParams.cpp:234] @ 0.0032876s :ethernetDevice.checkUdpSenderIp: 1
DEBUG [Cali.cpp:87] @ 0.21415s :Calibration directory path: .\Cali-14110095.xml
DEBUG [Cali.cpp:88] @ 0.214177s :Calibration file name: Cali-14110095.xml
DEBUG [Cali.cpp:98] @ 0.214455s :Calibration data A: 1450 B:400 C:4095 D:1000
INFO [IRImager.cpp:266] @ 0.215412s :Init thermal imager to 14110095 with size: 160x121@120 Hz
DEBUG [Cali.cpp:87] @ 0.215664s :Calibration directory path: .\Cali-14110095.xml
DEBUG [Cali.cpp:88] @ 0.215673s :Calibration file name: Cali-14110095.xml
DEBUG [Cali.cpp:98] @ 0.215942s :Calibration data A: 1450 B:400 C:4095 D:1000
DEBUG [Cali.cpp:87] @ 0.216737s :Calibration directory path: .\Cali-14110095.xml
DEBUG [Cali.cpp:88] @ 0.216754s :Calibration file name: Cali-14110095.xml
DEBUG [Cali.cpp:98] @ 0.216973s :Calibration data A: 1450 B:400 C:4095 D:1000
DEBUG [IRImager.cpp:300] @ 0.217018s :No temperature range configuration specified. Setting default values tMin: -20 , tMax: 100
DEBUG [IRImager.cpp:377] @ 0.217338s :Using HID control interface
DEBUG [IRImager.cpp:417] @ 0.234442s :Initialized HID control interface to device with HW:21 FW:2025
DEBUG [IRImager.cpp:438] @ 0.234492s :Frameconfig - width(in): 160, height(in): 121, interval: 83333, max framerate: 120, HW interval: 0.00833333
DEBUG [Cali.cpp:87] @ 0.234517s :Calibration directory path: .\Cali-14110095.xml
DEBUG [Cali.cpp:88] @ 0.234531s :Calibration file name: Cali-14110095.xml
DEBUG [Cali.cpp:98] @ 0.235071s :Calibration data A: 1450 B:400 C:4095 D:1000
DEBUG [ImageProcessing.cpp:200] @ 0.259171s :Source buffer size: 38720 Width: 160 Height: 121
DEBUG [ImageProcessing.cpp:121] @ 0.333553s :Source buffer size: 38720 Width: 160 Height: 121
DEBUG [OpSource.cpp:376] @ 0.335249s :Using formats path: C:\Program Files (x86)\Optris GmbH\IrDirectSDK\examples\matlab\Formats.def
DEBUG [OpSource.cpp:628] @ 0.336181s :Format found with size: 160
DEBUG [OpSource.cpp:791] @ 0.336494s :Selected Format:"PI160 160x120 @ 120Hz"
DEBUG [IRImager.cpp:844] @ 0.336794s :Caught onFrameInit with size: 160x120
DEBUG [OpSource.cpp:376] @ 0.338197s :Using formats path: C:\Program Files (x86)\Optris GmbH\IrDirectSDK\examples\matlab\Formats.def
DEBUG [OpSource.cpp:628] @ 0.338845s :Format found with size: 160
DEBUG [OpSource.cpp:376] @ 0.339811s :Using formats path: C:\Program Files (x86)\Optris GmbH\IrDirectSDK\examples\matlab\Formats.def
DEBUG [OpCorr.cpp:467] @ 0.342181s :Read cali: .\Cali-14110095.xml\Cali-14110095-48-M20-100.dat
DEBUG [OpCorr.cpp:557] @ 0.342348s :Read calibration of camera no 14110095, # of fields: 6 , start of fields: 40
DEBUG [ImageProcessing.cpp:1108] @ 0.631328s :Update flag temperature: 33.1172
DEBUG [ImageProcessing.cpp:1111] @ 0.639689s :Update box temperature: 31.0469
DEBUG [Cali.cpp:639] @ 0.63975s :Calibration file path: 000001EC6D2D3754/000000A77AFEC758.xml
DEBUG [SimpleXML.cpp:238] @ 0.640072s :Failed to open file .\Cali-14110095.xml\CaliExt-14110095.xml
DEBUG [IRImager.cpp:550] @ 0.650731s :Chip heating disabled
DEBUG [IRImager.cpp:1110] @ 0.708491s :Start flag calibration
