DEBUG [IRLogger.cpp:105] @ 0.000818s :***************************************************
DEBUG [IRLogger.cpp:106] @ 0.0009453s :* IRImagerDirect SDK                              *
DEBUG [IRLogger.cpp:107] @ 0.0009883s :***************************************************
DEBUG [IRLogger.cpp:113] @ 0.0010174s :* Native Machine:      AMD64
DEBUG [IRLogger.cpp:114] @ 0.0010429s :* Machine:             AMD64
DEBUG [IRLogger.cpp:116] @ 0.0010803s :* OS:                  Windows 10 0 26100
DEBUG [IRLogger.cpp:123] @ 0.0011014s :***************************************************
DEBUG [IRDeviceParams.cpp:204] @ 0.0144845s :Parameters
DEBUG [IRDeviceParams.cpp:205] @ 0.0145281s :serial: 14110095
DEBUG [IRDeviceParams.cpp:206] @ 0.0145437s :videoformatindex: 0
DEBUG [IRDeviceParams.cpp:207] @ 0.0145585s :fov: 0
DEBUG [IRDeviceParams.cpp:208] @ 0.0145739s :optics_text: 0000000000000000
DEBUG [IRDeviceParams.cpp:209] @ 0.014588s :formatspath: 000002552CBDA370
DEBUG [IRDeviceParams.cpp:210] @ 0.0146059s :calipath: 0000025522AFC050
DEBUG [IRDeviceParams.cpp:211] @ 0.0146195s :temperature min: 0
DEBUG [IRDeviceParams.cpp:212] @ 0.0146328s :temperature max: 0
DEBUG [IRDeviceParams.cpp:213] @ 0.014648s :framerate: 32
DEBUG [IRDeviceParams.cpp:214] @ 0.0146613s :bispectral: 0
DEBUG [IRDeviceParams.cpp:215] @ 0.0146754s :flag automatic: 1
DEBUG [IRDeviceParams.cpp:216] @ 0.0146891s :min interval: 15
DEBUG [IRDeviceParams.cpp:217] @ 0.0147032s :max interval: 0
DEBUG [IRDeviceParams.cpp:218] @ 0.0147171s :chip heating mode: 0
DEBUG [IRDeviceParams.cpp:219] @ 0.0147314s :chip heating fixed val: 40
DEBUG [IRDeviceParams.cpp:220] @ 0.0147461s :focus:  -1
DEBUG [IRDeviceParams.cpp:221] @ 0.0147639s :enable extended temp range: 0
DEBUG [IRDeviceParams.cpp:222] @ 0.0147778s :buffer queue size: 5
DEBUG [IRDeviceParams.cpp:223] @ 0.0147915s :enable high precision: 0
DEBUG [IRDeviceParams.cpp:224] @ 0.0148057s :radialDistortionCorrectionMode: 0
DEBUG [IRDeviceParams.cpp:225] @ 0.0148194s :deviceAPI: 0
DEBUG [IRDeviceParams.cpp:226] @ 0.0148329s :useExternalProbeForReferencing: 0
DEBUG [IRDeviceParams.cpp:227] @ 0.0148467s :enableMultiThreading: 0
DEBUG [IRDeviceParams.cpp:232] @ 0.0148651s :ethernetDevice.deviceIpAddress: 0.0.0.0
DEBUG [IRDeviceParams.cpp:233] @ 0.0148793s :ethernetDevice.localUdpPort: 0
DEBUG [IRDeviceParams.cpp:234] @ 0.0148937s :ethernetDevice.checkUdpSenderIp: 1
ERROR [IRDeviceDS.cpp:822] @ 0.0231163s :create video graph failed hr=0
ERROR [DirectBridgeClientUSB.cpp:165] @ 0.0234267s :Device with serial 14110095 could not be found
