DEBUG [IRLogger.cpp:105] @ 0.0006226s :***************************************************
DEBUG [IRLogger.cpp:106] @ 0.0007625s :* IRImagerDirect SDK                              *
DEBUG [IRLogger.cpp:107] @ 0.0010069s :***************************************************
DEBUG [IRLogger.cpp:113] @ 0.0010704s :* Native Machine:      AMD64
DEBUG [IRLogger.cpp:114] @ 0.0011654s :* Machine:             AMD64
DEBUG [IRLogger.cpp:116] @ 0.0012169s :* OS:                  Windows 10 0 26100
DEBUG [IRLogger.cpp:123] @ 0.0012461s :***************************************************
DEBUG [IRDeviceParams.cpp:204] @ 0.0033345s :Parameters
DEBUG [IRDeviceParams.cpp:205] @ 0.0033728s :serial: 14110095
DEBUG [IRDeviceParams.cpp:206] @ 0.0033893s :videoformatindex: 0
DEBUG [IRDeviceParams.cpp:207] @ 0.0034055s :fov: 0
DEBUG [IRDeviceParams.cpp:208] @ 0.0034214s :optics_text: 0000000000000000
DEBUG [IRDeviceParams.cpp:209] @ 0.0034371s :formatspath: 000001C59B142530
DEBUG [IRDeviceParams.cpp:210] @ 0.0034579s :calipath: 000001C5A5450260
DEBUG [IRDeviceParams.cpp:211] @ 0.0034775s :temperature min: 0
DEBUG [IRDeviceParams.cpp:212] @ 0.0034964s :temperature max: 0
DEBUG [IRDeviceParams.cpp:213] @ 0.003518s :framerate: 32
DEBUG [IRDeviceParams.cpp:214] @ 0.0035378s :bispectral: 0
DEBUG [IRDeviceParams.cpp:215] @ 0.0035563s :flag automatic: 1
DEBUG [IRDeviceParams.cpp:216] @ 0.0035758s :min interval: 15
DEBUG [IRDeviceParams.cpp:217] @ 0.0035971s :max interval: 0
DEBUG [IRDeviceParams.cpp:218] @ 0.0036168s :chip heating mode: 0
DEBUG [IRDeviceParams.cpp:219] @ 0.0036371s :chip heating fixed val: 40
DEBUG [IRDeviceParams.cpp:220] @ 0.0036594s :focus:  -1
DEBUG [IRDeviceParams.cpp:221] @ 0.0036817s :enable extended temp range: 0
DEBUG [IRDeviceParams.cpp:222] @ 0.0037018s :buffer queue size: 5
DEBUG [IRDeviceParams.cpp:223] @ 0.0037212s :enable high precision: 0
DEBUG [IRDeviceParams.cpp:224] @ 0.0037414s :radialDistortionCorrectionMode: 0
DEBUG [IRDeviceParams.cpp:225] @ 0.0037609s :deviceAPI: 0
DEBUG [IRDeviceParams.cpp:226] @ 0.0037801s :useExternalProbeForReferencing: 0
DEBUG [IRDeviceParams.cpp:227] @ 0.0037989s :enableMultiThreading: 0
DEBUG [IRDeviceParams.cpp:232] @ 0.003824s :ethernetDevice.deviceIpAddress: 0.0.0.0
DEBUG [IRDeviceParams.cpp:233] @ 0.0038437s :ethernetDevice.localUdpPort: 0
DEBUG [IRDeviceParams.cpp:234] @ 0.0038625s :ethernetDevice.checkUdpSenderIp: 1
DEBUG [Cali.cpp:87] @ 0.347137s :Calibration directory path: .\Cali-14110095.xml
DEBUG [Cali.cpp:88] @ 0.347264s :Calibration file name: Cali-14110095.xml
DEBUG [Cali.cpp:98] @ 0.347949s :Calibration data A: 1450 B:400 C:4095 D:1000
INFO [IRImager.cpp:266] @ 0.350018s :Init thermal imager to 14110095 with size: 160x121@120 Hz
DEBUG [Cali.cpp:87] @ 0.35053s :Calibration directory path: .\Cali-14110095.xml
DEBUG [Cali.cpp:88] @ 0.35055s :Calibration file name: Cali-14110095.xml
DEBUG [Cali.cpp:98] @ 0.351019s :Calibration data A: 1450 B:400 C:4095 D:1000
DEBUG [Cali.cpp:87] @ 0.352173s :Calibration directory path: .\Cali-14110095.xml
DEBUG [Cali.cpp:88] @ 0.352196s :Calibration file name: Cali-14110095.xml
DEBUG [Cali.cpp:98] @ 0.352529s :Calibration data A: 1450 B:400 C:4095 D:1000
DEBUG [IRImager.cpp:300] @ 0.352597s :No temperature range configuration specified. Setting default values tMin: -20 , tMax: 100
DEBUG [IRImager.cpp:377] @ 0.353089s :Using HID control interface
DEBUG [IRImager.cpp:417] @ 0.377415s :Initialized HID control interface to device with HW:21 FW:2025
DEBUG [IRImager.cpp:438] @ 0.37752s :Frameconfig - width(in): 160, height(in): 121, interval: 83333, max framerate: 120, HW interval: 0.00833333
DEBUG [Cali.cpp:87] @ 0.377569s :Calibration directory path: .\Cali-14110095.xml
DEBUG [Cali.cpp:88] @ 0.377596s :Calibration file name: Cali-14110095.xml
DEBUG [Cali.cpp:98] @ 0.378689s :Calibration data A: 1450 B:400 C:4095 D:1000
DEBUG [ImageProcessing.cpp:200] @ 0.402087s :Source buffer size: 38720 Width: 160 Height: 121
DEBUG [ImageProcessing.cpp:121] @ 0.47659s :Source buffer size: 38720 Width: 160 Height: 121
DEBUG [OpSource.cpp:376] @ 0.477955s :Using formats path: C:\Program Files (x86)\Optris GmbH\IrDirectSDK\examples\matlab\Formats.def
DEBUG [OpSource.cpp:628] @ 0.478875s :Format found with size: 160
DEBUG [OpSource.cpp:791] @ 0.479072s :Selected Format:"PI160 160x120 @ 120Hz"
DEBUG [IRImager.cpp:844] @ 0.479342s :Caught onFrameInit with size: 160x120
DEBUG [OpSource.cpp:376] @ 0.480571s :Using formats path: C:\Program Files (x86)\Optris GmbH\IrDirectSDK\examples\matlab\Formats.def
DEBUG [OpSource.cpp:628] @ 0.481228s :Format found with size: 160
DEBUG [OpSource.cpp:376] @ 0.481989s :Using formats path: C:\Program Files (x86)\Optris GmbH\IrDirectSDK\examples\matlab\Formats.def
DEBUG [OpCorr.cpp:467] @ 0.48579s :Read cali: .\Cali-14110095.xml\Cali-14110095-48-M20-100.dat
DEBUG [OpCorr.cpp:557] @ 0.486205s :Read calibration of camera no 14110095, # of fields: 6 , start of fields: 40
DEBUG [ImageProcessing.cpp:1108] @ 0.765931s :Update flag temperature: 28.8438
DEBUG [ImageProcessing.cpp:1111] @ 0.774332s :Update box temperature: 26.875
DEBUG [Cali.cpp:639] @ 0.774417s :Calibration file path: 000001C59AD5F4F4/0000007D353ECAE8.xml
DEBUG [SimpleXML.cpp:238] @ 0.774915s :Failed to open file .\Cali-14110095.xml\CaliExt-14110095.xml
DEBUG [IRImager.cpp:550] @ 0.794112s :Chip heating disabled
DEBUG [IRImager.cpp:1110] @ 0.93498s :Start flag calibration
DEBUG [OpFlag.cpp:591] @ 11.607s :SkimDiff: -12 Adjust: -1110 State: 1 EMax: 8197 Emin: 2294
DEBUG [ImageProcessing.cpp:526] @ 11.6185s :Skim_Adjust 4014
DEBUG [IRImager.cpp:1124] @ 11.7353s :Finished startup calibration
DEBUG [IRImager.cpp:1175] @ 26.4548s :Automatic control of shutter flag
DEBUG [OpFlag.cpp:591] @ 26.6152s :SkimDiff: -5 Adjust: -450 State: 1 EMax: 8858 Emin: 2954
DEBUG [ImageProcessing.cpp:526] @ 26.6269s :Skim_Adjust 4013
DEBUG [IRImager.cpp:1175] @ 89.1595s :Automatic control of shutter flag
DEBUG [OpFlag.cpp:591] @ 89.3351s :SkimDiff: -4 Adjust: -392 State: 1 EMax: 8913 Emin: 3012
DEBUG [ImageProcessing.cpp:526] @ 89.3464s :Skim_Adjust 4012
DEBUG [IRImager.cpp:665] @ 131.082s :Release imager
DEBUG [BaseControlDevice.cpp:26] @ 131.139s :Base destructor called
DEBUG [IRImager.cpp:672] @ 131.139s :Delete image processing
DEBUG [IRImager.cpp:679] @ 131.147s :Delete buffer
DEBUG [IRImager.cpp:687] @ 131.147s :Delete source buffer
DEBUG [IRImager.cpp:694] @ 131.147s :Delete buffer (energy)
DEBUG [IRImager.cpp:701] @ 131.147s :Delete timer
DEBUG [IRImager.cpp:707] @ 131.147s :Delete manual timer
