DEBUG [IRLogger.cpp:105] @ 0.0004123s :***************************************************
DEBUG [IRLogger.cpp:106] @ 0.0004789s :* IRImagerDirect SDK                              *
DEBUG [IRLogger.cpp:107] @ 0.000497s :***************************************************
DEBUG [IRLogger.cpp:113] @ 0.000511s :* Native Machine:      AMD64
DEBUG [IRLogger.cpp:114] @ 0.0005232s :* Machine:             AMD64
DEBUG [IRLogger.cpp:116] @ 0.0005809s :* OS:                  Windows 10 0 26100
DEBUG [IRLogger.cpp:123] @ 0.0005945s :***************************************************
DEBUG [IRDeviceParams.cpp:204] @ 0.0023071s :Parameters
DEBUG [IRDeviceParams.cpp:205] @ 0.0023265s :serial: 14110095
DEBUG [IRDeviceParams.cpp:206] @ 0.0023348s :videoformatindex: 0
DEBUG [IRDeviceParams.cpp:207] @ 0.0023423s :fov: 0
DEBUG [IRDeviceParams.cpp:208] @ 0.0023505s :optics_text: 0000000000000000
DEBUG [IRDeviceParams.cpp:209] @ 0.0023578s :formatspath: 00000220FDF2B680
DEBUG [IRDeviceParams.cpp:210] @ 0.002366s :calipath: 00000220F8A58AA0
DEBUG [IRDeviceParams.cpp:211] @ 0.002373s :temperature min: 0
DEBUG [IRDeviceParams.cpp:212] @ 0.00238s :temperature max: 0
DEBUG [IRDeviceParams.cpp:213] @ 0.0023878s :framerate: 32
DEBUG [IRDeviceParams.cpp:214] @ 0.0023945s :bispectral: 0
DEBUG [IRDeviceParams.cpp:215] @ 0.0024022s :flag automatic: 1
DEBUG [IRDeviceParams.cpp:216] @ 0.002409s :min interval: 15
DEBUG [IRDeviceParams.cpp:217] @ 0.0024162s :max interval: 0
DEBUG [IRDeviceParams.cpp:218] @ 0.0024229s :chip heating mode: 0
DEBUG [IRDeviceParams.cpp:219] @ 0.00243s :chip heating fixed val: 40
DEBUG [IRDeviceParams.cpp:220] @ 0.0024369s :focus:  -1
DEBUG [IRDeviceParams.cpp:221] @ 0.0024451s :enable extended temp range: 0
DEBUG [IRDeviceParams.cpp:222] @ 0.002452s :buffer queue size: 5
DEBUG [IRDeviceParams.cpp:223] @ 0.0024586s :enable high precision: 0
DEBUG [IRDeviceParams.cpp:224] @ 0.0024655s :radialDistortionCorrectionMode: 0
DEBUG [IRDeviceParams.cpp:225] @ 0.002472s :deviceAPI: 0
DEBUG [IRDeviceParams.cpp:226] @ 0.0024788s :useExternalProbeForReferencing: 0
DEBUG [IRDeviceParams.cpp:227] @ 0.0024856s :enableMultiThreading: 0
DEBUG [IRDeviceParams.cpp:232] @ 0.0024937s :ethernetDevice.deviceIpAddress: 0.0.0.0
DEBUG [IRDeviceParams.cpp:233] @ 0.0025004s :ethernetDevice.localUdpPort: 0
DEBUG [IRDeviceParams.cpp:234] @ 0.0025068s :ethernetDevice.checkUdpSenderIp: 1
DEBUG [Cali.cpp:87] @ 0.230114s :Calibration directory path: .\Cali-14110095.xml
DEBUG [Cali.cpp:88] @ 0.230142s :Calibration file name: Cali-14110095.xml
DEBUG [Cali.cpp:98] @ 0.230396s :Calibration data A: 1450 B:400 C:4095 D:1000
INFO [IRImager.cpp:266] @ 0.23135s :Init thermal imager to 14110095 with size: 160x121@120 Hz
DEBUG [Cali.cpp:87] @ 0.231605s :Calibration directory path: .\Cali-14110095.xml
DEBUG [Cali.cpp:88] @ 0.231615s :Calibration file name: Cali-14110095.xml
DEBUG [Cali.cpp:98] @ 0.231823s :Calibration data A: 1450 B:400 C:4095 D:1000
DEBUG [Cali.cpp:87] @ 0.232543s :Calibration directory path: .\Cali-14110095.xml
DEBUG [Cali.cpp:88] @ 0.232567s :Calibration file name: Cali-14110095.xml
DEBUG [Cali.cpp:98] @ 0.233056s :Calibration data A: 1450 B:400 C:4095 D:1000
DEBUG [IRImager.cpp:300] @ 0.233407s :No temperature range configuration specified. Setting default values tMin: -20 , tMax: 100
DEBUG [IRImager.cpp:377] @ 0.234229s :Using HID control interface
DEBUG [IRImager.cpp:417] @ 0.253827s :Initialized HID control interface to device with HW:21 FW:2025
DEBUG [IRImager.cpp:438] @ 0.253892s :Frameconfig - width(in): 160, height(in): 121, interval: 83333, max framerate: 120, HW interval: 0.00833333
DEBUG [Cali.cpp:87] @ 0.253908s :Calibration directory path: .\Cali-14110095.xml
DEBUG [Cali.cpp:88] @ 0.253916s :Calibration file name: Cali-14110095.xml
DEBUG [Cali.cpp:98] @ 0.254234s :Calibration data A: 1450 B:400 C:4095 D:1000
DEBUG [ImageProcessing.cpp:200] @ 0.278376s :Source buffer size: 38720 Width: 160 Height: 121
DEBUG [ImageProcessing.cpp:121] @ 0.353028s :Source buffer size: 38720 Width: 160 Height: 121
DEBUG [OpSource.cpp:376] @ 0.354343s :Using formats path: C:\Program Files (x86)\Optris GmbH\IrDirectSDK\examples\matlab\Formats.def
DEBUG [OpSource.cpp:628] @ 0.355168s :Format found with size: 160
DEBUG [OpSource.cpp:791] @ 0.355347s :Selected Format:"PI160 160x120 @ 120Hz"
DEBUG [IRImager.cpp:844] @ 0.355609s :Caught onFrameInit with size: 160x120
DEBUG [OpSource.cpp:376] @ 0.357438s :Using formats path: C:\Program Files (x86)\Optris GmbH\IrDirectSDK\examples\matlab\Formats.def
DEBUG [OpSource.cpp:628] @ 0.358059s :Format found with size: 160
DEBUG [OpSource.cpp:376] @ 0.358832s :Using formats path: C:\Program Files (x86)\Optris GmbH\IrDirectSDK\examples\matlab\Formats.def
DEBUG [OpCorr.cpp:467] @ 0.37172s :Read cali: .\Cali-14110095.xml\Cali-14110095-48-M20-100.dat
DEBUG [OpCorr.cpp:557] @ 0.372507s :Read calibration of camera no 14110095, # of fields: 6 , start of fields: 40
DEBUG [ImageProcessing.cpp:1108] @ 0.650718s :Update flag temperature: 30.3906
DEBUG [ImageProcessing.cpp:1111] @ 0.659008s :Update box temperature: 28.6094
DEBUG [Cali.cpp:639] @ 0.659059s :Calibration file path: 0000022089C38164/000000ADCD5EC888.xml
DEBUG [SimpleXML.cpp:238] @ 0.659264s :Failed to open file .\Cali-14110095.xml\CaliExt-14110095.xml
DEBUG [IRImager.cpp:550] @ 0.685422s :Chip heating disabled
DEBUG [IRImager.cpp:1110] @ 0.768716s :Start flag calibration
