DEBUG [IRLogger.cpp:105] @ 0.0003084s :***************************************************
DEBUG [IRLogger.cpp:106] @ 0.0003873s :* IRImagerDirect SDK                              *
DEBUG [IRLogger.cpp:107] @ 0.0004077s :***************************************************
DEBUG [IRLogger.cpp:113] @ 0.0004219s :* Native Machine:      AMD64
DEBUG [IRLogger.cpp:114] @ 0.0004339s :* Machine:             AMD64
DEBUG [IRLogger.cpp:116] @ 0.0004535s :* OS:                  Windows 10 0 26100
DEBUG [IRLogger.cpp:123] @ 0.0004645s :***************************************************
DEBUG [IRDeviceParams.cpp:204] @ 0.0020911s :Parameters
DEBUG [IRDeviceParams.cpp:205] @ 0.0021102s :serial: 14110095
DEBUG [IRDeviceParams.cpp:206] @ 0.0021181s :videoformatindex: 0
DEBUG [IRDeviceParams.cpp:207] @ 0.0021255s :fov: 0
DEBUG [IRDeviceParams.cpp:208] @ 0.0021327s :optics_text: 0000000000000000
DEBUG [IRDeviceParams.cpp:209] @ 0.0021397s :formatspath: 00000170E1148EF0
DEBUG [IRDeviceParams.cpp:210] @ 0.0021478s :calipath: 00000170E1509A60
DEBUG [IRDeviceParams.cpp:211] @ 0.0021545s :temperature min: 0
DEBUG [IRDeviceParams.cpp:212] @ 0.0021618s :temperature max: 0
DEBUG [IRDeviceParams.cpp:213] @ 0.0021693s :framerate: 32
DEBUG [IRDeviceParams.cpp:214] @ 0.0021758s :bispectral: 0
DEBUG [IRDeviceParams.cpp:215] @ 0.0021824s :flag automatic: 1
DEBUG [IRDeviceParams.cpp:216] @ 0.0021893s :min interval: 15
DEBUG [IRDeviceParams.cpp:217] @ 0.0021964s :max interval: 0
DEBUG [IRDeviceParams.cpp:218] @ 0.0022032s :chip heating mode: 0
DEBUG [IRDeviceParams.cpp:219] @ 0.0022103s :chip heating fixed val: 40
DEBUG [IRDeviceParams.cpp:220] @ 0.0022174s :focus:  -1
DEBUG [IRDeviceParams.cpp:221] @ 0.0022256s :enable extended temp range: 0
DEBUG [IRDeviceParams.cpp:222] @ 0.0022329s :buffer queue size: 5
DEBUG [IRDeviceParams.cpp:223] @ 0.0022395s :enable high precision: 0
DEBUG [IRDeviceParams.cpp:224] @ 0.0022465s :radialDistortionCorrectionMode: 0
DEBUG [IRDeviceParams.cpp:225] @ 0.002253s :deviceAPI: 0
DEBUG [IRDeviceParams.cpp:226] @ 0.0022597s :useExternalProbeForReferencing: 0
DEBUG [IRDeviceParams.cpp:227] @ 0.0022663s :enableMultiThreading: 0
DEBUG [IRDeviceParams.cpp:232] @ 0.0022746s :ethernetDevice.deviceIpAddress: 0.0.0.0
DEBUG [IRDeviceParams.cpp:233] @ 0.0022815s :ethernetDevice.localUdpPort: 0
DEBUG [IRDeviceParams.cpp:234] @ 0.0022881s :ethernetDevice.checkUdpSenderIp: 1
DEBUG [Cali.cpp:87] @ 0.31666s :Calibration directory path: .\Cali-14110095.xml
DEBUG [Cali.cpp:88] @ 0.316688s :Calibration file name: Cali-14110095.xml
DEBUG [Cali.cpp:98] @ 0.316977s :Calibration data A: 1450 B:400 C:4095 D:1000
INFO [IRImager.cpp:266] @ 0.317984s :Init thermal imager to 14110095 with size: 160x121@120 Hz
DEBUG [Cali.cpp:87] @ 0.31824s :Calibration directory path: .\Cali-14110095.xml
DEBUG [Cali.cpp:88] @ 0.318251s :Calibration file name: Cali-14110095.xml
DEBUG [Cali.cpp:98] @ 0.318462s :Calibration data A: 1450 B:400 C:4095 D:1000
DEBUG [Cali.cpp:87] @ 0.319119s :Calibration directory path: .\Cali-14110095.xml
DEBUG [Cali.cpp:88] @ 0.319133s :Calibration file name: Cali-14110095.xml
DEBUG [Cali.cpp:98] @ 0.319326s :Calibration data A: 1450 B:400 C:4095 D:1000
DEBUG [IRImager.cpp:300] @ 0.319368s :No temperature range configuration specified. Setting default values tMin: -20 , tMax: 100
DEBUG [IRImager.cpp:377] @ 0.319682s :Using HID control interface
DEBUG [IRImager.cpp:417] @ 0.341751s :Initialized HID control interface to device with HW:21 FW:2025
DEBUG [IRImager.cpp:438] @ 0.341809s :Frameconfig - width(in): 160, height(in): 121, interval: 83333, max framerate: 120, HW interval: 0.00833333
DEBUG [Cali.cpp:87] @ 0.341837s :Calibration directory path: .\Cali-14110095.xml
DEBUG [Cali.cpp:88] @ 0.341851s :Calibration file name: Cali-14110095.xml
DEBUG [Cali.cpp:98] @ 0.342394s :Calibration data A: 1450 B:400 C:4095 D:1000
DEBUG [ImageProcessing.cpp:200] @ 0.366451s :Source buffer size: 38720 Width: 160 Height: 121
DEBUG [ImageProcessing.cpp:121] @ 0.424312s :Source buffer size: 38720 Width: 160 Height: 121
DEBUG [OpSource.cpp:376] @ 0.425636s :Using formats path: C:\Program Files (x86)\Optris GmbH\IrDirectSDK\examples\matlab\Formats.def
DEBUG [OpSource.cpp:628] @ 0.426465s :Format found with size: 160
DEBUG [OpSource.cpp:791] @ 0.42673s :Selected Format:"PI160 160x120 @ 120Hz"
DEBUG [IRImager.cpp:844] @ 0.42698s :Caught onFrameInit with size: 160x120
DEBUG [OpSource.cpp:376] @ 0.428076s :Using formats path: C:\Program Files (x86)\Optris GmbH\IrDirectSDK\examples\matlab\Formats.def
DEBUG [OpSource.cpp:628] @ 0.428569s :Format found with size: 160
DEBUG [OpSource.cpp:376] @ 0.429255s :Using formats path: C:\Program Files (x86)\Optris GmbH\IrDirectSDK\examples\matlab\Formats.def
DEBUG [OpCorr.cpp:467] @ 0.442685s :Read cali: .\Cali-14110095.xml\Cali-14110095-48-M20-100.dat
DEBUG [OpCorr.cpp:557] @ 0.443336s :Read calibration of camera no 14110095, # of fields: 6 , start of fields: 40
DEBUG [ImageProcessing.cpp:1108] @ 0.738586s :Update flag temperature: 29.3438
DEBUG [ImageProcessing.cpp:1111] @ 0.746937s :Update box temperature: 27.4219
DEBUG [Cali.cpp:639] @ 0.747008s :Calibration file path: 00000170E0E9F464/0000005A2BBFC7D8.xml
DEBUG [SimpleXML.cpp:238] @ 0.7474s :Failed to open file .\Cali-14110095.xml\CaliExt-14110095.xml
DEBUG [IRImager.cpp:550] @ 0.768824s :Chip heating disabled
DEBUG [IRImager.cpp:1110] @ 0.894142s :Start flag calibration
