DEBUG [IRLogger.cpp:105] @ 0.0003423s :***************************************************
DEBUG [IRLogger.cpp:106] @ 0.0004167s :* IRImagerDirect SDK                              *
DEBUG [IRLogger.cpp:107] @ 0.0004974s :***************************************************
DEBUG [IRLogger.cpp:113] @ 0.0005505s :* Native Machine:      AMD64
DEBUG [IRLogger.cpp:114] @ 0.0005663s :* Machine:             AMD64
DEBUG [IRLogger.cpp:116] @ 0.0005875s :* OS:                  Windows 10 0 26100
DEBUG [IRLogger.cpp:123] @ 0.0005983s :***************************************************
DEBUG [IRDeviceParams.cpp:204] @ 0.0022812s :Parameters
DEBUG [IRDeviceParams.cpp:205] @ 0.0023001s :serial: 14110095
DEBUG [IRDeviceParams.cpp:206] @ 0.0023076s :videoformatindex: 0
DEBUG [IRDeviceParams.cpp:207] @ 0.0023145s :fov: 0
DEBUG [IRDeviceParams.cpp:208] @ 0.0023216s :optics_text: 0000000000000000
DEBUG [IRDeviceParams.cpp:209] @ 0.0023284s :formatspath: 000001FE87519FC0
DEBUG [IRDeviceParams.cpp:210] @ 0.002336s :calipath: 000001FE90EC86C0
DEBUG [IRDeviceParams.cpp:211] @ 0.0023425s :temperature min: 0
DEBUG [IRDeviceParams.cpp:212] @ 0.0023489s :temperature max: 0
DEBUG [IRDeviceParams.cpp:213] @ 0.0023561s :framerate: 32
DEBUG [IRDeviceParams.cpp:214] @ 0.0023624s :bispectral: 0
DEBUG [IRDeviceParams.cpp:215] @ 0.0023692s :flag automatic: 1
DEBUG [IRDeviceParams.cpp:216] @ 0.0023764s :min interval: 15
DEBUG [IRDeviceParams.cpp:217] @ 0.0023832s :max interval: 0
DEBUG [IRDeviceParams.cpp:218] @ 0.0023902s :chip heating mode: 0
DEBUG [IRDeviceParams.cpp:219] @ 0.002397s :chip heating fixed val: 40
DEBUG [IRDeviceParams.cpp:220] @ 0.0024039s :focus:  -1
DEBUG [IRDeviceParams.cpp:221] @ 0.0024116s :enable extended temp range: 0
DEBUG [IRDeviceParams.cpp:222] @ 0.0024185s :buffer queue size: 5
DEBUG [IRDeviceParams.cpp:223] @ 0.0024253s :enable high precision: 0
DEBUG [IRDeviceParams.cpp:224] @ 0.0024322s :radialDistortionCorrectionMode: 0
DEBUG [IRDeviceParams.cpp:225] @ 0.0024388s :deviceAPI: 0
DEBUG [IRDeviceParams.cpp:226] @ 0.0024452s :useExternalProbeForReferencing: 0
DEBUG [IRDeviceParams.cpp:227] @ 0.0024517s :enableMultiThreading: 0
DEBUG [IRDeviceParams.cpp:232] @ 0.0024598s :ethernetDevice.deviceIpAddress: 0.0.0.0
DEBUG [IRDeviceParams.cpp:233] @ 0.0024664s :ethernetDevice.localUdpPort: 0
DEBUG [IRDeviceParams.cpp:234] @ 0.002473s :ethernetDevice.checkUdpSenderIp: 1
DEBUG [Cali.cpp:87] @ 0.237625s :Calibration directory path: .\Cali-14110095.xml
DEBUG [Cali.cpp:88] @ 0.237655s :Calibration file name: Cali-14110095.xml
DEBUG [Cali.cpp:98] @ 0.237927s :Calibration data A: 1450 B:400 C:4095 D:1000
INFO [IRImager.cpp:266] @ 0.238876s :Init thermal imager to 14110095 with size: 160x121@120 Hz
DEBUG [Cali.cpp:87] @ 0.239132s :Calibration directory path: .\Cali-14110095.xml
DEBUG [Cali.cpp:88] @ 0.239142s :Calibration file name: Cali-14110095.xml
DEBUG [Cali.cpp:98] @ 0.239346s :Calibration data A: 1450 B:400 C:4095 D:1000
DEBUG [Cali.cpp:87] @ 0.239984s :Calibration directory path: .\Cali-14110095.xml
DEBUG [Cali.cpp:88] @ 0.239996s :Calibration file name: Cali-14110095.xml
DEBUG [Cali.cpp:98] @ 0.240187s :Calibration data A: 1450 B:400 C:4095 D:1000
DEBUG [IRImager.cpp:300] @ 0.240228s :No temperature range configuration specified. Setting default values tMin: -20 , tMax: 100
DEBUG [IRImager.cpp:377] @ 0.240528s :Using HID control interface
DEBUG [IRImager.cpp:417] @ 0.265162s :Initialized HID control interface to device with HW:21 FW:2025
DEBUG [IRImager.cpp:438] @ 0.265243s :Frameconfig - width(in): 160, height(in): 121, interval: 83333, max framerate: 120, HW interval: 0.00833333
DEBUG [Cali.cpp:87] @ 0.265279s :Calibration directory path: .\Cali-14110095.xml
DEBUG [Cali.cpp:88] @ 0.265302s :Calibration file name: Cali-14110095.xml
DEBUG [Cali.cpp:98] @ 0.266135s :Calibration data A: 1450 B:400 C:4095 D:1000
DEBUG [ImageProcessing.cpp:200] @ 0.281511s :Source buffer size: 38720 Width: 160 Height: 121
DEBUG [ImageProcessing.cpp:121] @ 0.355767s :Source buffer size: 38720 Width: 160 Height: 121
DEBUG [OpSource.cpp:376] @ 0.356489s :Using formats path: C:\Program Files (x86)\Optris GmbH\IrDirectSDK\examples\matlab\Formats.def
DEBUG [OpSource.cpp:628] @ 0.356862s :Format found with size: 160
DEBUG [OpSource.cpp:791] @ 0.356942s :Selected Format:"PI160 160x120 @ 120Hz"
DEBUG [IRImager.cpp:844] @ 0.357047s :Caught onFrameInit with size: 160x120
DEBUG [OpSource.cpp:376] @ 0.357617s :Using formats path: C:\Program Files (x86)\Optris GmbH\IrDirectSDK\examples\matlab\Formats.def
DEBUG [OpSource.cpp:628] @ 0.357877s :Format found with size: 160
DEBUG [OpSource.cpp:376] @ 0.358196s :Using formats path: C:\Program Files (x86)\Optris GmbH\IrDirectSDK\examples\matlab\Formats.def
DEBUG [OpCorr.cpp:467] @ 0.365432s :Read cali: .\Cali-14110095.xml\Cali-14110095-48-M20-100.dat
DEBUG [OpCorr.cpp:557] @ 0.36587s :Read calibration of camera no 14110095, # of fields: 6 , start of fields: 40
DEBUG [ImageProcessing.cpp:1108] @ 0.653813s :Update flag temperature: 31.0625
DEBUG [ImageProcessing.cpp:1111] @ 0.661975s :Update box temperature: 29.3594
DEBUG [Cali.cpp:639] @ 0.662032s :Calibration file path: 000001FE917ECF84/0000006012DEC8C8.xml
DEBUG [SimpleXML.cpp:238] @ 0.66239s :Failed to open file .\Cali-14110095.xml\CaliExt-14110095.xml
DEBUG [IRImager.cpp:550] @ 0.677341s :Chip heating disabled
DEBUG [IRImager.cpp:1110] @ 0.758043s :Start flag calibration
DEBUG [OpFlag.cpp:591] @ 11.4318s :SkimDiff: -9 Adjust: -881 State: 1 EMax: 8534 Emin: 2523
DEBUG [ImageProcessing.cpp:526] @ 11.4444s :Skim_Adjust 4025
DEBUG [IRImager.cpp:1124] @ 11.5754s :Finished startup calibration
DEBUG [IRImager.cpp:1175] @ 26.2787s :Automatic control of shutter flag
DEBUG [OpFlag.cpp:591] @ 26.4381s :SkimDiff: -9 Adjust: -859 State: 1 EMax: 8573 Emin: 2545
DEBUG [ImageProcessing.cpp:526] @ 26.449s :Skim_Adjust 4024
DEBUG [IRImager.cpp:1175] @ 41.2893s :Automatic control of shutter flag
DEBUG [OpFlag.cpp:591] @ 41.4467s :SkimDiff: -9 Adjust: -828 State: 1 EMax: 8627 Emin: 2576
DEBUG [ImageProcessing.cpp:526] @ 41.4685s :Skim_Adjust 4023
DEBUG [IRImager.cpp:1175] @ 66.3274s :Automatic control of shutter flag
DEBUG [OpFlag.cpp:591] @ 66.4889s :SkimDiff: -8 Adjust: -781 State: 1 EMax: 8688 Emin: 2623
DEBUG [ImageProcessing.cpp:526] @ 66.5115s :Skim_Adjust 4022
DEBUG [IRImager.cpp:1175] @ 82.9194s :Automatic control of shutter flag
DEBUG [OpFlag.cpp:591] @ 83.0947s :SkimDiff: -8 Adjust: -722 State: 1 EMax: 8746 Emin: 2682
DEBUG [ImageProcessing.cpp:526] @ 83.116s :Skim_Adjust 4021
DEBUG [IRImager.cpp:1175] @ 115.85s :Automatic control of shutter flag
DEBUG [OpFlag.cpp:591] @ 116.022s :SkimDiff: -7 Adjust: -669 State: 1 EMax: 8816 Emin: 2735
DEBUG [ImageProcessing.cpp:526] @ 116.04s :Skim_Adjust 4020
DEBUG [IRImager.cpp:1175] @ 147.302s :Automatic control of shutter flag
DEBUG [OpFlag.cpp:591] @ 147.48s :SkimDiff: -7 Adjust: -610 State: 1 EMax: 8877 Emin: 2794
DEBUG [ImageProcessing.cpp:526] @ 147.506s :Skim_Adjust 4019
DEBUG [IRImager.cpp:1175] @ 170.471s :Automatic control of shutter flag
DEBUG [OpFlag.cpp:591] @ 170.631s :SkimDiff: -6 Adjust: -552 State: 1 EMax: 8952 Emin: 2852
DEBUG [ImageProcessing.cpp:526] @ 170.647s :Skim_Adjust 4018
DEBUG [IRImager.cpp:1175] @ 205.862s :Automatic control of shutter flag
DEBUG [OpFlag.cpp:591] @ 206.026s :SkimDiff: -5 Adjust: -491 State: 1 EMax: 9012 Emin: 2913
DEBUG [ImageProcessing.cpp:526] @ 206.04s :Skim_Adjust 4017
DEBUG [IRImager.cpp:1175] @ 261.862s :Automatic control of shutter flag
DEBUG [OpFlag.cpp:591] @ 262.038s :SkimDiff: -5 Adjust: -426 State: 1 EMax: 9092 Emin: 2978
DEBUG [ImageProcessing.cpp:526] @ 262.057s :Skim_Adjust 4016
DEBUG [IRImager.cpp:665] @ 286.542s :Release imager
DEBUG [BaseControlDevice.cpp:26] @ 286.598s :Base destructor called
DEBUG [IRImager.cpp:672] @ 286.598s :Delete image processing
DEBUG [IRImager.cpp:679] @ 286.609s :Delete buffer
DEBUG [IRImager.cpp:687] @ 286.609s :Delete source buffer
DEBUG [IRImager.cpp:694] @ 286.609s :Delete buffer (energy)
DEBUG [IRImager.cpp:701] @ 286.609s :Delete timer
DEBUG [IRImager.cpp:707] @ 286.609s :Delete manual timer
