DEBUG [IRLogger.cpp:105] @ 0.0003305s :***************************************************
DEBUG [IRLogger.cpp:106] @ 0.0003951s :* IRImagerDirect SDK                              *
DEBUG [IRLogger.cpp:107] @ 0.000418s :***************************************************
DEBUG [IRLogger.cpp:113] @ 0.0008345s :* Native Machine:      AMD64
DEBUG [IRLogger.cpp:114] @ 0.0010994s :* Machine:             AMD64
DEBUG [IRLogger.cpp:116] @ 0.0011443s :* OS:                  Windows 10 0 26100
DEBUG [IRLogger.cpp:123] @ 0.0011584s :***************************************************
DEBUG [IRDeviceParams.cpp:204] @ 0.0028915s :Parameters
DEBUG [IRDeviceParams.cpp:205] @ 0.0029085s :serial: 14110095
DEBUG [IRDeviceParams.cpp:206] @ 0.002916s :videoformatindex: 0
DEBUG [IRDeviceParams.cpp:207] @ 0.0029234s :fov: 0
DEBUG [IRDeviceParams.cpp:208] @ 0.002931s :optics_text: 0000000000000000
DEBUG [IRDeviceParams.cpp:209] @ 0.0029382s :formatspath: 00000194286563A0
DEBUG [IRDeviceParams.cpp:210] @ 0.0029489s :calipath: 00000194289C7BF0
DEBUG [IRDeviceParams.cpp:211] @ 0.0029559s :temperature min: 0
DEBUG [IRDeviceParams.cpp:212] @ 0.0029631s :temperature max: 0
DEBUG [IRDeviceParams.cpp:213] @ 0.0029707s :framerate: 32
DEBUG [IRDeviceParams.cpp:214] @ 0.0029774s :bispectral: 0
DEBUG [IRDeviceParams.cpp:215] @ 0.0029851s :flag automatic: 1
DEBUG [IRDeviceParams.cpp:216] @ 0.0029919s :min interval: 15
DEBUG [IRDeviceParams.cpp:217] @ 0.0029986s :max interval: 0
DEBUG [IRDeviceParams.cpp:218] @ 0.0030053s :chip heating mode: 0
DEBUG [IRDeviceParams.cpp:219] @ 0.0030124s :chip heating fixed val: 40
DEBUG [IRDeviceParams.cpp:220] @ 0.0030195s :focus:  -1
DEBUG [IRDeviceParams.cpp:221] @ 0.0030274s :enable extended temp range: 0
DEBUG [IRDeviceParams.cpp:222] @ 0.0030343s :buffer queue size: 5
DEBUG [IRDeviceParams.cpp:223] @ 0.0030408s :enable high precision: 0
DEBUG [IRDeviceParams.cpp:224] @ 0.0030474s :radialDistortionCorrectionMode: 0
DEBUG [IRDeviceParams.cpp:225] @ 0.0030541s :deviceAPI: 0
DEBUG [IRDeviceParams.cpp:226] @ 0.0030607s :useExternalProbeForReferencing: 0
DEBUG [IRDeviceParams.cpp:227] @ 0.0030672s :enableMultiThreading: 0
DEBUG [IRDeviceParams.cpp:232] @ 0.0030758s :ethernetDevice.deviceIpAddress: 0.0.0.0
DEBUG [IRDeviceParams.cpp:233] @ 0.0030829s :ethernetDevice.localUdpPort: 0
DEBUG [IRDeviceParams.cpp:234] @ 0.0030894s :ethernetDevice.checkUdpSenderIp: 1
DEBUG [Cali.cpp:87] @ 0.204805s :Calibration directory path: .\Cali-14110095.xml
DEBUG [Cali.cpp:88] @ 0.204832s :Calibration file name: Cali-14110095.xml
DEBUG [Cali.cpp:98] @ 0.205109s :Calibration data A: 1450 B:400 C:4095 D:1000
INFO [IRImager.cpp:266] @ 0.206125s :Init thermal imager to 14110095 with size: 160x121@120 Hz
DEBUG [Cali.cpp:87] @ 0.206395s :Calibration directory path: .\Cali-14110095.xml
DEBUG [Cali.cpp:88] @ 0.206405s :Calibration file name: Cali-14110095.xml
DEBUG [Cali.cpp:98] @ 0.20662s :Calibration data A: 1450 B:400 C:4095 D:1000
DEBUG [Cali.cpp:87] @ 0.2074s :Calibration directory path: .\Cali-14110095.xml
DEBUG [Cali.cpp:88] @ 0.207418s :Calibration file name: Cali-14110095.xml
DEBUG [Cali.cpp:98] @ 0.207645s :Calibration data A: 1450 B:400 C:4095 D:1000
DEBUG [IRImager.cpp:300] @ 0.207692s :No temperature range configuration specified. Setting default values tMin: -20 , tMax: 100
DEBUG [IRImager.cpp:377] @ 0.208011s :Using HID control interface
DEBUG [IRImager.cpp:417] @ 0.226986s :Initialized HID control interface to device with HW:21 FW:2025
DEBUG [IRImager.cpp:438] @ 0.227033s :Frameconfig - width(in): 160, height(in): 121, interval: 83333, max framerate: 120, HW interval: 0.00833333
DEBUG [Cali.cpp:87] @ 0.227049s :Calibration directory path: .\Cali-14110095.xml
DEBUG [Cali.cpp:88] @ 0.227059s :Calibration file name: Cali-14110095.xml
DEBUG [Cali.cpp:98] @ 0.22744s :Calibration data A: 1450 B:400 C:4095 D:1000
DEBUG [ImageProcessing.cpp:200] @ 0.243384s :Source buffer size: 38720 Width: 160 Height: 121
DEBUG [ImageProcessing.cpp:121] @ 0.310396s :Source buffer size: 38720 Width: 160 Height: 121
DEBUG [OpSource.cpp:376] @ 0.311696s :Using formats path: C:\Program Files (x86)\Optris GmbH\IrDirectSDK\examples\matlab\Formats.def
DEBUG [OpSource.cpp:628] @ 0.312499s :Format found with size: 160
DEBUG [OpSource.cpp:791] @ 0.31268s :Selected Format:"PI160 160x120 @ 120Hz"
DEBUG [IRImager.cpp:844] @ 0.312908s :Caught onFrameInit with size: 160x120
DEBUG [OpSource.cpp:376] @ 0.313963s :Using formats path: C:\Program Files (x86)\Optris GmbH\IrDirectSDK\examples\matlab\Formats.def
DEBUG [OpSource.cpp:628] @ 0.314531s :Format found with size: 160
DEBUG [OpSource.cpp:376] @ 0.315298s :Using formats path: C:\Program Files (x86)\Optris GmbH\IrDirectSDK\examples\matlab\Formats.def
DEBUG [OpCorr.cpp:467] @ 0.326861s :Read cali: .\Cali-14110095.xml\Cali-14110095-48-M20-100.dat
DEBUG [OpCorr.cpp:557] @ 0.327147s :Read calibration of camera no 14110095, # of fields: 6 , start of fields: 40
DEBUG [ImageProcessing.cpp:1108] @ 0.632352s :Update flag temperature: 31.0469
DEBUG [ImageProcessing.cpp:1111] @ 0.640548s :Update box temperature: 29.4297
DEBUG [Cali.cpp:639] @ 0.640582s :Calibration file path: 0000019416405A54/0000001C4A1ECA18.xml
DEBUG [SimpleXML.cpp:238] @ 0.64078s :Failed to open file .\Cali-14110095.xml\CaliExt-14110095.xml
DEBUG [IRImager.cpp:550] @ 0.662525s :Chip heating disabled
DEBUG [IRImager.cpp:1110] @ 0.734375s :Start flag calibration
DEBUG [OpFlag.cpp:591] @ 11.4074s :SkimDiff: -9 Adjust: -889 State: 1 EMax: 8535 Emin: 2515
DEBUG [ImageProcessing.cpp:526] @ 11.4203s :Skim_Adjust 4025
DEBUG [IRImager.cpp:1124] @ 11.5366s :Finished startup calibration
DEBUG [IRImager.cpp:665] @ 24.2404s :Release imager
DEBUG [BaseControlDevice.cpp:26] @ 24.292s :Base destructor called
DEBUG [IRImager.cpp:672] @ 24.292s :Delete image processing
DEBUG [IRImager.cpp:679] @ 24.3016s :Delete buffer
DEBUG [IRImager.cpp:687] @ 24.3017s :Delete source buffer
DEBUG [IRImager.cpp:694] @ 24.3017s :Delete buffer (energy)
DEBUG [IRImager.cpp:701] @ 24.3017s :Delete timer
DEBUG [IRImager.cpp:707] @ 24.3017s :Delete manual timer
