DEBUG [IRLogger.cpp:105] @ 0.000319s :***************************************************
DEBUG [IRLogger.cpp:106] @ 0.0004184s :* IRImagerDirect SDK                              *
DEBUG [IRLogger.cpp:107] @ 0.0005238s :***************************************************
DEBUG [IRLogger.cpp:113] @ 0.0005525s :* Native Machine:      AMD64
DEBUG [IRLogger.cpp:114] @ 0.0005671s :* Machine:             AMD64
DEBUG [IRLogger.cpp:116] @ 0.0005877s :* OS:                  Windows 10 0 26100
DEBUG [IRLogger.cpp:123] @ 0.0006s :***************************************************
DEBUG [IRDeviceParams.cpp:204] @ 0.0023026s :Parameters
DEBUG [IRDeviceParams.cpp:205] @ 0.0023218s :serial: 14110095
DEBUG [IRDeviceParams.cpp:206] @ 0.0023305s :videoformatindex: 0
DEBUG [IRDeviceParams.cpp:207] @ 0.0023373s :fov: 0
DEBUG [IRDeviceParams.cpp:208] @ 0.0023446s :optics_text: 0000000000000000
DEBUG [IRDeviceParams.cpp:209] @ 0.0023515s :formatspath: 000002798CF6C6A0
DEBUG [IRDeviceParams.cpp:210] @ 0.0023594s :calipath: 00000279972738E0
DEBUG [IRDeviceParams.cpp:211] @ 0.0023659s :temperature min: 0
DEBUG [IRDeviceParams.cpp:212] @ 0.0023724s :temperature max: 0
DEBUG [IRDeviceParams.cpp:213] @ 0.0023799s :framerate: 32
DEBUG [IRDeviceParams.cpp:214] @ 0.0023865s :bispectral: 0
DEBUG [IRDeviceParams.cpp:215] @ 0.0023932s :flag automatic: 1
DEBUG [IRDeviceParams.cpp:216] @ 0.0024013s :min interval: 15
DEBUG [IRDeviceParams.cpp:217] @ 0.0024083s :max interval: 0
DEBUG [IRDeviceParams.cpp:218] @ 0.0024151s :chip heating mode: 0
DEBUG [IRDeviceParams.cpp:219] @ 0.0024223s :chip heating fixed val: 40
DEBUG [IRDeviceParams.cpp:220] @ 0.00243s :focus:  -1
DEBUG [IRDeviceParams.cpp:221] @ 0.0024391s :enable extended temp range: 0
DEBUG [IRDeviceParams.cpp:222] @ 0.0024469s :buffer queue size: 5
DEBUG [IRDeviceParams.cpp:223] @ 0.002454s :enable high precision: 0
DEBUG [IRDeviceParams.cpp:224] @ 0.0024612s :radialDistortionCorrectionMode: 0
DEBUG [IRDeviceParams.cpp:225] @ 0.0024686s :deviceAPI: 0
DEBUG [IRDeviceParams.cpp:226] @ 0.0024756s :useExternalProbeForReferencing: 0
DEBUG [IRDeviceParams.cpp:227] @ 0.0024826s :enableMultiThreading: 0
DEBUG [IRDeviceParams.cpp:232] @ 0.0024911s :ethernetDevice.deviceIpAddress: 0.0.0.0
DEBUG [IRDeviceParams.cpp:233] @ 0.002498s :ethernetDevice.localUdpPort: 0
DEBUG [IRDeviceParams.cpp:234] @ 0.0025053s :ethernetDevice.checkUdpSenderIp: 1
DEBUG [Cali.cpp:87] @ 0.333436s :Calibration directory path: .\Cali-14110095.xml
DEBUG [Cali.cpp:88] @ 0.333467s :Calibration file name: Cali-14110095.xml
DEBUG [Cali.cpp:98] @ 0.33385s :Calibration data A: 1450 B:400 C:4095 D:1000
INFO [IRImager.cpp:266] @ 0.335179s :Init thermal imager to 14110095 with size: 160x121@120 Hz
DEBUG [Cali.cpp:87] @ 0.33549s :Calibration directory path: .\Cali-14110095.xml
DEBUG [Cali.cpp:88] @ 0.335514s :Calibration file name: Cali-14110095.xml
DEBUG [Cali.cpp:98] @ 0.335755s :Calibration data A: 1450 B:400 C:4095 D:1000
DEBUG [Cali.cpp:87] @ 0.336477s :Calibration directory path: .\Cali-14110095.xml
DEBUG [Cali.cpp:88] @ 0.336496s :Calibration file name: Cali-14110095.xml
DEBUG [Cali.cpp:98] @ 0.336701s :Calibration data A: 1450 B:400 C:4095 D:1000
DEBUG [IRImager.cpp:300] @ 0.336747s :No temperature range configuration specified. Setting default values tMin: -20 , tMax: 100
DEBUG [IRImager.cpp:377] @ 0.337059s :Using HID control interface
DEBUG [IRImager.cpp:417] @ 0.3565s :Initialized HID control interface to device with HW:21 FW:2025
DEBUG [IRImager.cpp:438] @ 0.356564s :Frameconfig - width(in): 160, height(in): 121, interval: 83333, max framerate: 120, HW interval: 0.00833333
DEBUG [Cali.cpp:87] @ 0.356595s :Calibration directory path: .\Cali-14110095.xml
DEBUG [Cali.cpp:88] @ 0.356613s :Calibration file name: Cali-14110095.xml
DEBUG [Cali.cpp:98] @ 0.357304s :Calibration data A: 1450 B:400 C:4095 D:1000
DEBUG [ImageProcessing.cpp:200] @ 0.381315s :Source buffer size: 38720 Width: 160 Height: 121
DEBUG [ImageProcessing.cpp:121] @ 0.447337s :Source buffer size: 38720 Width: 160 Height: 121
DEBUG [OpSource.cpp:376] @ 0.448137s :Using formats path: C:\Program Files (x86)\Optris GmbH\IrDirectSDK\examples\matlab\Formats.def
DEBUG [OpSource.cpp:628] @ 0.448628s :Format found with size: 160
DEBUG [OpSource.cpp:791] @ 0.448746s :Selected Format:"PI160 160x120 @ 120Hz"
DEBUG [IRImager.cpp:844] @ 0.448904s :Caught onFrameInit with size: 160x120
DEBUG [OpSource.cpp:376] @ 0.449663s :Using formats path: C:\Program Files (x86)\Optris GmbH\IrDirectSDK\examples\matlab\Formats.def
DEBUG [OpSource.cpp:628] @ 0.450019s :Format found with size: 160
DEBUG [OpSource.cpp:376] @ 0.450464s :Using formats path: C:\Program Files (x86)\Optris GmbH\IrDirectSDK\examples\matlab\Formats.def
DEBUG [OpCorr.cpp:467] @ 0.465049s :Read cali: .\Cali-14110095.xml\Cali-14110095-48-M20-100.dat
DEBUG [OpCorr.cpp:557] @ 0.465421s :Read calibration of camera no 14110095, # of fields: 6 , start of fields: 40
DEBUG [ImageProcessing.cpp:1108] @ 0.761853s :Update flag temperature: 29.1484
DEBUG [ImageProcessing.cpp:1111] @ 0.770106s :Update box temperature: 27.1641
DEBUG [Cali.cpp:639] @ 0.77016s :Calibration file path: 0000027996C48FF4/000000B215BEC668.xml
DEBUG [SimpleXML.cpp:238] @ 0.770489s :Failed to open file .\Cali-14110095.xml\CaliExt-14110095.xml
DEBUG [IRImager.cpp:550] @ 0.784663s :Chip heating disabled
DEBUG [IRImager.cpp:1110] @ 0.873267s :Start flag calibration
DEBUG [OpFlag.cpp:591] @ 11.5446s :SkimDiff: -12 Adjust: -1101 State: 1 EMax: 8230 Emin: 2303
DEBUG [ImageProcessing.cpp:526] @ 11.5559s :Skim_Adjust 4014
DEBUG [IRImager.cpp:1124] @ 11.6726s :Finished startup calibration
DEBUG [IRImager.cpp:1175] @ 26.3924s :Automatic control of shutter flag
DEBUG [OpFlag.cpp:591] @ 26.5529s :SkimDiff: -5 Adjust: -434 State: 1 EMax: 8896 Emin: 2970
DEBUG [ImageProcessing.cpp:526] @ 26.5643s :Skim_Adjust 4013
DEBUG [IRImager.cpp:1175] @ 75.4651s :Automatic control of shutter flag
DEBUG [OpFlag.cpp:591] @ 75.6257s :SkimDiff: -4 Adjust: -372 State: 1 EMax: 8956 Emin: 3032
DEBUG [ImageProcessing.cpp:526] @ 75.638s :Skim_Adjust 4012
DEBUG [IRImager.cpp:1175] @ 91.5937s :Automatic control of shutter flag
DEBUG [OpFlag.cpp:591] @ 91.7551s :SkimDiff: -4 Adjust: -321 State: 1 EMax: 9010 Emin: 3083
DEBUG [ImageProcessing.cpp:526] @ 91.7675s :Skim_Adjust 4011
DEBUG [IRImager.cpp:1175] @ 118.713s :Automatic control of shutter flag
DEBUG [OpFlag.cpp:591] @ 118.89s :SkimDiff: -3 Adjust: -259 State: 1 EMax: 9066 Emin: 3145
DEBUG [ImageProcessing.cpp:526] @ 118.902s :Skim_Adjust 4010
DEBUG [IRImager.cpp:1175] @ 134.922s :Automatic control of shutter flag
DEBUG [OpFlag.cpp:591] @ 135.083s :SkimDiff: -3 Adjust: -206 State: 1 EMax: 9122 Emin: 3198
DEBUG [ImageProcessing.cpp:526] @ 135.096s :Skim_Adjust 4009
DEBUG [IRImager.cpp:665] @ 165.69s :Release imager
DEBUG [BaseControlDevice.cpp:26] @ 165.743s :Base destructor called
DEBUG [IRImager.cpp:672] @ 165.743s :Delete image processing
DEBUG [IRImager.cpp:679] @ 165.751s :Delete buffer
DEBUG [IRImager.cpp:687] @ 165.751s :Delete source buffer
DEBUG [IRImager.cpp:694] @ 165.751s :Delete buffer (energy)
DEBUG [IRImager.cpp:701] @ 165.751s :Delete timer
DEBUG [IRImager.cpp:707] @ 165.751s :Delete manual timer
