DEBUG [IRLogger.cpp:105] @ 0.0004089s :***************************************************
DEBUG [IRLogger.cpp:106] @ 0.0004795s :* IRImagerDirect SDK                              *
DEBUG [IRLogger.cpp:107] @ 0.0004982s :***************************************************
DEBUG [IRLogger.cpp:113] @ 0.000513s :* Native Machine:      AMD64
DEBUG [IRLogger.cpp:114] @ 0.0005271s :* Machine:             AMD64
DEBUG [IRLogger.cpp:116] @ 0.0005469s :* OS:                  Windows 10 0 26100
DEBUG [IRLogger.cpp:123] @ 0.0005577s :***************************************************
DEBUG [IRDeviceParams.cpp:204] @ 0.0022096s :Parameters
DEBUG [IRDeviceParams.cpp:205] @ 0.0022306s :serial: 14110095
DEBUG [IRDeviceParams.cpp:206] @ 0.0022399s :videoformatindex: 0
DEBUG [IRDeviceParams.cpp:207] @ 0.0022488s :fov: 0
DEBUG [IRDeviceParams.cpp:208] @ 0.0022581s :optics_text: 0000000000000000
DEBUG [IRDeviceParams.cpp:209] @ 0.002265s :formatspath: 0000026580487440
DEBUG [IRDeviceParams.cpp:210] @ 0.0022739s :calipath: 00000265804ADBC0
DEBUG [IRDeviceParams.cpp:211] @ 0.0022812s :temperature min: 0
DEBUG [IRDeviceParams.cpp:212] @ 0.0022888s :temperature max: 0
DEBUG [IRDeviceParams.cpp:213] @ 0.0022963s :framerate: 32
DEBUG [IRDeviceParams.cpp:214] @ 0.0023028s :bispectral: 0
DEBUG [IRDeviceParams.cpp:215] @ 0.0023095s :flag automatic: 1
DEBUG [IRDeviceParams.cpp:216] @ 0.0023165s :min interval: 15
DEBUG [IRDeviceParams.cpp:217] @ 0.0023237s :max interval: 0
DEBUG [IRDeviceParams.cpp:218] @ 0.0023307s :chip heating mode: 0
DEBUG [IRDeviceParams.cpp:219] @ 0.0023381s :chip heating fixed val: 40
DEBUG [IRDeviceParams.cpp:220] @ 0.0023453s :focus:  -1
DEBUG [IRDeviceParams.cpp:221] @ 0.0023535s :enable extended temp range: 0
DEBUG [IRDeviceParams.cpp:222] @ 0.0023605s :buffer queue size: 5
DEBUG [IRDeviceParams.cpp:223] @ 0.0023673s :enable high precision: 0
DEBUG [IRDeviceParams.cpp:224] @ 0.0023741s :radialDistortionCorrectionMode: 0
DEBUG [IRDeviceParams.cpp:225] @ 0.0023808s :deviceAPI: 0
DEBUG [IRDeviceParams.cpp:226] @ 0.0023875s :useExternalProbeForReferencing: 0
DEBUG [IRDeviceParams.cpp:227] @ 0.0023944s :enableMultiThreading: 0
DEBUG [IRDeviceParams.cpp:232] @ 0.0024031s :ethernetDevice.deviceIpAddress: 0.0.0.0
DEBUG [IRDeviceParams.cpp:233] @ 0.00241s :ethernetDevice.localUdpPort: 0
DEBUG [IRDeviceParams.cpp:234] @ 0.0024169s :ethernetDevice.checkUdpSenderIp: 1
DEBUG [Cali.cpp:87] @ 0.200199s :Calibration directory path: .\Cali-14110095.xml
DEBUG [Cali.cpp:88] @ 0.200225s :Calibration file name: Cali-14110095.xml
DEBUG [Cali.cpp:98] @ 0.200482s :Calibration data A: 1450 B:400 C:4095 D:1000
INFO [IRImager.cpp:266] @ 0.201522s :Init thermal imager to 14110095 with size: 160x121@120 Hz
DEBUG [Cali.cpp:87] @ 0.201791s :Calibration directory path: .\Cali-14110095.xml
DEBUG [Cali.cpp:88] @ 0.201801s :Calibration file name: Cali-14110095.xml
DEBUG [Cali.cpp:98] @ 0.202008s :Calibration data A: 1450 B:400 C:4095 D:1000
DEBUG [Cali.cpp:87] @ 0.202637s :Calibration directory path: .\Cali-14110095.xml
DEBUG [Cali.cpp:88] @ 0.202651s :Calibration file name: Cali-14110095.xml
DEBUG [Cali.cpp:98] @ 0.202844s :Calibration data A: 1450 B:400 C:4095 D:1000
DEBUG [IRImager.cpp:300] @ 0.202887s :No temperature range configuration specified. Setting default values tMin: -20 , tMax: 100
DEBUG [IRImager.cpp:377] @ 0.203178s :Using HID control interface
DEBUG [IRImager.cpp:417] @ 0.219614s :Initialized HID control interface to device with HW:21 FW:2025
DEBUG [IRImager.cpp:438] @ 0.219679s :Frameconfig - width(in): 160, height(in): 121, interval: 83333, max framerate: 120, HW interval: 0.00833333
DEBUG [Cali.cpp:87] @ 0.219696s :Calibration directory path: .\Cali-14110095.xml
DEBUG [Cali.cpp:88] @ 0.219704s :Calibration file name: Cali-14110095.xml
DEBUG [Cali.cpp:98] @ 0.220002s :Calibration data A: 1450 B:400 C:4095 D:1000
DEBUG [ImageProcessing.cpp:200] @ 0.244172s :Source buffer size: 38720 Width: 160 Height: 121
DEBUG [ImageProcessing.cpp:121] @ 0.318806s :Source buffer size: 38720 Width: 160 Height: 121
DEBUG [OpSource.cpp:376] @ 0.319774s :Using formats path: C:\Program Files (x86)\Optris GmbH\IrDirectSDK\examples\matlab\Formats.def
DEBUG [OpSource.cpp:628] @ 0.32031s :Format found with size: 160
DEBUG [OpSource.cpp:791] @ 0.320484s :Selected Format:"PI160 160x120 @ 120Hz"
DEBUG [IRImager.cpp:844] @ 0.320657s :Caught onFrameInit with size: 160x120
DEBUG [OpSource.cpp:376] @ 0.321396s :Using formats path: C:\Program Files (x86)\Optris GmbH\IrDirectSDK\examples\matlab\Formats.def
DEBUG [OpSource.cpp:628] @ 0.321728s :Format found with size: 160
DEBUG [OpSource.cpp:376] @ 0.32215s :Using formats path: C:\Program Files (x86)\Optris GmbH\IrDirectSDK\examples\matlab\Formats.def
DEBUG [OpCorr.cpp:467] @ 0.328377s :Read cali: .\Cali-14110095.xml\Cali-14110095-48-M20-100.dat
DEBUG [OpCorr.cpp:557] @ 0.328846s :Read calibration of camera no 14110095, # of fields: 6 , start of fields: 40
DEBUG [ImageProcessing.cpp:1108] @ 0.633021s :Update flag temperature: 31.1172
DEBUG [ImageProcessing.cpp:1111] @ 0.641537s :Update box temperature: 29.4688
DEBUG [Cali.cpp:639] @ 0.641634s :Calibration file path: 000002658051D3B4/0000008828DEC7C8.xml
DEBUG [SimpleXML.cpp:238] @ 0.642112s :Failed to open file .\Cali-14110095.xml\CaliExt-14110095.xml
DEBUG [IRImager.cpp:550] @ 0.654s :Chip heating disabled
DEBUG [IRImager.cpp:1110] @ 0.734198s :Start flag calibration
DEBUG [OpFlag.cpp:591] @ 11.4057s :SkimDiff: -9 Adjust: -877 State: 1 EMax: 8546 Emin: 2527
DEBUG [ImageProcessing.cpp:526] @ 11.4174s :Skim_Adjust 4025
DEBUG [IRImager.cpp:1124] @ 11.5346s :Finished startup calibration
DEBUG [IRImager.cpp:1175] @ 26.2537s :Automatic control of shutter flag
DEBUG [OpFlag.cpp:591] @ 26.4296s :SkimDiff: -9 Adjust: -858 State: 1 EMax: 8591 Emin: 2546
DEBUG [ImageProcessing.cpp:526] @ 26.441s :Skim_Adjust 4024
DEBUG [IRImager.cpp:1175] @ 44.702s :Automatic control of shutter flag
DEBUG [OpFlag.cpp:591] @ 44.8643s :SkimDiff: -9 Adjust: -826 State: 1 EMax: 8645 Emin: 2578
DEBUG [ImageProcessing.cpp:526] @ 44.8905s :Skim_Adjust 4023
DEBUG [IRImager.cpp:1175] @ 59.7091s :Automatic control of shutter flag
DEBUG [OpFlag.cpp:591] @ 59.8697s :SkimDiff: -8 Adjust: -771 State: 1 EMax: 8707 Emin: 2633
DEBUG [ImageProcessing.cpp:526] @ 59.8971s :Skim_Adjust 4022
DEBUG [IRImager.cpp:1175] @ 83.1651s :Automatic control of shutter flag
DEBUG [OpFlag.cpp:591] @ 83.3265s :SkimDiff: -8 Adjust: -714 State: 1 EMax: 8767 Emin: 2690
DEBUG [ImageProcessing.cpp:526] @ 83.3501s :Skim_Adjust 4021
DEBUG [IRImager.cpp:1175] @ 108.206s :Automatic control of shutter flag
DEBUG [OpFlag.cpp:591] @ 108.383s :SkimDiff: -7 Adjust: -655 State: 1 EMax: 8834 Emin: 2749
DEBUG [ImageProcessing.cpp:526] @ 108.407s :Skim_Adjust 4020
DEBUG [IRImager.cpp:1175] @ 144.623s :Automatic control of shutter flag
DEBUG [OpFlag.cpp:591] @ 144.798s :SkimDiff: -6 Adjust: -599 State: 1 EMax: 8900 Emin: 2805
DEBUG [ImageProcessing.cpp:526] @ 144.823s :Skim_Adjust 4019
DEBUG [IRImager.cpp:1175] @ 181.471s :Automatic control of shutter flag
DEBUG [OpFlag.cpp:591] @ 181.648s :SkimDiff: -6 Adjust: -535 State: 1 EMax: 8976 Emin: 2869
DEBUG [ImageProcessing.cpp:526] @ 181.663s :Skim_Adjust 4018
DEBUG [IRImager.cpp:1175] @ 223.534s :Automatic control of shutter flag
DEBUG [OpFlag.cpp:591] @ 223.71s :SkimDiff: -5 Adjust: -471 State: 1 EMax: 9046 Emin: 2933
DEBUG [ImageProcessing.cpp:526] @ 223.726s :Skim_Adjust 4017
DEBUG [IRImager.cpp:1175] @ 270.478s :Automatic control of shutter flag
DEBUG [OpFlag.cpp:591] @ 270.655s :SkimDiff: -5 Adjust: -403 State: 1 EMax: 9123 Emin: 3001
DEBUG [ImageProcessing.cpp:526] @ 270.675s :Skim_Adjust 4016
DEBUG [IRImager.cpp:1175] @ 311.262s :Automatic control of shutter flag
DEBUG [OpFlag.cpp:591] @ 311.438s :SkimDiff: -4 Adjust: -335 State: 1 EMax: 9193 Emin: 3069
DEBUG [ImageProcessing.cpp:526] @ 311.451s :Skim_Adjust 4015
DEBUG [IRImager.cpp:1175] @ 356s :Automatic control of shutter flag
DEBUG [OpFlag.cpp:591] @ 356.174s :SkimDiff: -3 Adjust: -279 State: 1 EMax: 9264 Emin: 3125
DEBUG [ImageProcessing.cpp:526] @ 356.2s :Skim_Adjust 4014
DEBUG [IRImager.cpp:1175] @ 410.894s :Automatic control of shutter flag
DEBUG [OpFlag.cpp:591] @ 411.072s :SkimDiff: -3 Adjust: -218 State: 1 EMax: 9330 Emin: 3186
DEBUG [ImageProcessing.cpp:526] @ 411.098s :Skim_Adjust 4013
DEBUG [IRImager.cpp:1175] @ 426.914s :Automatic control of shutter flag
DEBUG [OpFlag.cpp:591] @ 427.087s :SkimDiff: -2 Adjust: -164 State: 1 EMax: 9403 Emin: 3240
DEBUG [ImageProcessing.cpp:526] @ 427.11s :Skim_Adjust 4012
DEBUG [IRImager.cpp:1175] @ 481.646s :Automatic control of shutter flag
DEBUG [OpFlag.cpp:591] @ 481.806s :SkimDiff: -1 Adjust: -97 State: 1 EMax: 9465 Emin: 3307
DEBUG [ImageProcessing.cpp:526] @ 481.83s :Skim_Adjust 4011
DEBUG [IRImager.cpp:1175] @ 517.598s :Automatic control of shutter flag
DEBUG [OpFlag.cpp:591] @ 517.758s :SkimDiff: -1 Adjust: -32 State: 1 EMax: 9529 Emin: 3372
DEBUG [ImageProcessing.cpp:526] @ 517.777s :Skim_Adjust 4010
DEBUG [IRImager.cpp:1175] @ 573.95s :Automatic control of shutter flag
DEBUG [OpFlag.cpp:591] @ 574.127s :SkimDiff: 0 Adjust: 0 State: 0 EMax: 9610 Emin: 3429
DEBUG [IRImager.cpp:1175] @ 616.462s :Automatic control of shutter flag
DEBUG [OpFlag.cpp:591] @ 616.623s :SkimDiff: 0 Adjust: 0 State: 0 EMax: 9613 Emin: 3441
DEBUG [IRImager.cpp:1175] @ 681.199s :Automatic control of shutter flag
DEBUG [OpFlag.cpp:591] @ 681.36s :SkimDiff: 0 Adjust: 0 State: 0 EMax: 9622 Emin: 3448
DEBUG [IRImager.cpp:1175] @ 701.309s :Automatic control of shutter flag
DEBUG [OpFlag.cpp:591] @ 701.471s :SkimDiff: 0 Adjust: 0 State: 0 EMax: 9625 Emin: 3453
DEBUG [IRImager.cpp:1175] @ 759.31s :Automatic control of shutter flag
DEBUG [OpFlag.cpp:591] @ 759.472s :SkimDiff: 0 Adjust: 0 State: 0 EMax: 9633 Emin: 3457
DEBUG [IRImager.cpp:1175] @ 797.777s :Automatic control of shutter flag
DEBUG [OpFlag.cpp:591] @ 797.951s :SkimDiff: 0 Adjust: 0 State: 0 EMax: 9649 Emin: 3459
DEBUG [IRImager.cpp:1175] @ 836.142s :Automatic control of shutter flag
DEBUG [OpFlag.cpp:591] @ 836.319s :SkimDiff: 0 Adjust: 0 State: 0 EMax: 9657 Emin: 3465
DEBUG [IRImager.cpp:1175] @ 909.966s :Automatic control of shutter flag
DEBUG [OpFlag.cpp:591] @ 910.141s :SkimDiff: 0 Adjust: 0 State: 0 EMax: 9666 Emin: 3468
DEBUG [IRImager.cpp:1175] @ 973.79s :Automatic control of shutter flag
DEBUG [OpFlag.cpp:591] @ 973.965s :SkimDiff: 0 Adjust: 0 State: 0 EMax: 9683 Emin: 3469
DEBUG [IRImager.cpp:1175] @ 1062.37s :Automatic control of shutter flag
DEBUG [OpFlag.cpp:591] @ 1062.54s :SkimDiff: 0 Adjust: 0 State: 0 EMax: 9692 Emin: 3479
DEBUG [IRImager.cpp:1175] @ 1127.29s :Automatic control of shutter flag
DEBUG [OpFlag.cpp:591] @ 1127.45s :SkimDiff: 0 Adjust: 0 State: 0 EMax: 9702 Emin: 3487
DEBUG [IRImager.cpp:1175] @ 1235.17s :Automatic control of shutter flag
DEBUG [OpFlag.cpp:591] @ 1235.33s :SkimDiff: 0 Adjust: 0 State: 0 EMax: 9717 Emin: 3492
DEBUG [IRImager.cpp:665] @ 1380.68s :Release imager
DEBUG [BaseControlDevice.cpp:26] @ 1380.74s :Base destructor called
DEBUG [IRImager.cpp:672] @ 1380.74s :Delete image processing
DEBUG [IRImager.cpp:679] @ 1380.75s :Delete buffer
DEBUG [IRImager.cpp:687] @ 1380.75s :Delete source buffer
DEBUG [IRImager.cpp:694] @ 1380.75s :Delete buffer (energy)
DEBUG [IRImager.cpp:701] @ 1380.75s :Delete timer
DEBUG [IRImager.cpp:707] @ 1380.75s :Delete manual timer
