DEBUG [IRLogger.cpp:105] @ 0.0009046s :***************************************************
DEBUG [IRLogger.cpp:106] @ 0.0013368s :* IRImagerDirect SDK                              *
DEBUG [IRLogger.cpp:107] @ 0.0014201s :***************************************************
DEBUG [IRLogger.cpp:113] @ 0.0014594s :* Native Machine:      AMD64
DEBUG [IRLogger.cpp:114] @ 0.0014897s :* Machine:             AMD64
DEBUG [IRLogger.cpp:116] @ 0.0015474s :* OS:                  Windows 10 0 26100
DEBUG [IRLogger.cpp:123] @ 0.0015733s :***************************************************
DEBUG [IRDeviceParams.cpp:204] @ 0.0034202s :Parameters
DEBUG [IRDeviceParams.cpp:205] @ 0.0034394s :serial: 14110095
DEBUG [IRDeviceParams.cpp:206] @ 0.0034473s :videoformatindex: 0
DEBUG [IRDeviceParams.cpp:207] @ 0.0034546s :fov: 0
DEBUG [IRDeviceParams.cpp:208] @ 0.0034619s :optics_text: 0000000000000000
DEBUG [IRDeviceParams.cpp:209] @ 0.0034697s :formatspath: 000002BBD7124300
DEBUG [IRDeviceParams.cpp:210] @ 0.0034776s :calipath: 000002BBD7603280
DEBUG [IRDeviceParams.cpp:211] @ 0.0034844s :temperature min: 0
DEBUG [IRDeviceParams.cpp:212] @ 0.003491s :temperature max: 0
DEBUG [IRDeviceParams.cpp:213] @ 0.0034988s :framerate: 32
DEBUG [IRDeviceParams.cpp:214] @ 0.0035054s :bispectral: 0
DEBUG [IRDeviceParams.cpp:215] @ 0.0035121s :flag automatic: 1
DEBUG [IRDeviceParams.cpp:216] @ 0.0035191s :min interval: 15
DEBUG [IRDeviceParams.cpp:217] @ 0.0035266s :max interval: 0
DEBUG [IRDeviceParams.cpp:218] @ 0.003534s :chip heating mode: 0
DEBUG [IRDeviceParams.cpp:219] @ 0.0035412s :chip heating fixed val: 40
DEBUG [IRDeviceParams.cpp:220] @ 0.0035484s :focus:  -1
DEBUG [IRDeviceParams.cpp:221] @ 0.0035565s :enable extended temp range: 0
DEBUG [IRDeviceParams.cpp:222] @ 0.0035637s :buffer queue size: 5
DEBUG [IRDeviceParams.cpp:223] @ 0.0035706s :enable high precision: 0
DEBUG [IRDeviceParams.cpp:224] @ 0.0035779s :radialDistortionCorrectionMode: 0
DEBUG [IRDeviceParams.cpp:225] @ 0.0035857s :deviceAPI: 0
DEBUG [IRDeviceParams.cpp:226] @ 0.0035922s :useExternalProbeForReferencing: 0
DEBUG [IRDeviceParams.cpp:227] @ 0.0035984s :enableMultiThreading: 0
DEBUG [IRDeviceParams.cpp:232] @ 0.0036065s :ethernetDevice.deviceIpAddress: 0.0.0.0
DEBUG [IRDeviceParams.cpp:233] @ 0.0036129s :ethernetDevice.localUdpPort: 0
DEBUG [IRDeviceParams.cpp:234] @ 0.0036192s :ethernetDevice.checkUdpSenderIp: 1
DEBUG [Cali.cpp:87] @ 0.485532s :Calibration directory path: .\Cali-14110095.xml
DEBUG [Cali.cpp:88] @ 0.485566s :Calibration file name: Cali-14110095.xml
DEBUG [Cali.cpp:98] @ 0.485869s :Calibration data A: 1450 B:400 C:4095 D:1000
INFO [IRImager.cpp:266] @ 0.486857s :Init thermal imager to 14110095 with size: 160x121@120 Hz
DEBUG [Cali.cpp:87] @ 0.487123s :Calibration directory path: .\Cali-14110095.xml
DEBUG [Cali.cpp:88] @ 0.487133s :Calibration file name: Cali-14110095.xml
DEBUG [Cali.cpp:98] @ 0.487383s :Calibration data A: 1450 B:400 C:4095 D:1000
DEBUG [Cali.cpp:87] @ 0.488275s :Calibration directory path: .\Cali-14110095.xml
DEBUG [Cali.cpp:88] @ 0.488295s :Calibration file name: Cali-14110095.xml
DEBUG [Cali.cpp:98] @ 0.488622s :Calibration data A: 1450 B:400 C:4095 D:1000
DEBUG [IRImager.cpp:300] @ 0.488687s :No temperature range configuration specified. Setting default values tMin: -20 , tMax: 100
DEBUG [IRImager.cpp:377] @ 0.489148s :Using HID control interface
DEBUG [IRImager.cpp:417] @ 0.514088s :Initialized HID control interface to device with HW:21 FW:2025
DEBUG [IRImager.cpp:438] @ 0.514135s :Frameconfig - width(in): 160, height(in): 121, interval: 83333, max framerate: 120, HW interval: 0.00833333
DEBUG [Cali.cpp:87] @ 0.514155s :Calibration directory path: .\Cali-14110095.xml
DEBUG [Cali.cpp:88] @ 0.514165s :Calibration file name: Cali-14110095.xml
DEBUG [Cali.cpp:98] @ 0.514562s :Calibration data A: 1450 B:400 C:4095 D:1000
DEBUG [ImageProcessing.cpp:200] @ 0.53875s :Source buffer size: 38720 Width: 160 Height: 121
DEBUG [ImageProcessing.cpp:121] @ 0.613514s :Source buffer size: 38720 Width: 160 Height: 121
DEBUG [OpSource.cpp:376] @ 0.615329s :Using formats path: C:\Program Files (x86)\Optris GmbH\IrDirectSDK\examples\matlab\Formats.def
DEBUG [OpSource.cpp:628] @ 0.616261s :Format found with size: 160
DEBUG [OpSource.cpp:791] @ 0.616511s :Selected Format:"PI160 160x120 @ 120Hz"
DEBUG [IRImager.cpp:844] @ 0.616862s :Caught onFrameInit with size: 160x120
DEBUG [OpSource.cpp:376] @ 0.61839s :Using formats path: C:\Program Files (x86)\Optris GmbH\IrDirectSDK\examples\matlab\Formats.def
DEBUG [OpSource.cpp:628] @ 0.619137s :Format found with size: 160
DEBUG [OpSource.cpp:376] @ 0.620008s :Using formats path: C:\Program Files (x86)\Optris GmbH\IrDirectSDK\examples\matlab\Formats.def
DEBUG [OpCorr.cpp:467] @ 0.630997s :Read cali: .\Cali-14110095.xml\Cali-14110095-48-M20-100.dat
DEBUG [OpCorr.cpp:557] @ 0.631738s :Read calibration of camera no 14110095, # of fields: 6 , start of fields: 40
DEBUG [ImageProcessing.cpp:1108] @ 0.952482s :Update flag temperature: 29.3516
DEBUG [ImageProcessing.cpp:1111] @ 0.960856s :Update box temperature: 27.8906
DEBUG [Cali.cpp:639] @ 0.960954s :Calibration file path: 000002BBD784E934/000000C6B1FEC7A8.xml
DEBUG [SimpleXML.cpp:238] @ 0.961467s :Failed to open file .\Cali-14110095.xml\CaliExt-14110095.xml
DEBUG [IRImager.cpp:550] @ 0.985419s :Chip heating disabled
DEBUG [IRImager.cpp:1110] @ 1.07956s :Start flag calibration
DEBUG [OpFlag.cpp:591] @ 11.7518s :SkimDiff: -10 Adjust: -915 State: 1 EMax: 8341 Emin: 2489
DEBUG [ImageProcessing.cpp:526] @ 11.7645s :Skim_Adjust 4016
DEBUG [IRImager.cpp:1124] @ 11.8803s :Finished startup calibration
DEBUG [IRImager.cpp:1175] @ 26.5999s :Automatic control of shutter flag
DEBUG [OpFlag.cpp:591] @ 26.7607s :SkimDiff: -5 Adjust: -419 State: 1 EMax: 8863 Emin: 2985
DEBUG [ImageProcessing.cpp:526] @ 26.7747s :Skim_Adjust 4015
DEBUG [IRImager.cpp:1175] @ 41.6071s :Automatic control of shutter flag
DEBUG [OpFlag.cpp:591] @ 41.7674s :SkimDiff: -4 Adjust: -394 State: 1 EMax: 8913 Emin: 3010
DEBUG [ImageProcessing.cpp:526] @ 41.7794s :Skim_Adjust 4014
DEBUG [IRImager.cpp:1175] @ 56.6144s :Automatic control of shutter flag
DEBUG [OpFlag.cpp:591] @ 56.7757s :SkimDiff: -4 Adjust: -347 State: 1 EMax: 8969 Emin: 3057
DEBUG [ImageProcessing.cpp:526] @ 56.8028s :Skim_Adjust 4013
DEBUG [IRImager.cpp:1175] @ 72.0064s :Automatic control of shutter flag
DEBUG [OpFlag.cpp:591] @ 72.185s :SkimDiff: -3 Adjust: -295 State: 1 EMax: 9018 Emin: 3109
DEBUG [ImageProcessing.cpp:526] @ 72.2068s :Skim_Adjust 4012
DEBUG [IRImager.cpp:1175] @ 90.2152s :Automatic control of shutter flag
DEBUG [OpFlag.cpp:591] @ 90.3764s :SkimDiff: -3 Adjust: -249 State: 1 EMax: 9072 Emin: 3155
DEBUG [ImageProcessing.cpp:526] @ 90.3896s :Skim_Adjust 4011
DEBUG [IRImager.cpp:1175] @ 105.223s :Automatic control of shutter flag
DEBUG [OpFlag.cpp:591] @ 105.383s :SkimDiff: -2 Adjust: -194 State: 1 EMax: 9141 Emin: 3210
DEBUG [ImageProcessing.cpp:526] @ 105.396s :Skim_Adjust 4010
DEBUG [IRImager.cpp:1175] @ 128.824s :Automatic control of shutter flag
DEBUG [OpFlag.cpp:591] @ 128.984s :SkimDiff: -2 Adjust: -143 State: 1 EMax: 9204 Emin: 3261
DEBUG [ImageProcessing.cpp:526] @ 128.996s :Skim_Adjust 4009
DEBUG [IRImager.cpp:1175] @ 149.496s :Automatic control of shutter flag
DEBUG [OpFlag.cpp:591] @ 149.672s :SkimDiff: -1 Adjust: -88 State: 1 EMax: 9259 Emin: 3316
DEBUG [ImageProcessing.cpp:526] @ 149.684s :Skim_Adjust 4008
DEBUG [IRImager.cpp:1175] @ 176.519s :Automatic control of shutter flag
DEBUG [OpFlag.cpp:591] @ 176.68s :SkimDiff: -1 Adjust: -36 State: 1 EMax: 9331 Emin: 3368
DEBUG [ImageProcessing.cpp:526] @ 176.693s :Skim_Adjust 4007
DEBUG [IRImager.cpp:1175] @ 196.119s :Automatic control of shutter flag
DEBUG [OpFlag.cpp:591] @ 196.28s :SkimDiff: 0 Adjust: 0 State: 0 EMax: 9387 Emin: 3427
DEBUG [IRImager.cpp:1175] @ 218.935s :Automatic control of shutter flag
DEBUG [OpFlag.cpp:591] @ 219.113s :SkimDiff: 0 Adjust: 0 State: 0 EMax: 9398 Emin: 3429
DEBUG [IRImager.cpp:1175] @ 254.375s :Automatic control of shutter flag
DEBUG [OpFlag.cpp:591] @ 254.553s :SkimDiff: 0 Adjust: 0 State: 0 EMax: 9412 Emin: 3432
DEBUG [IRImager.cpp:1175] @ 292.424s :Automatic control of shutter flag
DEBUG [OpFlag.cpp:591] @ 292.584s :SkimDiff: 0 Adjust: 0 State: 0 EMax: 9422 Emin: 3437
DEBUG [IRImager.cpp:1175] @ 310.311s :Automatic control of shutter flag
DEBUG [OpFlag.cpp:591] @ 310.471s :SkimDiff: 0 Adjust: 0 State: 0 EMax: 9430 Emin: 3442
DEBUG [IRImager.cpp:1175] @ 333.75s :Automatic control of shutter flag
DEBUG [OpFlag.cpp:591] @ 333.912s :SkimDiff: 0 Adjust: 0 State: 0 EMax: 9435 Emin: 3446
DEBUG [IRImager.cpp:1175] @ 351.495s :Automatic control of shutter flag
DEBUG [OpFlag.cpp:591] @ 351.656s :SkimDiff: 0 Adjust: 0 State: 0 EMax: 9436 Emin: 3447
DEBUG [IRImager.cpp:1175] @ 393.831s :Automatic control of shutter flag
DEBUG [OpFlag.cpp:591] @ 394.008s :SkimDiff: 0 Adjust: 0 State: 0 EMax: 9444 Emin: 3455
DEBUG [IRImager.cpp:1175] @ 417.59s :Automatic control of shutter flag
DEBUG [OpFlag.cpp:591] @ 417.753s :SkimDiff: 0 Adjust: 0 State: 0 EMax: 9460 Emin: 3452
DEBUG [IRImager.cpp:1175] @ 433.527s :Automatic control of shutter flag
DEBUG [OpFlag.cpp:591] @ 433.688s :SkimDiff: 0 Adjust: 0 State: 0 EMax: 9468 Emin: 3453
DEBUG [IRImager.cpp:1175] @ 470.391s :Automatic control of shutter flag
DEBUG [OpFlag.cpp:591] @ 470.551s :SkimDiff: 0 Adjust: 0 State: 0 EMax: 9468 Emin: 3454
DEBUG [IRImager.cpp:1175] @ 507.99s :Automatic control of shutter flag
DEBUG [OpFlag.cpp:591] @ 508.167s :SkimDiff: 0 Adjust: 0 State: 0 EMax: 9486 Emin: 3460
