DEBUG [IRLogger.cpp:105] @ 0.0003414s :***************************************************
DEBUG [IRLogger.cpp:106] @ 0.0004563s :* IRImagerDirect SDK                              *
DEBUG [IRLogger.cpp:107] @ 0.0004795s :***************************************************
DEBUG [IRLogger.cpp:113] @ 0.0004958s :* Native Machine:      AMD64
DEBUG [IRLogger.cpp:114] @ 0.0005101s :* Machine:             AMD64
DEBUG [IRLogger.cpp:116] @ 0.0005318s :* OS:                  Windows 10 0 26100
DEBUG [IRLogger.cpp:123] @ 0.0005456s :***************************************************
DEBUG [IRDeviceParams.cpp:204] @ 0.0023355s :Parameters
DEBUG [IRDeviceParams.cpp:205] @ 0.0023597s :serial: 14110095
DEBUG [IRDeviceParams.cpp:206] @ 0.0023704s :videoformatindex: 0
DEBUG [IRDeviceParams.cpp:207] @ 0.0023808s :fov: 0
DEBUG [IRDeviceParams.cpp:208] @ 0.0023913s :optics_text: 0000000000000000
DEBUG [IRDeviceParams.cpp:209] @ 0.0024012s :formatspath: 00000181DDCBDB70
DEBUG [IRDeviceParams.cpp:210] @ 0.0024128s :calipath: 00000181DE076DB0
DEBUG [IRDeviceParams.cpp:211] @ 0.0024226s :temperature min: 0
DEBUG [IRDeviceParams.cpp:212] @ 0.0024327s :temperature max: 0
DEBUG [IRDeviceParams.cpp:213] @ 0.0024431s :framerate: 32
DEBUG [IRDeviceParams.cpp:214] @ 0.0024522s :bispectral: 0
DEBUG [IRDeviceParams.cpp:215] @ 0.0024619s :flag automatic: 1
DEBUG [IRDeviceParams.cpp:216] @ 0.002472s :min interval: 15
DEBUG [IRDeviceParams.cpp:217] @ 0.0024823s :max interval: 0
DEBUG [IRDeviceParams.cpp:218] @ 0.0024919s :chip heating mode: 0
DEBUG [IRDeviceParams.cpp:219] @ 0.0025023s :chip heating fixed val: 40
DEBUG [IRDeviceParams.cpp:220] @ 0.0025123s :focus:  -1
DEBUG [IRDeviceParams.cpp:221] @ 0.0025235s :enable extended temp range: 0
DEBUG [IRDeviceParams.cpp:222] @ 0.0025332s :buffer queue size: 5
DEBUG [IRDeviceParams.cpp:223] @ 0.0025428s :enable high precision: 0
DEBUG [IRDeviceParams.cpp:224] @ 0.0025528s :radialDistortionCorrectionMode: 0
DEBUG [IRDeviceParams.cpp:225] @ 0.0025624s :deviceAPI: 0
DEBUG [IRDeviceParams.cpp:226] @ 0.0025717s :useExternalProbeForReferencing: 0
DEBUG [IRDeviceParams.cpp:227] @ 0.0025811s :enableMultiThreading: 0
DEBUG [IRDeviceParams.cpp:232] @ 0.0025936s :ethernetDevice.deviceIpAddress: 0.0.0.0
DEBUG [IRDeviceParams.cpp:233] @ 0.0026029s :ethernetDevice.localUdpPort: 0
DEBUG [IRDeviceParams.cpp:234] @ 0.0026129s :ethernetDevice.checkUdpSenderIp: 1
DEBUG [Cali.cpp:87] @ 0.212664s :Calibration directory path: .\Cali-14110095.xml
DEBUG [Cali.cpp:88] @ 0.21269s :Calibration file name: Cali-14110095.xml
DEBUG [Cali.cpp:98] @ 0.212945s :Calibration data A: 1450 B:400 C:4095 D:1000
INFO [IRImager.cpp:266] @ 0.21404s :Init thermal imager to 14110095 with size: 160x121@120 Hz
DEBUG [Cali.cpp:87] @ 0.214319s :Calibration directory path: .\Cali-14110095.xml
DEBUG [Cali.cpp:88] @ 0.214331s :Calibration file name: Cali-14110095.xml
DEBUG [Cali.cpp:98] @ 0.214533s :Calibration data A: 1450 B:400 C:4095 D:1000
DEBUG [Cali.cpp:87] @ 0.215201s :Calibration directory path: .\Cali-14110095.xml
DEBUG [Cali.cpp:88] @ 0.215214s :Calibration file name: Cali-14110095.xml
DEBUG [Cali.cpp:98] @ 0.215403s :Calibration data A: 1450 B:400 C:4095 D:1000
DEBUG [IRImager.cpp:300] @ 0.215444s :No temperature range configuration specified. Setting default values tMin: -20 , tMax: 100
DEBUG [IRImager.cpp:377] @ 0.215727s :Using HID control interface
DEBUG [IRImager.cpp:417] @ 0.231093s :Initialized HID control interface to device with HW:21 FW:2025
DEBUG [IRImager.cpp:438] @ 0.231141s :Frameconfig - width(in): 160, height(in): 121, interval: 83333, max framerate: 120, HW interval: 0.00833333
DEBUG [Cali.cpp:87] @ 0.231163s :Calibration directory path: .\Cali-14110095.xml
DEBUG [Cali.cpp:88] @ 0.231175s :Calibration file name: Cali-14110095.xml
DEBUG [Cali.cpp:98] @ 0.231661s :Calibration data A: 1450 B:400 C:4095 D:1000
DEBUG [ImageProcessing.cpp:200] @ 0.255789s :Source buffer size: 38720 Width: 160 Height: 121
DEBUG [ImageProcessing.cpp:121] @ 0.322882s :Source buffer size: 38720 Width: 160 Height: 121
DEBUG [OpSource.cpp:376] @ 0.323266s :Using formats path: C:\Program Files (x86)\Optris GmbH\IrDirectSDK\examples\matlab\Formats.def
DEBUG [OpSource.cpp:628] @ 0.323377s :Format found with size: 160
DEBUG [OpSource.cpp:791] @ 0.3234s :Selected Format:"PI160 160x120 @ 120Hz"
DEBUG [IRImager.cpp:844] @ 0.323432s :Caught onFrameInit with size: 160x120
DEBUG [OpSource.cpp:376] @ 0.323587s :Using formats path: C:\Program Files (x86)\Optris GmbH\IrDirectSDK\examples\matlab\Formats.def
DEBUG [OpSource.cpp:628] @ 0.32365s :Format found with size: 160
DEBUG [OpSource.cpp:376] @ 0.323723s :Using formats path: C:\Program Files (x86)\Optris GmbH\IrDirectSDK\examples\matlab\Formats.def
DEBUG [OpCorr.cpp:467] @ 0.332522s :Read cali: .\Cali-14110095.xml\Cali-14110095-48-M20-100.dat
DEBUG [OpCorr.cpp:557] @ 0.333377s :Read calibration of camera no 14110095, # of fields: 6 , start of fields: 40
DEBUG [ImageProcessing.cpp:1108] @ 0.653073s :Update flag temperature: 30.5234
DEBUG [ImageProcessing.cpp:1111] @ 0.661282s :Update box temperature: 28.7656
DEBUG [Cali.cpp:639] @ 0.661348s :Calibration file path: 00000181DEC20624/0000005E587EC608.xml
DEBUG [SimpleXML.cpp:238] @ 0.661697s :Failed to open file .\Cali-14110095.xml\CaliExt-14110095.xml
DEBUG [IRImager.cpp:550] @ 0.682727s :Chip heating disabled
DEBUG [IRImager.cpp:1110] @ 0.75301s :Start flag calibration
DEBUG [OpFlag.cpp:591] @ 11.425s :SkimDiff: -9 Adjust: -893 State: 1 EMax: 8484 Emin: 2511
DEBUG [ImageProcessing.cpp:526] @ 11.4372s :Skim_Adjust 4025
DEBUG [IRImager.cpp:1124] @ 11.5544s :Finished startup calibration
DEBUG [IRImager.cpp:1175] @ 26.2738s :Automatic control of shutter flag
DEBUG [OpFlag.cpp:591] @ 26.4332s :SkimDiff: -9 Adjust: -883 State: 1 EMax: 8512 Emin: 2521
DEBUG [ImageProcessing.cpp:526] @ 26.447s :Skim_Adjust 4024
DEBUG [IRImager.cpp:1175] @ 41.2816s :Automatic control of shutter flag
DEBUG [OpFlag.cpp:591] @ 41.4418s :SkimDiff: -9 Adjust: -849 State: 1 EMax: 8566 Emin: 2555
DEBUG [ImageProcessing.cpp:526] @ 41.4641s :Skim_Adjust 4023
DEBUG [IRImager.cpp:1175] @ 64.1605s :Automatic control of shutter flag
DEBUG [OpFlag.cpp:591] @ 64.3235s :SkimDiff: -9 Adjust: -806 State: 1 EMax: 8626 Emin: 2598
DEBUG [ImageProcessing.cpp:526] @ 64.3512s :Skim_Adjust 4022
DEBUG [IRImager.cpp:1175] @ 95.0409s :Automatic control of shutter flag
DEBUG [OpFlag.cpp:591] @ 95.202s :SkimDiff: -8 Adjust: -749 State: 1 EMax: 8685 Emin: 2655
DEBUG [ImageProcessing.cpp:526] @ 95.2188s :Skim_Adjust 4021
DEBUG [IRImager.cpp:1175] @ 114.259s :Automatic control of shutter flag
DEBUG [OpFlag.cpp:591] @ 114.436s :SkimDiff: -7 Adjust: -694 State: 1 EMax: 8744 Emin: 2710
DEBUG [ImageProcessing.cpp:526] @ 114.464s :Skim_Adjust 4020
DEBUG [IRImager.cpp:1175] @ 157.044s :Automatic control of shutter flag
DEBUG [OpFlag.cpp:591] @ 157.22s :SkimDiff: -7 Adjust: -632 State: 1 EMax: 8815 Emin: 2772
DEBUG [ImageProcessing.cpp:526] @ 157.242s :Skim_Adjust 4019
DEBUG [IRImager.cpp:1175] @ 201.073s :Automatic control of shutter flag
DEBUG [OpFlag.cpp:591] @ 201.25s :SkimDiff: -6 Adjust: -566 State: 1 EMax: 8883 Emin: 2838
DEBUG [ImageProcessing.cpp:526] @ 201.271s :Skim_Adjust 4018
DEBUG [IRImager.cpp:1175] @ 232.53s :Automatic control of shutter flag
DEBUG [OpFlag.cpp:591] @ 232.695s :SkimDiff: -6 Adjust: -511 State: 1 EMax: 8953 Emin: 2893
DEBUG [ImageProcessing.cpp:526] @ 232.721s :Skim_Adjust 4017
DEBUG [IRImager.cpp:1175] @ 283.233s :Automatic control of shutter flag
DEBUG [OpFlag.cpp:591] @ 283.409s :SkimDiff: -5 Adjust: -444 State: 1 EMax: 9030 Emin: 2960
DEBUG [ImageProcessing.cpp:526] @ 283.423s :Skim_Adjust 4016
DEBUG [IRImager.cpp:1175] @ 312.097s :Automatic control of shutter flag
DEBUG [OpFlag.cpp:591] @ 312.256s :SkimDiff: -4 Adjust: -386 State: 1 EMax: 9097 Emin: 3018
DEBUG [ImageProcessing.cpp:526] @ 312.283s :Skim_Adjust 4015
DEBUG [IRImager.cpp:1175] @ 361.602s :Automatic control of shutter flag
DEBUG [OpFlag.cpp:591] @ 361.76s :SkimDiff: -4 Adjust: -323 State: 1 EMax: 9161 Emin: 3081
DEBUG [ImageProcessing.cpp:526] @ 361.785s :Skim_Adjust 4014
DEBUG [IRImager.cpp:1175] @ 393.297s :Automatic control of shutter flag
DEBUG [OpFlag.cpp:591] @ 393.473s :SkimDiff: -3 Adjust: -263 State: 1 EMax: 9221 Emin: 3141
DEBUG [ImageProcessing.cpp:526] @ 393.499s :Skim_Adjust 4013
DEBUG [IRImager.cpp:1175] @ 429.25s :Automatic control of shutter flag
DEBUG [OpFlag.cpp:591] @ 429.426s :SkimDiff: -3 Adjust: -204 State: 1 EMax: 9292 Emin: 3200
DEBUG [ImageProcessing.cpp:526] @ 429.446s :Skim_Adjust 4012
DEBUG [IRImager.cpp:1175] @ 497.536s :Automatic control of shutter flag
DEBUG [OpFlag.cpp:591] @ 497.696s :SkimDiff: -2 Adjust: -138 State: 1 EMax: 9360 Emin: 3266
DEBUG [ImageProcessing.cpp:526] @ 497.719s :Skim_Adjust 4011
DEBUG [IRImager.cpp:1175] @ 532.421s :Automatic control of shutter flag
DEBUG [OpFlag.cpp:591] @ 532.601s :SkimDiff: -1 Adjust: -78 State: 1 EMax: 9421 Emin: 3326
DEBUG [ImageProcessing.cpp:526] @ 532.615s :Skim_Adjust 4010
DEBUG [IRImager.cpp:1175] @ 605.507s :Automatic control of shutter flag
DEBUG [OpFlag.cpp:591] @ 605.68s :SkimDiff: -1 Adjust: -20 State: 1 EMax: 9491 Emin: 3384
DEBUG [ImageProcessing.cpp:526] @ 605.693s :Skim_Adjust 4009
DEBUG [IRImager.cpp:1175] @ 672.161s :Automatic control of shutter flag
DEBUG [OpFlag.cpp:591] @ 672.322s :SkimDiff: 0 Adjust: 0 State: 0 EMax: 9565 Emin: 3451
DEBUG [IRImager.cpp:1175] @ 744.067s :Automatic control of shutter flag
DEBUG [OpFlag.cpp:591] @ 744.243s :SkimDiff: 0 Adjust: 0 State: 0 EMax: 9584 Emin: 3454
DEBUG [IRImager.cpp:1175] @ 808.434s :Automatic control of shutter flag
DEBUG [OpFlag.cpp:591] @ 808.609s :SkimDiff: 0 Adjust: 0 State: 0 EMax: 9593 Emin: 3463
DEBUG [IRImager.cpp:1175] @ 858.593s :Automatic control of shutter flag
DEBUG [OpFlag.cpp:591] @ 858.769s :SkimDiff: 0 Adjust: 0 State: 0 EMax: 9600 Emin: 3467
