DEBUG [IRLogger.cpp:105] @ 0.0004265s :***************************************************
DEBUG [IRLogger.cpp:106] @ 0.0005038s :* IRImagerDirect SDK                              *
DEBUG [IRLogger.cpp:107] @ 0.0005242s :***************************************************
DEBUG [IRLogger.cpp:113] @ 0.0005378s :* Native Machine:      AMD64
DEBUG [IRLogger.cpp:114] @ 0.0005506s :* Machine:             AMD64
DEBUG [IRLogger.cpp:116] @ 0.0005719s :* OS:                  Windows 10 0 26100
DEBUG [IRLogger.cpp:123] @ 0.0005902s :***************************************************
DEBUG [IRDeviceParams.cpp:204] @ 0.0066075s :Parameters
DEBUG [IRDeviceParams.cpp:205] @ 0.0066291s :serial: 14110095
DEBUG [IRDeviceParams.cpp:206] @ 0.0066369s :videoformatindex: 0
DEBUG [IRDeviceParams.cpp:207] @ 0.006644s :fov: 0
DEBUG [IRDeviceParams.cpp:208] @ 0.0066514s :optics_text: 0000000000000000
DEBUG [IRDeviceParams.cpp:209] @ 0.0066594s :formatspath: 000002EDBA438F20
DEBUG [IRDeviceParams.cpp:210] @ 0.0066672s :calipath: 000002EDBA422E90
DEBUG [IRDeviceParams.cpp:211] @ 0.0066741s :temperature min: 0
DEBUG [IRDeviceParams.cpp:212] @ 0.0066811s :temperature max: 0
DEBUG [IRDeviceParams.cpp:213] @ 0.0066886s :framerate: 32
DEBUG [IRDeviceParams.cpp:214] @ 0.0066952s :bispectral: 0
DEBUG [IRDeviceParams.cpp:215] @ 0.0067022s :flag automatic: 1
DEBUG [IRDeviceParams.cpp:216] @ 0.0067093s :min interval: 15
DEBUG [IRDeviceParams.cpp:217] @ 0.0067165s :max interval: 0
DEBUG [IRDeviceParams.cpp:218] @ 0.0067234s :chip heating mode: 0
DEBUG [IRDeviceParams.cpp:219] @ 0.0067309s :chip heating fixed val: 40
DEBUG [IRDeviceParams.cpp:220] @ 0.0067386s :focus:  -1
DEBUG [IRDeviceParams.cpp:221] @ 0.0067468s :enable extended temp range: 0
DEBUG [IRDeviceParams.cpp:222] @ 0.0067543s :buffer queue size: 5
DEBUG [IRDeviceParams.cpp:223] @ 0.0067617s :enable high precision: 0
DEBUG [IRDeviceParams.cpp:224] @ 0.0067692s :radialDistortionCorrectionMode: 0
DEBUG [IRDeviceParams.cpp:225] @ 0.0067761s :deviceAPI: 0
DEBUG [IRDeviceParams.cpp:226] @ 0.006783s :useExternalProbeForReferencing: 0
DEBUG [IRDeviceParams.cpp:227] @ 0.0067901s :enableMultiThreading: 0
DEBUG [IRDeviceParams.cpp:232] @ 0.0067982s :ethernetDevice.deviceIpAddress: 0.0.0.0
DEBUG [IRDeviceParams.cpp:233] @ 0.0068049s :ethernetDevice.localUdpPort: 0
DEBUG [IRDeviceParams.cpp:234] @ 0.0068116s :ethernetDevice.checkUdpSenderIp: 1
DEBUG [Cali.cpp:87] @ 0.294548s :Calibration directory path: .\Cali-14110095.xml
DEBUG [Cali.cpp:88] @ 0.294577s :Calibration file name: Cali-14110095.xml
DEBUG [Cali.cpp:98] @ 0.294867s :Calibration data A: 1450 B:400 C:4095 D:1000
INFO [IRImager.cpp:266] @ 0.295853s :Init thermal imager to 14110095 with size: 160x121@120 Hz
DEBUG [Cali.cpp:87] @ 0.296106s :Calibration directory path: .\Cali-14110095.xml
DEBUG [Cali.cpp:88] @ 0.296116s :Calibration file name: Cali-14110095.xml
DEBUG [Cali.cpp:98] @ 0.296323s :Calibration data A: 1450 B:400 C:4095 D:1000
DEBUG [Cali.cpp:87] @ 0.296967s :Calibration directory path: .\Cali-14110095.xml
DEBUG [Cali.cpp:88] @ 0.296979s :Calibration file name: Cali-14110095.xml
DEBUG [Cali.cpp:98] @ 0.297169s :Calibration data A: 1450 B:400 C:4095 D:1000
DEBUG [IRImager.cpp:300] @ 0.29721s :No temperature range configuration specified. Setting default values tMin: -20 , tMax: 100
DEBUG [IRImager.cpp:377] @ 0.297521s :Using HID control interface
DEBUG [IRImager.cpp:417] @ 0.320375s :Initialized HID control interface to device with HW:21 FW:2025
DEBUG [IRImager.cpp:438] @ 0.320432s :Frameconfig - width(in): 160, height(in): 121, interval: 83333, max framerate: 120, HW interval: 0.00833333
DEBUG [Cali.cpp:87] @ 0.320458s :Calibration directory path: .\Cali-14110095.xml
DEBUG [Cali.cpp:88] @ 0.320475s :Calibration file name: Cali-14110095.xml
DEBUG [Cali.cpp:98] @ 0.32107s :Calibration data A: 1450 B:400 C:4095 D:1000
DEBUG [ImageProcessing.cpp:200] @ 0.33681s :Source buffer size: 38720 Width: 160 Height: 121
DEBUG [ImageProcessing.cpp:121] @ 0.403271s :Source buffer size: 38720 Width: 160 Height: 121
DEBUG [OpSource.cpp:376] @ 0.404946s :Using formats path: C:\Program Files (x86)\Optris GmbH\IrDirectSDK\examples\matlab\Formats.def
DEBUG [OpSource.cpp:628] @ 0.405906s :Format found with size: 160
DEBUG [OpSource.cpp:791] @ 0.40623s :Selected Format:"PI160 160x120 @ 120Hz"
DEBUG [IRImager.cpp:844] @ 0.406536s :Caught onFrameInit with size: 160x120
DEBUG [OpSource.cpp:376] @ 0.408082s :Using formats path: C:\Program Files (x86)\Optris GmbH\IrDirectSDK\examples\matlab\Formats.def
DEBUG [OpSource.cpp:628] @ 0.408663s :Format found with size: 160
DEBUG [OpSource.cpp:376] @ 0.409365s :Using formats path: C:\Program Files (x86)\Optris GmbH\IrDirectSDK\examples\matlab\Formats.def
DEBUG [OpCorr.cpp:467] @ 0.422556s :Read cali: .\Cali-14110095.xml\Cali-14110095-48-M20-100.dat
DEBUG [OpCorr.cpp:557] @ 0.423377s :Read calibration of camera no 14110095, # of fields: 6 , start of fields: 40
DEBUG [ImageProcessing.cpp:1108] @ 0.7011s :Update flag temperature: 30.8594
DEBUG [ImageProcessing.cpp:1111] @ 0.709361s :Update box temperature: 28.7891
DEBUG [Cali.cpp:639] @ 0.709406s :Calibration file path: 000002EDA1E407E4/000000F811FECB08.xml
DEBUG [SimpleXML.cpp:238] @ 0.7096s :Failed to open file .\Cali-14110095.xml\CaliExt-14110095.xml
DEBUG [IRImager.cpp:550] @ 0.733973s :Chip heating disabled
DEBUG [IRImager.cpp:1110] @ 0.832515s :Start flag calibration
DEBUG [OpFlag.cpp:591] @ 11.5061s :SkimDiff: -11 Adjust: -1029 State: 1 EMax: 8478 Emin: 2375
DEBUG [ImageProcessing.cpp:526] @ 11.5188s :Skim_Adjust 4015
DEBUG [IRImager.cpp:1124] @ 11.6335s :Finished startup calibration
DEBUG [IRImager.cpp:665] @ 17.3766s :Release imager
DEBUG [BaseControlDevice.cpp:26] @ 17.4351s :Base destructor called
DEBUG [IRImager.cpp:672] @ 17.4352s :Delete image processing
DEBUG [IRImager.cpp:679] @ 17.4461s :Delete buffer
DEBUG [IRImager.cpp:687] @ 17.4461s :Delete source buffer
DEBUG [IRImager.cpp:694] @ 17.4462s :Delete buffer (energy)
DEBUG [IRImager.cpp:701] @ 17.4462s :Delete timer
DEBUG [IRImager.cpp:707] @ 17.4462s :Delete manual timer
