DEBUG [IRLogger.cpp:105] @ 0.0003811s :***************************************************
DEBUG [IRLogger.cpp:106] @ 0.0004559s :* IRImagerDirect SDK                              *
DEBUG [IRLogger.cpp:107] @ 0.0004764s :***************************************************
DEBUG [IRLogger.cpp:113] @ 0.0004922s :* Native Machine:      AMD64
DEBUG [IRLogger.cpp:114] @ 0.0005246s :* Machine:             AMD64
DEBUG [IRLogger.cpp:116] @ 0.0005923s :* OS:                  Windows 10 0 26100
DEBUG [IRLogger.cpp:123] @ 0.0006339s :***************************************************
DEBUG [IRDeviceParams.cpp:204] @ 0.0024932s :Parameters
DEBUG [IRDeviceParams.cpp:205] @ 0.0025137s :serial: 14110095
DEBUG [IRDeviceParams.cpp:206] @ 0.0025215s :videoformatindex: 0
DEBUG [IRDeviceParams.cpp:207] @ 0.0025284s :fov: 0
DEBUG [IRDeviceParams.cpp:208] @ 0.0025354s :optics_text: 0000000000000000
DEBUG [IRDeviceParams.cpp:209] @ 0.0025434s :formatspath: 00000231DC9E49B0
DEBUG [IRDeviceParams.cpp:210] @ 0.0025519s :calipath: 00000231E67D74A0
DEBUG [IRDeviceParams.cpp:211] @ 0.0025585s :temperature min: 0
DEBUG [IRDeviceParams.cpp:212] @ 0.0025655s :temperature max: 0
DEBUG [IRDeviceParams.cpp:213] @ 0.0025729s :framerate: 32
DEBUG [IRDeviceParams.cpp:214] @ 0.0025793s :bispectral: 0
DEBUG [IRDeviceParams.cpp:215] @ 0.0025857s :flag automatic: 1
DEBUG [IRDeviceParams.cpp:216] @ 0.0025923s :min interval: 15
DEBUG [IRDeviceParams.cpp:217] @ 0.0025992s :max interval: 0
DEBUG [IRDeviceParams.cpp:218] @ 0.0026059s :chip heating mode: 0
DEBUG [IRDeviceParams.cpp:219] @ 0.0026126s :chip heating fixed val: 40
DEBUG [IRDeviceParams.cpp:220] @ 0.0026197s :focus:  -1
DEBUG [IRDeviceParams.cpp:221] @ 0.0026276s :enable extended temp range: 0
DEBUG [IRDeviceParams.cpp:222] @ 0.0026342s :buffer queue size: 5
DEBUG [IRDeviceParams.cpp:223] @ 0.0026407s :enable high precision: 0
DEBUG [IRDeviceParams.cpp:224] @ 0.0026475s :radialDistortionCorrectionMode: 0
DEBUG [IRDeviceParams.cpp:225] @ 0.0026544s :deviceAPI: 0
DEBUG [IRDeviceParams.cpp:226] @ 0.0026611s :useExternalProbeForReferencing: 0
DEBUG [IRDeviceParams.cpp:227] @ 0.0026677s :enableMultiThreading: 0
DEBUG [IRDeviceParams.cpp:232] @ 0.0026761s :ethernetDevice.deviceIpAddress: 0.0.0.0
DEBUG [IRDeviceParams.cpp:233] @ 0.0026826s :ethernetDevice.localUdpPort: 0
DEBUG [IRDeviceParams.cpp:234] @ 0.0026892s :ethernetDevice.checkUdpSenderIp: 1
DEBUG [Cali.cpp:87] @ 0.23272s :Calibration directory path: .\Cali-14110095.xml
DEBUG [Cali.cpp:88] @ 0.232758s :Calibration file name: Cali-14110095.xml
DEBUG [Cali.cpp:98] @ 0.233184s :Calibration data A: 1450 B:400 C:4095 D:1000
INFO [IRImager.cpp:266] @ 0.234918s :Init thermal imager to 14110095 with size: 160x121@120 Hz
DEBUG [Cali.cpp:87] @ 0.235395s :Calibration directory path: .\Cali-14110095.xml
DEBUG [Cali.cpp:88] @ 0.235416s :Calibration file name: Cali-14110095.xml
DEBUG [Cali.cpp:98] @ 0.235797s :Calibration data A: 1450 B:400 C:4095 D:1000
DEBUG [Cali.cpp:87] @ 0.236993s :Calibration directory path: .\Cali-14110095.xml
DEBUG [Cali.cpp:88] @ 0.237017s :Calibration file name: Cali-14110095.xml
DEBUG [Cali.cpp:98] @ 0.237425s :Calibration data A: 1450 B:400 C:4095 D:1000
DEBUG [IRImager.cpp:300] @ 0.23751s :No temperature range configuration specified. Setting default values tMin: -20 , tMax: 100
DEBUG [IRImager.cpp:377] @ 0.238151s :Using HID control interface
DEBUG [IRImager.cpp:417] @ 0.258222s :Initialized HID control interface to device with HW:21 FW:2025
DEBUG [IRImager.cpp:438] @ 0.258286s :Frameconfig - width(in): 160, height(in): 121, interval: 83333, max framerate: 120, HW interval: 0.00833333
DEBUG [Cali.cpp:87] @ 0.258336s :Calibration directory path: .\Cali-14110095.xml
DEBUG [Cali.cpp:88] @ 0.258365s :Calibration file name: Cali-14110095.xml
DEBUG [Cali.cpp:98] @ 0.259345s :Calibration data A: 1450 B:400 C:4095 D:1000
DEBUG [ImageProcessing.cpp:200] @ 0.282928s :Source buffer size: 38720 Width: 160 Height: 121
DEBUG [ImageProcessing.cpp:121] @ 0.357551s :Source buffer size: 38720 Width: 160 Height: 121
DEBUG [OpSource.cpp:376] @ 0.359224s :Using formats path: C:\Program Files (x86)\Optris GmbH\IrDirectSDK\examples\matlab\Formats.def
DEBUG [OpSource.cpp:628] @ 0.360214s :Format found with size: 160
DEBUG [OpSource.cpp:791] @ 0.360438s :Selected Format:"PI160 160x120 @ 120Hz"
DEBUG [IRImager.cpp:844] @ 0.360729s :Caught onFrameInit with size: 160x120
DEBUG [OpSource.cpp:376] @ 0.362105s :Using formats path: C:\Program Files (x86)\Optris GmbH\IrDirectSDK\examples\matlab\Formats.def
DEBUG [OpSource.cpp:628] @ 0.362756s :Format found with size: 160
DEBUG [OpSource.cpp:376] @ 0.363797s :Using formats path: C:\Program Files (x86)\Optris GmbH\IrDirectSDK\examples\matlab\Formats.def
DEBUG [OpCorr.cpp:467] @ 0.374455s :Read cali: .\Cali-14110095.xml\Cali-14110095-48-M20-100.dat
DEBUG [OpCorr.cpp:557] @ 0.374597s :Read calibration of camera no 14110095, # of fields: 6 , start of fields: 40
DEBUG [ImageProcessing.cpp:1108] @ 0.671668s :Update flag temperature: 31.9453
DEBUG [ImageProcessing.cpp:1111] @ 0.679844s :Update box temperature: 30.1875
DEBUG [Cali.cpp:639] @ 0.679912s :Calibration file path: 00000231E999FB54/000000B6EE3EC978.xml
DEBUG [SimpleXML.cpp:238] @ 0.680296s :Failed to open file .\Cali-14110095.xml\CaliExt-14110095.xml
DEBUG [IRImager.cpp:550] @ 0.698454s :Chip heating disabled
DEBUG [IRImager.cpp:1110] @ 0.774609s :Start flag calibration
