DEBUG [IRLogger.cpp:105] @ 0.0003369s :***************************************************
DEBUG [IRLogger.cpp:106] @ 0.0004319s :* IRImagerDirect SDK                              *
DEBUG [IRLogger.cpp:107] @ 0.0004533s :***************************************************
DEBUG [IRLogger.cpp:113] @ 0.000469s :* Native Machine:      AMD64
DEBUG [IRLogger.cpp:114] @ 0.0004838s :* Machine:             AMD64
DEBUG [IRLogger.cpp:116] @ 0.0005063s :* OS:                  Windows 10 0 26100
DEBUG [IRLogger.cpp:123] @ 0.0005396s :***************************************************
DEBUG [IRDeviceParams.cpp:204] @ 0.0026981s :Parameters
DEBUG [IRDeviceParams.cpp:205] @ 0.002718s :serial: 14110095
DEBUG [IRDeviceParams.cpp:206] @ 0.0027258s :videoformatindex: 0
DEBUG [IRDeviceParams.cpp:207] @ 0.0027328s :fov: 0
DEBUG [IRDeviceParams.cpp:208] @ 0.0027399s :optics_text: 0000000000000000
DEBUG [IRDeviceParams.cpp:209] @ 0.0027466s :formatspath: 0000029253918040
DEBUG [IRDeviceParams.cpp:210] @ 0.0027542s :calipath: 000002925378E900
DEBUG [IRDeviceParams.cpp:211] @ 0.002761s :temperature min: 0
DEBUG [IRDeviceParams.cpp:212] @ 0.0027681s :temperature max: 0
DEBUG [IRDeviceParams.cpp:213] @ 0.0027757s :framerate: 32
DEBUG [IRDeviceParams.cpp:214] @ 0.0027823s :bispectral: 0
DEBUG [IRDeviceParams.cpp:215] @ 0.0027886s :flag automatic: 1
DEBUG [IRDeviceParams.cpp:216] @ 0.0027953s :min interval: 15
DEBUG [IRDeviceParams.cpp:217] @ 0.0028022s :max interval: 0
DEBUG [IRDeviceParams.cpp:218] @ 0.0028088s :chip heating mode: 0
DEBUG [IRDeviceParams.cpp:219] @ 0.0028516s :chip heating fixed val: 40
DEBUG [IRDeviceParams.cpp:220] @ 0.0028594s :focus:  -1
DEBUG [IRDeviceParams.cpp:221] @ 0.0028674s :enable extended temp range: 0
DEBUG [IRDeviceParams.cpp:222] @ 0.0028745s :buffer queue size: 5
DEBUG [IRDeviceParams.cpp:223] @ 0.002882s :enable high precision: 0
DEBUG [IRDeviceParams.cpp:224] @ 0.0028892s :radialDistortionCorrectionMode: 0
DEBUG [IRDeviceParams.cpp:225] @ 0.0028961s :deviceAPI: 0
DEBUG [IRDeviceParams.cpp:226] @ 0.0029031s :useExternalProbeForReferencing: 0
DEBUG [IRDeviceParams.cpp:227] @ 0.0029098s :enableMultiThreading: 0
DEBUG [IRDeviceParams.cpp:232] @ 0.0029191s :ethernetDevice.deviceIpAddress: 0.0.0.0
DEBUG [IRDeviceParams.cpp:233] @ 0.0029263s :ethernetDevice.localUdpPort: 0
DEBUG [IRDeviceParams.cpp:234] @ 0.0029335s :ethernetDevice.checkUdpSenderIp: 1
DEBUG [Cali.cpp:87] @ 0.312717s :Calibration directory path: .\Cali-14110095.xml
DEBUG [Cali.cpp:88] @ 0.312744s :Calibration file name: Cali-14110095.xml
DEBUG [Cali.cpp:98] @ 0.313069s :Calibration data A: 1450 B:400 C:4095 D:1000
INFO [IRImager.cpp:266] @ 0.314147s :Init thermal imager to 14110095 with size: 160x121@120 Hz
DEBUG [Cali.cpp:87] @ 0.314626s :Calibration directory path: .\Cali-14110095.xml
DEBUG [Cali.cpp:88] @ 0.314644s :Calibration file name: Cali-14110095.xml
DEBUG [Cali.cpp:98] @ 0.314897s :Calibration data A: 1450 B:400 C:4095 D:1000
DEBUG [Cali.cpp:87] @ 0.315678s :Calibration directory path: .\Cali-14110095.xml
DEBUG [Cali.cpp:88] @ 0.315693s :Calibration file name: Cali-14110095.xml
DEBUG [Cali.cpp:98] @ 0.315917s :Calibration data A: 1450 B:400 C:4095 D:1000
DEBUG [IRImager.cpp:300] @ 0.315963s :No temperature range configuration specified. Setting default values tMin: -20 , tMax: 100
DEBUG [IRImager.cpp:377] @ 0.316275s :Using HID control interface
DEBUG [IRImager.cpp:417] @ 0.333725s :Initialized HID control interface to device with HW:21 FW:2025
DEBUG [IRImager.cpp:438] @ 0.333763s :Frameconfig - width(in): 160, height(in): 121, interval: 83333, max framerate: 120, HW interval: 0.00833333
DEBUG [Cali.cpp:87] @ 0.333781s :Calibration directory path: .\Cali-14110095.xml
DEBUG [Cali.cpp:88] @ 0.333788s :Calibration file name: Cali-14110095.xml
DEBUG [Cali.cpp:98] @ 0.334092s :Calibration data A: 1450 B:400 C:4095 D:1000
DEBUG [ImageProcessing.cpp:200] @ 0.358447s :Source buffer size: 38720 Width: 160 Height: 121
DEBUG [ImageProcessing.cpp:121] @ 0.424518s :Source buffer size: 38720 Width: 160 Height: 121
DEBUG [OpSource.cpp:376] @ 0.424738s :Using formats path: C:\Program Files (x86)\Optris GmbH\IrDirectSDK\examples\matlab\Formats.def
DEBUG [OpSource.cpp:628] @ 0.424846s :Format found with size: 160
DEBUG [OpSource.cpp:791] @ 0.424868s :Selected Format:"PI160 160x120 @ 120Hz"
DEBUG [IRImager.cpp:844] @ 0.424905s :Caught onFrameInit with size: 160x120
DEBUG [OpSource.cpp:376] @ 0.425051s :Using formats path: C:\Program Files (x86)\Optris GmbH\IrDirectSDK\examples\matlab\Formats.def
DEBUG [OpSource.cpp:628] @ 0.425113s :Format found with size: 160
DEBUG [OpSource.cpp:376] @ 0.425226s :Using formats path: C:\Program Files (x86)\Optris GmbH\IrDirectSDK\examples\matlab\Formats.def
DEBUG [OpCorr.cpp:467] @ 0.443524s :Read cali: .\Cali-14110095.xml\Cali-14110095-48-M20-100.dat
DEBUG [OpCorr.cpp:557] @ 0.444269s :Read calibration of camera no 14110095, # of fields: 6 , start of fields: 40
DEBUG [ImageProcessing.cpp:1108] @ 0.747456s :Update flag temperature: 29.625
DEBUG [ImageProcessing.cpp:1111] @ 0.755824s :Update box temperature: 27.6016
DEBUG [Cali.cpp:639] @ 0.75589s :Calibration file path: 0000029254060824/000000C8437ECCA8.xml
DEBUG [SimpleXML.cpp:238] @ 0.756234s :Failed to open file .\Cali-14110095.xml\CaliExt-14110095.xml
DEBUG [IRImager.cpp:550] @ 0.781084s :Chip heating disabled
DEBUG [IRImager.cpp:1110] @ 0.89964s :Start flag calibration
DEBUG [OpFlag.cpp:591] @ 11.571s :SkimDiff: -11 Adjust: -1095 State: 1 EMax: 8296 Emin: 2309
DEBUG [ImageProcessing.cpp:526] @ 11.5822s :Skim_Adjust 4015
DEBUG [IRImager.cpp:1124] @ 11.6993s :Finished startup calibration
DEBUG [IRImager.cpp:1175] @ 26.4197s :Automatic control of shutter flag
DEBUG [OpFlag.cpp:591] @ 26.5802s :SkimDiff: -5 Adjust: -464 State: 1 EMax: 8923 Emin: 2940
DEBUG [ImageProcessing.cpp:526] @ 26.5939s :Skim_Adjust 4014
DEBUG [IRImager.cpp:1175] @ 180.036s :Automatic control of shutter flag
DEBUG [OpFlag.cpp:591] @ 180.199s :SkimDiff: -4 Adjust: -391 State: 1 EMax: 8989 Emin: 3013
DEBUG [ImageProcessing.cpp:526] @ 180.224s :Skim_Adjust 4013
DEBUG [IRImager.cpp:665] @ 229.622s :Release imager
DEBUG [BaseControlDevice.cpp:26] @ 229.679s :Base destructor called
DEBUG [IRImager.cpp:672] @ 229.679s :Delete image processing
DEBUG [IRImager.cpp:679] @ 229.693s :Delete buffer
DEBUG [IRImager.cpp:687] @ 229.693s :Delete source buffer
DEBUG [IRImager.cpp:694] @ 229.693s :Delete buffer (energy)
DEBUG [IRImager.cpp:701] @ 229.693s :Delete timer
DEBUG [IRImager.cpp:707] @ 229.693s :Delete manual timer
