DEBUG [IRLogger.cpp:105] @ 0.0003309s :***************************************************
DEBUG [IRLogger.cpp:106] @ 0.0004002s :* IRImagerDirect SDK                              *
DEBUG [IRLogger.cpp:107] @ 0.0004189s :***************************************************
DEBUG [IRLogger.cpp:113] @ 0.0004326s :* Native Machine:      AMD64
DEBUG [IRLogger.cpp:114] @ 0.0004442s :* Machine:             AMD64
DEBUG [IRLogger.cpp:116] @ 0.0004626s :* OS:                  Windows 10 0 26100
DEBUG [IRLogger.cpp:123] @ 0.0004731s :***************************************************
DEBUG [IRDeviceParams.cpp:204] @ 0.0022736s :Parameters
DEBUG [IRDeviceParams.cpp:205] @ 0.0022927s :serial: 14110095
DEBUG [IRDeviceParams.cpp:206] @ 0.002341s :videoformatindex: 0
DEBUG [IRDeviceParams.cpp:207] @ 0.0023502s :fov: 0
DEBUG [IRDeviceParams.cpp:208] @ 0.0023588s :optics_text: 0000000000000000
DEBUG [IRDeviceParams.cpp:209] @ 0.0023668s :formatspath: 00000213CE50F660
DEBUG [IRDeviceParams.cpp:210] @ 0.0023757s :calipath: 00000213CE899220
DEBUG [IRDeviceParams.cpp:211] @ 0.0023832s :temperature min: 0
DEBUG [IRDeviceParams.cpp:212] @ 0.0023904s :temperature max: 0
DEBUG [IRDeviceParams.cpp:213] @ 0.002399s :framerate: 32
DEBUG [IRDeviceParams.cpp:214] @ 0.0024064s :bispectral: 0
DEBUG [IRDeviceParams.cpp:215] @ 0.0024139s :flag automatic: 1
DEBUG [IRDeviceParams.cpp:216] @ 0.0024221s :min interval: 15
DEBUG [IRDeviceParams.cpp:217] @ 0.0024301s :max interval: 0
DEBUG [IRDeviceParams.cpp:218] @ 0.0024379s :chip heating mode: 0
DEBUG [IRDeviceParams.cpp:219] @ 0.0024456s :chip heating fixed val: 40
DEBUG [IRDeviceParams.cpp:220] @ 0.0024535s :focus:  -1
DEBUG [IRDeviceParams.cpp:221] @ 0.0024622s :enable extended temp range: 0
DEBUG [IRDeviceParams.cpp:222] @ 0.0024697s :buffer queue size: 5
DEBUG [IRDeviceParams.cpp:223] @ 0.0024774s :enable high precision: 0
DEBUG [IRDeviceParams.cpp:224] @ 0.002485s :radialDistortionCorrectionMode: 0
DEBUG [IRDeviceParams.cpp:225] @ 0.0024931s :deviceAPI: 0
DEBUG [IRDeviceParams.cpp:226] @ 0.0025053s :useExternalProbeForReferencing: 0
DEBUG [IRDeviceParams.cpp:227] @ 0.002514s :enableMultiThreading: 0
DEBUG [IRDeviceParams.cpp:232] @ 0.0025241s :ethernetDevice.deviceIpAddress: 0.0.0.0
DEBUG [IRDeviceParams.cpp:233] @ 0.0025326s :ethernetDevice.localUdpPort: 0
DEBUG [IRDeviceParams.cpp:234] @ 0.0026506s :ethernetDevice.checkUdpSenderIp: 1
DEBUG [Cali.cpp:87] @ 0.278737s :Calibration directory path: .\Cali-14110095.xml
DEBUG [Cali.cpp:88] @ 0.278766s :Calibration file name: Cali-14110095.xml
DEBUG [Cali.cpp:98] @ 0.279044s :Calibration data A: 1450 B:400 C:4095 D:1000
INFO [IRImager.cpp:266] @ 0.280045s :Init thermal imager to 14110095 with size: 160x121@120 Hz
DEBUG [Cali.cpp:87] @ 0.280313s :Calibration directory path: .\Cali-14110095.xml
DEBUG [Cali.cpp:88] @ 0.280324s :Calibration file name: Cali-14110095.xml
DEBUG [Cali.cpp:98] @ 0.280538s :Calibration data A: 1450 B:400 C:4095 D:1000
DEBUG [Cali.cpp:87] @ 0.28122s :Calibration directory path: .\Cali-14110095.xml
DEBUG [Cali.cpp:88] @ 0.281233s :Calibration file name: Cali-14110095.xml
DEBUG [Cali.cpp:98] @ 0.281435s :Calibration data A: 1450 B:400 C:4095 D:1000
DEBUG [IRImager.cpp:300] @ 0.281489s :No temperature range configuration specified. Setting default values tMin: -20 , tMax: 100
DEBUG [IRImager.cpp:377] @ 0.281854s :Using HID control interface
DEBUG [IRImager.cpp:417] @ 0.300188s :Initialized HID control interface to device with HW:21 FW:2025
DEBUG [IRImager.cpp:438] @ 0.300297s :Frameconfig - width(in): 160, height(in): 121, interval: 83333, max framerate: 120, HW interval: 0.00833333
DEBUG [Cali.cpp:87] @ 0.300346s :Calibration directory path: .\Cali-14110095.xml
DEBUG [Cali.cpp:88] @ 0.300373s :Calibration file name: Cali-14110095.xml
DEBUG [Cali.cpp:98] @ 0.301382s :Calibration data A: 1450 B:400 C:4095 D:1000
DEBUG [ImageProcessing.cpp:200] @ 0.321497s :Source buffer size: 38720 Width: 160 Height: 121
DEBUG [ImageProcessing.cpp:121] @ 0.39333s :Source buffer size: 38720 Width: 160 Height: 121
DEBUG [OpSource.cpp:376] @ 0.395386s :Using formats path: C:\Program Files (x86)\Optris GmbH\IrDirectSDK\examples\matlab\Formats.def
DEBUG [OpSource.cpp:628] @ 0.39652s :Format found with size: 160
DEBUG [OpSource.cpp:791] @ 0.396761s :Selected Format:"PI160 160x120 @ 120Hz"
DEBUG [IRImager.cpp:844] @ 0.397161s :Caught onFrameInit with size: 160x120
DEBUG [OpSource.cpp:376] @ 0.398609s :Using formats path: C:\Program Files (x86)\Optris GmbH\IrDirectSDK\examples\matlab\Formats.def
DEBUG [OpSource.cpp:628] @ 0.399329s :Format found with size: 160
DEBUG [OpSource.cpp:376] @ 0.400217s :Using formats path: C:\Program Files (x86)\Optris GmbH\IrDirectSDK\examples\matlab\Formats.def
DEBUG [OpCorr.cpp:467] @ 0.409489s :Read cali: .\Cali-14110095.xml\Cali-14110095-48-M20-100.dat
DEBUG [OpCorr.cpp:557] @ 0.410265s :Read calibration of camera no 14110095, # of fields: 6 , start of fields: 40
DEBUG [ImageProcessing.cpp:1108] @ 0.701396s :Update flag temperature: 31.9844
DEBUG [ImageProcessing.cpp:1111] @ 0.708629s :Update box temperature: 30.2109
DEBUG [Cali.cpp:639] @ 0.70871s :Calibration file path: 00000213CDF13094/0000005F7E7EC798.xml
DEBUG [SimpleXML.cpp:238] @ 0.709076s :Failed to open file .\Cali-14110095.xml\CaliExt-14110095.xml
DEBUG [IRImager.cpp:550] @ 0.726199s :Chip heating disabled
DEBUG [IRImager.cpp:1110] @ 0.87642s :Start flag calibration
DEBUG [OpFlag.cpp:591] @ 11.5487s :SkimDiff: -9 Adjust: -817 State: 1 EMax: 8692 Emin: 2587
DEBUG [ImageProcessing.cpp:526] @ 11.5622s :Skim_Adjust 4025
DEBUG [IRImager.cpp:1124] @ 11.6772s :Finished startup calibration
DEBUG [IRImager.cpp:1175] @ 26.3967s :Automatic control of shutter flag
DEBUG [OpFlag.cpp:591] @ 26.5569s :SkimDiff: -8 Adjust: -783 State: 1 EMax: 8736 Emin: 2621
DEBUG [ImageProcessing.cpp:526] @ 26.5701s :Skim_Adjust 4024
DEBUG [IRImager.cpp:1175] @ 41.4035s :Automatic control of shutter flag
DEBUG [OpFlag.cpp:591] @ 41.5654s :SkimDiff: -8 Adjust: -752 State: 1 EMax: 8789 Emin: 2652
DEBUG [ImageProcessing.cpp:526] @ 41.5779s :Skim_Adjust 4023
DEBUG [IRImager.cpp:1175] @ 61.1001s :Automatic control of shutter flag
DEBUG [OpFlag.cpp:591] @ 61.261s :SkimDiff: -7 Adjust: -700 State: 1 EMax: 8834 Emin: 2704
DEBUG [ImageProcessing.cpp:526] @ 61.2737s :Skim_Adjust 4022
DEBUG [IRImager.cpp:1175] @ 86.1557s :Automatic control of shutter flag
DEBUG [OpFlag.cpp:591] @ 86.3171s :SkimDiff: -7 Adjust: -647 State: 1 EMax: 8908 Emin: 2757
DEBUG [ImageProcessing.cpp:526] @ 86.3291s :Skim_Adjust 4021
DEBUG [IRImager.cpp:1175] @ 117.613s :Automatic control of shutter flag
DEBUG [OpFlag.cpp:591] @ 117.789s :SkimDiff: -6 Adjust: -600 State: 1 EMax: 8977 Emin: 2804
DEBUG [ImageProcessing.cpp:526] @ 117.801s :Skim_Adjust 4020
DEBUG [IRImager.cpp:1175] @ 146.812s :Automatic control of shutter flag
DEBUG [OpFlag.cpp:591] @ 146.99s :SkimDiff: -6 Adjust: -540 State: 1 EMax: 9035 Emin: 2864
DEBUG [ImageProcessing.cpp:526] @ 147.003s :Skim_Adjust 4019
DEBUG [IRImager.cpp:1175] @ 224.524s :Automatic control of shutter flag
DEBUG [OpFlag.cpp:591] @ 224.702s :SkimDiff: -5 Adjust: -479 State: 1 EMax: 9102 Emin: 2925
DEBUG [ImageProcessing.cpp:526] @ 224.716s :Skim_Adjust 4018
DEBUG [IRImager.cpp:1175] @ 287.02s :Automatic control of shutter flag
DEBUG [OpFlag.cpp:591] @ 287.182s :SkimDiff: -5 Adjust: -420 State: 1 EMax: 9166 Emin: 2984
DEBUG [ImageProcessing.cpp:526] @ 287.196s :Skim_Adjust 4017
DEBUG [IRImager.cpp:1175] @ 387.676s :Automatic control of shutter flag
DEBUG [OpFlag.cpp:591] @ 387.853s :SkimDiff: -4 Adjust: -350 State: 1 EMax: 9236 Emin: 3054
DEBUG [ImageProcessing.cpp:526] @ 387.867s :Skim_Adjust 4016
DEBUG [IRImager.cpp:1175] @ 427.579s :Automatic control of shutter flag
DEBUG [OpFlag.cpp:591] @ 427.756s :SkimDiff: -3 Adjust: -290 State: 1 EMax: 9301 Emin: 3114
DEBUG [ImageProcessing.cpp:526] @ 427.782s :Skim_Adjust 4015
DEBUG [IRImager.cpp:665] @ 454.457s :Release imager
DEBUG [BaseControlDevice.cpp:26] @ 454.512s :Base destructor called
DEBUG [IRImager.cpp:672] @ 454.512s :Delete image processing
DEBUG [IRImager.cpp:679] @ 454.52s :Delete buffer
DEBUG [IRImager.cpp:687] @ 454.52s :Delete source buffer
DEBUG [IRImager.cpp:694] @ 454.52s :Delete buffer (energy)
DEBUG [IRImager.cpp:701] @ 454.52s :Delete timer
DEBUG [IRImager.cpp:707] @ 454.52s :Delete manual timer
