DEBUG [IRLogger.cpp:105] @ 0.0005682s :***************************************************
DEBUG [IRLogger.cpp:106] @ 0.0008157s :* IRImagerDirect SDK                              *
DEBUG [IRLogger.cpp:107] @ 0.0009084s :***************************************************
DEBUG [IRLogger.cpp:113] @ 0.0010828s :* Native Machine:      AMD64
DEBUG [IRLogger.cpp:114] @ 0.0011182s :* Machine:             AMD64
DEBUG [IRLogger.cpp:116] @ 0.0011581s :* OS:                  Windows 10 0 26100
DEBUG [IRLogger.cpp:123] @ 0.0011789s :***************************************************
DEBUG [IRDeviceParams.cpp:204] @ 0.002106s :Parameters
DEBUG [IRDeviceParams.cpp:205] @ 0.0021392s :serial: 14110095
DEBUG [IRDeviceParams.cpp:206] @ 0.002154s :videoformatindex: 0
DEBUG [IRDeviceParams.cpp:207] @ 0.002169s :fov: 0
DEBUG [IRDeviceParams.cpp:208] @ 0.0021828s :optics_text: 0000000000000000
DEBUG [IRDeviceParams.cpp:209] @ 0.0021964s :formatspath: 000001CDF2E193C0
DEBUG [IRDeviceParams.cpp:210] @ 0.002213s :calipath: 000001CDFD636350
DEBUG [IRDeviceParams.cpp:211] @ 0.0022278s :temperature min: 0
DEBUG [IRDeviceParams.cpp:212] @ 0.0022401s :temperature max: 0
DEBUG [IRDeviceParams.cpp:213] @ 0.0022541s :framerate: 32
DEBUG [IRDeviceParams.cpp:214] @ 0.0022665s :bispectral: 0
DEBUG [IRDeviceParams.cpp:215] @ 0.0022789s :flag automatic: 1
DEBUG [IRDeviceParams.cpp:216] @ 0.002293s :min interval: 15
DEBUG [IRDeviceParams.cpp:217] @ 0.0023078s :max interval: 0
DEBUG [IRDeviceParams.cpp:218] @ 0.0023206s :chip heating mode: 0
DEBUG [IRDeviceParams.cpp:219] @ 0.0023343s :chip heating fixed val: 40
DEBUG [IRDeviceParams.cpp:220] @ 0.0023481s :focus:  -1
DEBUG [IRDeviceParams.cpp:221] @ 0.0023635s :enable extended temp range: 0
DEBUG [IRDeviceParams.cpp:222] @ 0.0023766s :buffer queue size: 5
DEBUG [IRDeviceParams.cpp:223] @ 0.0023889s :enable high precision: 0
DEBUG [IRDeviceParams.cpp:224] @ 0.0024015s :radialDistortionCorrectionMode: 0
DEBUG [IRDeviceParams.cpp:225] @ 0.0024141s :deviceAPI: 0
DEBUG [IRDeviceParams.cpp:226] @ 0.0024265s :useExternalProbeForReferencing: 0
DEBUG [IRDeviceParams.cpp:227] @ 0.0024385s :enableMultiThreading: 0
DEBUG [IRDeviceParams.cpp:232] @ 0.0024536s :ethernetDevice.deviceIpAddress: 0.0.0.0
DEBUG [IRDeviceParams.cpp:233] @ 0.0024659s :ethernetDevice.localUdpPort: 0
DEBUG [IRDeviceParams.cpp:234] @ 0.0024783s :ethernetDevice.checkUdpSenderIp: 1
DEBUG [Cali.cpp:87] @ 0.392331s :Calibration directory path: .\Cali-14110095.xml
DEBUG [Cali.cpp:88] @ 0.392391s :Calibration file name: Cali-14110095.xml
DEBUG [Cali.cpp:98] @ 0.393095s :Calibration data A: 1450 B:400 C:4095 D:1000
INFO [IRImager.cpp:266] @ 0.395524s :Init thermal imager to 14110095 with size: 160x121@120 Hz
DEBUG [Cali.cpp:87] @ 0.396153s :Calibration directory path: .\Cali-14110095.xml
DEBUG [Cali.cpp:88] @ 0.39618s :Calibration file name: Cali-14110095.xml
DEBUG [Cali.cpp:98] @ 0.3967s :Calibration data A: 1450 B:400 C:4095 D:1000
DEBUG [Cali.cpp:87] @ 0.398097s :Calibration directory path: .\Cali-14110095.xml
DEBUG [Cali.cpp:88] @ 0.398125s :Calibration file name: Cali-14110095.xml
DEBUG [Cali.cpp:98] @ 0.398518s :Calibration data A: 1450 B:400 C:4095 D:1000
DEBUG [IRImager.cpp:300] @ 0.398608s :No temperature range configuration specified. Setting default values tMin: -20 , tMax: 100
DEBUG [IRImager.cpp:377] @ 0.399154s :Using HID control interface
DEBUG [IRImager.cpp:417] @ 0.425045s :Initialized HID control interface to device with HW:21 FW:2025
DEBUG [IRImager.cpp:438] @ 0.425124s :Frameconfig - width(in): 160, height(in): 121, interval: 83333, max framerate: 120, HW interval: 0.00833333
DEBUG [Cali.cpp:87] @ 0.425157s :Calibration directory path: .\Cali-14110095.xml
DEBUG [Cali.cpp:88] @ 0.425174s :Calibration file name: Cali-14110095.xml
DEBUG [Cali.cpp:98] @ 0.425943s :Calibration data A: 1450 B:400 C:4095 D:1000
DEBUG [ImageProcessing.cpp:200] @ 0.450001s :Source buffer size: 38720 Width: 160 Height: 121
DEBUG [ImageProcessing.cpp:121] @ 0.524294s :Source buffer size: 38720 Width: 160 Height: 121
DEBUG [OpSource.cpp:376] @ 0.525466s :Using formats path: C:\Program Files (x86)\Optris GmbH\IrDirectSDK\examples\matlab\Formats.def
DEBUG [OpSource.cpp:628] @ 0.526681s :Format found with size: 160
DEBUG [OpSource.cpp:791] @ 0.526882s :Selected Format:"PI160 160x120 @ 120Hz"
DEBUG [IRImager.cpp:844] @ 0.527454s :Caught onFrameInit with size: 160x120
DEBUG [OpSource.cpp:376] @ 0.528445s :Using formats path: C:\Program Files (x86)\Optris GmbH\IrDirectSDK\examples\matlab\Formats.def
DEBUG [OpSource.cpp:628] @ 0.528863s :Format found with size: 160
DEBUG [OpSource.cpp:376] @ 0.529309s :Using formats path: C:\Program Files (x86)\Optris GmbH\IrDirectSDK\examples\matlab\Formats.def
DEBUG [OpCorr.cpp:467] @ 0.533796s :Read cali: .\Cali-14110095.xml\Cali-14110095-48-M20-100.dat
DEBUG [OpCorr.cpp:557] @ 0.534301s :Read calibration of camera no 14110095, # of fields: 6 , start of fields: 40
DEBUG [ImageProcessing.cpp:1108] @ 0.838742s :Update flag temperature: 30.9062
DEBUG [ImageProcessing.cpp:1111] @ 0.84703s :Update box temperature: 28.8359
DEBUG [Cali.cpp:639] @ 0.847145s :Calibration file path: 000001CDE0DB5F34/0000004E4C1EC818.xml
DEBUG [SimpleXML.cpp:238] @ 0.847671s :Failed to open file .\Cali-14110095.xml\CaliExt-14110095.xml
DEBUG [IRImager.cpp:550] @ 0.863764s :Chip heating disabled
DEBUG [IRImager.cpp:1110] @ 0.965917s :Start flag calibration
DEBUG [OpFlag.cpp:591] @ 11.6366s :SkimDiff: -10 Adjust: -988 State: 1 EMax: 8499 Emin: 2416
DEBUG [ImageProcessing.cpp:526] @ 11.6475s :Skim_Adjust 4016
DEBUG [IRImager.cpp:1124] @ 11.7646s :Finished startup calibration
DEBUG [IRImager.cpp:1175] @ 26.4864s :Automatic control of shutter flag
DEBUG [OpFlag.cpp:591] @ 26.6473s :SkimDiff: -5 Adjust: -408 State: 1 EMax: 9071 Emin: 2996
DEBUG [ImageProcessing.cpp:526] @ 26.6606s :Skim_Adjust 4015
DEBUG [IRImager.cpp:665] @ 65.7588s :Release imager
DEBUG [BaseControlDevice.cpp:26] @ 65.8157s :Base destructor called
DEBUG [IRImager.cpp:672] @ 65.8158s :Delete image processing
DEBUG [IRImager.cpp:679] @ 65.8265s :Delete buffer
DEBUG [IRImager.cpp:687] @ 65.8267s :Delete source buffer
DEBUG [IRImager.cpp:694] @ 65.8267s :Delete buffer (energy)
DEBUG [IRImager.cpp:701] @ 65.8268s :Delete timer
DEBUG [IRImager.cpp:707] @ 65.8268s :Delete manual timer
