DEBUG [IRLogger.cpp:105] @ 0.0003145s :***************************************************
DEBUG [IRLogger.cpp:106] @ 0.000391s :* IRImagerDirect SDK                              *
DEBUG [IRLogger.cpp:107] @ 0.0004135s :***************************************************
DEBUG [IRLogger.cpp:113] @ 0.0004284s :* Native Machine:      AMD64
DEBUG [IRLogger.cpp:114] @ 0.0004419s :* Machine:             AMD64
DEBUG [IRLogger.cpp:116] @ 0.0004643s :* OS:                  Windows 10 0 26100
DEBUG [IRLogger.cpp:123] @ 0.0005s :***************************************************
DEBUG [IRDeviceParams.cpp:204] @ 0.0009638s :Parameters
DEBUG [IRDeviceParams.cpp:205] @ 0.0011457s :serial: 14110095
DEBUG [IRDeviceParams.cpp:206] @ 0.0011566s :videoformatindex: 0
DEBUG [IRDeviceParams.cpp:207] @ 0.001165s :fov: 0
DEBUG [IRDeviceParams.cpp:208] @ 0.0011732s :optics_text: 0000000000000000
DEBUG [IRDeviceParams.cpp:209] @ 0.0011808s :formatspath: 000002543ABDCA80
DEBUG [IRDeviceParams.cpp:210] @ 0.0011894s :calipath: 00000254450E24C0
DEBUG [IRDeviceParams.cpp:211] @ 0.0011982s :temperature min: 0
DEBUG [IRDeviceParams.cpp:212] @ 0.0012056s :temperature max: 0
DEBUG [IRDeviceParams.cpp:213] @ 0.001214s :framerate: 32
DEBUG [IRDeviceParams.cpp:214] @ 0.001222s :bispectral: 0
DEBUG [IRDeviceParams.cpp:215] @ 0.0012293s :flag automatic: 1
DEBUG [IRDeviceParams.cpp:216] @ 0.001238s :min interval: 15
DEBUG [IRDeviceParams.cpp:217] @ 0.0012458s :max interval: 0
DEBUG [IRDeviceParams.cpp:218] @ 0.0012533s :chip heating mode: 0
DEBUG [IRDeviceParams.cpp:219] @ 0.001261s :chip heating fixed val: 40
DEBUG [IRDeviceParams.cpp:220] @ 0.0012694s :focus:  -1
DEBUG [IRDeviceParams.cpp:221] @ 0.0012782s :enable extended temp range: 0
DEBUG [IRDeviceParams.cpp:222] @ 0.0012864s :buffer queue size: 5
DEBUG [IRDeviceParams.cpp:223] @ 0.0012944s :enable high precision: 0
DEBUG [IRDeviceParams.cpp:224] @ 0.0013026s :radialDistortionCorrectionMode: 0
DEBUG [IRDeviceParams.cpp:225] @ 0.001313s :deviceAPI: 0
DEBUG [IRDeviceParams.cpp:226] @ 0.0013237s :useExternalProbeForReferencing: 0
DEBUG [IRDeviceParams.cpp:227] @ 0.0013318s :enableMultiThreading: 0
DEBUG [IRDeviceParams.cpp:232] @ 0.0013715s :ethernetDevice.deviceIpAddress: 0.0.0.0
DEBUG [IRDeviceParams.cpp:233] @ 0.0013797s :ethernetDevice.localUdpPort: 0
DEBUG [IRDeviceParams.cpp:234] @ 0.0013912s :ethernetDevice.checkUdpSenderIp: 1
DEBUG [Cali.cpp:87] @ 0.298015s :Calibration directory path: .\Cali-14110095.xml
DEBUG [Cali.cpp:88] @ 0.298051s :Calibration file name: Cali-14110095.xml
DEBUG [Cali.cpp:98] @ 0.298493s :Calibration data A: 1450 B:400 C:4095 D:1000
INFO [IRImager.cpp:266] @ 0.553857s :Init thermal imager to 14110095 with size: 160x121@120 Hz
DEBUG [Cali.cpp:87] @ 0.554222s :Calibration directory path: .\Cali-14110095.xml
DEBUG [Cali.cpp:88] @ 0.554238s :Calibration file name: Cali-14110095.xml
DEBUG [Cali.cpp:98] @ 0.554544s :Calibration data A: 1450 B:400 C:4095 D:1000
DEBUG [Cali.cpp:87] @ 0.555447s :Calibration directory path: .\Cali-14110095.xml
DEBUG [Cali.cpp:88] @ 0.555468s :Calibration file name: Cali-14110095.xml
DEBUG [Cali.cpp:98] @ 0.555724s :Calibration data A: 1450 B:400 C:4095 D:1000
DEBUG [IRImager.cpp:300] @ 0.555783s :No temperature range configuration specified. Setting default values tMin: -20 , tMax: 100
DEBUG [IRImager.cpp:377] @ 0.556261s :Using HID control interface
DEBUG [IRImager.cpp:417] @ 0.579134s :Initialized HID control interface to device with HW:21 FW:2025
DEBUG [IRImager.cpp:438] @ 0.579166s :Frameconfig - width(in): 160, height(in): 121, interval: 83333, max framerate: 120, HW interval: 0.00833333
DEBUG [Cali.cpp:87] @ 0.57918s :Calibration directory path: .\Cali-14110095.xml
DEBUG [Cali.cpp:88] @ 0.579188s :Calibration file name: Cali-14110095.xml
DEBUG [Cali.cpp:98] @ 0.57948s :Calibration data A: 1450 B:400 C:4095 D:1000
DEBUG [ImageProcessing.cpp:200] @ 0.603989s :Source buffer size: 38720 Width: 160 Height: 121
DEBUG [ImageProcessing.cpp:121] @ 0.678665s :Source buffer size: 38720 Width: 160 Height: 121
DEBUG [OpSource.cpp:376] @ 0.680416s :Using formats path: C:\Program Files (x86)\Optris GmbH\IrDirectSDK\examples\matlab\Formats.def
DEBUG [OpSource.cpp:628] @ 0.68136s :Format found with size: 160
DEBUG [OpSource.cpp:791] @ 0.681829s :Selected Format:"PI160 160x120 @ 120Hz"
DEBUG [IRImager.cpp:844] @ 0.682378s :Caught onFrameInit with size: 160x120
DEBUG [OpSource.cpp:376] @ 0.683264s :Using formats path: C:\Program Files (x86)\Optris GmbH\IrDirectSDK\examples\matlab\Formats.def
DEBUG [OpSource.cpp:628] @ 0.68372s :Format found with size: 160
DEBUG [OpSource.cpp:376] @ 0.684349s :Using formats path: C:\Program Files (x86)\Optris GmbH\IrDirectSDK\examples\matlab\Formats.def
DEBUG [OpCorr.cpp:467] @ 0.697246s :Read cali: .\Cali-14110095.xml\Cali-14110095-48-M20-100.dat
DEBUG [OpCorr.cpp:557] @ 0.698062s :Read calibration of camera no 14110095, # of fields: 6 , start of fields: 40
DEBUG [ImageProcessing.cpp:1108] @ 1.02612s :Update flag temperature: 30.5391
DEBUG [ImageProcessing.cpp:1111] @ 1.03429s :Update box temperature: 28.9531
DEBUG [Cali.cpp:639] @ 1.03442s :Calibration file path: 0000025445270494/000000A080FEC548.xml
DEBUG [SimpleXML.cpp:238] @ 1.0351s :Failed to open file .\Cali-14110095.xml\CaliExt-14110095.xml
DEBUG [IRImager.cpp:550] @ 1.05001s :Chip heating disabled
DEBUG [IRImager.cpp:1110] @ 1.11664s :Start flag calibration
DEBUG [OpFlag.cpp:591] @ 11.7894s :SkimDiff: -9 Adjust: -832 State: 1 EMax: 8513 Emin: 2572
DEBUG [ImageProcessing.cpp:526] @ 11.8016s :Skim_Adjust 4025
DEBUG [IRImager.cpp:1124] @ 11.9178s :Finished startup calibration
DEBUG [IRImager.cpp:1175] @ 26.6369s :Automatic control of shutter flag
DEBUG [OpFlag.cpp:591] @ 26.7973s :SkimDiff: -9 Adjust: -847 State: 1 EMax: 8543 Emin: 2557
DEBUG [ImageProcessing.cpp:526] @ 26.8102s :Skim_Adjust 4024
DEBUG [IRImager.cpp:1175] @ 41.6445s :Automatic control of shutter flag
DEBUG [OpFlag.cpp:591] @ 41.8053s :SkimDiff: -9 Adjust: -822 State: 1 EMax: 8583 Emin: 2582
DEBUG [ImageProcessing.cpp:526] @ 41.8175s :Skim_Adjust 4023
DEBUG [IRImager.cpp:1175] @ 56.6518s :Automatic control of shutter flag
DEBUG [OpFlag.cpp:591] @ 56.8125s :SkimDiff: -8 Adjust: -774 State: 1 EMax: 8633 Emin: 2630
DEBUG [ImageProcessing.cpp:526] @ 56.8246s :Skim_Adjust 4022
DEBUG [IRImager.cpp:1175] @ 71.6612s :Automatic control of shutter flag
DEBUG [OpFlag.cpp:591] @ 71.8215s :SkimDiff: -8 Adjust: -727 State: 1 EMax: 8696 Emin: 2677
DEBUG [ImageProcessing.cpp:526] @ 71.8461s :Skim_Adjust 4021
DEBUG [IRImager.cpp:1175] @ 89.0051s :Automatic control of shutter flag
DEBUG [OpFlag.cpp:591] @ 89.1651s :SkimDiff: -7 Adjust: -673 State: 1 EMax: 8752 Emin: 2731
DEBUG [ImageProcessing.cpp:526] @ 89.1801s :Skim_Adjust 4020
DEBUG [IRImager.cpp:1175] @ 116.38s :Automatic control of shutter flag
DEBUG [OpFlag.cpp:591] @ 116.556s :SkimDiff: -7 Adjust: -625 State: 1 EMax: 8823 Emin: 2779
DEBUG [ImageProcessing.cpp:526] @ 116.567s :Skim_Adjust 4019
DEBUG [IRImager.cpp:1175] @ 149.884s :Automatic control of shutter flag
DEBUG [OpFlag.cpp:591] @ 150.06s :SkimDiff: -6 Adjust: -563 State: 1 EMax: 8887 Emin: 2841
DEBUG [ImageProcessing.cpp:526] @ 150.079s :Skim_Adjust 4018
DEBUG [IRImager.cpp:1175] @ 177.965s :Automatic control of shutter flag
DEBUG [OpFlag.cpp:591] @ 178.127s :SkimDiff: -6 Adjust: -501 State: 1 EMax: 8956 Emin: 2903
DEBUG [ImageProcessing.cpp:526] @ 178.148s :Skim_Adjust 4017
DEBUG [IRImager.cpp:1175] @ 197.373s :Automatic control of shutter flag
DEBUG [OpFlag.cpp:591] @ 197.55s :SkimDiff: -5 Adjust: -443 State: 1 EMax: 9021 Emin: 2961
DEBUG [ImageProcessing.cpp:526] @ 197.564s :Skim_Adjust 4016
DEBUG [IRImager.cpp:1175] @ 215.101s :Automatic control of shutter flag
DEBUG [OpFlag.cpp:591] @ 215.279s :SkimDiff: -4 Adjust: -379 State: 1 EMax: 9085 Emin: 3025
DEBUG [ImageProcessing.cpp:526] @ 215.298s :Skim_Adjust 4015
DEBUG [IRImager.cpp:665] @ 1071.36s :Release imager
DEBUG [BaseControlDevice.cpp:26] @ 1071.4s :Base destructor called
DEBUG [IRImager.cpp:672] @ 1071.4s :Delete image processing
DEBUG [IRImager.cpp:679] @ 1071.41s :Delete buffer
DEBUG [IRImager.cpp:687] @ 1071.41s :Delete source buffer
DEBUG [IRImager.cpp:694] @ 1071.41s :Delete buffer (energy)
DEBUG [IRImager.cpp:701] @ 1071.41s :Delete timer
DEBUG [IRImager.cpp:707] @ 1071.41s :Delete manual timer
