DEBUG [IRLogger.cpp:105] @ 0.000336s :***************************************************
DEBUG [IRLogger.cpp:106] @ 0.000552s :* IRImagerDirect SDK                              *
DEBUG [IRLogger.cpp:107] @ 0.0005927s :***************************************************
DEBUG [IRLogger.cpp:113] @ 0.0006099s :* Native Machine:      AMD64
DEBUG [IRLogger.cpp:114] @ 0.0006315s :* Machine:             AMD64
DEBUG [IRLogger.cpp:116] @ 0.000652s :* OS:                  Windows 10 0 26100
DEBUG [IRLogger.cpp:123] @ 0.0006641s :***************************************************
DEBUG [IRDeviceParams.cpp:204] @ 0.0023879s :Parameters
DEBUG [IRDeviceParams.cpp:205] @ 0.0024076s :serial: 14110095
DEBUG [IRDeviceParams.cpp:206] @ 0.0024163s :videoformatindex: 0
DEBUG [IRDeviceParams.cpp:207] @ 0.002424s :fov: 0
DEBUG [IRDeviceParams.cpp:208] @ 0.0024326s :optics_text: 0000000000000000
DEBUG [IRDeviceParams.cpp:209] @ 0.0024407s :formatspath: 000002B4ACAC3E70
DEBUG [IRDeviceParams.cpp:210] @ 0.0024492s :calipath: 000002B49B9D3770
DEBUG [IRDeviceParams.cpp:211] @ 0.0024561s :temperature min: 0
DEBUG [IRDeviceParams.cpp:212] @ 0.0024631s :temperature max: 0
DEBUG [IRDeviceParams.cpp:213] @ 0.002471s :framerate: 32
DEBUG [IRDeviceParams.cpp:214] @ 0.0024784s :bispectral: 0
DEBUG [IRDeviceParams.cpp:215] @ 0.0024853s :flag automatic: 1
DEBUG [IRDeviceParams.cpp:216] @ 0.002494s :min interval: 15
DEBUG [IRDeviceParams.cpp:217] @ 0.0025022s :max interval: 0
DEBUG [IRDeviceParams.cpp:218] @ 0.0025092s :chip heating mode: 0
DEBUG [IRDeviceParams.cpp:219] @ 0.0025166s :chip heating fixed val: 40
DEBUG [IRDeviceParams.cpp:220] @ 0.0025241s :focus:  -1
DEBUG [IRDeviceParams.cpp:221] @ 0.0025324s :enable extended temp range: 0
DEBUG [IRDeviceParams.cpp:222] @ 0.0025399s :buffer queue size: 5
DEBUG [IRDeviceParams.cpp:223] @ 0.0025469s :enable high precision: 0
DEBUG [IRDeviceParams.cpp:224] @ 0.0025543s :radialDistortionCorrectionMode: 0
DEBUG [IRDeviceParams.cpp:225] @ 0.0025617s :deviceAPI: 0
DEBUG [IRDeviceParams.cpp:226] @ 0.0025688s :useExternalProbeForReferencing: 0
DEBUG [IRDeviceParams.cpp:227] @ 0.0025768s :enableMultiThreading: 0
DEBUG [IRDeviceParams.cpp:232] @ 0.0025853s :ethernetDevice.deviceIpAddress: 0.0.0.0
DEBUG [IRDeviceParams.cpp:233] @ 0.002592s :ethernetDevice.localUdpPort: 0
DEBUG [IRDeviceParams.cpp:234] @ 0.002599s :ethernetDevice.checkUdpSenderIp: 1
DEBUG [Cali.cpp:87] @ 0.34159s :Calibration directory path: .\Cali-14110095.xml
DEBUG [Cali.cpp:88] @ 0.341621s :Calibration file name: Cali-14110095.xml
DEBUG [Cali.cpp:98] @ 0.341912s :Calibration data A: 1450 B:400 C:4095 D:1000
INFO [IRImager.cpp:266] @ 0.343477s :Init thermal imager to 14110095 with size: 160x121@120 Hz
DEBUG [Cali.cpp:87] @ 0.343901s :Calibration directory path: .\Cali-14110095.xml
DEBUG [Cali.cpp:88] @ 0.343919s :Calibration file name: Cali-14110095.xml
DEBUG [Cali.cpp:98] @ 0.344243s :Calibration data A: 1450 B:400 C:4095 D:1000
DEBUG [Cali.cpp:87] @ 0.345297s :Calibration directory path: .\Cali-14110095.xml
DEBUG [Cali.cpp:88] @ 0.345317s :Calibration file name: Cali-14110095.xml
DEBUG [Cali.cpp:98] @ 0.345609s :Calibration data A: 1450 B:400 C:4095 D:1000
DEBUG [IRImager.cpp:300] @ 0.345671s :No temperature range configuration specified. Setting default values tMin: -20 , tMax: 100
DEBUG [IRImager.cpp:377] @ 0.346073s :Using HID control interface
DEBUG [IRImager.cpp:417] @ 0.3669s :Initialized HID control interface to device with HW:21 FW:2025
DEBUG [IRImager.cpp:438] @ 0.366964s :Frameconfig - width(in): 160, height(in): 121, interval: 83333, max framerate: 120, HW interval: 0.00833333
DEBUG [Cali.cpp:87] @ 0.366993s :Calibration directory path: .\Cali-14110095.xml
DEBUG [Cali.cpp:88] @ 0.367008s :Calibration file name: Cali-14110095.xml
DEBUG [Cali.cpp:98] @ 0.367573s :Calibration data A: 1450 B:400 C:4095 D:1000
DEBUG [ImageProcessing.cpp:200] @ 0.383204s :Source buffer size: 38720 Width: 160 Height: 121
DEBUG [ImageProcessing.cpp:121] @ 0.449442s :Source buffer size: 38720 Width: 160 Height: 121
DEBUG [OpSource.cpp:376] @ 0.451712s :Using formats path: C:\Program Files (x86)\Optris GmbH\IrDirectSDK\examples\matlab\Formats.def
DEBUG [OpSource.cpp:628] @ 0.452834s :Format found with size: 160
DEBUG [OpSource.cpp:791] @ 0.453084s :Selected Format:"PI160 160x120 @ 120Hz"
DEBUG [IRImager.cpp:844] @ 0.453391s :Caught onFrameInit with size: 160x120
DEBUG [OpSource.cpp:376] @ 0.454859s :Using formats path: C:\Program Files (x86)\Optris GmbH\IrDirectSDK\examples\matlab\Formats.def
DEBUG [OpSource.cpp:628] @ 0.455527s :Format found with size: 160
DEBUG [OpSource.cpp:376] @ 0.456387s :Using formats path: C:\Program Files (x86)\Optris GmbH\IrDirectSDK\examples\matlab\Formats.def
DEBUG [OpCorr.cpp:467] @ 0.467514s :Read cali: .\Cali-14110095.xml\Cali-14110095-48-M20-100.dat
DEBUG [OpCorr.cpp:557] @ 0.468115s :Read calibration of camera no 14110095, # of fields: 6 , start of fields: 40
DEBUG [ImageProcessing.cpp:1108] @ 0.772117s :Update flag temperature: 29.0469
DEBUG [ImageProcessing.cpp:1111] @ 0.780332s :Update box temperature: 27.0547
DEBUG [Cali.cpp:639] @ 0.780427s :Calibration file path: 000002B4A2E4E714/000000F23A3EC938.xml
DEBUG [SimpleXML.cpp:238] @ 0.780967s :Failed to open file .\Cali-14110095.xml\CaliExt-14110095.xml
DEBUG [IRImager.cpp:550] @ 0.803501s :Chip heating disabled
DEBUG [IRImager.cpp:1110] @ 0.872541s :Start flag calibration
DEBUG [OpFlag.cpp:591] @ 11.5457s :SkimDiff: -12 Adjust: -1188 State: 1 EMax: 8194 Emin: 2216
DEBUG [ImageProcessing.cpp:526] @ 11.5591s :Skim_Adjust 4014
DEBUG [IRImager.cpp:1124] @ 11.6743s :Finished startup calibration
DEBUG [IRImager.cpp:1175] @ 27.2241s :Automatic control of shutter flag
DEBUG [OpFlag.cpp:591] @ 27.4002s :SkimDiff: -5 Adjust: -469 State: 1 EMax: 8883 Emin: 2935
DEBUG [ImageProcessing.cpp:526] @ 27.4112s :Skim_Adjust 4013
DEBUG [IRImager.cpp:1175] @ 46.856s :Automatic control of shutter flag
DEBUG [OpFlag.cpp:591] @ 47.0166s :SkimDiff: -4 Adjust: -390 State: 1 EMax: 8945 Emin: 3014
DEBUG [ImageProcessing.cpp:526] @ 47.0278s :Skim_Adjust 4012
DEBUG [IRImager.cpp:1175] @ 129.8s :Automatic control of shutter flag
DEBUG [OpFlag.cpp:591] @ 129.96s :SkimDiff: -4 Adjust: -321 State: 1 EMax: 9011 Emin: 3083
DEBUG [ImageProcessing.cpp:526] @ 129.981s :Skim_Adjust 4011
DEBUG [IRImager.cpp:665] @ 135.762s :Release imager
DEBUG [BaseControlDevice.cpp:26] @ 135.808s :Base destructor called
DEBUG [IRImager.cpp:672] @ 135.808s :Delete image processing
DEBUG [IRImager.cpp:679] @ 135.816s :Delete buffer
DEBUG [IRImager.cpp:687] @ 135.816s :Delete source buffer
DEBUG [IRImager.cpp:694] @ 135.816s :Delete buffer (energy)
DEBUG [IRImager.cpp:701] @ 135.816s :Delete timer
DEBUG [IRImager.cpp:707] @ 135.816s :Delete manual timer
