DEBUG [IRLogger.cpp:105] @ 0.001044s :***************************************************
DEBUG [IRLogger.cpp:106] @ 0.0011236s :* IRImagerDirect SDK                              *
DEBUG [IRLogger.cpp:107] @ 0.0011462s :***************************************************
DEBUG [IRLogger.cpp:113] @ 0.0011995s :* Native Machine:      AMD64
DEBUG [IRLogger.cpp:114] @ 0.0012183s :* Machine:             AMD64
DEBUG [IRLogger.cpp:116] @ 0.0012409s :* OS:                  Windows 10 0 26100
DEBUG [IRLogger.cpp:123] @ 0.0012523s :***************************************************
DEBUG [IRDeviceParams.cpp:204] @ 0.0029354s :Parameters
DEBUG [IRDeviceParams.cpp:205] @ 0.0029529s :serial: 14110095
DEBUG [IRDeviceParams.cpp:206] @ 0.0029616s :videoformatindex: 0
DEBUG [IRDeviceParams.cpp:207] @ 0.0029692s :fov: 0
DEBUG [IRDeviceParams.cpp:208] @ 0.0029763s :optics_text: 0000000000000000
DEBUG [IRDeviceParams.cpp:209] @ 0.0029833s :formatspath: 000002377BB62470
DEBUG [IRDeviceParams.cpp:210] @ 0.0029916s :calipath: 0000023778A90970
DEBUG [IRDeviceParams.cpp:211] @ 0.0029984s :temperature min: 0
DEBUG [IRDeviceParams.cpp:212] @ 0.003007s :temperature max: 0
DEBUG [IRDeviceParams.cpp:213] @ 0.0030151s :framerate: 32
DEBUG [IRDeviceParams.cpp:214] @ 0.0030215s :bispectral: 0
DEBUG [IRDeviceParams.cpp:215] @ 0.003028s :flag automatic: 1
DEBUG [IRDeviceParams.cpp:216] @ 0.0030349s :min interval: 15
DEBUG [IRDeviceParams.cpp:217] @ 0.0030418s :max interval: 0
DEBUG [IRDeviceParams.cpp:218] @ 0.0030485s :chip heating mode: 0
DEBUG [IRDeviceParams.cpp:219] @ 0.0030556s :chip heating fixed val: 40
DEBUG [IRDeviceParams.cpp:220] @ 0.0030626s :focus:  -1
DEBUG [IRDeviceParams.cpp:221] @ 0.0030706s :enable extended temp range: 0
DEBUG [IRDeviceParams.cpp:222] @ 0.0030776s :buffer queue size: 5
DEBUG [IRDeviceParams.cpp:223] @ 0.0030843s :enable high precision: 0
DEBUG [IRDeviceParams.cpp:224] @ 0.0030916s :radialDistortionCorrectionMode: 0
DEBUG [IRDeviceParams.cpp:225] @ 0.0030983s :deviceAPI: 0
DEBUG [IRDeviceParams.cpp:226] @ 0.003105s :useExternalProbeForReferencing: 0
DEBUG [IRDeviceParams.cpp:227] @ 0.0031123s :enableMultiThreading: 0
DEBUG [IRDeviceParams.cpp:232] @ 0.0031208s :ethernetDevice.deviceIpAddress: 0.0.0.0
DEBUG [IRDeviceParams.cpp:233] @ 0.0031279s :ethernetDevice.localUdpPort: 0
DEBUG [IRDeviceParams.cpp:234] @ 0.0031346s :ethernetDevice.checkUdpSenderIp: 1
DEBUG [Cali.cpp:87] @ 0.21352s :Calibration directory path: .\Cali-14110095.xml
DEBUG [Cali.cpp:88] @ 0.213548s :Calibration file name: Cali-14110095.xml
DEBUG [Cali.cpp:98] @ 0.213813s :Calibration data A: 1450 B:400 C:4095 D:1000
INFO [IRImager.cpp:266] @ 0.214775s :Init thermal imager to 14110095 with size: 160x121@120 Hz
DEBUG [Cali.cpp:87] @ 0.21505s :Calibration directory path: .\Cali-14110095.xml
DEBUG [Cali.cpp:88] @ 0.21506s :Calibration file name: Cali-14110095.xml
DEBUG [Cali.cpp:98] @ 0.215268s :Calibration data A: 1450 B:400 C:4095 D:1000
DEBUG [Cali.cpp:87] @ 0.215956s :Calibration directory path: .\Cali-14110095.xml
DEBUG [Cali.cpp:88] @ 0.215968s :Calibration file name: Cali-14110095.xml
DEBUG [Cali.cpp:98] @ 0.216167s :Calibration data A: 1450 B:400 C:4095 D:1000
DEBUG [IRImager.cpp:300] @ 0.216208s :No temperature range configuration specified. Setting default values tMin: -20 , tMax: 100
DEBUG [IRImager.cpp:377] @ 0.216513s :Using HID control interface
DEBUG [IRImager.cpp:417] @ 0.233586s :Initialized HID control interface to device with HW:21 FW:2025
DEBUG [IRImager.cpp:438] @ 0.233653s :Frameconfig - width(in): 160, height(in): 121, interval: 83333, max framerate: 120, HW interval: 0.00833333
DEBUG [Cali.cpp:87] @ 0.233688s :Calibration directory path: .\Cali-14110095.xml
DEBUG [Cali.cpp:88] @ 0.233707s :Calibration file name: Cali-14110095.xml
DEBUG [Cali.cpp:98] @ 0.234086s :Calibration data A: 1450 B:400 C:4095 D:1000
DEBUG [ImageProcessing.cpp:200] @ 0.25825s :Source buffer size: 38720 Width: 160 Height: 121
DEBUG [ImageProcessing.cpp:121] @ 0.33287s :Source buffer size: 38720 Width: 160 Height: 121
DEBUG [OpSource.cpp:376] @ 0.334178s :Using formats path: C:\Program Files (x86)\Optris GmbH\IrDirectSDK\examples\matlab\Formats.def
DEBUG [OpSource.cpp:628] @ 0.334998s :Format found with size: 160
DEBUG [OpSource.cpp:791] @ 0.335188s :Selected Format:"PI160 160x120 @ 120Hz"
DEBUG [IRImager.cpp:844] @ 0.335452s :Caught onFrameInit with size: 160x120
DEBUG [OpSource.cpp:376] @ 0.336649s :Using formats path: C:\Program Files (x86)\Optris GmbH\IrDirectSDK\examples\matlab\Formats.def
DEBUG [OpSource.cpp:628] @ 0.337186s :Format found with size: 160
DEBUG [OpSource.cpp:376] @ 0.337921s :Using formats path: C:\Program Files (x86)\Optris GmbH\IrDirectSDK\examples\matlab\Formats.def
DEBUG [OpCorr.cpp:467] @ 0.34242s :Read cali: .\Cali-14110095.xml\Cali-14110095-48-M20-100.dat
DEBUG [OpCorr.cpp:557] @ 0.343036s :Read calibration of camera no 14110095, # of fields: 6 , start of fields: 40
DEBUG [ImageProcessing.cpp:1108] @ 0.638737s :Update flag temperature: 32.8906
DEBUG [ImageProcessing.cpp:1111] @ 0.647015s :Update box temperature: 30.9844
DEBUG [Cali.cpp:639] @ 0.647089s :Calibration file path: 0000023706D83D94/0000006A493EC5F8.xml
DEBUG [SimpleXML.cpp:238] @ 0.647536s :Failed to open file .\Cali-14110095.xml\CaliExt-14110095.xml
DEBUG [IRImager.cpp:550] @ 0.658398s :Chip heating disabled
DEBUG [IRImager.cpp:1110] @ 0.740831s :Start flag calibration
DEBUG [OpFlag.cpp:591] @ 11.4136s :SkimDiff: -8 Adjust: -728 State: 1 EMax: 8849 Emin: 2676
DEBUG [ImageProcessing.cpp:526] @ 11.426s :Skim_Adjust 4025
DEBUG [IRImager.cpp:1124] @ 11.5424s :Finished startup calibration
