DEBUG [IRLogger.cpp:105] @ 0.0003595s :***************************************************
DEBUG [IRLogger.cpp:106] @ 0.0004249s :* IRImagerDirect SDK                              *
DEBUG [IRLogger.cpp:107] @ 0.0004441s :***************************************************
DEBUG [IRLogger.cpp:113] @ 0.0006191s :* Native Machine:      AMD64
DEBUG [IRLogger.cpp:114] @ 0.0007551s :* Machine:             AMD64
DEBUG [IRLogger.cpp:116] @ 0.0007828s :* OS:                  Windows 10 0 26100
DEBUG [IRLogger.cpp:123] @ 0.0007948s :***************************************************
DEBUG [IRDeviceParams.cpp:204] @ 0.0026341s :Parameters
DEBUG [IRDeviceParams.cpp:205] @ 0.0026631s :serial: 14110095
DEBUG [IRDeviceParams.cpp:206] @ 0.0026718s :videoformatindex: 0
DEBUG [IRDeviceParams.cpp:207] @ 0.0026797s :fov: 0
DEBUG [IRDeviceParams.cpp:208] @ 0.0026873s :optics_text: 0000000000000000
DEBUG [IRDeviceParams.cpp:209] @ 0.0028341s :formatspath: 0000026F2CFE5120
DEBUG [IRDeviceParams.cpp:210] @ 0.0028688s :calipath: 0000026F2D3E55A0
DEBUG [IRDeviceParams.cpp:211] @ 0.0028797s :temperature min: 0
DEBUG [IRDeviceParams.cpp:212] @ 0.0028877s :temperature max: 0
DEBUG [IRDeviceParams.cpp:213] @ 0.0028958s :framerate: 32
DEBUG [IRDeviceParams.cpp:214] @ 0.0029027s :bispectral: 0
DEBUG [IRDeviceParams.cpp:215] @ 0.0029092s :flag automatic: 1
DEBUG [IRDeviceParams.cpp:216] @ 0.0029161s :min interval: 15
DEBUG [IRDeviceParams.cpp:217] @ 0.0029231s :max interval: 0
DEBUG [IRDeviceParams.cpp:218] @ 0.0029301s :chip heating mode: 0
DEBUG [IRDeviceParams.cpp:219] @ 0.0029431s :chip heating fixed val: 40
DEBUG [IRDeviceParams.cpp:220] @ 0.0029651s :focus:  -1
DEBUG [IRDeviceParams.cpp:221] @ 0.0029742s :enable extended temp range: 0
DEBUG [IRDeviceParams.cpp:222] @ 0.0029817s :buffer queue size: 5
DEBUG [IRDeviceParams.cpp:223] @ 0.0029891s :enable high precision: 0
DEBUG [IRDeviceParams.cpp:224] @ 0.0029961s :radialDistortionCorrectionMode: 0
DEBUG [IRDeviceParams.cpp:225] @ 0.0030029s :deviceAPI: 0
DEBUG [IRDeviceParams.cpp:226] @ 0.0030094s :useExternalProbeForReferencing: 0
DEBUG [IRDeviceParams.cpp:227] @ 0.0030159s :enableMultiThreading: 0
DEBUG [IRDeviceParams.cpp:232] @ 0.0030244s :ethernetDevice.deviceIpAddress: 0.0.0.0
DEBUG [IRDeviceParams.cpp:233] @ 0.0030314s :ethernetDevice.localUdpPort: 0
DEBUG [IRDeviceParams.cpp:234] @ 0.00304s :ethernetDevice.checkUdpSenderIp: 1
DEBUG [Cali.cpp:87] @ 0.201101s :Calibration directory path: .\Cali-14110095.xml
DEBUG [Cali.cpp:88] @ 0.201127s :Calibration file name: Cali-14110095.xml
DEBUG [Cali.cpp:98] @ 0.201391s :Calibration data A: 1450 B:400 C:4095 D:1000
INFO [IRImager.cpp:266] @ 0.202325s :Init thermal imager to 14110095 with size: 160x121@120 Hz
DEBUG [Cali.cpp:87] @ 0.202576s :Calibration directory path: .\Cali-14110095.xml
DEBUG [Cali.cpp:88] @ 0.202586s :Calibration file name: Cali-14110095.xml
DEBUG [Cali.cpp:98] @ 0.202787s :Calibration data A: 1450 B:400 C:4095 D:1000
DEBUG [Cali.cpp:87] @ 0.203426s :Calibration directory path: .\Cali-14110095.xml
DEBUG [Cali.cpp:88] @ 0.203438s :Calibration file name: Cali-14110095.xml
DEBUG [Cali.cpp:98] @ 0.203624s :Calibration data A: 1450 B:400 C:4095 D:1000
DEBUG [IRImager.cpp:300] @ 0.203665s :No temperature range configuration specified. Setting default values tMin: -20 , tMax: 100
DEBUG [IRImager.cpp:377] @ 0.203968s :Using HID control interface
DEBUG [IRImager.cpp:417] @ 0.225406s :Initialized HID control interface to device with HW:21 FW:2025
DEBUG [IRImager.cpp:438] @ 0.225466s :Frameconfig - width(in): 160, height(in): 121, interval: 83333, max framerate: 120, HW interval: 0.00833333
DEBUG [Cali.cpp:87] @ 0.225492s :Calibration directory path: .\Cali-14110095.xml
DEBUG [Cali.cpp:88] @ 0.225508s :Calibration file name: Cali-14110095.xml
DEBUG [Cali.cpp:98] @ 0.226087s :Calibration data A: 1450 B:400 C:4095 D:1000
DEBUG [ImageProcessing.cpp:200] @ 0.250124s :Source buffer size: 38720 Width: 160 Height: 121
DEBUG [ImageProcessing.cpp:121] @ 0.308288s :Source buffer size: 38720 Width: 160 Height: 121
DEBUG [OpSource.cpp:376] @ 0.309959s :Using formats path: C:\Program Files (x86)\Optris GmbH\IrDirectSDK\examples\matlab\Formats.def
DEBUG [OpSource.cpp:628] @ 0.310879s :Format found with size: 160
DEBUG [OpSource.cpp:791] @ 0.311098s :Selected Format:"PI160 160x120 @ 120Hz"
DEBUG [IRImager.cpp:844] @ 0.311453s :Caught onFrameInit with size: 160x120
DEBUG [OpSource.cpp:376] @ 0.312846s :Using formats path: C:\Program Files (x86)\Optris GmbH\IrDirectSDK\examples\matlab\Formats.def
DEBUG [OpSource.cpp:628] @ 0.313486s :Format found with size: 160
DEBUG [OpSource.cpp:376] @ 0.314388s :Using formats path: C:\Program Files (x86)\Optris GmbH\IrDirectSDK\examples\matlab\Formats.def
DEBUG [OpCorr.cpp:467] @ 0.326792s :Read cali: .\Cali-14110095.xml\Cali-14110095-48-M20-100.dat
DEBUG [OpCorr.cpp:557] @ 0.327551s :Read calibration of camera no 14110095, # of fields: 6 , start of fields: 40
DEBUG [ImageProcessing.cpp:1108] @ 0.630797s :Update flag temperature: 31.7422
DEBUG [ImageProcessing.cpp:1111] @ 0.638975s :Update box temperature: 30.0547
DEBUG [Cali.cpp:639] @ 0.639048s :Calibration file path: 0000026F304C67E4/000000C785BECB98.xml
DEBUG [SimpleXML.cpp:238] @ 0.639473s :Failed to open file .\Cali-14110095.xml\CaliExt-14110095.xml
DEBUG [IRImager.cpp:550] @ 0.659881s :Chip heating disabled
DEBUG [IRImager.cpp:1110] @ 0.736388s :Start flag calibration
