DEBUG [IRLogger.cpp:105] @ 0.0002973s :***************************************************
DEBUG [IRLogger.cpp:106] @ 0.0003674s :* IRImagerDirect SDK                              *
DEBUG [IRLogger.cpp:107] @ 0.0003883s :***************************************************
DEBUG [IRLogger.cpp:113] @ 0.0004021s :* Native Machine:      AMD64
DEBUG [IRLogger.cpp:114] @ 0.0004143s :* Machine:             AMD64
DEBUG [IRLogger.cpp:116] @ 0.000433s :* OS:                  Windows 10 0 26100
DEBUG [IRLogger.cpp:123] @ 0.000444s :***************************************************
DEBUG [IRDeviceParams.cpp:204] @ 0.002109s :Parameters
DEBUG [IRDeviceParams.cpp:205] @ 0.002127s :serial: 14110095
DEBUG [IRDeviceParams.cpp:206] @ 0.0021354s :videoformatindex: 0
DEBUG [IRDeviceParams.cpp:207] @ 0.0021433s :fov: 0
DEBUG [IRDeviceParams.cpp:208] @ 0.0021514s :optics_text: 0000000000000000
DEBUG [IRDeviceParams.cpp:209] @ 0.0021602s :formatspath: 000001EB2C308930
DEBUG [IRDeviceParams.cpp:210] @ 0.0021692s :calipath: 000001EB364F2AB0
DEBUG [IRDeviceParams.cpp:211] @ 0.0021769s :temperature min: 0
DEBUG [IRDeviceParams.cpp:212] @ 0.0021845s :temperature max: 0
DEBUG [IRDeviceParams.cpp:213] @ 0.002193s :framerate: 32
DEBUG [IRDeviceParams.cpp:214] @ 0.0022008s :bispectral: 0
DEBUG [IRDeviceParams.cpp:215] @ 0.0022084s :flag automatic: 1
DEBUG [IRDeviceParams.cpp:216] @ 0.002217s :min interval: 15
DEBUG [IRDeviceParams.cpp:217] @ 0.0022258s :max interval: 0
DEBUG [IRDeviceParams.cpp:218] @ 0.0022341s :chip heating mode: 0
DEBUG [IRDeviceParams.cpp:219] @ 0.0022427s :chip heating fixed val: 40
DEBUG [IRDeviceParams.cpp:220] @ 0.0022514s :focus:  -1
DEBUG [IRDeviceParams.cpp:221] @ 0.0022611s :enable extended temp range: 0
DEBUG [IRDeviceParams.cpp:222] @ 0.0022695s :buffer queue size: 5
DEBUG [IRDeviceParams.cpp:223] @ 0.0022776s :enable high precision: 0
DEBUG [IRDeviceParams.cpp:224] @ 0.0022859s :radialDistortionCorrectionMode: 0
DEBUG [IRDeviceParams.cpp:225] @ 0.0022943s :deviceAPI: 0
DEBUG [IRDeviceParams.cpp:226] @ 0.0023023s :useExternalProbeForReferencing: 0
DEBUG [IRDeviceParams.cpp:227] @ 0.0023104s :enableMultiThreading: 0
DEBUG [IRDeviceParams.cpp:232] @ 0.0023205s :ethernetDevice.deviceIpAddress: 0.0.0.0
DEBUG [IRDeviceParams.cpp:233] @ 0.0023288s :ethernetDevice.localUdpPort: 0
DEBUG [IRDeviceParams.cpp:234] @ 0.0023367s :ethernetDevice.checkUdpSenderIp: 1
DEBUG [Cali.cpp:87] @ 0.331673s :Calibration directory path: .\Cali-14110095.xml
DEBUG [Cali.cpp:88] @ 0.331707s :Calibration file name: Cali-14110095.xml
DEBUG [Cali.cpp:98] @ 0.332048s :Calibration data A: 1450 B:400 C:4095 D:1000
INFO [IRImager.cpp:266] @ 0.333224s :Init thermal imager to 14110095 with size: 160x121@120 Hz
DEBUG [Cali.cpp:87] @ 0.333542s :Calibration directory path: .\Cali-14110095.xml
DEBUG [Cali.cpp:88] @ 0.333553s :Calibration file name: Cali-14110095.xml
DEBUG [Cali.cpp:98] @ 0.333793s :Calibration data A: 1450 B:400 C:4095 D:1000
DEBUG [Cali.cpp:87] @ 0.334542s :Calibration directory path: .\Cali-14110095.xml
DEBUG [Cali.cpp:88] @ 0.334557s :Calibration file name: Cali-14110095.xml
DEBUG [Cali.cpp:98] @ 0.334776s :Calibration data A: 1450 B:400 C:4095 D:1000
DEBUG [IRImager.cpp:300] @ 0.334821s :No temperature range configuration specified. Setting default values tMin: -20 , tMax: 100
DEBUG [IRImager.cpp:377] @ 0.335134s :Using HID control interface
DEBUG [IRImager.cpp:417] @ 0.358486s :Initialized HID control interface to device with HW:21 FW:2025
DEBUG [IRImager.cpp:438] @ 0.358563s :Frameconfig - width(in): 160, height(in): 121, interval: 83333, max framerate: 120, HW interval: 0.00833333
DEBUG [Cali.cpp:87] @ 0.3586s :Calibration directory path: .\Cali-14110095.xml
DEBUG [Cali.cpp:88] @ 0.35862s :Calibration file name: Cali-14110095.xml
DEBUG [Cali.cpp:98] @ 0.359394s :Calibration data A: 1450 B:400 C:4095 D:1000
DEBUG [ImageProcessing.cpp:200] @ 0.383021s :Source buffer size: 38720 Width: 160 Height: 121
DEBUG [ImageProcessing.cpp:121] @ 0.45745s :Source buffer size: 38720 Width: 160 Height: 121
DEBUG [OpSource.cpp:376] @ 0.457849s :Using formats path: C:\Program Files (x86)\Optris GmbH\IrDirectSDK\examples\matlab\Formats.def
DEBUG [OpSource.cpp:628] @ 0.458045s :Format found with size: 160
DEBUG [OpSource.cpp:791] @ 0.458092s :Selected Format:"PI160 160x120 @ 120Hz"
DEBUG [IRImager.cpp:844] @ 0.458182s :Caught onFrameInit with size: 160x120
DEBUG [OpSource.cpp:376] @ 0.458472s :Using formats path: C:\Program Files (x86)\Optris GmbH\IrDirectSDK\examples\matlab\Formats.def
DEBUG [OpSource.cpp:628] @ 0.458617s :Format found with size: 160
DEBUG [OpSource.cpp:376] @ 0.458799s :Using formats path: C:\Program Files (x86)\Optris GmbH\IrDirectSDK\examples\matlab\Formats.def
DEBUG [OpCorr.cpp:467] @ 0.467381s :Read cali: .\Cali-14110095.xml\Cali-14110095-48-M20-100.dat
DEBUG [OpCorr.cpp:557] @ 0.468054s :Read calibration of camera no 14110095, # of fields: 6 , start of fields: 40
DEBUG [ImageProcessing.cpp:1108] @ 0.747191s :Update flag temperature: 27.4766
DEBUG [ImageProcessing.cpp:1111] @ 0.755383s :Update box temperature: 25.6406
DEBUG [Cali.cpp:639] @ 0.755456s :Calibration file path: 000001EB36B48CC4/0000006D70DFC9C8.xml
DEBUG [SimpleXML.cpp:238] @ 0.755849s :Failed to open file .\Cali-14110095.xml\CaliExt-14110095.xml
DEBUG [IRImager.cpp:550] @ 0.769011s :Chip heating disabled
DEBUG [IRImager.cpp:1110] @ 0.882586s :Start flag calibration
DEBUG [OpFlag.cpp:591] @ 11.5547s :SkimDiff: -12 Adjust: -1193 State: 1 EMax: 8005 Emin: 2211
DEBUG [ImageProcessing.cpp:526] @ 11.5671s :Skim_Adjust 4014
DEBUG [IRImager.cpp:1124] @ 11.682s :Finished startup calibration
DEBUG [IRImager.cpp:1175] @ 26.4012s :Automatic control of shutter flag
DEBUG [OpFlag.cpp:591] @ 26.5786s :SkimDiff: -6 Adjust: -533 State: 1 EMax: 8661 Emin: 2871
DEBUG [ImageProcessing.cpp:526] @ 26.591s :Skim_Adjust 4013
DEBUG [IRImager.cpp:1175] @ 77.4425s :Automatic control of shutter flag
DEBUG [OpFlag.cpp:591] @ 77.6189s :SkimDiff: -5 Adjust: -469 State: 1 EMax: 8724 Emin: 2935
DEBUG [ImageProcessing.cpp:526] @ 77.631s :Skim_Adjust 4012
DEBUG [IRImager.cpp:665] @ 90.5826s :Release imager
DEBUG [BaseControlDevice.cpp:26] @ 90.6264s :Base destructor called
DEBUG [IRImager.cpp:672] @ 90.6265s :Delete image processing
DEBUG [IRImager.cpp:679] @ 90.6373s :Delete buffer
DEBUG [IRImager.cpp:687] @ 90.6375s :Delete source buffer
DEBUG [IRImager.cpp:694] @ 90.6375s :Delete buffer (energy)
DEBUG [IRImager.cpp:701] @ 90.6375s :Delete timer
DEBUG [IRImager.cpp:707] @ 90.6375s :Delete manual timer
