DEBUG [IRLogger.cpp:105] @ 0.0011519s :***************************************************
DEBUG [IRLogger.cpp:106] @ 0.0012334s :* IRImagerDirect SDK                              *
DEBUG [IRLogger.cpp:107] @ 0.001258s :***************************************************
DEBUG [IRLogger.cpp:113] @ 0.0014139s :* Native Machine:      AMD64
DEBUG [IRLogger.cpp:114] @ 0.0015884s :* Machine:             AMD64
DEBUG [IRLogger.cpp:116] @ 0.0016315s :* OS:                  Windows 10 0 26100
DEBUG [IRLogger.cpp:123] @ 0.0017426s :***************************************************
DEBUG [IRDeviceParams.cpp:204] @ 0.0034784s :Parameters
DEBUG [IRDeviceParams.cpp:205] @ 0.0034984s :serial: 14110095
DEBUG [IRDeviceParams.cpp:206] @ 0.0035067s :videoformatindex: 0
DEBUG [IRDeviceParams.cpp:207] @ 0.0035142s :fov: 0
DEBUG [IRDeviceParams.cpp:208] @ 0.0035221s :optics_text: 0000000000000000
DEBUG [IRDeviceParams.cpp:209] @ 0.0035298s :formatspath: 000001CFF85CF720
DEBUG [IRDeviceParams.cpp:210] @ 0.0035388s :calipath: 000001CFF896C5E0
DEBUG [IRDeviceParams.cpp:211] @ 0.0035461s :temperature min: 0
DEBUG [IRDeviceParams.cpp:212] @ 0.0035531s :temperature max: 0
DEBUG [IRDeviceParams.cpp:213] @ 0.003561s :framerate: 32
DEBUG [IRDeviceParams.cpp:214] @ 0.003568s :bispectral: 0
DEBUG [IRDeviceParams.cpp:215] @ 0.0035749s :flag automatic: 1
DEBUG [IRDeviceParams.cpp:216] @ 0.0035822s :min interval: 15
DEBUG [IRDeviceParams.cpp:217] @ 0.0035899s :max interval: 0
DEBUG [IRDeviceParams.cpp:218] @ 0.0035974s :chip heating mode: 0
DEBUG [IRDeviceParams.cpp:219] @ 0.0036052s :chip heating fixed val: 40
DEBUG [IRDeviceParams.cpp:220] @ 0.0036129s :focus:  -1
DEBUG [IRDeviceParams.cpp:221] @ 0.0036224s :enable extended temp range: 0
DEBUG [IRDeviceParams.cpp:222] @ 0.0036304s :buffer queue size: 5
DEBUG [IRDeviceParams.cpp:223] @ 0.0036388s :enable high precision: 0
DEBUG [IRDeviceParams.cpp:224] @ 0.0036477s :radialDistortionCorrectionMode: 0
DEBUG [IRDeviceParams.cpp:225] @ 0.0036554s :deviceAPI: 0
DEBUG [IRDeviceParams.cpp:226] @ 0.0036639s :useExternalProbeForReferencing: 0
DEBUG [IRDeviceParams.cpp:227] @ 0.0036722s :enableMultiThreading: 0
DEBUG [IRDeviceParams.cpp:232] @ 0.0036836s :ethernetDevice.deviceIpAddress: 0.0.0.0
DEBUG [IRDeviceParams.cpp:233] @ 0.0036912s :ethernetDevice.localUdpPort: 0
DEBUG [IRDeviceParams.cpp:234] @ 0.003699s :ethernetDevice.checkUdpSenderIp: 1
DEBUG [Cali.cpp:87] @ 0.210161s :Calibration directory path: .\Cali-14110095.xml
DEBUG [Cali.cpp:88] @ 0.210189s :Calibration file name: Cali-14110095.xml
DEBUG [Cali.cpp:98] @ 0.210454s :Calibration data A: 1450 B:400 C:4095 D:1000
INFO [IRImager.cpp:266] @ 0.211389s :Init thermal imager to 14110095 with size: 160x121@120 Hz
DEBUG [Cali.cpp:87] @ 0.211663s :Calibration directory path: .\Cali-14110095.xml
DEBUG [Cali.cpp:88] @ 0.211673s :Calibration file name: Cali-14110095.xml
DEBUG [Cali.cpp:98] @ 0.211877s :Calibration data A: 1450 B:400 C:4095 D:1000
DEBUG [Cali.cpp:87] @ 0.212539s :Calibration directory path: .\Cali-14110095.xml
DEBUG [Cali.cpp:88] @ 0.212553s :Calibration file name: Cali-14110095.xml
DEBUG [Cali.cpp:98] @ 0.212775s :Calibration data A: 1450 B:400 C:4095 D:1000
DEBUG [IRImager.cpp:300] @ 0.212818s :No temperature range configuration specified. Setting default values tMin: -20 , tMax: 100
DEBUG [IRImager.cpp:377] @ 0.213113s :Using HID control interface
DEBUG [IRImager.cpp:417] @ 0.232582s :Initialized HID control interface to device with HW:21 FW:2025
DEBUG [IRImager.cpp:438] @ 0.232636s :Frameconfig - width(in): 160, height(in): 121, interval: 83333, max framerate: 120, HW interval: 0.00833333
DEBUG [Cali.cpp:87] @ 0.232661s :Calibration directory path: .\Cali-14110095.xml
DEBUG [Cali.cpp:88] @ 0.232675s :Calibration file name: Cali-14110095.xml
DEBUG [Cali.cpp:98] @ 0.233207s :Calibration data A: 1450 B:400 C:4095 D:1000
DEBUG [ImageProcessing.cpp:200] @ 0.25714s :Source buffer size: 38720 Width: 160 Height: 121
DEBUG [ImageProcessing.cpp:121] @ 0.331849s :Source buffer size: 38720 Width: 160 Height: 121
DEBUG [OpSource.cpp:376] @ 0.333549s :Using formats path: C:\Program Files (x86)\Optris GmbH\IrDirectSDK\examples\matlab\Formats.def
DEBUG [OpSource.cpp:628] @ 0.334508s :Format found with size: 160
DEBUG [OpSource.cpp:791] @ 0.334733s :Selected Format:"PI160 160x120 @ 120Hz"
DEBUG [IRImager.cpp:844] @ 0.335204s :Caught onFrameInit with size: 160x120
DEBUG [OpSource.cpp:376] @ 0.337382s :Using formats path: C:\Program Files (x86)\Optris GmbH\IrDirectSDK\examples\matlab\Formats.def
DEBUG [OpSource.cpp:628] @ 0.338062s :Format found with size: 160
DEBUG [OpSource.cpp:376] @ 0.338849s :Using formats path: C:\Program Files (x86)\Optris GmbH\IrDirectSDK\examples\matlab\Formats.def
DEBUG [OpCorr.cpp:467] @ 0.349792s :Read cali: .\Cali-14110095.xml\Cali-14110095-48-M20-100.dat
DEBUG [OpCorr.cpp:557] @ 0.350789s :Read calibration of camera no 14110095, # of fields: 6 , start of fields: 40
DEBUG [ImageProcessing.cpp:1108] @ 0.629475s :Update flag temperature: 31.7578
DEBUG [ImageProcessing.cpp:1111] @ 0.637691s :Update box temperature: 29.8047
DEBUG [Cali.cpp:639] @ 0.63776s :Calibration file path: 000001CFDC62F564/000000B8B61EC918.xml
DEBUG [SimpleXML.cpp:238] @ 0.638162s :Failed to open file .\Cali-14110095.xml\CaliExt-14110095.xml
DEBUG [IRImager.cpp:550] @ 0.650906s :Chip heating disabled
DEBUG [IRImager.cpp:1110] @ 0.721352s :Start flag calibration
