DEBUG [IRLogger.cpp:105] @ 0.0002919s :***************************************************
DEBUG [IRLogger.cpp:106] @ 0.0003575s :* IRImagerDirect SDK                              *
DEBUG [IRLogger.cpp:107] @ 0.0003757s :***************************************************
DEBUG [IRLogger.cpp:113] @ 0.00039s :* Native Machine:      AMD64
DEBUG [IRLogger.cpp:114] @ 0.0004067s :* Machine:             AMD64
DEBUG [IRLogger.cpp:116] @ 0.0005813s :* OS:                  Windows 10 0 26100
DEBUG [IRLogger.cpp:123] @ 0.0006002s :***************************************************
DEBUG [IRDeviceParams.cpp:204] @ 0.00251s :Parameters
DEBUG [IRDeviceParams.cpp:205] @ 0.0025315s :serial: 14110095
DEBUG [IRDeviceParams.cpp:206] @ 0.00254s :videoformatindex: 0
DEBUG [IRDeviceParams.cpp:207] @ 0.0025469s :fov: 0
DEBUG [IRDeviceParams.cpp:208] @ 0.0025542s :optics_text: 0000000000000000
DEBUG [IRDeviceParams.cpp:209] @ 0.0025614s :formatspath: 0000021813E83BF0
DEBUG [IRDeviceParams.cpp:210] @ 0.0025695s :calipath: 000002181E324130
DEBUG [IRDeviceParams.cpp:211] @ 0.0025763s :temperature min: 0
DEBUG [IRDeviceParams.cpp:212] @ 0.0025831s :temperature max: 0
DEBUG [IRDeviceParams.cpp:213] @ 0.002591s :framerate: 32
DEBUG [IRDeviceParams.cpp:214] @ 0.0025979s :bispectral: 0
DEBUG [IRDeviceParams.cpp:215] @ 0.0026047s :flag automatic: 1
DEBUG [IRDeviceParams.cpp:216] @ 0.0026117s :min interval: 15
DEBUG [IRDeviceParams.cpp:217] @ 0.0026396s :max interval: 0
DEBUG [IRDeviceParams.cpp:218] @ 0.0026491s :chip heating mode: 0
DEBUG [IRDeviceParams.cpp:219] @ 0.0026577s :chip heating fixed val: 40
DEBUG [IRDeviceParams.cpp:220] @ 0.0026657s :focus:  -1
DEBUG [IRDeviceParams.cpp:221] @ 0.0026742s :enable extended temp range: 0
DEBUG [IRDeviceParams.cpp:222] @ 0.0026814s :buffer queue size: 5
DEBUG [IRDeviceParams.cpp:223] @ 0.0026983s :enable high precision: 0
DEBUG [IRDeviceParams.cpp:224] @ 0.002706s :radialDistortionCorrectionMode: 0
DEBUG [IRDeviceParams.cpp:225] @ 0.0027132s :deviceAPI: 0
DEBUG [IRDeviceParams.cpp:226] @ 0.0027202s :useExternalProbeForReferencing: 0
DEBUG [IRDeviceParams.cpp:227] @ 0.0027443s :enableMultiThreading: 0
DEBUG [IRDeviceParams.cpp:232] @ 0.0027841s :ethernetDevice.deviceIpAddress: 0.0.0.0
DEBUG [IRDeviceParams.cpp:233] @ 0.0027973s :ethernetDevice.localUdpPort: 0
DEBUG [IRDeviceParams.cpp:234] @ 0.0028055s :ethernetDevice.checkUdpSenderIp: 1
DEBUG [Cali.cpp:87] @ 0.331378s :Calibration directory path: .\Cali-14110095.xml
DEBUG [Cali.cpp:88] @ 0.331416s :Calibration file name: Cali-14110095.xml
DEBUG [Cali.cpp:98] @ 0.331849s :Calibration data A: 1450 B:400 C:4095 D:1000
INFO [IRImager.cpp:266] @ 0.333433s :Init thermal imager to 14110095 with size: 160x121@120 Hz
DEBUG [Cali.cpp:87] @ 0.333828s :Calibration directory path: .\Cali-14110095.xml
DEBUG [Cali.cpp:88] @ 0.333846s :Calibration file name: Cali-14110095.xml
DEBUG [Cali.cpp:98] @ 0.334151s :Calibration data A: 1450 B:400 C:4095 D:1000
DEBUG [Cali.cpp:87] @ 0.335031s :Calibration directory path: .\Cali-14110095.xml
DEBUG [Cali.cpp:88] @ 0.33505s :Calibration file name: Cali-14110095.xml
DEBUG [Cali.cpp:98] @ 0.335318s :Calibration data A: 1450 B:400 C:4095 D:1000
DEBUG [IRImager.cpp:300] @ 0.335377s :No temperature range configuration specified. Setting default values tMin: -20 , tMax: 100
DEBUG [IRImager.cpp:377] @ 0.335763s :Using HID control interface
DEBUG [IRImager.cpp:417] @ 0.354606s :Initialized HID control interface to device with HW:21 FW:2025
DEBUG [IRImager.cpp:438] @ 0.354678s :Frameconfig - width(in): 160, height(in): 121, interval: 83333, max framerate: 120, HW interval: 0.00833333
DEBUG [Cali.cpp:87] @ 0.354712s :Calibration directory path: .\Cali-14110095.xml
DEBUG [Cali.cpp:88] @ 0.354732s :Calibration file name: Cali-14110095.xml
DEBUG [Cali.cpp:98] @ 0.355467s :Calibration data A: 1450 B:400 C:4095 D:1000
DEBUG [ImageProcessing.cpp:200] @ 0.379219s :Source buffer size: 38720 Width: 160 Height: 121
DEBUG [ImageProcessing.cpp:121] @ 0.437326s :Source buffer size: 38720 Width: 160 Height: 121
DEBUG [OpSource.cpp:376] @ 0.439059s :Using formats path: C:\Program Files (x86)\Optris GmbH\IrDirectSDK\examples\matlab\Formats.def
DEBUG [OpSource.cpp:628] @ 0.439926s :Format found with size: 160
DEBUG [OpSource.cpp:791] @ 0.44012s :Selected Format:"PI160 160x120 @ 120Hz"
DEBUG [IRImager.cpp:844] @ 0.440426s :Caught onFrameInit with size: 160x120
DEBUG [OpSource.cpp:376] @ 0.441682s :Using formats path: C:\Program Files (x86)\Optris GmbH\IrDirectSDK\examples\matlab\Formats.def
DEBUG [OpSource.cpp:628] @ 0.44234s :Format found with size: 160
DEBUG [OpSource.cpp:376] @ 0.443261s :Using formats path: C:\Program Files (x86)\Optris GmbH\IrDirectSDK\examples\matlab\Formats.def
DEBUG [OpCorr.cpp:467] @ 0.455527s :Read cali: .\Cali-14110095.xml\Cali-14110095-48-M20-100.dat
DEBUG [OpCorr.cpp:557] @ 0.4562s :Read calibration of camera no 14110095, # of fields: 6 , start of fields: 40
DEBUG [ImageProcessing.cpp:1108] @ 0.73512s :Update flag temperature: 28.9844
DEBUG [ImageProcessing.cpp:1111] @ 0.743264s :Update box temperature: 26.9766
DEBUG [Cali.cpp:639] @ 0.743311s :Calibration file path: 000002181E647F84/000000C225DECCD8.xml
DEBUG [SimpleXML.cpp:238] @ 0.743569s :Failed to open file .\Cali-14110095.xml\CaliExt-14110095.xml
DEBUG [IRImager.cpp:550] @ 0.766348s :Chip heating disabled
DEBUG [IRImager.cpp:1110] @ 0.837102s :Start flag calibration
DEBUG [OpFlag.cpp:591] @ 11.5087s :SkimDiff: -12 Adjust: -1179 State: 1 EMax: 8181 Emin: 2225
DEBUG [ImageProcessing.cpp:526] @ 11.5196s :Skim_Adjust 4014
DEBUG [IRImager.cpp:1124] @ 11.6368s :Finished startup calibration
DEBUG [IRImager.cpp:1175] @ 35.8926s :Automatic control of shutter flag
DEBUG [OpFlag.cpp:591] @ 36.0559s :SkimDiff: -5 Adjust: -459 State: 1 EMax: 8875 Emin: 2945
DEBUG [ImageProcessing.cpp:526] @ 36.0753s :Skim_Adjust 4013
DEBUG [IRImager.cpp:1175] @ 51.5567s :Automatic control of shutter flag
DEBUG [OpFlag.cpp:591] @ 51.717s :SkimDiff: -4 Adjust: -393 State: 1 EMax: 8940 Emin: 3011
DEBUG [ImageProcessing.cpp:526] @ 51.7286s :Skim_Adjust 4012
DEBUG [IRImager.cpp:665] @ 61.6087s :Release imager
DEBUG [BaseControlDevice.cpp:26] @ 61.665s :Base destructor called
DEBUG [IRImager.cpp:672] @ 61.6651s :Delete image processing
DEBUG [IRImager.cpp:679] @ 61.6746s :Delete buffer
DEBUG [IRImager.cpp:687] @ 61.6747s :Delete source buffer
DEBUG [IRImager.cpp:694] @ 61.6747s :Delete buffer (energy)
DEBUG [IRImager.cpp:701] @ 61.6747s :Delete timer
DEBUG [IRImager.cpp:707] @ 61.6747s :Delete manual timer
