DEBUG [IRLogger.cpp:105] @ 0.0003495s :***************************************************
DEBUG [IRLogger.cpp:106] @ 0.0004463s :* IRImagerDirect SDK                              *
DEBUG [IRLogger.cpp:107] @ 0.0004691s :***************************************************
DEBUG [IRLogger.cpp:113] @ 0.0004837s :* Native Machine:      AMD64
DEBUG [IRLogger.cpp:114] @ 0.0004965s :* Machine:             AMD64
DEBUG [IRLogger.cpp:116] @ 0.0005167s :* OS:                  Windows 10 0 26100
DEBUG [IRLogger.cpp:123] @ 0.0005281s :***************************************************
DEBUG [IRDeviceParams.cpp:204] @ 0.0011329s :Parameters
DEBUG [IRDeviceParams.cpp:205] @ 0.0011493s :serial: 14110095
DEBUG [IRDeviceParams.cpp:206] @ 0.0011573s :videoformatindex: 0
DEBUG [IRDeviceParams.cpp:207] @ 0.0011646s :fov: 0
DEBUG [IRDeviceParams.cpp:208] @ 0.0011717s :optics_text: 0000000000000000
DEBUG [IRDeviceParams.cpp:209] @ 0.0011785s :formatspath: 000002C2A6E3AAF0
DEBUG [IRDeviceParams.cpp:210] @ 0.0011864s :calipath: 000002C2A446BA80
DEBUG [IRDeviceParams.cpp:211] @ 0.0011933s :temperature min: 0
DEBUG [IRDeviceParams.cpp:212] @ 0.0011998s :temperature max: 0
DEBUG [IRDeviceParams.cpp:213] @ 0.0012077s :framerate: 32
DEBUG [IRDeviceParams.cpp:214] @ 0.0012143s :bispectral: 0
DEBUG [IRDeviceParams.cpp:215] @ 0.0012207s :flag automatic: 1
DEBUG [IRDeviceParams.cpp:216] @ 0.0012272s :min interval: 15
DEBUG [IRDeviceParams.cpp:217] @ 0.001234s :max interval: 0
DEBUG [IRDeviceParams.cpp:218] @ 0.0012406s :chip heating mode: 0
DEBUG [IRDeviceParams.cpp:219] @ 0.0012478s :chip heating fixed val: 40
DEBUG [IRDeviceParams.cpp:220] @ 0.0012554s :focus:  -1
DEBUG [IRDeviceParams.cpp:221] @ 0.0012636s :enable extended temp range: 0
DEBUG [IRDeviceParams.cpp:222] @ 0.0012708s :buffer queue size: 5
DEBUG [IRDeviceParams.cpp:223] @ 0.0012776s :enable high precision: 0
DEBUG [IRDeviceParams.cpp:224] @ 0.001285s :radialDistortionCorrectionMode: 0
DEBUG [IRDeviceParams.cpp:225] @ 0.0012917s :deviceAPI: 0
DEBUG [IRDeviceParams.cpp:226] @ 0.0012982s :useExternalProbeForReferencing: 0
DEBUG [IRDeviceParams.cpp:227] @ 0.0013047s :enableMultiThreading: 0
DEBUG [IRDeviceParams.cpp:232] @ 0.0013127s :ethernetDevice.deviceIpAddress: 0.0.0.0
DEBUG [IRDeviceParams.cpp:233] @ 0.0013196s :ethernetDevice.localUdpPort: 0
DEBUG [IRDeviceParams.cpp:234] @ 0.0013262s :ethernetDevice.checkUdpSenderIp: 1
DEBUG [Cali.cpp:87] @ 0.197997s :Calibration directory path: .\Cali-14110095.xml
DEBUG [Cali.cpp:88] @ 0.198025s :Calibration file name: Cali-14110095.xml
DEBUG [Cali.cpp:98] @ 0.198305s :Calibration data A: 1450 B:400 C:4095 D:1000
INFO [IRImager.cpp:266] @ 0.199335s :Init thermal imager to 14110095 with size: 160x121@120 Hz
DEBUG [Cali.cpp:87] @ 0.199599s :Calibration directory path: .\Cali-14110095.xml
DEBUG [Cali.cpp:88] @ 0.199611s :Calibration file name: Cali-14110095.xml
DEBUG [Cali.cpp:98] @ 0.19988s :Calibration data A: 1450 B:400 C:4095 D:1000
DEBUG [Cali.cpp:87] @ 0.20055s :Calibration directory path: .\Cali-14110095.xml
DEBUG [Cali.cpp:88] @ 0.200562s :Calibration file name: Cali-14110095.xml
DEBUG [Cali.cpp:98] @ 0.200799s :Calibration data A: 1450 B:400 C:4095 D:1000
DEBUG [IRImager.cpp:300] @ 0.200855s :No temperature range configuration specified. Setting default values tMin: -20 , tMax: 100
DEBUG [IRImager.cpp:377] @ 0.201225s :Using HID control interface
DEBUG [IRImager.cpp:417] @ 0.219183s :Initialized HID control interface to device with HW:21 FW:2025
DEBUG [IRImager.cpp:438] @ 0.21924s :Frameconfig - width(in): 160, height(in): 121, interval: 83333, max framerate: 120, HW interval: 0.00833333
DEBUG [Cali.cpp:87] @ 0.219264s :Calibration directory path: .\Cali-14110095.xml
DEBUG [Cali.cpp:88] @ 0.219278s :Calibration file name: Cali-14110095.xml
DEBUG [Cali.cpp:98] @ 0.219785s :Calibration data A: 1450 B:400 C:4095 D:1000
DEBUG [ImageProcessing.cpp:200] @ 0.244006s :Source buffer size: 38720 Width: 160 Height: 121
DEBUG [ImageProcessing.cpp:121] @ 0.310893s :Source buffer size: 38720 Width: 160 Height: 121
DEBUG [OpSource.cpp:376] @ 0.311885s :Using formats path: C:\Program Files (x86)\Optris GmbH\IrDirectSDK\examples\matlab\Formats.def
DEBUG [OpSource.cpp:628] @ 0.312326s :Format found with size: 160
DEBUG [OpSource.cpp:791] @ 0.312349s :Selected Format:"PI160 160x120 @ 120Hz"
DEBUG [IRImager.cpp:844] @ 0.312389s :Caught onFrameInit with size: 160x120
DEBUG [OpSource.cpp:376] @ 0.312552s :Using formats path: C:\Program Files (x86)\Optris GmbH\IrDirectSDK\examples\matlab\Formats.def
DEBUG [OpSource.cpp:628] @ 0.31262s :Format found with size: 160
DEBUG [OpSource.cpp:376] @ 0.312699s :Using formats path: C:\Program Files (x86)\Optris GmbH\IrDirectSDK\examples\matlab\Formats.def
DEBUG [OpCorr.cpp:467] @ 0.319609s :Read cali: .\Cali-14110095.xml\Cali-14110095-48-M20-100.dat
DEBUG [OpCorr.cpp:557] @ 0.320129s :Read calibration of camera no 14110095, # of fields: 6 , start of fields: 40
DEBUG [ImageProcessing.cpp:1108] @ 0.657772s :Update flag temperature: 30.8516
DEBUG [ImageProcessing.cpp:1111] @ 0.66603s :Update box temperature: 29.0703
DEBUG [Cali.cpp:639] @ 0.666092s :Calibration file path: 000002C2B1F30514/000000F776DEC528.xml
DEBUG [SimpleXML.cpp:238] @ 0.666488s :Failed to open file .\Cali-14110095.xml\CaliExt-14110095.xml
DEBUG [IRImager.cpp:550] @ 0.690885s :Chip heating disabled
DEBUG [IRImager.cpp:1110] @ 0.754329s :Start flag calibration
DEBUG [OpFlag.cpp:591] @ 11.4273s :SkimDiff: -10 Adjust: -995 State: 1 EMax: 8475 Emin: 2409
DEBUG [ImageProcessing.cpp:526] @ 11.4405s :Skim_Adjust 4016
DEBUG [IRImager.cpp:1124] @ 11.5558s :Finished startup calibration
DEBUG [IRImager.cpp:1175] @ 26.2754s :Automatic control of shutter flag
DEBUG [OpFlag.cpp:591] @ 26.4504s :SkimDiff: -5 Adjust: -402 State: 1 EMax: 9061 Emin: 3002
DEBUG [ImageProcessing.cpp:526] @ 26.4661s :Skim_Adjust 4015
DEBUG [IRImager.cpp:1175] @ 59.4422s :Automatic control of shutter flag
DEBUG [OpFlag.cpp:591] @ 59.6027s :SkimDiff: -4 Adjust: -334 State: 1 EMax: 9127 Emin: 3070
DEBUG [ImageProcessing.cpp:526] @ 59.6144s :Skim_Adjust 4014
DEBUG [IRImager.cpp:665] @ 89.5723s :Release imager
DEBUG [BaseControlDevice.cpp:26] @ 89.6219s :Base destructor called
DEBUG [IRImager.cpp:672] @ 89.622s :Delete image processing
DEBUG [IRImager.cpp:679] @ 89.6331s :Delete buffer
DEBUG [IRImager.cpp:687] @ 89.6332s :Delete source buffer
DEBUG [IRImager.cpp:694] @ 89.6332s :Delete buffer (energy)
DEBUG [IRImager.cpp:701] @ 89.6332s :Delete timer
DEBUG [IRImager.cpp:707] @ 89.6332s :Delete manual timer
