DEBUG [IRLogger.cpp:105] @ 0.0003833s :***************************************************
DEBUG [IRLogger.cpp:106] @ 0.0004576s :* IRImagerDirect SDK                              *
DEBUG [IRLogger.cpp:107] @ 0.0004801s :***************************************************
DEBUG [IRLogger.cpp:113] @ 0.0004963s :* Native Machine:      AMD64
DEBUG [IRLogger.cpp:114] @ 0.0005109s :* Machine:             AMD64
DEBUG [IRLogger.cpp:116] @ 0.0005385s :* OS:                  Windows 10 0 26100
DEBUG [IRLogger.cpp:123] @ 0.0006955s :***************************************************
DEBUG [IRDeviceParams.cpp:204] @ 0.0025393s :Parameters
DEBUG [IRDeviceParams.cpp:205] @ 0.0025606s :serial: 14110095
DEBUG [IRDeviceParams.cpp:206] @ 0.0025699s :videoformatindex: 0
DEBUG [IRDeviceParams.cpp:207] @ 0.0025784s :fov: 0
DEBUG [IRDeviceParams.cpp:208] @ 0.0025882s :optics_text: 0000000000000000
DEBUG [IRDeviceParams.cpp:209] @ 0.0025967s :formatspath: 000001DABBCF7ED0
DEBUG [IRDeviceParams.cpp:210] @ 0.0026058s :calipath: 000001DAC6A25620
DEBUG [IRDeviceParams.cpp:211] @ 0.0026136s :temperature min: 0
DEBUG [IRDeviceParams.cpp:212] @ 0.0026219s :temperature max: 0
DEBUG [IRDeviceParams.cpp:213] @ 0.0026308s :framerate: 32
DEBUG [IRDeviceParams.cpp:214] @ 0.0026386s :bispectral: 0
DEBUG [IRDeviceParams.cpp:215] @ 0.0026464s :flag automatic: 1
DEBUG [IRDeviceParams.cpp:216] @ 0.0026552s :min interval: 15
DEBUG [IRDeviceParams.cpp:217] @ 0.0026635s :max interval: 0
DEBUG [IRDeviceParams.cpp:218] @ 0.0026716s :chip heating mode: 0
DEBUG [IRDeviceParams.cpp:219] @ 0.00268s :chip heating fixed val: 40
DEBUG [IRDeviceParams.cpp:220] @ 0.0026887s :focus:  -1
DEBUG [IRDeviceParams.cpp:221] @ 0.0026981s :enable extended temp range: 0
DEBUG [IRDeviceParams.cpp:222] @ 0.0027064s :buffer queue size: 5
DEBUG [IRDeviceParams.cpp:223] @ 0.0027143s :enable high precision: 0
DEBUG [IRDeviceParams.cpp:224] @ 0.0027225s :radialDistortionCorrectionMode: 0
DEBUG [IRDeviceParams.cpp:225] @ 0.0027305s :deviceAPI: 0
DEBUG [IRDeviceParams.cpp:226] @ 0.0027383s :useExternalProbeForReferencing: 0
DEBUG [IRDeviceParams.cpp:227] @ 0.0027462s :enableMultiThreading: 0
DEBUG [IRDeviceParams.cpp:232] @ 0.002756s :ethernetDevice.deviceIpAddress: 0.0.0.0
DEBUG [IRDeviceParams.cpp:233] @ 0.0027645s :ethernetDevice.localUdpPort: 0
DEBUG [IRDeviceParams.cpp:234] @ 0.0027724s :ethernetDevice.checkUdpSenderIp: 1
DEBUG [Cali.cpp:87] @ 0.346702s :Calibration directory path: .\Cali-14110095.xml
DEBUG [Cali.cpp:88] @ 0.346732s :Calibration file name: Cali-14110095.xml
DEBUG [Cali.cpp:98] @ 0.347113s :Calibration data A: 1450 B:400 C:4095 D:1000
INFO [IRImager.cpp:266] @ 0.348412s :Init thermal imager to 14110095 with size: 160x121@120 Hz
DEBUG [Cali.cpp:87] @ 0.348742s :Calibration directory path: .\Cali-14110095.xml
DEBUG [Cali.cpp:88] @ 0.348791s :Calibration file name: Cali-14110095.xml
DEBUG [Cali.cpp:98] @ 0.349528s :Calibration data A: 1450 B:400 C:4095 D:1000
DEBUG [Cali.cpp:87] @ 0.351175s :Calibration directory path: .\Cali-14110095.xml
DEBUG [Cali.cpp:88] @ 0.35125s :Calibration file name: Cali-14110095.xml
DEBUG [Cali.cpp:98] @ 0.351953s :Calibration data A: 1450 B:400 C:4095 D:1000
DEBUG [IRImager.cpp:300] @ 0.352126s :No temperature range configuration specified. Setting default values tMin: -20 , tMax: 100
DEBUG [IRImager.cpp:377] @ 0.352847s :Using HID control interface
DEBUG [IRImager.cpp:417] @ 0.374903s :Initialized HID control interface to device with HW:21 FW:2025
DEBUG [IRImager.cpp:438] @ 0.374946s :Frameconfig - width(in): 160, height(in): 121, interval: 83333, max framerate: 120, HW interval: 0.00833333
DEBUG [Cali.cpp:87] @ 0.374963s :Calibration directory path: .\Cali-14110095.xml
DEBUG [Cali.cpp:88] @ 0.374972s :Calibration file name: Cali-14110095.xml
DEBUG [Cali.cpp:98] @ 0.375285s :Calibration data A: 1450 B:400 C:4095 D:1000
DEBUG [ImageProcessing.cpp:200] @ 0.399534s :Source buffer size: 38720 Width: 160 Height: 121
DEBUG [ImageProcessing.cpp:121] @ 0.457485s :Source buffer size: 38720 Width: 160 Height: 121
DEBUG [OpSource.cpp:376] @ 0.457885s :Using formats path: C:\Program Files (x86)\Optris GmbH\IrDirectSDK\examples\matlab\Formats.def
DEBUG [OpSource.cpp:628] @ 0.45812s :Format found with size: 160
DEBUG [OpSource.cpp:791] @ 0.458201s :Selected Format:"PI160 160x120 @ 120Hz"
DEBUG [IRImager.cpp:844] @ 0.45828s :Caught onFrameInit with size: 160x120
DEBUG [OpSource.cpp:376] @ 0.458585s :Using formats path: C:\Program Files (x86)\Optris GmbH\IrDirectSDK\examples\matlab\Formats.def
DEBUG [OpSource.cpp:628] @ 0.458741s :Format found with size: 160
DEBUG [OpSource.cpp:376] @ 0.458931s :Using formats path: C:\Program Files (x86)\Optris GmbH\IrDirectSDK\examples\matlab\Formats.def
DEBUG [OpCorr.cpp:467] @ 0.474859s :Read cali: .\Cali-14110095.xml\Cali-14110095-48-M20-100.dat
DEBUG [OpCorr.cpp:557] @ 0.475161s :Read calibration of camera no 14110095, # of fields: 6 , start of fields: 40
DEBUG [ImageProcessing.cpp:1108] @ 0.763722s :Update flag temperature: 29.4844
DEBUG [ImageProcessing.cpp:1111] @ 0.772096s :Update box temperature: 27.5312
DEBUG [Cali.cpp:639] @ 0.772202s :Calibration file path: 000001DAC73D9C34/0000000E695EC8A8.xml
DEBUG [SimpleXML.cpp:238] @ 0.772756s :Failed to open file .\Cali-14110095.xml\CaliExt-14110095.xml
DEBUG [IRImager.cpp:550] @ 0.785802s :Chip heating disabled
DEBUG [IRImager.cpp:1110] @ 0.883276s :Start flag calibration
DEBUG [OpFlag.cpp:591] @ 11.5557s :SkimDiff: -12 Adjust: -1112 State: 1 EMax: 8274 Emin: 2292
DEBUG [ImageProcessing.cpp:526] @ 11.568s :Skim_Adjust 4014
DEBUG [IRImager.cpp:1124] @ 11.6839s :Finished startup calibration
DEBUG [IRImager.cpp:1175] @ 26.4037s :Automatic control of shutter flag
DEBUG [OpFlag.cpp:591] @ 26.5632s :SkimDiff: -5 Adjust: -419 State: 1 EMax: 8962 Emin: 2985
DEBUG [ImageProcessing.cpp:526] @ 26.5749s :Skim_Adjust 4013
DEBUG [IRImager.cpp:1175] @ 63.0917s :Automatic control of shutter flag
DEBUG [OpFlag.cpp:591] @ 63.2677s :SkimDiff: -4 Adjust: -352 State: 1 EMax: 9024 Emin: 3052
DEBUG [ImageProcessing.cpp:526] @ 63.2808s :Skim_Adjust 4012
DEBUG [IRImager.cpp:665] @ 157.031s :Release imager
DEBUG [BaseControlDevice.cpp:26] @ 157.079s :Base destructor called
DEBUG [IRImager.cpp:672] @ 157.079s :Delete image processing
DEBUG [IRImager.cpp:679] @ 157.091s :Delete buffer
DEBUG [IRImager.cpp:687] @ 157.092s :Delete source buffer
DEBUG [IRImager.cpp:694] @ 157.092s :Delete buffer (energy)
DEBUG [IRImager.cpp:701] @ 157.092s :Delete timer
DEBUG [IRImager.cpp:707] @ 157.092s :Delete manual timer
