DEBUG [IRLogger.cpp:105] @ 0.0003191s :***************************************************
DEBUG [IRLogger.cpp:106] @ 0.000395s :* IRImagerDirect SDK                              *
DEBUG [IRLogger.cpp:107] @ 0.0004163s :***************************************************
DEBUG [IRLogger.cpp:113] @ 0.0004317s :* Native Machine:      AMD64
DEBUG [IRLogger.cpp:114] @ 0.0004439s :* Machine:             AMD64
DEBUG [IRLogger.cpp:116] @ 0.0004632s :* OS:                  Windows 10 0 26100
DEBUG [IRLogger.cpp:123] @ 0.0004741s :***************************************************
DEBUG [IRDeviceParams.cpp:204] @ 0.0021056s :Parameters
DEBUG [IRDeviceParams.cpp:205] @ 0.0021236s :serial: 14110095
DEBUG [IRDeviceParams.cpp:206] @ 0.002131s :videoformatindex: 0
DEBUG [IRDeviceParams.cpp:207] @ 0.0021378s :fov: 0
DEBUG [IRDeviceParams.cpp:208] @ 0.0021652s :optics_text: 0000000000000000
DEBUG [IRDeviceParams.cpp:209] @ 0.0021733s :formatspath: 000001EA4E48C200
DEBUG [IRDeviceParams.cpp:210] @ 0.0021815s :calipath: 000001EA4E8010D0
DEBUG [IRDeviceParams.cpp:211] @ 0.0022126s :temperature min: 0
DEBUG [IRDeviceParams.cpp:212] @ 0.0022296s :temperature max: 0
DEBUG [IRDeviceParams.cpp:213] @ 0.0022379s :framerate: 32
DEBUG [IRDeviceParams.cpp:214] @ 0.0022442s :bispectral: 0
DEBUG [IRDeviceParams.cpp:215] @ 0.0022505s :flag automatic: 1
DEBUG [IRDeviceParams.cpp:216] @ 0.0022575s :min interval: 15
DEBUG [IRDeviceParams.cpp:217] @ 0.0022644s :max interval: 0
DEBUG [IRDeviceParams.cpp:218] @ 0.0022709s :chip heating mode: 0
DEBUG [IRDeviceParams.cpp:219] @ 0.0022778s :chip heating fixed val: 40
DEBUG [IRDeviceParams.cpp:220] @ 0.0022847s :focus:  -1
DEBUG [IRDeviceParams.cpp:221] @ 0.002293s :enable extended temp range: 0
DEBUG [IRDeviceParams.cpp:222] @ 0.0023004s :buffer queue size: 5
DEBUG [IRDeviceParams.cpp:223] @ 0.0023068s :enable high precision: 0
DEBUG [IRDeviceParams.cpp:224] @ 0.0023133s :radialDistortionCorrectionMode: 0
DEBUG [IRDeviceParams.cpp:225] @ 0.0023197s :deviceAPI: 0
DEBUG [IRDeviceParams.cpp:226] @ 0.0023262s :useExternalProbeForReferencing: 0
DEBUG [IRDeviceParams.cpp:227] @ 0.0023325s :enableMultiThreading: 0
DEBUG [IRDeviceParams.cpp:232] @ 0.0023405s :ethernetDevice.deviceIpAddress: 0.0.0.0
DEBUG [IRDeviceParams.cpp:233] @ 0.0023472s :ethernetDevice.localUdpPort: 0
DEBUG [IRDeviceParams.cpp:234] @ 0.0023541s :ethernetDevice.checkUdpSenderIp: 1
DEBUG [Cali.cpp:87] @ 0.292356s :Calibration directory path: .\Cali-14110095.xml
DEBUG [Cali.cpp:88] @ 0.292398s :Calibration file name: Cali-14110095.xml
DEBUG [Cali.cpp:98] @ 0.292777s :Calibration data A: 1450 B:400 C:4095 D:1000
INFO [IRImager.cpp:266] @ 0.294166s :Init thermal imager to 14110095 with size: 160x121@120 Hz
DEBUG [Cali.cpp:87] @ 0.294562s :Calibration directory path: .\Cali-14110095.xml
DEBUG [Cali.cpp:88] @ 0.294577s :Calibration file name: Cali-14110095.xml
DEBUG [Cali.cpp:98] @ 0.294884s :Calibration data A: 1450 B:400 C:4095 D:1000
DEBUG [Cali.cpp:87] @ 0.29586s :Calibration directory path: .\Cali-14110095.xml
DEBUG [Cali.cpp:88] @ 0.295881s :Calibration file name: Cali-14110095.xml
DEBUG [Cali.cpp:98] @ 0.296186s :Calibration data A: 1450 B:400 C:4095 D:1000
DEBUG [IRImager.cpp:300] @ 0.296251s :No temperature range configuration specified. Setting default values tMin: -20 , tMax: 100
DEBUG [IRImager.cpp:377] @ 0.296725s :Using HID control interface
DEBUG [IRImager.cpp:417] @ 0.320703s :Initialized HID control interface to device with HW:21 FW:2025
DEBUG [IRImager.cpp:438] @ 0.320827s :Frameconfig - width(in): 160, height(in): 121, interval: 83333, max framerate: 120, HW interval: 0.00833333
DEBUG [Cali.cpp:87] @ 0.32089s :Calibration directory path: .\Cali-14110095.xml
DEBUG [Cali.cpp:88] @ 0.320922s :Calibration file name: Cali-14110095.xml
DEBUG [Cali.cpp:98] @ 0.321867s :Calibration data A: 1450 B:400 C:4095 D:1000
DEBUG [ImageProcessing.cpp:200] @ 0.336666s :Source buffer size: 38720 Width: 160 Height: 121
DEBUG [ImageProcessing.cpp:121] @ 0.411281s :Source buffer size: 38720 Width: 160 Height: 121
DEBUG [OpSource.cpp:376] @ 0.412614s :Using formats path: C:\Program Files (x86)\Optris GmbH\IrDirectSDK\examples\matlab\Formats.def
DEBUG [OpSource.cpp:628] @ 0.4134s :Format found with size: 160
DEBUG [OpSource.cpp:791] @ 0.413584s :Selected Format:"PI160 160x120 @ 120Hz"
DEBUG [IRImager.cpp:844] @ 0.413837s :Caught onFrameInit with size: 160x120
DEBUG [OpSource.cpp:376] @ 0.415337s :Using formats path: C:\Program Files (x86)\Optris GmbH\IrDirectSDK\examples\matlab\Formats.def
DEBUG [OpSource.cpp:628] @ 0.415868s :Format found with size: 160
DEBUG [OpSource.cpp:376] @ 0.416544s :Using formats path: C:\Program Files (x86)\Optris GmbH\IrDirectSDK\examples\matlab\Formats.def
DEBUG [OpCorr.cpp:467] @ 0.42154s :Read cali: .\Cali-14110095.xml\Cali-14110095-48-M20-100.dat
DEBUG [OpCorr.cpp:557] @ 0.42217s :Read calibration of camera no 14110095, # of fields: 6 , start of fields: 40
DEBUG [ImageProcessing.cpp:1108] @ 0.717413s :Update flag temperature: 31.4062
DEBUG [ImageProcessing.cpp:1111] @ 0.725743s :Update box temperature: 29.7109
DEBUG [Cali.cpp:639] @ 0.72585s :Calibration file path: 000001EA4EAE6334/0000003E35BEC878.xml
DEBUG [SimpleXML.cpp:238] @ 0.726421s :Failed to open file .\Cali-14110095.xml\CaliExt-14110095.xml
DEBUG [IRImager.cpp:550] @ 0.744208s :Chip heating disabled
DEBUG [IRImager.cpp:1110] @ 0.939679s :Start flag calibration
DEBUG [OpFlag.cpp:591] @ 11.6126s :SkimDiff: -9 Adjust: -840 State: 1 EMax: 8594 Emin: 2564
DEBUG [ImageProcessing.cpp:526] @ 11.6254s :Skim_Adjust 4025
DEBUG [IRImager.cpp:1124] @ 11.7411s :Finished startup calibration
DEBUG [IRImager.cpp:1175] @ 26.4601s :Automatic control of shutter flag
DEBUG [OpFlag.cpp:591] @ 26.6197s :SkimDiff: -9 Adjust: -833 State: 1 EMax: 8628 Emin: 2571
DEBUG [ImageProcessing.cpp:526] @ 26.6325s :Skim_Adjust 4024
DEBUG [IRImager.cpp:1175] @ 41.4671s :Automatic control of shutter flag
DEBUG [OpFlag.cpp:591] @ 41.6285s :SkimDiff: -8 Adjust: -795 State: 1 EMax: 8680 Emin: 2609
DEBUG [ImageProcessing.cpp:526] @ 41.6411s :Skim_Adjust 4023
DEBUG [IRImager.cpp:1175] @ 56.4752s :Automatic control of shutter flag
DEBUG [OpFlag.cpp:591] @ 56.6368s :SkimDiff: -8 Adjust: -749 State: 1 EMax: 8748 Emin: 2655
DEBUG [ImageProcessing.cpp:526] @ 56.65s :Skim_Adjust 4022
DEBUG [IRImager.cpp:1175] @ 75.5466s :Automatic control of shutter flag
DEBUG [OpFlag.cpp:591] @ 75.708s :SkimDiff: -7 Adjust: -695 State: 1 EMax: 8799 Emin: 2709
DEBUG [ImageProcessing.cpp:526] @ 75.7209s :Skim_Adjust 4021
DEBUG [IRImager.cpp:1175] @ 104.972s :Automatic control of shutter flag
DEBUG [OpFlag.cpp:591] @ 105.133s :SkimDiff: -7 Adjust: -642 State: 1 EMax: 8871 Emin: 2762
DEBUG [ImageProcessing.cpp:526] @ 105.145s :Skim_Adjust 4020
DEBUG [IRImager.cpp:1175] @ 138.763s :Automatic control of shutter flag
DEBUG [OpFlag.cpp:591] @ 138.925s :SkimDiff: -6 Adjust: -579 State: 1 EMax: 8936 Emin: 2825
DEBUG [ImageProcessing.cpp:526] @ 138.953s :Skim_Adjust 4019
DEBUG [IRImager.cpp:1175] @ 184.779s :Automatic control of shutter flag
DEBUG [OpFlag.cpp:591] @ 184.942s :SkimDiff: -6 Adjust: -520 State: 1 EMax: 9010 Emin: 2884
DEBUG [ImageProcessing.cpp:526] @ 184.97s :Skim_Adjust 4018
DEBUG [IRImager.cpp:1175] @ 199.932s :Automatic control of shutter flag
DEBUG [OpFlag.cpp:591] @ 200.108s :SkimDiff: -5 Adjust: -458 State: 1 EMax: 9068 Emin: 2946
DEBUG [ImageProcessing.cpp:526] @ 200.133s :Skim_Adjust 4017
DEBUG [IRImager.cpp:1175] @ 238.972s :Automatic control of shutter flag
DEBUG [OpFlag.cpp:591] @ 239.147s :SkimDiff: -4 Adjust: -394 State: 1 EMax: 9145 Emin: 3010
DEBUG [ImageProcessing.cpp:526] @ 239.16s :Skim_Adjust 4016
DEBUG [IRImager.cpp:1175] @ 258.523s :Automatic control of shutter flag
DEBUG [OpFlag.cpp:591] @ 258.686s :SkimDiff: -4 Adjust: -332 State: 1 EMax: 9211 Emin: 3072
DEBUG [ImageProcessing.cpp:526] @ 258.699s :Skim_Adjust 4015
DEBUG [IRImager.cpp:1175] @ 313.404s :Automatic control of shutter flag
DEBUG [OpFlag.cpp:591] @ 313.581s :SkimDiff: -3 Adjust: -274 State: 1 EMax: 9277 Emin: 3130
DEBUG [ImageProcessing.cpp:526] @ 313.596s :Skim_Adjust 4014
DEBUG [IRImager.cpp:1175] @ 367.115s :Automatic control of shutter flag
DEBUG [OpFlag.cpp:591] @ 367.291s :SkimDiff: -3 Adjust: -210 State: 1 EMax: 9351 Emin: 3194
DEBUG [ImageProcessing.cpp:526] @ 367.305s :Skim_Adjust 4013
DEBUG [IRImager.cpp:665] @ 397.963s :Release imager
DEBUG [BaseControlDevice.cpp:26] @ 398.016s :Base destructor called
DEBUG [IRImager.cpp:672] @ 398.016s :Delete image processing
DEBUG [IRImager.cpp:679] @ 398.027s :Delete buffer
DEBUG [IRImager.cpp:687] @ 398.027s :Delete source buffer
DEBUG [IRImager.cpp:694] @ 398.027s :Delete buffer (energy)
DEBUG [IRImager.cpp:701] @ 398.027s :Delete timer
DEBUG [IRImager.cpp:707] @ 398.027s :Delete manual timer
