DEBUG [IRLogger.cpp:105] @ 0.0003597s :***************************************************
DEBUG [IRLogger.cpp:106] @ 0.0004642s :* IRImagerDirect SDK                              *
DEBUG [IRLogger.cpp:107] @ 0.0005115s :***************************************************
DEBUG [IRLogger.cpp:113] @ 0.0005584s :* Native Machine:      AMD64
DEBUG [IRLogger.cpp:114] @ 0.0005734s :* Machine:             AMD64
DEBUG [IRLogger.cpp:116] @ 0.0005929s :* OS:                  Windows 10 0 26100
DEBUG [IRLogger.cpp:123] @ 0.0006032s :***************************************************
DEBUG [IRDeviceParams.cpp:204] @ 0.0022252s :Parameters
DEBUG [IRDeviceParams.cpp:205] @ 0.0022416s :serial: 14110095
DEBUG [IRDeviceParams.cpp:206] @ 0.002249s :videoformatindex: 0
DEBUG [IRDeviceParams.cpp:207] @ 0.002274s :fov: 0
DEBUG [IRDeviceParams.cpp:208] @ 0.0022826s :optics_text: 0000000000000000
DEBUG [IRDeviceParams.cpp:209] @ 0.00229s :formatspath: 0000017A8D9FD200
DEBUG [IRDeviceParams.cpp:210] @ 0.0023254s :calipath: 0000017A8320B850
DEBUG [IRDeviceParams.cpp:211] @ 0.0023352s :temperature min: 0
DEBUG [IRDeviceParams.cpp:212] @ 0.0023417s :temperature max: 0
DEBUG [IRDeviceParams.cpp:213] @ 0.0023497s :framerate: 32
DEBUG [IRDeviceParams.cpp:214] @ 0.0023561s :bispectral: 0
DEBUG [IRDeviceParams.cpp:215] @ 0.0023623s :flag automatic: 1
DEBUG [IRDeviceParams.cpp:216] @ 0.0023689s :min interval: 15
DEBUG [IRDeviceParams.cpp:217] @ 0.0023758s :max interval: 0
DEBUG [IRDeviceParams.cpp:218] @ 0.0023825s :chip heating mode: 0
DEBUG [IRDeviceParams.cpp:219] @ 0.0023892s :chip heating fixed val: 40
DEBUG [IRDeviceParams.cpp:220] @ 0.0023962s :focus:  -1
DEBUG [IRDeviceParams.cpp:221] @ 0.0024044s :enable extended temp range: 0
DEBUG [IRDeviceParams.cpp:222] @ 0.0024115s :buffer queue size: 5
DEBUG [IRDeviceParams.cpp:223] @ 0.0024181s :enable high precision: 0
DEBUG [IRDeviceParams.cpp:224] @ 0.0024248s :radialDistortionCorrectionMode: 0
DEBUG [IRDeviceParams.cpp:225] @ 0.0024312s :deviceAPI: 0
DEBUG [IRDeviceParams.cpp:226] @ 0.0024377s :useExternalProbeForReferencing: 0
DEBUG [IRDeviceParams.cpp:227] @ 0.0024439s :enableMultiThreading: 0
DEBUG [IRDeviceParams.cpp:232] @ 0.002452s :ethernetDevice.deviceIpAddress: 0.0.0.0
DEBUG [IRDeviceParams.cpp:233] @ 0.002459s :ethernetDevice.localUdpPort: 0
DEBUG [IRDeviceParams.cpp:234] @ 0.0024661s :ethernetDevice.checkUdpSenderIp: 1
ERROR [IRDeviceDS.cpp:822] @ 0.0051354s :create video graph failed hr=0
ERROR [DirectBridgeClientUSB.cpp:165] @ 0.0056573s :Device with serial 14110095 could not be found
