DEBUG [IRLogger.cpp:105] @ 0.0004293s :***************************************************
DEBUG [IRLogger.cpp:106] @ 0.0005024s :* IRImagerDirect SDK                              *
DEBUG [IRLogger.cpp:107] @ 0.0005225s :***************************************************
DEBUG [IRLogger.cpp:113] @ 0.0005374s :* Native Machine:      AMD64
DEBUG [IRLogger.cpp:114] @ 0.0005507s :* Machine:             AMD64
DEBUG [IRLogger.cpp:116] @ 0.0005698s :* OS:                  Windows 10 0 26100
DEBUG [IRLogger.cpp:123] @ 0.0005841s :***************************************************
DEBUG [IRDeviceParams.cpp:204] @ 0.002286s :Parameters
DEBUG [IRDeviceParams.cpp:205] @ 0.0023087s :serial: 14110095
DEBUG [IRDeviceParams.cpp:206] @ 0.0023163s :videoformatindex: 0
DEBUG [IRDeviceParams.cpp:207] @ 0.0023233s :fov: 0
DEBUG [IRDeviceParams.cpp:208] @ 0.0023306s :optics_text: 0000000000000000
DEBUG [IRDeviceParams.cpp:209] @ 0.0023376s :formatspath: 00000243B3C56250
DEBUG [IRDeviceParams.cpp:210] @ 0.0023455s :calipath: 00000243BDD83A90
DEBUG [IRDeviceParams.cpp:211] @ 0.0023526s :temperature min: 0
DEBUG [IRDeviceParams.cpp:212] @ 0.0023592s :temperature max: 0
DEBUG [IRDeviceParams.cpp:213] @ 0.0023668s :framerate: 32
DEBUG [IRDeviceParams.cpp:214] @ 0.0023736s :bispectral: 0
DEBUG [IRDeviceParams.cpp:215] @ 0.0023806s :flag automatic: 1
DEBUG [IRDeviceParams.cpp:216] @ 0.0023877s :min interval: 15
DEBUG [IRDeviceParams.cpp:217] @ 0.0023949s :max interval: 0
DEBUG [IRDeviceParams.cpp:218] @ 0.0024018s :chip heating mode: 0
DEBUG [IRDeviceParams.cpp:219] @ 0.0024089s :chip heating fixed val: 40
DEBUG [IRDeviceParams.cpp:220] @ 0.0024164s :focus:  -1
DEBUG [IRDeviceParams.cpp:221] @ 0.0024247s :enable extended temp range: 0
DEBUG [IRDeviceParams.cpp:222] @ 0.0024338s :buffer queue size: 5
DEBUG [IRDeviceParams.cpp:223] @ 0.0024405s :enable high precision: 0
DEBUG [IRDeviceParams.cpp:224] @ 0.0024473s :radialDistortionCorrectionMode: 0
DEBUG [IRDeviceParams.cpp:225] @ 0.002454s :deviceAPI: 0
DEBUG [IRDeviceParams.cpp:226] @ 0.0024609s :useExternalProbeForReferencing: 0
DEBUG [IRDeviceParams.cpp:227] @ 0.0024675s :enableMultiThreading: 0
DEBUG [IRDeviceParams.cpp:232] @ 0.0024762s :ethernetDevice.deviceIpAddress: 0.0.0.0
DEBUG [IRDeviceParams.cpp:233] @ 0.0024843s :ethernetDevice.localUdpPort: 0
DEBUG [IRDeviceParams.cpp:234] @ 0.0024911s :ethernetDevice.checkUdpSenderIp: 1
DEBUG [Cali.cpp:87] @ 0.283072s :Calibration directory path: .\Cali-14110095.xml
DEBUG [Cali.cpp:88] @ 0.283099s :Calibration file name: Cali-14110095.xml
DEBUG [Cali.cpp:98] @ 0.283369s :Calibration data A: 1450 B:400 C:4095 D:1000
INFO [IRImager.cpp:266] @ 0.284338s :Init thermal imager to 14110095 with size: 160x121@120 Hz
DEBUG [Cali.cpp:87] @ 0.284594s :Calibration directory path: .\Cali-14110095.xml
DEBUG [Cali.cpp:88] @ 0.284604s :Calibration file name: Cali-14110095.xml
DEBUG [Cali.cpp:98] @ 0.284818s :Calibration data A: 1450 B:400 C:4095 D:1000
DEBUG [Cali.cpp:87] @ 0.28546s :Calibration directory path: .\Cali-14110095.xml
DEBUG [Cali.cpp:88] @ 0.285472s :Calibration file name: Cali-14110095.xml
DEBUG [Cali.cpp:98] @ 0.285663s :Calibration data A: 1450 B:400 C:4095 D:1000
DEBUG [IRImager.cpp:300] @ 0.285703s :No temperature range configuration specified. Setting default values tMin: -20 , tMax: 100
DEBUG [IRImager.cpp:377] @ 0.286155s :Using HID control interface
DEBUG [IRImager.cpp:417] @ 0.302975s :Initialized HID control interface to device with HW:21 FW:2025
DEBUG [IRImager.cpp:438] @ 0.303007s :Frameconfig - width(in): 160, height(in): 121, interval: 83333, max framerate: 120, HW interval: 0.00833333
DEBUG [Cali.cpp:87] @ 0.303021s :Calibration directory path: .\Cali-14110095.xml
DEBUG [Cali.cpp:88] @ 0.303028s :Calibration file name: Cali-14110095.xml
DEBUG [Cali.cpp:98] @ 0.303311s :Calibration data A: 1450 B:400 C:4095 D:1000
DEBUG [ImageProcessing.cpp:200] @ 0.319495s :Source buffer size: 38720 Width: 160 Height: 121
DEBUG [ImageProcessing.cpp:121] @ 0.385891s :Source buffer size: 38720 Width: 160 Height: 121
DEBUG [OpSource.cpp:376] @ 0.387293s :Using formats path: C:\Program Files (x86)\Optris GmbH\IrDirectSDK\examples\matlab\Formats.def
DEBUG [OpSource.cpp:628] @ 0.388038s :Format found with size: 160
DEBUG [OpSource.cpp:791] @ 0.388251s :Selected Format:"PI160 160x120 @ 120Hz"
DEBUG [IRImager.cpp:844] @ 0.38862s :Caught onFrameInit with size: 160x120
DEBUG [OpSource.cpp:376] @ 0.389752s :Using formats path: C:\Program Files (x86)\Optris GmbH\IrDirectSDK\examples\matlab\Formats.def
DEBUG [OpSource.cpp:628] @ 0.390306s :Format found with size: 160
DEBUG [OpSource.cpp:376] @ 0.390993s :Using formats path: C:\Program Files (x86)\Optris GmbH\IrDirectSDK\examples\matlab\Formats.def
DEBUG [OpCorr.cpp:467] @ 0.395584s :Read cali: .\Cali-14110095.xml\Cali-14110095-48-M20-100.dat
DEBUG [OpCorr.cpp:557] @ 0.396201s :Read calibration of camera no 14110095, # of fields: 6 , start of fields: 40
DEBUG [ImageProcessing.cpp:1108] @ 0.683498s :Update flag temperature: 32.4922
DEBUG [ImageProcessing.cpp:1111] @ 0.691869s :Update box temperature: 30.4609
DEBUG [Cali.cpp:639] @ 0.691932s :Calibration file path: 00000243B3FF6AC4/000000661C5EC538.xml
DEBUG [SimpleXML.cpp:238] @ 0.69228s :Failed to open file .\Cali-14110095.xml\CaliExt-14110095.xml
DEBUG [IRImager.cpp:550] @ 0.709021s :Chip heating disabled
DEBUG [IRImager.cpp:1110] @ 0.784142s :Start flag calibration
DEBUG [OpFlag.cpp:591] @ 11.4568s :SkimDiff: -10 Adjust: -905 State: 1 EMax: 8743 Emin: 2499
DEBUG [ImageProcessing.cpp:526] @ 11.4695s :Skim_Adjust 4016
DEBUG [IRImager.cpp:1124] @ 11.5862s :Finished startup calibration
DEBUG [IRImager.cpp:1175] @ 26.3036s :Automatic control of shutter flag
DEBUG [OpFlag.cpp:591] @ 26.4646s :SkimDiff: -3 Adjust: -283 State: 1 EMax: 9349 Emin: 3121
DEBUG [ImageProcessing.cpp:526] @ 26.4768s :Skim_Adjust 4015
DEBUG [IRImager.cpp:1175] @ 76.7678s :Automatic control of shutter flag
DEBUG [OpFlag.cpp:591] @ 76.9451s :SkimDiff: -3 Adjust: -213 State: 1 EMax: 9404 Emin: 3191
DEBUG [ImageProcessing.cpp:526] @ 76.9573s :Skim_Adjust 4014
DEBUG [IRImager.cpp:1175] @ 567.36s :Automatic control of shutter flag
DEBUG [OpFlag.cpp:591] @ 567.553s :SkimDiff: -2 Adjust: -156 State: 1 EMax: 9465 Emin: 3248
DEBUG [ImageProcessing.cpp:526] @ 567.565s :Skim_Adjust 4013
