DEBUG [IRLogger.cpp:105] @ 0.0005902s :***************************************************
DEBUG [IRLogger.cpp:106] @ 0.0006729s :* IRImagerDirect SDK                              *
DEBUG [IRLogger.cpp:107] @ 0.0006929s :***************************************************
DEBUG [IRLogger.cpp:113] @ 0.0007072s :* Native Machine:      AMD64
DEBUG [IRLogger.cpp:114] @ 0.0007194s :* Machine:             AMD64
DEBUG [IRLogger.cpp:116] @ 0.0007382s :* OS:                  Windows 10 0 26100
DEBUG [IRLogger.cpp:123] @ 0.0007489s :***************************************************
DEBUG [IRDeviceParams.cpp:204] @ 0.0018211s :Parameters
DEBUG [IRDeviceParams.cpp:205] @ 0.0018405s :serial: 14110095
DEBUG [IRDeviceParams.cpp:206] @ 0.0018481s :videoformatindex: 0
DEBUG [IRDeviceParams.cpp:207] @ 0.0018556s :fov: 0
DEBUG [IRDeviceParams.cpp:208] @ 0.0018631s :optics_text: 0000000000000000
DEBUG [IRDeviceParams.cpp:209] @ 0.00187s :formatspath: 000001969AF92510
DEBUG [IRDeviceParams.cpp:210] @ 0.001878s :calipath: 00000196A52E38F0
DEBUG [IRDeviceParams.cpp:211] @ 0.0018849s :temperature min: 0
DEBUG [IRDeviceParams.cpp:212] @ 0.0018918s :temperature max: 0
DEBUG [IRDeviceParams.cpp:213] @ 0.0018994s :framerate: 32
DEBUG [IRDeviceParams.cpp:214] @ 0.001906s :bispectral: 0
DEBUG [IRDeviceParams.cpp:215] @ 0.0019129s :flag automatic: 1
DEBUG [IRDeviceParams.cpp:216] @ 0.0020116s :min interval: 15
DEBUG [IRDeviceParams.cpp:217] @ 0.0020191s :max interval: 0
DEBUG [IRDeviceParams.cpp:218] @ 0.0020264s :chip heating mode: 0
DEBUG [IRDeviceParams.cpp:219] @ 0.0020341s :chip heating fixed val: 40
DEBUG [IRDeviceParams.cpp:220] @ 0.0020415s :focus:  -1
DEBUG [IRDeviceParams.cpp:221] @ 0.0020497s :enable extended temp range: 0
DEBUG [IRDeviceParams.cpp:222] @ 0.0020569s :buffer queue size: 5
DEBUG [IRDeviceParams.cpp:223] @ 0.002065s :enable high precision: 0
DEBUG [IRDeviceParams.cpp:224] @ 0.002072s :radialDistortionCorrectionMode: 0
DEBUG [IRDeviceParams.cpp:225] @ 0.0020794s :deviceAPI: 0
DEBUG [IRDeviceParams.cpp:226] @ 0.0020866s :useExternalProbeForReferencing: 0
DEBUG [IRDeviceParams.cpp:227] @ 0.002095s :enableMultiThreading: 0
DEBUG [IRDeviceParams.cpp:232] @ 0.0021044s :ethernetDevice.deviceIpAddress: 0.0.0.0
DEBUG [IRDeviceParams.cpp:233] @ 0.0021135s :ethernetDevice.localUdpPort: 0
DEBUG [IRDeviceParams.cpp:234] @ 0.0021211s :ethernetDevice.checkUdpSenderIp: 1
DEBUG [Cali.cpp:87] @ 0.266695s :Calibration directory path: .\Cali-14110095.xml
DEBUG [Cali.cpp:88] @ 0.266729s :Calibration file name: Cali-14110095.xml
DEBUG [Cali.cpp:98] @ 0.267353s :Calibration data A: 1450 B:400 C:4095 D:1000
INFO [IRImager.cpp:266] @ 0.268754s :Init thermal imager to 14110095 with size: 160x121@120 Hz
DEBUG [Cali.cpp:87] @ 0.269076s :Calibration directory path: .\Cali-14110095.xml
DEBUG [Cali.cpp:88] @ 0.269089s :Calibration file name: Cali-14110095.xml
DEBUG [Cali.cpp:98] @ 0.269341s :Calibration data A: 1450 B:400 C:4095 D:1000
DEBUG [Cali.cpp:87] @ 0.270076s :Calibration directory path: .\Cali-14110095.xml
DEBUG [Cali.cpp:88] @ 0.270091s :Calibration file name: Cali-14110095.xml
DEBUG [Cali.cpp:98] @ 0.270313s :Calibration data A: 1450 B:400 C:4095 D:1000
DEBUG [IRImager.cpp:300] @ 0.270485s :No temperature range configuration specified. Setting default values tMin: -20 , tMax: 100
DEBUG [IRImager.cpp:377] @ 0.271334s :Using HID control interface
DEBUG [IRImager.cpp:417] @ 0.288444s :Initialized HID control interface to device with HW:21 FW:2025
DEBUG [IRImager.cpp:438] @ 0.288474s :Frameconfig - width(in): 160, height(in): 121, interval: 83333, max framerate: 120, HW interval: 0.00833333
DEBUG [Cali.cpp:87] @ 0.288487s :Calibration directory path: .\Cali-14110095.xml
DEBUG [Cali.cpp:88] @ 0.288494s :Calibration file name: Cali-14110095.xml
DEBUG [Cali.cpp:98] @ 0.288778s :Calibration data A: 1450 B:400 C:4095 D:1000
DEBUG [ImageProcessing.cpp:200] @ 0.309791s :Source buffer size: 38720 Width: 160 Height: 121
DEBUG [ImageProcessing.cpp:121] @ 0.381831s :Source buffer size: 38720 Width: 160 Height: 121
DEBUG [OpSource.cpp:376] @ 0.383488s :Using formats path: C:\Program Files (x86)\Optris GmbH\IrDirectSDK\examples\matlab\Formats.def
DEBUG [OpSource.cpp:628] @ 0.385709s :Format found with size: 160
DEBUG [OpSource.cpp:791] @ 0.38645s :Selected Format:"PI160 160x120 @ 120Hz"
DEBUG [IRImager.cpp:844] @ 0.386966s :Caught onFrameInit with size: 160x120
DEBUG [OpSource.cpp:376] @ 0.388684s :Using formats path: C:\Program Files (x86)\Optris GmbH\IrDirectSDK\examples\matlab\Formats.def
DEBUG [OpSource.cpp:628] @ 0.389464s :Format found with size: 160
DEBUG [OpSource.cpp:376] @ 0.391312s :Using formats path: C:\Program Files (x86)\Optris GmbH\IrDirectSDK\examples\matlab\Formats.def
DEBUG [OpCorr.cpp:467] @ 0.397979s :Read cali: .\Cali-14110095.xml\Cali-14110095-48-M20-100.dat
DEBUG [OpCorr.cpp:557] @ 0.3993s :Read calibration of camera no 14110095, # of fields: 6 , start of fields: 40
DEBUG [ImageProcessing.cpp:1108] @ 0.689967s :Update flag temperature: 31.3281
DEBUG [ImageProcessing.cpp:1111] @ 0.697202s :Update box temperature: 29.4062
DEBUG [Cali.cpp:639] @ 0.697283s :Calibration file path: 00000196A593F134/000000201A3EC5D8.xml
DEBUG [SimpleXML.cpp:238] @ 0.697716s :Failed to open file .\Cali-14110095.xml\CaliExt-14110095.xml
DEBUG [IRImager.cpp:550] @ 0.716628s :Chip heating disabled
DEBUG [IRImager.cpp:1110] @ 0.811748s :Start flag calibration
DEBUG [OpFlag.cpp:591] @ 11.485s :SkimDiff: -9 Adjust: -890 State: 1 EMax: 8590 Emin: 2514
DEBUG [ImageProcessing.cpp:526] @ 11.4975s :Skim_Adjust 4025
DEBUG [IRImager.cpp:1124] @ 11.6133s :Finished startup calibration
DEBUG [IRImager.cpp:1175] @ 26.3319s :Automatic control of shutter flag
DEBUG [OpFlag.cpp:591] @ 26.4931s :SkimDiff: -9 Adjust: -854 State: 1 EMax: 8634 Emin: 2550
DEBUG [ImageProcessing.cpp:526] @ 26.5054s :Skim_Adjust 4024
DEBUG [IRImager.cpp:1175] @ 41.7724s :Automatic control of shutter flag
DEBUG [OpFlag.cpp:591] @ 41.9479s :SkimDiff: -9 Adjust: -817 State: 1 EMax: 8691 Emin: 2587
DEBUG [ImageProcessing.cpp:526] @ 41.9591s :Skim_Adjust 4023
DEBUG [IRImager.cpp:1175] @ 73.2278s :Automatic control of shutter flag
DEBUG [OpFlag.cpp:591] @ 73.4043s :SkimDiff: -8 Adjust: -769 State: 1 EMax: 8742 Emin: 2635
DEBUG [ImageProcessing.cpp:526] @ 73.4163s :Skim_Adjust 4022
DEBUG [IRImager.cpp:1175] @ 113.693s :Automatic control of shutter flag
DEBUG [OpFlag.cpp:591] @ 113.853s :SkimDiff: -8 Adjust: -718 State: 1 EMax: 8805 Emin: 2686
DEBUG [ImageProcessing.cpp:526] @ 113.866s :Skim_Adjust 4021
DEBUG [IRImager.cpp:1175] @ 171.997s :Automatic control of shutter flag
DEBUG [OpFlag.cpp:591] @ 172.173s :SkimDiff: -7 Adjust: -652 State: 1 EMax: 8871 Emin: 2752
DEBUG [ImageProcessing.cpp:526] @ 172.185s :Skim_Adjust 4020
DEBUG [IRImager.cpp:1175] @ 229.308s :Automatic control of shutter flag
DEBUG [OpFlag.cpp:591] @ 229.485s :SkimDiff: -6 Adjust: -600 State: 1 EMax: 8945 Emin: 2804
DEBUG [ImageProcessing.cpp:526] @ 229.498s :Skim_Adjust 4019
DEBUG [IRImager.cpp:1175] @ 258.172s :Automatic control of shutter flag
DEBUG [OpFlag.cpp:591] @ 258.349s :SkimDiff: -6 Adjust: -530 State: 1 EMax: 9007 Emin: 2874
DEBUG [ImageProcessing.cpp:526] @ 258.361s :Skim_Adjust 4018
DEBUG [IRImager.cpp:665] @ 260.674s :Release imager
DEBUG [BaseControlDevice.cpp:26] @ 260.74s :Base destructor called
DEBUG [IRImager.cpp:672] @ 260.741s :Delete image processing
DEBUG [IRImager.cpp:679] @ 260.748s :Delete buffer
DEBUG [IRImager.cpp:687] @ 260.748s :Delete source buffer
DEBUG [IRImager.cpp:694] @ 260.748s :Delete buffer (energy)
DEBUG [IRImager.cpp:701] @ 260.748s :Delete timer
DEBUG [IRImager.cpp:707] @ 260.748s :Delete manual timer
