DEBUG [IRLogger.cpp:105] @ 0.0002816s :***************************************************
DEBUG [IRLogger.cpp:106] @ 0.0003643s :* IRImagerDirect SDK                              *
DEBUG [IRLogger.cpp:107] @ 0.0003836s :***************************************************
DEBUG [IRLogger.cpp:113] @ 0.000398s :* Native Machine:      AMD64
DEBUG [IRLogger.cpp:114] @ 0.0004224s :* Machine:             AMD64
DEBUG [IRLogger.cpp:116] @ 0.0004533s :* OS:                  Windows 10 0 26100
DEBUG [IRLogger.cpp:123] @ 0.0006961s :***************************************************
DEBUG [IRDeviceParams.cpp:204] @ 0.0023397s :Parameters
DEBUG [IRDeviceParams.cpp:205] @ 0.0023573s :serial: 14110095
DEBUG [IRDeviceParams.cpp:206] @ 0.0023656s :videoformatindex: 0
DEBUG [IRDeviceParams.cpp:207] @ 0.002374s :fov: 0
DEBUG [IRDeviceParams.cpp:208] @ 0.0023811s :optics_text: 0000000000000000
DEBUG [IRDeviceParams.cpp:209] @ 0.0023881s :formatspath: 00000186A56A23A0
DEBUG [IRDeviceParams.cpp:210] @ 0.0023959s :calipath: 00000186A2C6D170
DEBUG [IRDeviceParams.cpp:211] @ 0.0024034s :temperature min: 0
DEBUG [IRDeviceParams.cpp:212] @ 0.0024106s :temperature max: 0
DEBUG [IRDeviceParams.cpp:213] @ 0.0024179s :framerate: 32
DEBUG [IRDeviceParams.cpp:214] @ 0.0024243s :bispectral: 0
DEBUG [IRDeviceParams.cpp:215] @ 0.0024307s :flag automatic: 1
DEBUG [IRDeviceParams.cpp:216] @ 0.0024374s :min interval: 15
DEBUG [IRDeviceParams.cpp:217] @ 0.0024442s :max interval: 0
DEBUG [IRDeviceParams.cpp:218] @ 0.0024758s :chip heating mode: 0
DEBUG [IRDeviceParams.cpp:219] @ 0.0024828s :chip heating fixed val: 40
DEBUG [IRDeviceParams.cpp:220] @ 0.0024901s :focus:  -1
DEBUG [IRDeviceParams.cpp:221] @ 0.0024981s :enable extended temp range: 0
DEBUG [IRDeviceParams.cpp:222] @ 0.002505s :buffer queue size: 5
DEBUG [IRDeviceParams.cpp:223] @ 0.0025119s :enable high precision: 0
DEBUG [IRDeviceParams.cpp:224] @ 0.0025185s :radialDistortionCorrectionMode: 0
DEBUG [IRDeviceParams.cpp:225] @ 0.002525s :deviceAPI: 0
DEBUG [IRDeviceParams.cpp:226] @ 0.0025319s :useExternalProbeForReferencing: 0
DEBUG [IRDeviceParams.cpp:227] @ 0.0025384s :enableMultiThreading: 0
DEBUG [IRDeviceParams.cpp:232] @ 0.0025467s :ethernetDevice.deviceIpAddress: 0.0.0.0
DEBUG [IRDeviceParams.cpp:233] @ 0.0025536s :ethernetDevice.localUdpPort: 0
DEBUG [IRDeviceParams.cpp:234] @ 0.0025602s :ethernetDevice.checkUdpSenderIp: 1
DEBUG [Cali.cpp:87] @ 0.23718s :Calibration directory path: .\Cali-14110095.xml
DEBUG [Cali.cpp:88] @ 0.237207s :Calibration file name: Cali-14110095.xml
DEBUG [Cali.cpp:98] @ 0.237481s :Calibration data A: 1450 B:400 C:4095 D:1000
INFO [IRImager.cpp:266] @ 0.238451s :Init thermal imager to 14110095 with size: 160x121@120 Hz
DEBUG [Cali.cpp:87] @ 0.238717s :Calibration directory path: .\Cali-14110095.xml
DEBUG [Cali.cpp:88] @ 0.238727s :Calibration file name: Cali-14110095.xml
DEBUG [Cali.cpp:98] @ 0.238936s :Calibration data A: 1450 B:400 C:4095 D:1000
DEBUG [Cali.cpp:87] @ 0.239675s :Calibration directory path: .\Cali-14110095.xml
DEBUG [Cali.cpp:88] @ 0.239689s :Calibration file name: Cali-14110095.xml
DEBUG [Cali.cpp:98] @ 0.239899s :Calibration data A: 1450 B:400 C:4095 D:1000
DEBUG [IRImager.cpp:300] @ 0.239946s :No temperature range configuration specified. Setting default values tMin: -20 , tMax: 100
DEBUG [IRImager.cpp:377] @ 0.240269s :Using HID control interface
DEBUG [IRImager.cpp:417] @ 0.259905s :Initialized HID control interface to device with HW:21 FW:2025
DEBUG [IRImager.cpp:438] @ 0.259979s :Frameconfig - width(in): 160, height(in): 121, interval: 83333, max framerate: 120, HW interval: 0.00833333
DEBUG [Cali.cpp:87] @ 0.260014s :Calibration directory path: .\Cali-14110095.xml
DEBUG [Cali.cpp:88] @ 0.260033s :Calibration file name: Cali-14110095.xml
DEBUG [Cali.cpp:98] @ 0.260574s :Calibration data A: 1450 B:400 C:4095 D:1000
DEBUG [ImageProcessing.cpp:200] @ 0.284316s :Source buffer size: 38720 Width: 160 Height: 121
DEBUG [ImageProcessing.cpp:121] @ 0.350513s :Source buffer size: 38720 Width: 160 Height: 121
DEBUG [OpSource.cpp:376] @ 0.35231s :Using formats path: C:\Program Files (x86)\Optris GmbH\IrDirectSDK\examples\matlab\Formats.def
DEBUG [OpSource.cpp:628] @ 0.353007s :Format found with size: 160
DEBUG [OpSource.cpp:791] @ 0.353201s :Selected Format:"PI160 160x120 @ 120Hz"
DEBUG [IRImager.cpp:844] @ 0.354074s :Caught onFrameInit with size: 160x120
DEBUG [OpSource.cpp:376] @ 0.356268s :Using formats path: C:\Program Files (x86)\Optris GmbH\IrDirectSDK\examples\matlab\Formats.def
DEBUG [OpSource.cpp:628] @ 0.35729s :Format found with size: 160
DEBUG [OpSource.cpp:376] @ 0.357986s :Using formats path: C:\Program Files (x86)\Optris GmbH\IrDirectSDK\examples\matlab\Formats.def
DEBUG [OpCorr.cpp:467] @ 0.367934s :Read cali: .\Cali-14110095.xml\Cali-14110095-48-M20-100.dat
DEBUG [OpCorr.cpp:557] @ 0.36827s :Read calibration of camera no 14110095, # of fields: 6 , start of fields: 40
DEBUG [ImageProcessing.cpp:1108] @ 0.673182s :Update flag temperature: 25.5078
DEBUG [ImageProcessing.cpp:1111] @ 0.681477s :Update box temperature: 24.7188
DEBUG [Cali.cpp:639] @ 0.681557s :Calibration file path: 00000186AFBB1364/00000045655ECC28.xml
DEBUG [SimpleXML.cpp:238] @ 0.681968s :Failed to open file .\Cali-14110095.xml\CaliExt-14110095.xml
DEBUG [IRImager.cpp:550] @ 0.707639s :Chip heating disabled
DEBUG [IRImager.cpp:1110] @ 0.776173s :Start flag calibration
DEBUG [OpFlag.cpp:591] @ 11.4493s :SkimDiff: -11 Adjust: -1027 State: 1 EMax: 7893 Emin: 2377
DEBUG [ImageProcessing.cpp:526] @ 11.4615s :Skim_Adjust 4015
DEBUG [IRImager.cpp:1124] @ 11.5767s :Finished startup calibration
