DEBUG [IRLogger.cpp:105] @ 0.0004095s :***************************************************
DEBUG [IRLogger.cpp:106] @ 0.0004839s :* IRImagerDirect SDK                              *
DEBUG [IRLogger.cpp:107] @ 0.0005046s :***************************************************
DEBUG [IRLogger.cpp:113] @ 0.0005186s :* Native Machine:      AMD64
DEBUG [IRLogger.cpp:114] @ 0.0005309s :* Machine:             AMD64
DEBUG [IRLogger.cpp:116] @ 0.0005501s :* OS:                  Windows 10 0 26100
DEBUG [IRLogger.cpp:123] @ 0.0005613s :***************************************************
DEBUG [IRDeviceParams.cpp:204] @ 0.0021882s :Parameters
DEBUG [IRDeviceParams.cpp:205] @ 0.0022037s :serial: 14110095
DEBUG [IRDeviceParams.cpp:206] @ 0.0022108s :videoformatindex: 0
DEBUG [IRDeviceParams.cpp:207] @ 0.0022179s :fov: 0
DEBUG [IRDeviceParams.cpp:208] @ 0.0022249s :optics_text: 0000000000000000
DEBUG [IRDeviceParams.cpp:209] @ 0.0022316s :formatspath: 000001CCF5EF24A0
DEBUG [IRDeviceParams.cpp:210] @ 0.0022392s :calipath: 000001CC804540A0
DEBUG [IRDeviceParams.cpp:211] @ 0.0022455s :temperature min: 0
DEBUG [IRDeviceParams.cpp:212] @ 0.002252s :temperature max: 0
DEBUG [IRDeviceParams.cpp:213] @ 0.0022592s :framerate: 32
DEBUG [IRDeviceParams.cpp:214] @ 0.0022654s :bispectral: 0
DEBUG [IRDeviceParams.cpp:215] @ 0.0022719s :flag automatic: 1
DEBUG [IRDeviceParams.cpp:216] @ 0.0022786s :min interval: 15
DEBUG [IRDeviceParams.cpp:217] @ 0.0022853s :max interval: 0
DEBUG [IRDeviceParams.cpp:218] @ 0.0022918s :chip heating mode: 0
DEBUG [IRDeviceParams.cpp:219] @ 0.0022986s :chip heating fixed val: 40
DEBUG [IRDeviceParams.cpp:220] @ 0.0023056s :focus:  -1
DEBUG [IRDeviceParams.cpp:221] @ 0.0023133s :enable extended temp range: 0
DEBUG [IRDeviceParams.cpp:222] @ 0.0023201s :buffer queue size: 5
DEBUG [IRDeviceParams.cpp:223] @ 0.0023269s :enable high precision: 0
DEBUG [IRDeviceParams.cpp:224] @ 0.0023335s :radialDistortionCorrectionMode: 0
DEBUG [IRDeviceParams.cpp:225] @ 0.00234s :deviceAPI: 0
DEBUG [IRDeviceParams.cpp:226] @ 0.0023466s :useExternalProbeForReferencing: 0
DEBUG [IRDeviceParams.cpp:227] @ 0.0023529s :enableMultiThreading: 0
DEBUG [IRDeviceParams.cpp:232] @ 0.002361s :ethernetDevice.deviceIpAddress: 0.0.0.0
DEBUG [IRDeviceParams.cpp:233] @ 0.0023676s :ethernetDevice.localUdpPort: 0
DEBUG [IRDeviceParams.cpp:234] @ 0.002374s :ethernetDevice.checkUdpSenderIp: 1
DEBUG [Cali.cpp:87] @ 0.210923s :Calibration directory path: .\Cali-14110095.xml
DEBUG [Cali.cpp:88] @ 0.210951s :Calibration file name: Cali-14110095.xml
DEBUG [Cali.cpp:98] @ 0.211226s :Calibration data A: 1450 B:400 C:4095 D:1000
INFO [IRImager.cpp:266] @ 0.21223s :Init thermal imager to 14110095 with size: 160x121@120 Hz
DEBUG [Cali.cpp:87] @ 0.212514s :Calibration directory path: .\Cali-14110095.xml
DEBUG [Cali.cpp:88] @ 0.212525s :Calibration file name: Cali-14110095.xml
DEBUG [Cali.cpp:98] @ 0.212737s :Calibration data A: 1450 B:400 C:4095 D:1000
DEBUG [Cali.cpp:87] @ 0.213415s :Calibration directory path: .\Cali-14110095.xml
DEBUG [Cali.cpp:88] @ 0.213428s :Calibration file name: Cali-14110095.xml
DEBUG [Cali.cpp:98] @ 0.213664s :Calibration data A: 1450 B:400 C:4095 D:1000
DEBUG [IRImager.cpp:300] @ 0.213718s :No temperature range configuration specified. Setting default values tMin: -20 , tMax: 100
DEBUG [IRImager.cpp:377] @ 0.214104s :Using HID control interface
DEBUG [IRImager.cpp:417] @ 0.237141s :Initialized HID control interface to device with HW:21 FW:2025
DEBUG [IRImager.cpp:438] @ 0.237178s :Frameconfig - width(in): 160, height(in): 121, interval: 83333, max framerate: 120, HW interval: 0.00833333
DEBUG [Cali.cpp:87] @ 0.237194s :Calibration directory path: .\Cali-14110095.xml
DEBUG [Cali.cpp:88] @ 0.237202s :Calibration file name: Cali-14110095.xml
DEBUG [Cali.cpp:98] @ 0.237502s :Calibration data A: 1450 B:400 C:4095 D:1000
DEBUG [ImageProcessing.cpp:200] @ 0.253518s :Source buffer size: 38720 Width: 160 Height: 121
DEBUG [ImageProcessing.cpp:121] @ 0.320024s :Source buffer size: 38720 Width: 160 Height: 121
DEBUG [OpSource.cpp:376] @ 0.320647s :Using formats path: C:\Program Files (x86)\Optris GmbH\IrDirectSDK\examples\matlab\Formats.def
DEBUG [OpSource.cpp:628] @ 0.320985s :Format found with size: 160
DEBUG [OpSource.cpp:791] @ 0.321062s :Selected Format:"PI160 160x120 @ 120Hz"
DEBUG [IRImager.cpp:844] @ 0.321255s :Caught onFrameInit with size: 160x120
DEBUG [OpSource.cpp:376] @ 0.321916s :Using formats path: C:\Program Files (x86)\Optris GmbH\IrDirectSDK\examples\matlab\Formats.def
DEBUG [OpSource.cpp:628] @ 0.322145s :Format found with size: 160
DEBUG [OpSource.cpp:376] @ 0.322461s :Using formats path: C:\Program Files (x86)\Optris GmbH\IrDirectSDK\examples\matlab\Formats.def
DEBUG [OpCorr.cpp:467] @ 0.33796s :Read cali: .\Cali-14110095.xml\Cali-14110095-48-M20-100.dat
DEBUG [OpCorr.cpp:557] @ 0.338674s :Read calibration of camera no 14110095, # of fields: 6 , start of fields: 40
DEBUG [ImageProcessing.cpp:1108] @ 0.642415s :Update flag temperature: 31.1016
DEBUG [ImageProcessing.cpp:1111] @ 0.650653s :Update box temperature: 29.3984
DEBUG [Cali.cpp:639] @ 0.650696s :Calibration file path: 000001CC831FF2F4/000000BD1C7ECC68.xml
DEBUG [SimpleXML.cpp:238] @ 0.650982s :Failed to open file .\Cali-14110095.xml\CaliExt-14110095.xml
DEBUG [IRImager.cpp:550] @ 0.665955s :Chip heating disabled
DEBUG [IRImager.cpp:1110] @ 0.719884s :Start flag calibration
DEBUG [OpFlag.cpp:591] @ 11.3908s :SkimDiff: -9 Adjust: -877 State: 1 EMax: 8541 Emin: 2527
DEBUG [ImageProcessing.cpp:526] @ 11.4013s :Skim_Adjust 4025
DEBUG [IRImager.cpp:1124] @ 11.519s :Finished startup calibration
DEBUG [IRImager.cpp:665] @ 18.7899s :Release imager
DEBUG [BaseControlDevice.cpp:26] @ 18.8419s :Base destructor called
DEBUG [IRImager.cpp:672] @ 18.842s :Delete image processing
DEBUG [IRImager.cpp:679] @ 18.8524s :Delete buffer
DEBUG [IRImager.cpp:687] @ 18.8525s :Delete source buffer
DEBUG [IRImager.cpp:694] @ 18.8525s :Delete buffer (energy)
DEBUG [IRImager.cpp:701] @ 18.8526s :Delete timer
DEBUG [IRImager.cpp:707] @ 18.8526s :Delete manual timer
