DEBUG [IRLogger.cpp:105] @ 0.0003057s :***************************************************
DEBUG [IRLogger.cpp:106] @ 0.0003759s :* IRImagerDirect SDK                              *
DEBUG [IRLogger.cpp:107] @ 0.0003961s :***************************************************
DEBUG [IRLogger.cpp:113] @ 0.0004101s :* Native Machine:      AMD64
DEBUG [IRLogger.cpp:114] @ 0.0004235s :* Machine:             AMD64
DEBUG [IRLogger.cpp:116] @ 0.0004424s :* OS:                  Windows 10 0 26100
DEBUG [IRLogger.cpp:123] @ 0.0004545s :***************************************************
DEBUG [IRDeviceParams.cpp:204] @ 0.0021411s :Parameters
DEBUG [IRDeviceParams.cpp:205] @ 0.0021596s :serial: 14110095
DEBUG [IRDeviceParams.cpp:206] @ 0.0021675s :videoformatindex: 0
DEBUG [IRDeviceParams.cpp:207] @ 0.0021744s :fov: 0
DEBUG [IRDeviceParams.cpp:208] @ 0.002182s :optics_text: 0000000000000000
DEBUG [IRDeviceParams.cpp:209] @ 0.0021892s :formatspath: 00000218C42819B0
DEBUG [IRDeviceParams.cpp:210] @ 0.0021972s :calipath: 00000218C4594550
DEBUG [IRDeviceParams.cpp:211] @ 0.002204s :temperature min: 0
DEBUG [IRDeviceParams.cpp:212] @ 0.0022107s :temperature max: 0
DEBUG [IRDeviceParams.cpp:213] @ 0.0022186s :framerate: 32
DEBUG [IRDeviceParams.cpp:214] @ 0.0022255s :bispectral: 0
DEBUG [IRDeviceParams.cpp:215] @ 0.0022324s :flag automatic: 1
DEBUG [IRDeviceParams.cpp:216] @ 0.0022405s :min interval: 15
DEBUG [IRDeviceParams.cpp:217] @ 0.0022475s :max interval: 0
DEBUG [IRDeviceParams.cpp:218] @ 0.0022543s :chip heating mode: 0
DEBUG [IRDeviceParams.cpp:219] @ 0.0022612s :chip heating fixed val: 40
DEBUG [IRDeviceParams.cpp:220] @ 0.0022683s :focus:  -1
DEBUG [IRDeviceParams.cpp:221] @ 0.0022763s :enable extended temp range: 0
DEBUG [IRDeviceParams.cpp:222] @ 0.0022832s :buffer queue size: 5
DEBUG [IRDeviceParams.cpp:223] @ 0.00229s :enable high precision: 0
DEBUG [IRDeviceParams.cpp:224] @ 0.0022969s :radialDistortionCorrectionMode: 0
DEBUG [IRDeviceParams.cpp:225] @ 0.0023036s :deviceAPI: 0
DEBUG [IRDeviceParams.cpp:226] @ 0.0023102s :useExternalProbeForReferencing: 0
DEBUG [IRDeviceParams.cpp:227] @ 0.0023168s :enableMultiThreading: 0
DEBUG [IRDeviceParams.cpp:232] @ 0.0023255s :ethernetDevice.deviceIpAddress: 0.0.0.0
DEBUG [IRDeviceParams.cpp:233] @ 0.0023321s :ethernetDevice.localUdpPort: 0
DEBUG [IRDeviceParams.cpp:234] @ 0.0023387s :ethernetDevice.checkUdpSenderIp: 1
DEBUG [Cali.cpp:87] @ 0.281819s :Calibration directory path: .\Cali-14110095.xml
DEBUG [Cali.cpp:88] @ 0.281848s :Calibration file name: Cali-14110095.xml
DEBUG [Cali.cpp:98] @ 0.282124s :Calibration data A: 1450 B:400 C:4095 D:1000
INFO [IRImager.cpp:266] @ 0.283102s :Init thermal imager to 14110095 with size: 160x121@120 Hz
DEBUG [Cali.cpp:87] @ 0.283367s :Calibration directory path: .\Cali-14110095.xml
DEBUG [Cali.cpp:88] @ 0.283377s :Calibration file name: Cali-14110095.xml
DEBUG [Cali.cpp:98] @ 0.283583s :Calibration data A: 1450 B:400 C:4095 D:1000
DEBUG [Cali.cpp:87] @ 0.284237s :Calibration directory path: .\Cali-14110095.xml
DEBUG [Cali.cpp:88] @ 0.284251s :Calibration file name: Cali-14110095.xml
DEBUG [Cali.cpp:98] @ 0.284565s :Calibration data A: 1450 B:400 C:4095 D:1000
DEBUG [IRImager.cpp:300] @ 0.284616s :No temperature range configuration specified. Setting default values tMin: -20 , tMax: 100
DEBUG [IRImager.cpp:377] @ 0.284938s :Using HID control interface
DEBUG [IRImager.cpp:417] @ 0.302961s :Initialized HID control interface to device with HW:21 FW:2025
DEBUG [IRImager.cpp:438] @ 0.303017s :Frameconfig - width(in): 160, height(in): 121, interval: 83333, max framerate: 120, HW interval: 0.00833333
DEBUG [Cali.cpp:87] @ 0.303046s :Calibration directory path: .\Cali-14110095.xml
DEBUG [Cali.cpp:88] @ 0.303061s :Calibration file name: Cali-14110095.xml
DEBUG [Cali.cpp:98] @ 0.303665s :Calibration data A: 1450 B:400 C:4095 D:1000
DEBUG [ImageProcessing.cpp:200] @ 0.319383s :Source buffer size: 38720 Width: 160 Height: 121
DEBUG [ImageProcessing.cpp:121] @ 0.393854s :Source buffer size: 38720 Width: 160 Height: 121
DEBUG [OpSource.cpp:376] @ 0.395565s :Using formats path: C:\Program Files (x86)\Optris GmbH\IrDirectSDK\examples\matlab\Formats.def
DEBUG [OpSource.cpp:628] @ 0.396504s :Format found with size: 160
DEBUG [OpSource.cpp:791] @ 0.396733s :Selected Format:"PI160 160x120 @ 120Hz"
DEBUG [IRImager.cpp:844] @ 0.397018s :Caught onFrameInit with size: 160x120
DEBUG [OpSource.cpp:376] @ 0.398464s :Using formats path: C:\Program Files (x86)\Optris GmbH\IrDirectSDK\examples\matlab\Formats.def
DEBUG [OpSource.cpp:628] @ 0.398987s :Format found with size: 160
DEBUG [OpSource.cpp:376] @ 0.399661s :Using formats path: C:\Program Files (x86)\Optris GmbH\IrDirectSDK\examples\matlab\Formats.def
DEBUG [OpCorr.cpp:467] @ 0.412811s :Read cali: .\Cali-14110095.xml\Cali-14110095-48-M20-100.dat
DEBUG [OpCorr.cpp:557] @ 0.413474s :Read calibration of camera no 14110095, # of fields: 6 , start of fields: 40
DEBUG [ImageProcessing.cpp:1108] @ 0.691475s :Update flag temperature: 28.5078
DEBUG [ImageProcessing.cpp:1111] @ 0.699895s :Update box temperature: 26.5859
DEBUG [Cali.cpp:639] @ 0.699948s :Calibration file path: 00000218C3E4FF34/00000075DCFECC18.xml
DEBUG [SimpleXML.cpp:238] @ 0.700236s :Failed to open file .\Cali-14110095.xml\CaliExt-14110095.xml
DEBUG [IRImager.cpp:550] @ 0.715744s :Chip heating disabled
DEBUG [IRImager.cpp:1110] @ 0.795026s :Start flag calibration
DEBUG [OpFlag.cpp:591] @ 11.4684s :SkimDiff: -12 Adjust: -1155 State: 1 EMax: 8140 Emin: 2249
DEBUG [ImageProcessing.cpp:526] @ 11.4809s :Skim_Adjust 4014
DEBUG [IRImager.cpp:1124] @ 11.5963s :Finished startup calibration
DEBUG [IRImager.cpp:665] @ 20.1895s :Release imager
DEBUG [BaseControlDevice.cpp:26] @ 20.233s :Base destructor called
DEBUG [IRImager.cpp:672] @ 20.233s :Delete image processing
DEBUG [IRImager.cpp:679] @ 20.2384s :Delete buffer
DEBUG [IRImager.cpp:687] @ 20.2384s :Delete source buffer
DEBUG [IRImager.cpp:694] @ 20.2384s :Delete buffer (energy)
DEBUG [IRImager.cpp:701] @ 20.2384s :Delete timer
DEBUG [IRImager.cpp:707] @ 20.2384s :Delete manual timer
