DEBUG [IRLogger.cpp:105] @ 0.0008932s :***************************************************
DEBUG [IRLogger.cpp:106] @ 0.0012519s :* IRImagerDirect SDK                              *
DEBUG [IRLogger.cpp:107] @ 0.0016105s :***************************************************
DEBUG [IRLogger.cpp:113] @ 0.0017424s :* Native Machine:      AMD64
DEBUG [IRLogger.cpp:114] @ 0.0017549s :* Machine:             AMD64
DEBUG [IRLogger.cpp:116] @ 0.0017839s :* OS:                  Windows 10 0 26100
DEBUG [IRLogger.cpp:123] @ 0.001795s :***************************************************
DEBUG [IRDeviceParams.cpp:204] @ 0.0036983s :Parameters
DEBUG [IRDeviceParams.cpp:205] @ 0.00372s :serial: 14110095
DEBUG [IRDeviceParams.cpp:206] @ 0.0037277s :videoformatindex: 0
DEBUG [IRDeviceParams.cpp:207] @ 0.0037347s :fov: 0
DEBUG [IRDeviceParams.cpp:208] @ 0.0037417s :optics_text: 0000000000000000
DEBUG [IRDeviceParams.cpp:209] @ 0.0037485s :formatspath: 000001F01B6922F0
DEBUG [IRDeviceParams.cpp:210] @ 0.0037565s :calipath: 000001F02591A900
DEBUG [IRDeviceParams.cpp:211] @ 0.0037631s :temperature min: 0
DEBUG [IRDeviceParams.cpp:212] @ 0.0037695s :temperature max: 0
DEBUG [IRDeviceParams.cpp:213] @ 0.0037768s :framerate: 32
DEBUG [IRDeviceParams.cpp:214] @ 0.0037831s :bispectral: 0
DEBUG [IRDeviceParams.cpp:215] @ 0.0037899s :flag automatic: 1
DEBUG [IRDeviceParams.cpp:216] @ 0.0037966s :min interval: 15
DEBUG [IRDeviceParams.cpp:217] @ 0.0038036s :max interval: 0
DEBUG [IRDeviceParams.cpp:218] @ 0.0038102s :chip heating mode: 0
DEBUG [IRDeviceParams.cpp:219] @ 0.0038176s :chip heating fixed val: 40
DEBUG [IRDeviceParams.cpp:220] @ 0.0038252s :focus:  -1
DEBUG [IRDeviceParams.cpp:221] @ 0.0038335s :enable extended temp range: 0
DEBUG [IRDeviceParams.cpp:222] @ 0.0038402s :buffer queue size: 5
DEBUG [IRDeviceParams.cpp:223] @ 0.0038471s :enable high precision: 0
DEBUG [IRDeviceParams.cpp:224] @ 0.0038537s :radialDistortionCorrectionMode: 0
DEBUG [IRDeviceParams.cpp:225] @ 0.0038602s :deviceAPI: 0
DEBUG [IRDeviceParams.cpp:226] @ 0.0038667s :useExternalProbeForReferencing: 0
DEBUG [IRDeviceParams.cpp:227] @ 0.003873s :enableMultiThreading: 0
DEBUG [IRDeviceParams.cpp:232] @ 0.0038817s :ethernetDevice.deviceIpAddress: 0.0.0.0
DEBUG [IRDeviceParams.cpp:233] @ 0.0038883s :ethernetDevice.localUdpPort: 0
DEBUG [IRDeviceParams.cpp:234] @ 0.0038947s :ethernetDevice.checkUdpSenderIp: 1
DEBUG [Cali.cpp:87] @ 0.206551s :Calibration directory path: .\Cali-14110095.xml
DEBUG [Cali.cpp:88] @ 0.20658s :Calibration file name: Cali-14110095.xml
DEBUG [Cali.cpp:98] @ 0.206873s :Calibration data A: 1450 B:400 C:4095 D:1000
INFO [IRImager.cpp:266] @ 0.207897s :Init thermal imager to 14110095 with size: 160x121@120 Hz
DEBUG [Cali.cpp:87] @ 0.208178s :Calibration directory path: .\Cali-14110095.xml
DEBUG [Cali.cpp:88] @ 0.20819s :Calibration file name: Cali-14110095.xml
DEBUG [Cali.cpp:98] @ 0.208414s :Calibration data A: 1450 B:400 C:4095 D:1000
DEBUG [Cali.cpp:87] @ 0.209146s :Calibration directory path: .\Cali-14110095.xml
DEBUG [Cali.cpp:88] @ 0.209159s :Calibration file name: Cali-14110095.xml
DEBUG [Cali.cpp:98] @ 0.209363s :Calibration data A: 1450 B:400 C:4095 D:1000
DEBUG [IRImager.cpp:300] @ 0.209409s :No temperature range configuration specified. Setting default values tMin: -20 , tMax: 100
DEBUG [IRImager.cpp:377] @ 0.209751s :Using HID control interface
DEBUG [IRImager.cpp:417] @ 0.232333s :Initialized HID control interface to device with HW:21 FW:2025
DEBUG [IRImager.cpp:438] @ 0.232385s :Frameconfig - width(in): 160, height(in): 121, interval: 83333, max framerate: 120, HW interval: 0.00833333
DEBUG [Cali.cpp:87] @ 0.232402s :Calibration directory path: .\Cali-14110095.xml
DEBUG [Cali.cpp:88] @ 0.23241s :Calibration file name: Cali-14110095.xml
DEBUG [Cali.cpp:98] @ 0.232817s :Calibration data A: 1450 B:400 C:4095 D:1000
DEBUG [ImageProcessing.cpp:200] @ 0.256983s :Source buffer size: 38720 Width: 160 Height: 121
DEBUG [ImageProcessing.cpp:121] @ 0.315008s :Source buffer size: 38720 Width: 160 Height: 121
DEBUG [OpSource.cpp:376] @ 0.315665s :Using formats path: C:\Program Files (x86)\Optris GmbH\IrDirectSDK\examples\matlab\Formats.def
DEBUG [OpSource.cpp:628] @ 0.316033s :Format found with size: 160
DEBUG [OpSource.cpp:791] @ 0.316118s :Selected Format:"PI160 160x120 @ 120Hz"
DEBUG [IRImager.cpp:844] @ 0.316306s :Caught onFrameInit with size: 160x120
DEBUG [OpSource.cpp:376] @ 0.317201s :Using formats path: C:\Program Files (x86)\Optris GmbH\IrDirectSDK\examples\matlab\Formats.def
DEBUG [OpSource.cpp:628] @ 0.317467s :Format found with size: 160
DEBUG [OpSource.cpp:376] @ 0.317832s :Using formats path: C:\Program Files (x86)\Optris GmbH\IrDirectSDK\examples\matlab\Formats.def
DEBUG [OpCorr.cpp:467] @ 0.331665s :Read cali: .\Cali-14110095.xml\Cali-14110095-48-M20-100.dat
DEBUG [OpCorr.cpp:557] @ 0.331757s :Read calibration of camera no 14110095, # of fields: 6 , start of fields: 40
DEBUG [ImageProcessing.cpp:1108] @ 0.637729s :Update flag temperature: 32.4844
DEBUG [ImageProcessing.cpp:1111] @ 0.645921s :Update box temperature: 30.4531
DEBUG [Cali.cpp:639] @ 0.64603s :Calibration file path: 000001F01B3C37E4/000000B9213EC588.xml
DEBUG [SimpleXML.cpp:238] @ 0.646581s :Failed to open file .\Cali-14110095.xml\CaliExt-14110095.xml
DEBUG [IRImager.cpp:550] @ 0.664464s :Chip heating disabled
DEBUG [IRImager.cpp:1110] @ 0.751667s :Start flag calibration
DEBUG [OpFlag.cpp:591] @ 11.4251s :SkimDiff: -9 Adjust: -832 State: 1 EMax: 8759 Emin: 2572
DEBUG [ImageProcessing.cpp:526] @ 11.4371s :Skim_Adjust 4025
DEBUG [IRImager.cpp:1124] @ 11.5528s :Finished startup calibration
DEBUG [IRImager.cpp:1175] @ 26.2711s :Automatic control of shutter flag
DEBUG [OpFlag.cpp:591] @ 26.431s :SkimDiff: -8 Adjust: -795 State: 1 EMax: 8817 Emin: 2609
DEBUG [ImageProcessing.cpp:526] @ 26.4518s :Skim_Adjust 4024
DEBUG [IRImager.cpp:1175] @ 117.311s :Automatic control of shutter flag
DEBUG [OpFlag.cpp:591] @ 117.473s :SkimDiff: -8 Adjust: -749 State: 1 EMax: 8867 Emin: 2655
DEBUG [ImageProcessing.cpp:526] @ 117.486s :Skim_Adjust 4023
