DEBUG [IRLogger.cpp:105] @ 0.0003156s :***************************************************
DEBUG [IRLogger.cpp:106] @ 0.000389s :* IRImagerDirect SDK                              *
DEBUG [IRLogger.cpp:107] @ 0.0004095s :***************************************************
DEBUG [IRLogger.cpp:113] @ 0.000434s :* Native Machine:      AMD64
DEBUG [IRLogger.cpp:114] @ 0.0004548s :* Machine:             AMD64
DEBUG [IRLogger.cpp:116] @ 0.0005325s :* OS:                  Windows 10 0 26100
DEBUG [IRLogger.cpp:123] @ 0.0005503s :***************************************************
DEBUG [IRDeviceParams.cpp:204] @ 0.0023512s :Parameters
DEBUG [IRDeviceParams.cpp:205] @ 0.0023716s :serial: 14110095
DEBUG [IRDeviceParams.cpp:206] @ 0.0023813s :videoformatindex: 0
DEBUG [IRDeviceParams.cpp:207] @ 0.0023885s :fov: 0
DEBUG [IRDeviceParams.cpp:208] @ 0.0023959s :optics_text: 0000000000000000
DEBUG [IRDeviceParams.cpp:209] @ 0.0024032s :formatspath: 0000024CB0C30D90
DEBUG [IRDeviceParams.cpp:210] @ 0.0024113s :calipath: 0000024CB0C317C0
DEBUG [IRDeviceParams.cpp:211] @ 0.0024187s :temperature min: 0
DEBUG [IRDeviceParams.cpp:212] @ 0.0024257s :temperature max: 0
DEBUG [IRDeviceParams.cpp:213] @ 0.0024331s :framerate: 32
DEBUG [IRDeviceParams.cpp:214] @ 0.00244s :bispectral: 0
DEBUG [IRDeviceParams.cpp:215] @ 0.0024467s :flag automatic: 1
DEBUG [IRDeviceParams.cpp:216] @ 0.0024602s :min interval: 15
DEBUG [IRDeviceParams.cpp:217] @ 0.0024678s :max interval: 0
DEBUG [IRDeviceParams.cpp:218] @ 0.0024748s :chip heating mode: 0
DEBUG [IRDeviceParams.cpp:219] @ 0.0024826s :chip heating fixed val: 40
DEBUG [IRDeviceParams.cpp:220] @ 0.0024907s :focus:  -1
DEBUG [IRDeviceParams.cpp:221] @ 0.0024995s :enable extended temp range: 0
DEBUG [IRDeviceParams.cpp:222] @ 0.002507s :buffer queue size: 5
DEBUG [IRDeviceParams.cpp:223] @ 0.0025145s :enable high precision: 0
DEBUG [IRDeviceParams.cpp:224] @ 0.0025215s :radialDistortionCorrectionMode: 0
DEBUG [IRDeviceParams.cpp:225] @ 0.0025286s :deviceAPI: 0
DEBUG [IRDeviceParams.cpp:226] @ 0.0025355s :useExternalProbeForReferencing: 0
DEBUG [IRDeviceParams.cpp:227] @ 0.002542s :enableMultiThreading: 0
DEBUG [IRDeviceParams.cpp:232] @ 0.0025507s :ethernetDevice.deviceIpAddress: 0.0.0.0
DEBUG [IRDeviceParams.cpp:233] @ 0.0025576s :ethernetDevice.localUdpPort: 0
DEBUG [IRDeviceParams.cpp:234] @ 0.0025649s :ethernetDevice.checkUdpSenderIp: 1
DEBUG [Cali.cpp:87] @ 0.313334s :Calibration directory path: .\Cali-14110095.xml
DEBUG [Cali.cpp:88] @ 0.313361s :Calibration file name: Cali-14110095.xml
DEBUG [Cali.cpp:98] @ 0.313658s :Calibration data A: 1450 B:400 C:4095 D:1000
INFO [IRImager.cpp:266] @ 0.314667s :Init thermal imager to 14110095 with size: 160x121@120 Hz
DEBUG [Cali.cpp:87] @ 0.314963s :Calibration directory path: .\Cali-14110095.xml
DEBUG [Cali.cpp:88] @ 0.314974s :Calibration file name: Cali-14110095.xml
DEBUG [Cali.cpp:98] @ 0.315184s :Calibration data A: 1450 B:400 C:4095 D:1000
DEBUG [Cali.cpp:87] @ 0.315826s :Calibration directory path: .\Cali-14110095.xml
DEBUG [Cali.cpp:88] @ 0.315839s :Calibration file name: Cali-14110095.xml
DEBUG [Cali.cpp:98] @ 0.316036s :Calibration data A: 1450 B:400 C:4095 D:1000
DEBUG [IRImager.cpp:300] @ 0.316078s :No temperature range configuration specified. Setting default values tMin: -20 , tMax: 100
DEBUG [IRImager.cpp:377] @ 0.316432s :Using HID control interface
DEBUG [IRImager.cpp:417] @ 0.33861s :Initialized HID control interface to device with HW:21 FW:2025
DEBUG [IRImager.cpp:438] @ 0.338672s :Frameconfig - width(in): 160, height(in): 121, interval: 83333, max framerate: 120, HW interval: 0.00833333
DEBUG [Cali.cpp:87] @ 0.338699s :Calibration directory path: .\Cali-14110095.xml
DEBUG [Cali.cpp:88] @ 0.338714s :Calibration file name: Cali-14110095.xml
DEBUG [Cali.cpp:98] @ 0.339271s :Calibration data A: 1450 B:400 C:4095 D:1000
DEBUG [ImageProcessing.cpp:200] @ 0.363307s :Source buffer size: 38720 Width: 160 Height: 121
DEBUG [ImageProcessing.cpp:121] @ 0.429524s :Source buffer size: 38720 Width: 160 Height: 121
DEBUG [OpSource.cpp:376] @ 0.430684s :Using formats path: C:\Program Files (x86)\Optris GmbH\IrDirectSDK\examples\matlab\Formats.def
DEBUG [OpSource.cpp:628] @ 0.431811s :Format found with size: 160
DEBUG [OpSource.cpp:791] @ 0.432163s :Selected Format:"PI160 160x120 @ 120Hz"
DEBUG [IRImager.cpp:844] @ 0.432548s :Caught onFrameInit with size: 160x120
DEBUG [OpSource.cpp:376] @ 0.433831s :Using formats path: C:\Program Files (x86)\Optris GmbH\IrDirectSDK\examples\matlab\Formats.def
DEBUG [OpSource.cpp:628] @ 0.434438s :Format found with size: 160
DEBUG [OpSource.cpp:376] @ 0.43516s :Using formats path: C:\Program Files (x86)\Optris GmbH\IrDirectSDK\examples\matlab\Formats.def
DEBUG [OpCorr.cpp:467] @ 0.438761s :Read cali: .\Cali-14110095.xml\Cali-14110095-48-M20-100.dat
DEBUG [OpCorr.cpp:557] @ 0.439174s :Read calibration of camera no 14110095, # of fields: 6 , start of fields: 40
DEBUG [ImageProcessing.cpp:1108] @ 0.719124s :Update flag temperature: 29.6094
DEBUG [ImageProcessing.cpp:1111] @ 0.727202s :Update box temperature: 27.5469
DEBUG [Cali.cpp:639] @ 0.727241s :Calibration file path: 0000024CB08EF314/000000FFC17ECC28.xml
DEBUG [SimpleXML.cpp:238] @ 0.72747s :Failed to open file .\Cali-14110095.xml\CaliExt-14110095.xml
DEBUG [IRImager.cpp:550] @ 0.753021s :Chip heating disabled
DEBUG [IRImager.cpp:1110] @ 0.829087s :Start flag calibration
DEBUG [OpFlag.cpp:591] @ 11.5024s :SkimDiff: -11 Adjust: -1085 State: 1 EMax: 8302 Emin: 2319
DEBUG [ImageProcessing.cpp:526] @ 11.5145s :Skim_Adjust 4015
DEBUG [IRImager.cpp:1124] @ 11.63s :Finished startup calibration
DEBUG [IRImager.cpp:1175] @ 26.3495s :Automatic control of shutter flag
DEBUG [OpFlag.cpp:591] @ 26.51s :SkimDiff: -5 Adjust: -461 State: 1 EMax: 8917 Emin: 2943
DEBUG [ImageProcessing.cpp:526] @ 26.5223s :Skim_Adjust 4014
DEBUG [IRImager.cpp:665] @ 65.3926s :Release imager
DEBUG [BaseControlDevice.cpp:26] @ 65.4475s :Base destructor called
DEBUG [IRImager.cpp:672] @ 65.4476s :Delete image processing
DEBUG [IRImager.cpp:679] @ 65.457s :Delete buffer
DEBUG [IRImager.cpp:687] @ 65.457s :Delete source buffer
DEBUG [IRImager.cpp:694] @ 65.457s :Delete buffer (energy)
DEBUG [IRImager.cpp:701] @ 65.457s :Delete timer
DEBUG [IRImager.cpp:707] @ 65.457s :Delete manual timer
