DEBUG [IRLogger.cpp:105] @ 0.0014092s :***************************************************
DEBUG [IRLogger.cpp:106] @ 0.0017011s :* IRImagerDirect SDK                              *
DEBUG [IRLogger.cpp:107] @ 0.0017805s :***************************************************
DEBUG [IRLogger.cpp:113] @ 0.0018367s :* Native Machine:      AMD64
DEBUG [IRLogger.cpp:114] @ 0.0018855s :* Machine:             AMD64
DEBUG [IRLogger.cpp:116] @ 0.0019929s :* OS:                  Windows 10 0 26100
DEBUG [IRLogger.cpp:123] @ 0.0020341s :***************************************************
DEBUG [IRDeviceParams.cpp:204] @ 0.0175559s :Parameters
DEBUG [IRDeviceParams.cpp:205] @ 0.0175875s :serial: 14110095
DEBUG [IRDeviceParams.cpp:206] @ 0.0175966s :videoformatindex: 0
DEBUG [IRDeviceParams.cpp:207] @ 0.017605s :fov: 0
DEBUG [IRDeviceParams.cpp:208] @ 0.0176138s :optics_text: 0000000000000000
DEBUG [IRDeviceParams.cpp:209] @ 0.0176231s :formatspath: 000001D453E46620
DEBUG [IRDeviceParams.cpp:210] @ 0.0176335s :calipath: 000001D45E0F7510
DEBUG [IRDeviceParams.cpp:211] @ 0.0176417s :temperature min: 0
DEBUG [IRDeviceParams.cpp:212] @ 0.0176494s :temperature max: 0
DEBUG [IRDeviceParams.cpp:213] @ 0.0176583s :framerate: 32
DEBUG [IRDeviceParams.cpp:214] @ 0.0176666s :bispectral: 0
DEBUG [IRDeviceParams.cpp:215] @ 0.0176743s :flag automatic: 1
DEBUG [IRDeviceParams.cpp:216] @ 0.0176825s :min interval: 15
DEBUG [IRDeviceParams.cpp:217] @ 0.0176913s :max interval: 0
DEBUG [IRDeviceParams.cpp:218] @ 0.0176994s :chip heating mode: 0
DEBUG [IRDeviceParams.cpp:219] @ 0.017708s :chip heating fixed val: 40
DEBUG [IRDeviceParams.cpp:220] @ 0.0177165s :focus:  -1
DEBUG [IRDeviceParams.cpp:221] @ 0.0177272s :enable extended temp range: 0
DEBUG [IRDeviceParams.cpp:222] @ 0.0177357s :buffer queue size: 5
DEBUG [IRDeviceParams.cpp:223] @ 0.0177438s :enable high precision: 0
DEBUG [IRDeviceParams.cpp:224] @ 0.0177522s :radialDistortionCorrectionMode: 0
DEBUG [IRDeviceParams.cpp:225] @ 0.0177601s :deviceAPI: 0
DEBUG [IRDeviceParams.cpp:226] @ 0.0177683s :useExternalProbeForReferencing: 0
DEBUG [IRDeviceParams.cpp:227] @ 0.0177764s :enableMultiThreading: 0
DEBUG [IRDeviceParams.cpp:232] @ 0.017787s :ethernetDevice.deviceIpAddress: 0.0.0.0
DEBUG [IRDeviceParams.cpp:233] @ 0.0177953s :ethernetDevice.localUdpPort: 0
DEBUG [IRDeviceParams.cpp:234] @ 0.0178032s :ethernetDevice.checkUdpSenderIp: 1
DEBUG [Cali.cpp:87] @ 0.447921s :Calibration directory path: .\Cali-14110095.xml
DEBUG [Cali.cpp:88] @ 0.448005s :Calibration file name: Cali-14110095.xml
DEBUG [Cali.cpp:98] @ 0.460672s :Calibration data A: 1450 B:400 C:4095 D:1000
INFO [IRImager.cpp:266] @ 0.557855s :Init thermal imager to 14110095 with size: 160x121@120 Hz
DEBUG [Cali.cpp:87] @ 0.558128s :Calibration directory path: .\Cali-14110095.xml
DEBUG [Cali.cpp:88] @ 0.558147s :Calibration file name: Cali-14110095.xml
DEBUG [Cali.cpp:98] @ 0.558403s :Calibration data A: 1450 B:400 C:4095 D:1000
DEBUG [Cali.cpp:87] @ 0.559056s :Calibration directory path: .\Cali-14110095.xml
DEBUG [Cali.cpp:88] @ 0.55907s :Calibration file name: Cali-14110095.xml
DEBUG [Cali.cpp:98] @ 0.55928s :Calibration data A: 1450 B:400 C:4095 D:1000
DEBUG [IRImager.cpp:300] @ 0.55933s :No temperature range configuration specified. Setting default values tMin: -20 , tMax: 100
DEBUG [IRImager.cpp:377] @ 0.56664s :Using HID control interface
DEBUG [IRImager.cpp:417] @ 0.589215s :Initialized HID control interface to device with HW:21 FW:2025
DEBUG [IRImager.cpp:438] @ 0.589269s :Frameconfig - width(in): 160, height(in): 121, interval: 83333, max framerate: 120, HW interval: 0.00833333
DEBUG [Cali.cpp:87] @ 0.589302s :Calibration directory path: .\Cali-14110095.xml
DEBUG [Cali.cpp:88] @ 0.589316s :Calibration file name: Cali-14110095.xml
DEBUG [Cali.cpp:98] @ 0.58981s :Calibration data A: 1450 B:400 C:4095 D:1000
DEBUG [ImageProcessing.cpp:200] @ 0.610444s :Source buffer size: 38720 Width: 160 Height: 121
DEBUG [ImageProcessing.cpp:121] @ 0.674857s :Source buffer size: 38720 Width: 160 Height: 121
DEBUG [OpSource.cpp:376] @ 0.675134s :Using formats path: C:\Program Files (x86)\Optris GmbH\IrDirectSDK\examples\matlab\Formats.def
DEBUG [OpSource.cpp:628] @ 0.675273s :Format found with size: 160
DEBUG [OpSource.cpp:791] @ 0.675304s :Selected Format:"PI160 160x120 @ 120Hz"
DEBUG [IRImager.cpp:844] @ 0.675348s :Caught onFrameInit with size: 160x120
DEBUG [OpSource.cpp:376] @ 0.675529s :Using formats path: C:\Program Files (x86)\Optris GmbH\IrDirectSDK\examples\matlab\Formats.def
DEBUG [OpSource.cpp:628] @ 0.675601s :Format found with size: 160
DEBUG [OpSource.cpp:376] @ 0.675684s :Using formats path: C:\Program Files (x86)\Optris GmbH\IrDirectSDK\examples\matlab\Formats.def
DEBUG [OpCorr.cpp:467] @ 0.682337s :Read cali: .\Cali-14110095.xml\Cali-14110095-48-M20-100.dat
DEBUG [OpCorr.cpp:557] @ 0.682443s :Read calibration of camera no 14110095, # of fields: 6 , start of fields: 40
DEBUG [ImageProcessing.cpp:1108] @ 0.97621s :Update flag temperature: 27.4531
DEBUG [ImageProcessing.cpp:1111] @ 0.983437s :Update box temperature: 25.5938
DEBUG [Cali.cpp:639] @ 0.983546s :Calibration file path: 000001D460407184/00000071DBBEC6E8.xml
DEBUG [SimpleXML.cpp:238] @ 0.984151s :Failed to open file .\Cali-14110095.xml\CaliExt-14110095.xml
DEBUG [IRImager.cpp:550] @ 0.995636s :Chip heating disabled
DEBUG [IRImager.cpp:1110] @ 1.11628s :Start flag calibration
DEBUG [OpFlag.cpp:591] @ 11.7895s :SkimDiff: -12 Adjust: -1168 State: 1 EMax: 8031 Emin: 2236
DEBUG [ImageProcessing.cpp:526] @ 11.8016s :Skim_Adjust 4014
DEBUG [IRImager.cpp:1124] @ 11.918s :Finished startup calibration
DEBUG [IRImager.cpp:665] @ 23.2506s :Release imager
DEBUG [BaseControlDevice.cpp:26] @ 23.3008s :Base destructor called
DEBUG [IRImager.cpp:672] @ 23.301s :Delete image processing
DEBUG [IRImager.cpp:679] @ 23.3109s :Delete buffer
DEBUG [IRImager.cpp:687] @ 23.3111s :Delete source buffer
DEBUG [IRImager.cpp:694] @ 23.3112s :Delete buffer (energy)
DEBUG [IRImager.cpp:701] @ 23.3112s :Delete timer
DEBUG [IRImager.cpp:707] @ 23.3113s :Delete manual timer
