DEBUG [IRLogger.cpp:105] @ 0.0003633s :***************************************************
DEBUG [IRLogger.cpp:106] @ 0.0004389s :* IRImagerDirect SDK                              *
DEBUG [IRLogger.cpp:107] @ 0.0004997s :***************************************************
DEBUG [IRLogger.cpp:113] @ 0.0005193s :* Native Machine:      AMD64
DEBUG [IRLogger.cpp:114] @ 0.0005331s :* Machine:             AMD64
DEBUG [IRLogger.cpp:116] @ 0.0005531s :* OS:                  Windows 10 0 26100
DEBUG [IRLogger.cpp:123] @ 0.0005643s :***************************************************
DEBUG [IRDeviceParams.cpp:204] @ 0.0022355s :Parameters
DEBUG [IRDeviceParams.cpp:205] @ 0.0022525s :serial: 14110095
DEBUG [IRDeviceParams.cpp:206] @ 0.0022607s :videoformatindex: 0
DEBUG [IRDeviceParams.cpp:207] @ 0.0022677s :fov: 0
DEBUG [IRDeviceParams.cpp:208] @ 0.002275s :optics_text: 0000000000000000
DEBUG [IRDeviceParams.cpp:209] @ 0.0022823s :formatspath: 000002062E0D4780
DEBUG [IRDeviceParams.cpp:210] @ 0.0022901s :calipath: 000002062E00E090
DEBUG [IRDeviceParams.cpp:211] @ 0.0022969s :temperature min: 0
DEBUG [IRDeviceParams.cpp:212] @ 0.0023034s :temperature max: 0
DEBUG [IRDeviceParams.cpp:213] @ 0.002311s :framerate: 32
DEBUG [IRDeviceParams.cpp:214] @ 0.0023174s :bispectral: 0
DEBUG [IRDeviceParams.cpp:215] @ 0.0023238s :flag automatic: 1
DEBUG [IRDeviceParams.cpp:216] @ 0.0023309s :min interval: 15
DEBUG [IRDeviceParams.cpp:217] @ 0.0023378s :max interval: 0
DEBUG [IRDeviceParams.cpp:218] @ 0.0023443s :chip heating mode: 0
DEBUG [IRDeviceParams.cpp:219] @ 0.0023512s :chip heating fixed val: 40
DEBUG [IRDeviceParams.cpp:220] @ 0.0023581s :focus:  -1
DEBUG [IRDeviceParams.cpp:221] @ 0.0023662s :enable extended temp range: 0
DEBUG [IRDeviceParams.cpp:222] @ 0.0023734s :buffer queue size: 5
DEBUG [IRDeviceParams.cpp:223] @ 0.0023801s :enable high precision: 0
DEBUG [IRDeviceParams.cpp:224] @ 0.0023869s :radialDistortionCorrectionMode: 0
DEBUG [IRDeviceParams.cpp:225] @ 0.0023936s :deviceAPI: 0
DEBUG [IRDeviceParams.cpp:226] @ 0.0024001s :useExternalProbeForReferencing: 0
DEBUG [IRDeviceParams.cpp:227] @ 0.0024068s :enableMultiThreading: 0
DEBUG [IRDeviceParams.cpp:232] @ 0.0024151s :ethernetDevice.deviceIpAddress: 0.0.0.0
DEBUG [IRDeviceParams.cpp:233] @ 0.0024216s :ethernetDevice.localUdpPort: 0
DEBUG [IRDeviceParams.cpp:234] @ 0.0024282s :ethernetDevice.checkUdpSenderIp: 1
DEBUG [Cali.cpp:87] @ 0.221838s :Calibration directory path: .\Cali-14110095.xml
DEBUG [Cali.cpp:88] @ 0.221866s :Calibration file name: Cali-14110095.xml
DEBUG [Cali.cpp:98] @ 0.222148s :Calibration data A: 1450 B:400 C:4095 D:1000
INFO [IRImager.cpp:266] @ 0.223161s :Init thermal imager to 14110095 with size: 160x121@120 Hz
DEBUG [Cali.cpp:87] @ 0.223429s :Calibration directory path: .\Cali-14110095.xml
DEBUG [Cali.cpp:88] @ 0.223439s :Calibration file name: Cali-14110095.xml
DEBUG [Cali.cpp:98] @ 0.223656s :Calibration data A: 1450 B:400 C:4095 D:1000
DEBUG [Cali.cpp:87] @ 0.224335s :Calibration directory path: .\Cali-14110095.xml
DEBUG [Cali.cpp:88] @ 0.224348s :Calibration file name: Cali-14110095.xml
DEBUG [Cali.cpp:98] @ 0.224548s :Calibration data A: 1450 B:400 C:4095 D:1000
DEBUG [IRImager.cpp:300] @ 0.224591s :No temperature range configuration specified. Setting default values tMin: -20 , tMax: 100
DEBUG [IRImager.cpp:377] @ 0.224897s :Using HID control interface
DEBUG [IRImager.cpp:417] @ 0.238974s :Initialized HID control interface to device with HW:21 FW:2025
DEBUG [IRImager.cpp:438] @ 0.239003s :Frameconfig - width(in): 160, height(in): 121, interval: 83333, max framerate: 120, HW interval: 0.00833333
DEBUG [Cali.cpp:87] @ 0.239016s :Calibration directory path: .\Cali-14110095.xml
DEBUG [Cali.cpp:88] @ 0.239024s :Calibration file name: Cali-14110095.xml
DEBUG [Cali.cpp:98] @ 0.239311s :Calibration data A: 1450 B:400 C:4095 D:1000
DEBUG [ImageProcessing.cpp:200] @ 0.255403s :Source buffer size: 38720 Width: 160 Height: 121
DEBUG [ImageProcessing.cpp:121] @ 0.321669s :Source buffer size: 38720 Width: 160 Height: 121
DEBUG [OpSource.cpp:376] @ 0.322161s :Using formats path: C:\Program Files (x86)\Optris GmbH\IrDirectSDK\examples\matlab\Formats.def
DEBUG [OpSource.cpp:628] @ 0.322549s :Format found with size: 160
DEBUG [OpSource.cpp:791] @ 0.322642s :Selected Format:"PI160 160x120 @ 120Hz"
DEBUG [IRImager.cpp:844] @ 0.322725s :Caught onFrameInit with size: 160x120
DEBUG [OpSource.cpp:376] @ 0.323195s :Using formats path: C:\Program Files (x86)\Optris GmbH\IrDirectSDK\examples\matlab\Formats.def
DEBUG [OpSource.cpp:628] @ 0.323421s :Format found with size: 160
DEBUG [OpSource.cpp:376] @ 0.323657s :Using formats path: C:\Program Files (x86)\Optris GmbH\IrDirectSDK\examples\matlab\Formats.def
DEBUG [OpCorr.cpp:467] @ 0.332531s :Read cali: .\Cali-14110095.xml\Cali-14110095-48-M20-100.dat
DEBUG [OpCorr.cpp:557] @ 0.333189s :Read calibration of camera no 14110095, # of fields: 6 , start of fields: 40
DEBUG [ImageProcessing.cpp:1108] @ 0.636354s :Update flag temperature: 32.4766
DEBUG [ImageProcessing.cpp:1111] @ 0.644478s :Update box temperature: 30.4453
DEBUG [Cali.cpp:639] @ 0.644572s :Calibration file path: 000002062E541864/000000A7EBDECAA8.xml
DEBUG [SimpleXML.cpp:238] @ 0.6451s :Failed to open file .\Cali-14110095.xml\CaliExt-14110095.xml
DEBUG [IRImager.cpp:550] @ 0.665898s :Chip heating disabled
DEBUG [IRImager.cpp:1110] @ 0.728988s :Start flag calibration
DEBUG [OpFlag.cpp:591] @ 11.4031s :SkimDiff: -8 Adjust: -790 State: 1 EMax: 8779 Emin: 2614
DEBUG [ImageProcessing.cpp:526] @ 11.4162s :Skim_Adjust 4025
DEBUG [IRImager.cpp:1124] @ 11.5312s :Finished startup calibration
DEBUG [IRImager.cpp:1175] @ 26.2498s :Automatic control of shutter flag
DEBUG [OpFlag.cpp:591] @ 26.41s :SkimDiff: -8 Adjust: -778 State: 1 EMax: 8812 Emin: 2626
DEBUG [ImageProcessing.cpp:526] @ 26.4227s :Skim_Adjust 4024
DEBUG [IRImager.cpp:1175] @ 41.2569s :Automatic control of shutter flag
DEBUG [OpFlag.cpp:591] @ 41.4176s :SkimDiff: -8 Adjust: -741 State: 1 EMax: 8868 Emin: 2663
DEBUG [ImageProcessing.cpp:526] @ 41.4293s :Skim_Adjust 4023
DEBUG [IRImager.cpp:1175] @ 111.065s :Automatic control of shutter flag
DEBUG [OpFlag.cpp:591] @ 111.226s :SkimDiff: -7 Adjust: -692 State: 1 EMax: 8917 Emin: 2712
DEBUG [ImageProcessing.cpp:526] @ 111.237s :Skim_Adjust 4022
DEBUG [IRImager.cpp:1175] @ 202.969s :Automatic control of shutter flag
DEBUG [OpFlag.cpp:591] @ 203.136s :SkimDiff: -7 Adjust: -629 State: 1 EMax: 8978 Emin: 2775
DEBUG [ImageProcessing.cpp:526] @ 203.16s :Skim_Adjust 4021
