DEBUG [IRLogger.cpp:105] @ 0.0003188s :***************************************************
DEBUG [IRLogger.cpp:106] @ 0.0004217s :* IRImagerDirect SDK                              *
DEBUG [IRLogger.cpp:107] @ 0.0004425s :***************************************************
DEBUG [IRLogger.cpp:113] @ 0.0004568s :* Native Machine:      AMD64
DEBUG [IRLogger.cpp:114] @ 0.0004694s :* Machine:             AMD64
DEBUG [IRLogger.cpp:116] @ 0.0004892s :* OS:                  Windows 10 0 26100
DEBUG [IRLogger.cpp:123] @ 0.0005003s :***************************************************
DEBUG [IRDeviceParams.cpp:204] @ 0.0021874s :Parameters
DEBUG [IRDeviceParams.cpp:205] @ 0.0022063s :serial: 14110095
DEBUG [IRDeviceParams.cpp:206] @ 0.0022146s :videoformatindex: 0
DEBUG [IRDeviceParams.cpp:207] @ 0.0022481s :fov: 0
DEBUG [IRDeviceParams.cpp:208] @ 0.0022577s :optics_text: 0000000000000000
DEBUG [IRDeviceParams.cpp:209] @ 0.0022652s :formatspath: 0000025AE3043E70
DEBUG [IRDeviceParams.cpp:210] @ 0.0022994s :calipath: 0000025AE304FE50
DEBUG [IRDeviceParams.cpp:211] @ 0.002317s :temperature min: 0
DEBUG [IRDeviceParams.cpp:212] @ 0.0023249s :temperature max: 0
DEBUG [IRDeviceParams.cpp:213] @ 0.0023327s :framerate: 32
DEBUG [IRDeviceParams.cpp:214] @ 0.0023396s :bispectral: 0
DEBUG [IRDeviceParams.cpp:215] @ 0.0023462s :flag automatic: 1
DEBUG [IRDeviceParams.cpp:216] @ 0.0023534s :min interval: 15
DEBUG [IRDeviceParams.cpp:217] @ 0.0023605s :max interval: 0
DEBUG [IRDeviceParams.cpp:218] @ 0.0023675s :chip heating mode: 0
DEBUG [IRDeviceParams.cpp:219] @ 0.0023748s :chip heating fixed val: 40
DEBUG [IRDeviceParams.cpp:220] @ 0.0023821s :focus:  -1
DEBUG [IRDeviceParams.cpp:221] @ 0.0023903s :enable extended temp range: 0
DEBUG [IRDeviceParams.cpp:222] @ 0.0023973s :buffer queue size: 5
DEBUG [IRDeviceParams.cpp:223] @ 0.0024041s :enable high precision: 0
DEBUG [IRDeviceParams.cpp:224] @ 0.002411s :radialDistortionCorrectionMode: 0
DEBUG [IRDeviceParams.cpp:225] @ 0.0024182s :deviceAPI: 0
DEBUG [IRDeviceParams.cpp:226] @ 0.0024249s :useExternalProbeForReferencing: 0
DEBUG [IRDeviceParams.cpp:227] @ 0.0024315s :enableMultiThreading: 0
DEBUG [IRDeviceParams.cpp:232] @ 0.0024401s :ethernetDevice.deviceIpAddress: 0.0.0.0
DEBUG [IRDeviceParams.cpp:233] @ 0.0024472s :ethernetDevice.localUdpPort: 0
DEBUG [IRDeviceParams.cpp:234] @ 0.0024543s :ethernetDevice.checkUdpSenderIp: 1
DEBUG [Cali.cpp:87] @ 0.35992s :Calibration directory path: .\Cali-14110095.xml
DEBUG [Cali.cpp:88] @ 0.359948s :Calibration file name: Cali-14110095.xml
DEBUG [Cali.cpp:98] @ 0.36022s :Calibration data A: 1450 B:400 C:4095 D:1000
INFO [IRImager.cpp:266] @ 0.361179s :Init thermal imager to 14110095 with size: 160x121@120 Hz
DEBUG [Cali.cpp:87] @ 0.361442s :Calibration directory path: .\Cali-14110095.xml
DEBUG [Cali.cpp:88] @ 0.361452s :Calibration file name: Cali-14110095.xml
DEBUG [Cali.cpp:98] @ 0.361677s :Calibration data A: 1450 B:400 C:4095 D:1000
DEBUG [Cali.cpp:87] @ 0.362313s :Calibration directory path: .\Cali-14110095.xml
DEBUG [Cali.cpp:88] @ 0.362327s :Calibration file name: Cali-14110095.xml
DEBUG [Cali.cpp:98] @ 0.362526s :Calibration data A: 1450 B:400 C:4095 D:1000
DEBUG [IRImager.cpp:300] @ 0.362573s :No temperature range configuration specified. Setting default values tMin: -20 , tMax: 100
DEBUG [IRImager.cpp:377] @ 0.362898s :Using HID control interface
DEBUG [IRImager.cpp:417] @ 0.384222s :Initialized HID control interface to device with HW:21 FW:2025
DEBUG [IRImager.cpp:438] @ 0.38428s :Frameconfig - width(in): 160, height(in): 121, interval: 83333, max framerate: 120, HW interval: 0.00833333
DEBUG [Cali.cpp:87] @ 0.384305s :Calibration directory path: .\Cali-14110095.xml
DEBUG [Cali.cpp:88] @ 0.384319s :Calibration file name: Cali-14110095.xml
DEBUG [Cali.cpp:98] @ 0.38486s :Calibration data A: 1450 B:400 C:4095 D:1000
DEBUG [ImageProcessing.cpp:200] @ 0.408991s :Source buffer size: 38720 Width: 160 Height: 121
DEBUG [ImageProcessing.cpp:121] @ 0.466983s :Source buffer size: 38720 Width: 160 Height: 121
DEBUG [OpSource.cpp:376] @ 0.468308s :Using formats path: C:\Program Files (x86)\Optris GmbH\IrDirectSDK\examples\matlab\Formats.def
DEBUG [OpSource.cpp:628] @ 0.469126s :Format found with size: 160
DEBUG [OpSource.cpp:791] @ 0.469295s :Selected Format:"PI160 160x120 @ 120Hz"
DEBUG [IRImager.cpp:844] @ 0.469496s :Caught onFrameInit with size: 160x120
DEBUG [OpSource.cpp:376] @ 0.470422s :Using formats path: C:\Program Files (x86)\Optris GmbH\IrDirectSDK\examples\matlab\Formats.def
DEBUG [OpSource.cpp:628] @ 0.470924s :Format found with size: 160
DEBUG [OpSource.cpp:376] @ 0.471535s :Using formats path: C:\Program Files (x86)\Optris GmbH\IrDirectSDK\examples\matlab\Formats.def
DEBUG [OpCorr.cpp:467] @ 0.485002s :Read cali: .\Cali-14110095.xml\Cali-14110095-48-M20-100.dat
DEBUG [OpCorr.cpp:557] @ 0.485721s :Read calibration of camera no 14110095, # of fields: 6 , start of fields: 40
DEBUG [ImageProcessing.cpp:1108] @ 0.789742s :Update flag temperature: 28.6406
DEBUG [ImageProcessing.cpp:1111] @ 0.797878s :Update box temperature: 26.9297
DEBUG [Cali.cpp:639] @ 0.797973s :Calibration file path: 0000025AE3991AF4/0000008AA45EC9E8.xml
DEBUG [SimpleXML.cpp:238] @ 0.798544s :Failed to open file .\Cali-14110095.xml\CaliExt-14110095.xml
DEBUG [IRImager.cpp:550] @ 0.821765s :Chip heating disabled
DEBUG [IRImager.cpp:1110] @ 0.961547s :Start flag calibration
DEBUG [OpFlag.cpp:591] @ 11.6355s :SkimDiff: -11 Adjust: -1022 State: 1 EMax: 8197 Emin: 2382
DEBUG [ImageProcessing.cpp:526] @ 11.6479s :Skim_Adjust 4015
DEBUG [IRImager.cpp:1124] @ 11.7631s :Finished startup calibration
DEBUG [IRImager.cpp:1175] @ 26.4818s :Automatic control of shutter flag
DEBUG [OpFlag.cpp:591] @ 26.644s :SkimDiff: -5 Adjust: -466 State: 1 EMax: 8775 Emin: 2938
DEBUG [ImageProcessing.cpp:526] @ 26.6568s :Skim_Adjust 4014
DEBUG [IRImager.cpp:1175] @ 44.0032s :Automatic control of shutter flag
DEBUG [OpFlag.cpp:591] @ 44.1792s :SkimDiff: -5 Adjust: -430 State: 1 EMax: 8827 Emin: 2974
DEBUG [ImageProcessing.cpp:526] @ 44.1924s :Skim_Adjust 4013
DEBUG [IRImager.cpp:1175] @ 77.7947s :Automatic control of shutter flag
DEBUG [OpFlag.cpp:591] @ 77.9715s :SkimDiff: -4 Adjust: -381 State: 1 EMax: 8875 Emin: 3023
DEBUG [ImageProcessing.cpp:526] @ 77.9844s :Skim_Adjust 4012
DEBUG [IRImager.cpp:1175] @ 98.3381s :Automatic control of shutter flag
DEBUG [OpFlag.cpp:591] @ 98.499s :SkimDiff: -4 Adjust: -338 State: 1 EMax: 8937 Emin: 3066
DEBUG [ImageProcessing.cpp:526] @ 98.5118s :Skim_Adjust 4011
DEBUG [IRImager.cpp:665] @ 106.686s :Release imager
DEBUG [BaseControlDevice.cpp:26] @ 106.742s :Base destructor called
DEBUG [IRImager.cpp:672] @ 106.742s :Delete image processing
DEBUG [IRImager.cpp:679] @ 106.754s :Delete buffer
DEBUG [IRImager.cpp:687] @ 106.754s :Delete source buffer
DEBUG [IRImager.cpp:694] @ 106.754s :Delete buffer (energy)
DEBUG [IRImager.cpp:701] @ 106.754s :Delete timer
DEBUG [IRImager.cpp:707] @ 106.754s :Delete manual timer
