DEBUG [IRLogger.cpp:105] @ 0.0003363s :***************************************************
DEBUG [IRLogger.cpp:106] @ 0.0004014s :* IRImagerDirect SDK                              *
DEBUG [IRLogger.cpp:107] @ 0.0004204s :***************************************************
DEBUG [IRLogger.cpp:113] @ 0.000434s :* Native Machine:      AMD64
DEBUG [IRLogger.cpp:114] @ 0.0004463s :* Machine:             AMD64
DEBUG [IRLogger.cpp:116] @ 0.0004659s :* OS:                  Windows 10 0 26100
DEBUG [IRLogger.cpp:123] @ 0.0004769s :***************************************************
DEBUG [IRDeviceParams.cpp:204] @ 0.0022219s :Parameters
DEBUG [IRDeviceParams.cpp:205] @ 0.0022426s :serial: 14110095
DEBUG [IRDeviceParams.cpp:206] @ 0.0022515s :videoformatindex: 0
DEBUG [IRDeviceParams.cpp:207] @ 0.0022588s :fov: 0
DEBUG [IRDeviceParams.cpp:208] @ 0.0022667s :optics_text: 0000000000000000
DEBUG [IRDeviceParams.cpp:209] @ 0.002274s :formatspath: 000002C1B178F990
DEBUG [IRDeviceParams.cpp:210] @ 0.0022824s :calipath: 000002C1B1E7D180
DEBUG [IRDeviceParams.cpp:211] @ 0.0022893s :temperature min: 0
DEBUG [IRDeviceParams.cpp:212] @ 0.0022968s :temperature max: 0
DEBUG [IRDeviceParams.cpp:213] @ 0.0023254s :framerate: 32
DEBUG [IRDeviceParams.cpp:214] @ 0.0023322s :bispectral: 0
DEBUG [IRDeviceParams.cpp:215] @ 0.002339s :flag automatic: 1
DEBUG [IRDeviceParams.cpp:216] @ 0.0023462s :min interval: 15
DEBUG [IRDeviceParams.cpp:217] @ 0.0023535s :max interval: 0
DEBUG [IRDeviceParams.cpp:218] @ 0.0023606s :chip heating mode: 0
DEBUG [IRDeviceParams.cpp:219] @ 0.002369s :chip heating fixed val: 40
DEBUG [IRDeviceParams.cpp:220] @ 0.0023762s :focus:  -1
DEBUG [IRDeviceParams.cpp:221] @ 0.0023848s :enable extended temp range: 0
DEBUG [IRDeviceParams.cpp:222] @ 0.0023921s :buffer queue size: 5
DEBUG [IRDeviceParams.cpp:223] @ 0.0023987s :enable high precision: 0
DEBUG [IRDeviceParams.cpp:224] @ 0.0024054s :radialDistortionCorrectionMode: 0
DEBUG [IRDeviceParams.cpp:225] @ 0.0024121s :deviceAPI: 0
DEBUG [IRDeviceParams.cpp:226] @ 0.0024191s :useExternalProbeForReferencing: 0
DEBUG [IRDeviceParams.cpp:227] @ 0.0024259s :enableMultiThreading: 0
DEBUG [IRDeviceParams.cpp:232] @ 0.0024343s :ethernetDevice.deviceIpAddress: 0.0.0.0
DEBUG [IRDeviceParams.cpp:233] @ 0.0024412s :ethernetDevice.localUdpPort: 0
DEBUG [IRDeviceParams.cpp:234] @ 0.0024479s :ethernetDevice.checkUdpSenderIp: 1
DEBUG [Cali.cpp:87] @ 0.357188s :Calibration directory path: .\Cali-14110095.xml
DEBUG [Cali.cpp:88] @ 0.357225s :Calibration file name: Cali-14110095.xml
DEBUG [Cali.cpp:98] @ 0.357611s :Calibration data A: 1450 B:400 C:4095 D:1000
INFO [IRImager.cpp:266] @ 0.358958s :Init thermal imager to 14110095 with size: 160x121@120 Hz
DEBUG [Cali.cpp:87] @ 0.359305s :Calibration directory path: .\Cali-14110095.xml
DEBUG [Cali.cpp:88] @ 0.359319s :Calibration file name: Cali-14110095.xml
DEBUG [Cali.cpp:98] @ 0.359584s :Calibration data A: 1450 B:400 C:4095 D:1000
DEBUG [Cali.cpp:87] @ 0.360402s :Calibration directory path: .\Cali-14110095.xml
DEBUG [Cali.cpp:88] @ 0.36042s :Calibration file name: Cali-14110095.xml
DEBUG [Cali.cpp:98] @ 0.360658s :Calibration data A: 1450 B:400 C:4095 D:1000
DEBUG [IRImager.cpp:300] @ 0.360713s :No temperature range configuration specified. Setting default values tMin: -20 , tMax: 100
DEBUG [IRImager.cpp:377] @ 0.361106s :Using HID control interface
DEBUG [IRImager.cpp:417] @ 0.38318s :Initialized HID control interface to device with HW:21 FW:2025
DEBUG [IRImager.cpp:438] @ 0.383282s :Frameconfig - width(in): 160, height(in): 121, interval: 83333, max framerate: 120, HW interval: 0.00833333
DEBUG [Cali.cpp:87] @ 0.383323s :Calibration directory path: .\Cali-14110095.xml
DEBUG [Cali.cpp:88] @ 0.383348s :Calibration file name: Cali-14110095.xml
DEBUG [Cali.cpp:98] @ 0.3842s :Calibration data A: 1450 B:400 C:4095 D:1000
DEBUG [ImageProcessing.cpp:200] @ 0.407874s :Source buffer size: 38720 Width: 160 Height: 121
DEBUG [ImageProcessing.cpp:121] @ 0.482299s :Source buffer size: 38720 Width: 160 Height: 121
DEBUG [OpSource.cpp:376] @ 0.483695s :Using formats path: C:\Program Files (x86)\Optris GmbH\IrDirectSDK\examples\matlab\Formats.def
DEBUG [OpSource.cpp:628] @ 0.484523s :Format found with size: 160
DEBUG [OpSource.cpp:791] @ 0.484711s :Selected Format:"PI160 160x120 @ 120Hz"
DEBUG [IRImager.cpp:844] @ 0.484946s :Caught onFrameInit with size: 160x120
DEBUG [OpSource.cpp:376] @ 0.485856s :Using formats path: C:\Program Files (x86)\Optris GmbH\IrDirectSDK\examples\matlab\Formats.def
DEBUG [OpSource.cpp:628] @ 0.48634s :Format found with size: 160
DEBUG [OpSource.cpp:376] @ 0.486926s :Using formats path: C:\Program Files (x86)\Optris GmbH\IrDirectSDK\examples\matlab\Formats.def
DEBUG [OpCorr.cpp:467] @ 0.491868s :Read cali: .\Cali-14110095.xml\Cali-14110095-48-M20-100.dat
DEBUG [OpCorr.cpp:557] @ 0.492387s :Read calibration of camera no 14110095, # of fields: 6 , start of fields: 40
DEBUG [ImageProcessing.cpp:1108] @ 0.805132s :Update flag temperature: 28.9141
DEBUG [ImageProcessing.cpp:1111] @ 0.813434s :Update box temperature: 27.0391
DEBUG [Cali.cpp:639] @ 0.81353s :Calibration file path: 000002C1BBC68304/000000FDA61EC578.xml
DEBUG [SimpleXML.cpp:238] @ 0.814097s :Failed to open file .\Cali-14110095.xml\CaliExt-14110095.xml
DEBUG [IRImager.cpp:550] @ 0.839245s :Chip heating disabled
DEBUG [IRImager.cpp:1110] @ 1.01024s :Start flag calibration
DEBUG [OpFlag.cpp:591] @ 11.6845s :SkimDiff: -11 Adjust: -1089 State: 1 EMax: 8201 Emin: 2315
DEBUG [ImageProcessing.cpp:526] @ 11.6972s :Skim_Adjust 4015
DEBUG [IRImager.cpp:1124] @ 11.8125s :Finished startup calibration
DEBUG [IRImager.cpp:1175] @ 26.5303s :Automatic control of shutter flag
DEBUG [OpFlag.cpp:591] @ 26.6907s :SkimDiff: -5 Adjust: -489 State: 1 EMax: 8796 Emin: 2915
DEBUG [ImageProcessing.cpp:526] @ 26.702s :Skim_Adjust 4014
DEBUG [IRImager.cpp:1175] @ 83.9061s :Automatic control of shutter flag
DEBUG [OpFlag.cpp:591] @ 84.0663s :SkimDiff: -5 Adjust: -433 State: 1 EMax: 8866 Emin: 2971
DEBUG [ImageProcessing.cpp:526] @ 84.0776s :Skim_Adjust 4013
DEBUG [IRImager.cpp:1175] @ 133.728s :Automatic control of shutter flag
DEBUG [OpFlag.cpp:591] @ 133.894s :SkimDiff: -4 Adjust: -377 State: 1 EMax: 8922 Emin: 3027
DEBUG [ImageProcessing.cpp:526] @ 133.947s :Skim_Adjust 4012
DEBUG [IRImager.cpp:1175] @ 231.314s :Automatic control of shutter flag
DEBUG [OpFlag.cpp:591] @ 231.49s :SkimDiff: -4 Adjust: -322 State: 1 EMax: 8991 Emin: 3082
DEBUG [ImageProcessing.cpp:526] @ 231.516s :Skim_Adjust 4011
DEBUG [IRImager.cpp:1175] @ 294.196s :Automatic control of shutter flag
DEBUG [OpFlag.cpp:591] @ 294.372s :SkimDiff: -3 Adjust: -268 State: 1 EMax: 9051 Emin: 3136
DEBUG [ImageProcessing.cpp:526] @ 294.397s :Skim_Adjust 4010
DEBUG [IRImager.cpp:1175] @ 353.651s :Automatic control of shutter flag
DEBUG [OpFlag.cpp:591] @ 353.829s :SkimDiff: -3 Adjust: -207 State: 1 EMax: 9106 Emin: 3197
DEBUG [ImageProcessing.cpp:526] @ 353.853s :Skim_Adjust 4009
DEBUG [IRImager.cpp:1175] @ 380.499s :Automatic control of shutter flag
DEBUG [OpFlag.cpp:591] @ 380.676s :SkimDiff: -2 Adjust: -152 State: 1 EMax: 9165 Emin: 3252
DEBUG [ImageProcessing.cpp:526] @ 380.698s :Skim_Adjust 4008
DEBUG [IRImager.cpp:1175] @ 410.483s :Automatic control of shutter flag
DEBUG [OpFlag.cpp:591] @ 410.646s :SkimDiff: -1 Adjust: -100 State: 1 EMax: 9228 Emin: 3304
DEBUG [ImageProcessing.cpp:526] @ 410.661s :Skim_Adjust 4007
DEBUG [IRImager.cpp:665] @ 414.84s :Release imager
DEBUG [BaseControlDevice.cpp:26] @ 414.892s :Base destructor called
DEBUG [IRImager.cpp:672] @ 414.892s :Delete image processing
DEBUG [IRImager.cpp:679] @ 414.906s :Delete buffer
DEBUG [IRImager.cpp:687] @ 414.906s :Delete source buffer
DEBUG [IRImager.cpp:694] @ 414.906s :Delete buffer (energy)
DEBUG [IRImager.cpp:701] @ 414.906s :Delete timer
DEBUG [IRImager.cpp:707] @ 414.906s :Delete manual timer
