DEBUG [IRLogger.cpp:105] @ 0.0003129s :***************************************************
DEBUG [IRLogger.cpp:106] @ 0.000384s :* IRImagerDirect SDK                              *
DEBUG [IRLogger.cpp:107] @ 0.0004037s :***************************************************
DEBUG [IRLogger.cpp:113] @ 0.000418s :* Native Machine:      AMD64
DEBUG [IRLogger.cpp:114] @ 0.0004308s :* Machine:             AMD64
DEBUG [IRLogger.cpp:116] @ 0.0004487s :* OS:                  Windows 10 0 26100
DEBUG [IRLogger.cpp:123] @ 0.0004596s :***************************************************
DEBUG [IRDeviceParams.cpp:204] @ 0.0020753s :Parameters
DEBUG [IRDeviceParams.cpp:205] @ 0.0020945s :serial: 14110095
DEBUG [IRDeviceParams.cpp:206] @ 0.0021024s :videoformatindex: 0
DEBUG [IRDeviceParams.cpp:207] @ 0.0021098s :fov: 0
DEBUG [IRDeviceParams.cpp:208] @ 0.0021171s :optics_text: 0000000000000000
DEBUG [IRDeviceParams.cpp:209] @ 0.0021244s :formatspath: 0000018C8796A3F0
DEBUG [IRDeviceParams.cpp:210] @ 0.0021324s :calipath: 0000018C920D8E10
DEBUG [IRDeviceParams.cpp:211] @ 0.0021393s :temperature min: 0
DEBUG [IRDeviceParams.cpp:212] @ 0.0021459s :temperature max: 0
DEBUG [IRDeviceParams.cpp:213] @ 0.0021535s :framerate: 32
DEBUG [IRDeviceParams.cpp:214] @ 0.0021604s :bispectral: 0
DEBUG [IRDeviceParams.cpp:215] @ 0.0021732s :flag automatic: 1
DEBUG [IRDeviceParams.cpp:216] @ 0.0021814s :min interval: 15
DEBUG [IRDeviceParams.cpp:217] @ 0.0021897s :max interval: 0
DEBUG [IRDeviceParams.cpp:218] @ 0.002197s :chip heating mode: 0
DEBUG [IRDeviceParams.cpp:219] @ 0.0022477s :chip heating fixed val: 40
DEBUG [IRDeviceParams.cpp:220] @ 0.0022595s :focus:  -1
DEBUG [IRDeviceParams.cpp:221] @ 0.0022698s :enable extended temp range: 0
DEBUG [IRDeviceParams.cpp:222] @ 0.0022775s :buffer queue size: 5
DEBUG [IRDeviceParams.cpp:223] @ 0.0022845s :enable high precision: 0
DEBUG [IRDeviceParams.cpp:224] @ 0.0022915s :radialDistortionCorrectionMode: 0
DEBUG [IRDeviceParams.cpp:225] @ 0.0022987s :deviceAPI: 0
DEBUG [IRDeviceParams.cpp:226] @ 0.0023056s :useExternalProbeForReferencing: 0
DEBUG [IRDeviceParams.cpp:227] @ 0.002313s :enableMultiThreading: 0
DEBUG [IRDeviceParams.cpp:232] @ 0.0023217s :ethernetDevice.deviceIpAddress: 0.0.0.0
DEBUG [IRDeviceParams.cpp:233] @ 0.0023297s :ethernetDevice.localUdpPort: 0
DEBUG [IRDeviceParams.cpp:234] @ 0.0023366s :ethernetDevice.checkUdpSenderIp: 1
DEBUG [Cali.cpp:87] @ 0.369708s :Calibration directory path: .\Cali-14110095.xml
DEBUG [Cali.cpp:88] @ 0.369735s :Calibration file name: Cali-14110095.xml
DEBUG [Cali.cpp:98] @ 0.370066s :Calibration data A: 1450 B:400 C:4095 D:1000
INFO [IRImager.cpp:266] @ 0.371054s :Init thermal imager to 14110095 with size: 160x121@120 Hz
DEBUG [Cali.cpp:87] @ 0.371344s :Calibration directory path: .\Cali-14110095.xml
DEBUG [Cali.cpp:88] @ 0.371356s :Calibration file name: Cali-14110095.xml
DEBUG [Cali.cpp:98] @ 0.37158s :Calibration data A: 1450 B:400 C:4095 D:1000
DEBUG [Cali.cpp:87] @ 0.37226s :Calibration directory path: .\Cali-14110095.xml
DEBUG [Cali.cpp:88] @ 0.372275s :Calibration file name: Cali-14110095.xml
DEBUG [Cali.cpp:98] @ 0.372472s :Calibration data A: 1450 B:400 C:4095 D:1000
DEBUG [IRImager.cpp:300] @ 0.372515s :No temperature range configuration specified. Setting default values tMin: -20 , tMax: 100
DEBUG [IRImager.cpp:377] @ 0.372803s :Using HID control interface
DEBUG [IRImager.cpp:417] @ 0.392067s :Initialized HID control interface to device with HW:21 FW:2025
DEBUG [IRImager.cpp:438] @ 0.39211s :Frameconfig - width(in): 160, height(in): 121, interval: 83333, max framerate: 120, HW interval: 0.00833333
DEBUG [Cali.cpp:87] @ 0.392131s :Calibration directory path: .\Cali-14110095.xml
DEBUG [Cali.cpp:88] @ 0.392141s :Calibration file name: Cali-14110095.xml
DEBUG [Cali.cpp:98] @ 0.392517s :Calibration data A: 1450 B:400 C:4095 D:1000
DEBUG [ImageProcessing.cpp:200] @ 0.416907s :Source buffer size: 38720 Width: 160 Height: 121
DEBUG [ImageProcessing.cpp:121] @ 0.483053s :Source buffer size: 38720 Width: 160 Height: 121
DEBUG [OpSource.cpp:376] @ 0.484748s :Using formats path: C:\Program Files (x86)\Optris GmbH\IrDirectSDK\examples\matlab\Formats.def
DEBUG [OpSource.cpp:628] @ 0.485654s :Format found with size: 160
DEBUG [OpSource.cpp:791] @ 0.485885s :Selected Format:"PI160 160x120 @ 120Hz"
DEBUG [IRImager.cpp:844] @ 0.486182s :Caught onFrameInit with size: 160x120
DEBUG [OpSource.cpp:376] @ 0.487645s :Using formats path: C:\Program Files (x86)\Optris GmbH\IrDirectSDK\examples\matlab\Formats.def
DEBUG [OpSource.cpp:628] @ 0.488385s :Format found with size: 160
DEBUG [OpSource.cpp:376] @ 0.489285s :Using formats path: C:\Program Files (x86)\Optris GmbH\IrDirectSDK\examples\matlab\Formats.def
DEBUG [OpCorr.cpp:467] @ 0.501164s :Read cali: .\Cali-14110095.xml\Cali-14110095-48-M20-100.dat
DEBUG [OpCorr.cpp:557] @ 0.501738s :Read calibration of camera no 14110095, # of fields: 6 , start of fields: 40
DEBUG [ImageProcessing.cpp:1108] @ 0.78913s :Update flag temperature: 32.1562
DEBUG [ImageProcessing.cpp:1111] @ 0.797457s :Update box temperature: 30.3047
DEBUG [Cali.cpp:639] @ 0.797491s :Calibration file path: 0000018CF5D70374/00000037075ECC28.xml
DEBUG [SimpleXML.cpp:238] @ 0.797694s :Failed to open file .\Cali-14110095.xml\CaliExt-14110095.xml
DEBUG [IRImager.cpp:550] @ 0.80849s :Chip heating disabled
DEBUG [IRImager.cpp:1110] @ 0.89813s :Start flag calibration
DEBUG [OpFlag.cpp:591] @ 11.5721s :SkimDiff: -8 Adjust: -733 State: 1 EMax: 8761 Emin: 2671
DEBUG [ImageProcessing.cpp:526] @ 11.5848s :Skim_Adjust 4025
DEBUG [IRImager.cpp:1124] @ 11.7141s :Finished startup calibration
DEBUG [IRImager.cpp:1175] @ 26.4191s :Automatic control of shutter flag
DEBUG [OpFlag.cpp:591] @ 26.5806s :SkimDiff: -8 Adjust: -760 State: 1 EMax: 8786 Emin: 2644
DEBUG [ImageProcessing.cpp:526] @ 26.593s :Skim_Adjust 4024
DEBUG [IRImager.cpp:1175] @ 41.4262s :Automatic control of shutter flag
DEBUG [OpFlag.cpp:591] @ 41.6029s :SkimDiff: -8 Adjust: -731 State: 1 EMax: 8818 Emin: 2673
DEBUG [ImageProcessing.cpp:526] @ 41.6307s :Skim_Adjust 4023
DEBUG [IRImager.cpp:1175] @ 57.7777s :Automatic control of shutter flag
DEBUG [OpFlag.cpp:591] @ 57.9379s :SkimDiff: -7 Adjust: -686 State: 1 EMax: 8882 Emin: 2718
DEBUG [ImageProcessing.cpp:526] @ 57.9654s :Skim_Adjust 4022
DEBUG [IRImager.cpp:1175] @ 82.8191s :Automatic control of shutter flag
DEBUG [OpFlag.cpp:591] @ 82.9961s :SkimDiff: -7 Adjust: -639 State: 1 EMax: 8942 Emin: 2765
DEBUG [ImageProcessing.cpp:526] @ 83.0107s :Skim_Adjust 4021
DEBUG [IRImager.cpp:1175] @ 155.075s :Automatic control of shutter flag
DEBUG [OpFlag.cpp:591] @ 155.251s :SkimDiff: -6 Adjust: -581 State: 1 EMax: 9001 Emin: 2823
DEBUG [ImageProcessing.cpp:526] @ 155.278s :Skim_Adjust 4020
DEBUG [IRImager.cpp:1175] @ 182.019s :Automatic control of shutter flag
DEBUG [OpFlag.cpp:591] @ 182.18s :SkimDiff: -6 Adjust: -518 State: 1 EMax: 9061 Emin: 2886
DEBUG [ImageProcessing.cpp:526] @ 182.204s :Skim_Adjust 4019
DEBUG [IRImager.cpp:1175] @ 244.227s :Automatic control of shutter flag
DEBUG [OpFlag.cpp:591] @ 244.387s :SkimDiff: -5 Adjust: -458 State: 1 EMax: 9138 Emin: 2946
DEBUG [ImageProcessing.cpp:526] @ 244.416s :Skim_Adjust 4018
DEBUG [IRImager.cpp:1175] @ 314.723s :Automatic control of shutter flag
DEBUG [OpFlag.cpp:591] @ 314.882s :SkimDiff: -4 Adjust: -393 State: 1 EMax: 9202 Emin: 3011
DEBUG [ImageProcessing.cpp:526] @ 314.897s :Skim_Adjust 4017
DEBUG [IRImager.cpp:1175] @ 378.403s :Automatic control of shutter flag
DEBUG [OpFlag.cpp:591] @ 378.564s :SkimDiff: -4 Adjust: -330 State: 1 EMax: 9279 Emin: 3074
DEBUG [ImageProcessing.cpp:526] @ 378.577s :Skim_Adjust 4016
DEBUG [IRImager.cpp:665] @ 437.948s :Release imager
DEBUG [BaseControlDevice.cpp:26] @ 437.985s :Base destructor called
DEBUG [IRImager.cpp:672] @ 437.985s :Delete image processing
DEBUG [IRImager.cpp:679] @ 438.004s :Delete buffer
DEBUG [IRImager.cpp:687] @ 438.004s :Delete source buffer
DEBUG [IRImager.cpp:694] @ 438.004s :Delete buffer (energy)
DEBUG [IRImager.cpp:701] @ 438.004s :Delete timer
DEBUG [IRImager.cpp:707] @ 438.004s :Delete manual timer
