DEBUG [IRLogger.cpp:105] @ 0.0005149s :***************************************************
DEBUG [IRLogger.cpp:106] @ 0.000636s :* IRImagerDirect SDK                              *
DEBUG [IRLogger.cpp:107] @ 0.0006657s :***************************************************
DEBUG [IRLogger.cpp:113] @ 0.000681s :* Native Machine:      AMD64
DEBUG [IRLogger.cpp:114] @ 0.0006941s :* Machine:             AMD64
DEBUG [IRLogger.cpp:116] @ 0.0007147s :* OS:                  Windows 10 0 26100
DEBUG [IRLogger.cpp:123] @ 0.0007257s :***************************************************
DEBUG [IRDeviceParams.cpp:204] @ 0.002399s :Parameters
DEBUG [IRDeviceParams.cpp:205] @ 0.002419s :serial: 14110095
DEBUG [IRDeviceParams.cpp:206] @ 0.0024274s :videoformatindex: 0
DEBUG [IRDeviceParams.cpp:207] @ 0.002435s :fov: 0
DEBUG [IRDeviceParams.cpp:208] @ 0.0024431s :optics_text: 0000000000000000
DEBUG [IRDeviceParams.cpp:209] @ 0.0024503s :formatspath: 000001E1A7ACFF30
DEBUG [IRDeviceParams.cpp:210] @ 0.0024583s :calipath: 000001E1B20280A0
DEBUG [IRDeviceParams.cpp:211] @ 0.0024652s :temperature min: 0
DEBUG [IRDeviceParams.cpp:212] @ 0.002472s :temperature max: 0
DEBUG [IRDeviceParams.cpp:213] @ 0.00248s :framerate: 32
DEBUG [IRDeviceParams.cpp:214] @ 0.0024869s :bispectral: 0
DEBUG [IRDeviceParams.cpp:215] @ 0.0024937s :flag automatic: 1
DEBUG [IRDeviceParams.cpp:216] @ 0.0025009s :min interval: 15
DEBUG [IRDeviceParams.cpp:217] @ 0.0025083s :max interval: 0
DEBUG [IRDeviceParams.cpp:218] @ 0.0025154s :chip heating mode: 0
DEBUG [IRDeviceParams.cpp:219] @ 0.0025226s :chip heating fixed val: 40
DEBUG [IRDeviceParams.cpp:220] @ 0.0025307s :focus:  -1
DEBUG [IRDeviceParams.cpp:221] @ 0.0025396s :enable extended temp range: 0
DEBUG [IRDeviceParams.cpp:222] @ 0.002547s :buffer queue size: 5
DEBUG [IRDeviceParams.cpp:223] @ 0.0025546s :enable high precision: 0
DEBUG [IRDeviceParams.cpp:224] @ 0.0025627s :radialDistortionCorrectionMode: 0
DEBUG [IRDeviceParams.cpp:225] @ 0.0025719s :deviceAPI: 0
DEBUG [IRDeviceParams.cpp:226] @ 0.0025794s :useExternalProbeForReferencing: 0
DEBUG [IRDeviceParams.cpp:227] @ 0.0026383s :enableMultiThreading: 0
DEBUG [IRDeviceParams.cpp:232] @ 0.0026626s :ethernetDevice.deviceIpAddress: 0.0.0.0
DEBUG [IRDeviceParams.cpp:233] @ 0.0026708s :ethernetDevice.localUdpPort: 0
DEBUG [IRDeviceParams.cpp:234] @ 0.0026783s :ethernetDevice.checkUdpSenderIp: 1
DEBUG [Cali.cpp:87] @ 0.280153s :Calibration directory path: .\Cali-14110095.xml
DEBUG [Cali.cpp:88] @ 0.280182s :Calibration file name: Cali-14110095.xml
DEBUG [Cali.cpp:98] @ 0.28045s :Calibration data A: 1450 B:400 C:4095 D:1000
INFO [IRImager.cpp:266] @ 0.281472s :Init thermal imager to 14110095 with size: 160x121@120 Hz
DEBUG [Cali.cpp:87] @ 0.281761s :Calibration directory path: .\Cali-14110095.xml
DEBUG [Cali.cpp:88] @ 0.281771s :Calibration file name: Cali-14110095.xml
DEBUG [Cali.cpp:98] @ 0.281985s :Calibration data A: 1450 B:400 C:4095 D:1000
DEBUG [Cali.cpp:87] @ 0.282619s :Calibration directory path: .\Cali-14110095.xml
DEBUG [Cali.cpp:88] @ 0.282631s :Calibration file name: Cali-14110095.xml
DEBUG [Cali.cpp:98] @ 0.282835s :Calibration data A: 1450 B:400 C:4095 D:1000
DEBUG [IRImager.cpp:300] @ 0.282879s :No temperature range configuration specified. Setting default values tMin: -20 , tMax: 100
DEBUG [IRImager.cpp:377] @ 0.283197s :Using HID control interface
DEBUG [IRImager.cpp:417] @ 0.296701s :Initialized HID control interface to device with HW:21 FW:2025
DEBUG [IRImager.cpp:438] @ 0.296753s :Frameconfig - width(in): 160, height(in): 121, interval: 83333, max framerate: 120, HW interval: 0.00833333
DEBUG [Cali.cpp:87] @ 0.296774s :Calibration directory path: .\Cali-14110095.xml
DEBUG [Cali.cpp:88] @ 0.296785s :Calibration file name: Cali-14110095.xml
DEBUG [Cali.cpp:98] @ 0.297208s :Calibration data A: 1450 B:400 C:4095 D:1000
DEBUG [ImageProcessing.cpp:200] @ 0.318061s :Source buffer size: 38720 Width: 160 Height: 121
DEBUG [ImageProcessing.cpp:121] @ 0.390014s :Source buffer size: 38720 Width: 160 Height: 121
DEBUG [OpSource.cpp:376] @ 0.390484s :Using formats path: C:\Program Files (x86)\Optris GmbH\IrDirectSDK\examples\matlab\Formats.def
DEBUG [OpSource.cpp:628] @ 0.390738s :Format found with size: 160
DEBUG [OpSource.cpp:791] @ 0.390797s :Selected Format:"PI160 160x120 @ 120Hz"
DEBUG [IRImager.cpp:844] @ 0.390882s :Caught onFrameInit with size: 160x120
DEBUG [OpSource.cpp:376] @ 0.39124s :Using formats path: C:\Program Files (x86)\Optris GmbH\IrDirectSDK\examples\matlab\Formats.def
DEBUG [OpSource.cpp:628] @ 0.391432s :Format found with size: 160
DEBUG [OpSource.cpp:376] @ 0.391664s :Using formats path: C:\Program Files (x86)\Optris GmbH\IrDirectSDK\examples\matlab\Formats.def
DEBUG [OpCorr.cpp:467] @ 0.404263s :Read cali: .\Cali-14110095.xml\Cali-14110095-48-M20-100.dat
DEBUG [OpCorr.cpp:557] @ 0.404352s :Read calibration of camera no 14110095, # of fields: 6 , start of fields: 40
DEBUG [ImageProcessing.cpp:1108] @ 0.68383s :Update flag temperature: 31.875
DEBUG [ImageProcessing.cpp:1111] @ 0.690967s :Update box temperature: 29.9922
DEBUG [Cali.cpp:639] @ 0.691041s :Calibration file path: 000001E1952ED5B4/00000067EE1EC8E8.xml
DEBUG [SimpleXML.cpp:238] @ 0.691439s :Failed to open file .\Cali-14110095.xml\CaliExt-14110095.xml
DEBUG [IRImager.cpp:550] @ 0.708917s :Chip heating disabled
DEBUG [IRImager.cpp:1110] @ 0.836454s :Start flag calibration
DEBUG [OpFlag.cpp:591] @ 11.5094s :SkimDiff: -9 Adjust: -836 State: 1 EMax: 8677 Emin: 2568
DEBUG [ImageProcessing.cpp:526] @ 11.5222s :Skim_Adjust 4025
DEBUG [IRImager.cpp:1124] @ 11.6388s :Finished startup calibration
DEBUG [IRImager.cpp:1175] @ 26.3565s :Automatic control of shutter flag
DEBUG [OpFlag.cpp:591] @ 26.5164s :SkimDiff: -9 Adjust: -804 State: 1 EMax: 8719 Emin: 2600
DEBUG [ImageProcessing.cpp:526] @ 26.527s :Skim_Adjust 4024
DEBUG [IRImager.cpp:1175] @ 51.5893s :Automatic control of shutter flag
DEBUG [OpFlag.cpp:591] @ 51.765s :SkimDiff: -8 Adjust: -776 State: 1 EMax: 8750 Emin: 2628
DEBUG [ImageProcessing.cpp:526] @ 51.7904s :Skim_Adjust 4023
DEBUG [IRImager.cpp:1175] @ 76.0524s :Automatic control of shutter flag
DEBUG [OpFlag.cpp:591] @ 76.2284s :SkimDiff: -8 Adjust: -734 State: 1 EMax: 8808 Emin: 2670
DEBUG [ImageProcessing.cpp:526] @ 76.2497s :Skim_Adjust 4022
DEBUG [IRImager.cpp:665] @ 121.848s :Release imager
DEBUG [BaseControlDevice.cpp:26] @ 121.897s :Base destructor called
DEBUG [IRImager.cpp:672] @ 121.897s :Delete image processing
DEBUG [IRImager.cpp:679] @ 121.909s :Delete buffer
DEBUG [IRImager.cpp:687] @ 121.909s :Delete source buffer
DEBUG [IRImager.cpp:694] @ 121.909s :Delete buffer (energy)
DEBUG [IRImager.cpp:701] @ 121.909s :Delete timer
DEBUG [IRImager.cpp:707] @ 121.909s :Delete manual timer
