DEBUG [IRLogger.cpp:105] @ 0.0052719s :***************************************************
DEBUG [IRLogger.cpp:106] @ 0.0059147s :* IRImagerDirect SDK                              *
DEBUG [IRLogger.cpp:107] @ 0.0061056s :***************************************************
DEBUG [IRLogger.cpp:113] @ 0.0066132s :* Native Machine:      AMD64
DEBUG [IRLogger.cpp:114] @ 0.0068s :* Machine:             AMD64
DEBUG [IRLogger.cpp:116] @ 0.0069807s :* OS:                  Windows 10 0 26100
DEBUG [IRLogger.cpp:123] @ 0.0070844s :***************************************************
DEBUG [IRDeviceParams.cpp:204] @ 0.0801148s :Parameters
DEBUG [IRDeviceParams.cpp:205] @ 0.0803317s :serial: 14110095
DEBUG [IRDeviceParams.cpp:206] @ 0.0804295s :videoformatindex: 0
DEBUG [IRDeviceParams.cpp:207] @ 0.0805129s :fov: 0
DEBUG [IRDeviceParams.cpp:208] @ 0.0805987s :optics_text: 0000000000000000
DEBUG [IRDeviceParams.cpp:209] @ 0.080682s :formatspath: 000001A8937A9090
DEBUG [IRDeviceParams.cpp:210] @ 0.0808288s :calipath: 000001A893E1C7D0
DEBUG [IRDeviceParams.cpp:211] @ 0.0809264s :temperature min: 0
DEBUG [IRDeviceParams.cpp:212] @ 0.081007s :temperature max: 0
DEBUG [IRDeviceParams.cpp:213] @ 0.0810974s :framerate: 32
DEBUG [IRDeviceParams.cpp:214] @ 0.0811762s :bispectral: 0
DEBUG [IRDeviceParams.cpp:215] @ 0.0812545s :flag automatic: 1
DEBUG [IRDeviceParams.cpp:216] @ 0.0813379s :min interval: 15
DEBUG [IRDeviceParams.cpp:217] @ 0.0814233s :max interval: 0
DEBUG [IRDeviceParams.cpp:218] @ 0.0815037s :chip heating mode: 0
DEBUG [IRDeviceParams.cpp:219] @ 0.0815922s :chip heating fixed val: 40
DEBUG [IRDeviceParams.cpp:220] @ 0.0816789s :focus:  -1
DEBUG [IRDeviceParams.cpp:221] @ 0.081781s :enable extended temp range: 0
DEBUG [IRDeviceParams.cpp:222] @ 0.0818656s :buffer queue size: 5
DEBUG [IRDeviceParams.cpp:223] @ 0.0820361s :enable high precision: 0
DEBUG [IRDeviceParams.cpp:224] @ 0.0821306s :radialDistortionCorrectionMode: 0
DEBUG [IRDeviceParams.cpp:225] @ 0.082212s :deviceAPI: 0
DEBUG [IRDeviceParams.cpp:226] @ 0.0822932s :useExternalProbeForReferencing: 0
DEBUG [IRDeviceParams.cpp:227] @ 0.0823731s :enableMultiThreading: 0
DEBUG [IRDeviceParams.cpp:232] @ 0.0824826s :ethernetDevice.deviceIpAddress: 0.0.0.0
DEBUG [IRDeviceParams.cpp:233] @ 0.0825643s :ethernetDevice.localUdpPort: 0
DEBUG [IRDeviceParams.cpp:234] @ 0.0826451s :ethernetDevice.checkUdpSenderIp: 1
DEBUG [Cali.cpp:87] @ 0.773415s :Calibration directory path: .\Cali-14110095.xml
DEBUG [Cali.cpp:88] @ 0.773445s :Calibration file name: Cali-14110095.xml
DEBUG [Cali.cpp:98] @ 0.811892s :Calibration data A: 1450 B:400 C:4095 D:1000
INFO [IRImager.cpp:266] @ 1.59405s :Init thermal imager to 14110095 with size: 160x121@120 Hz
DEBUG [Cali.cpp:87] @ 1.5957s :Calibration directory path: .\Cali-14110095.xml
DEBUG [Cali.cpp:88] @ 1.59578s :Calibration file name: Cali-14110095.xml
DEBUG [Cali.cpp:98] @ 1.59705s :Calibration data A: 1450 B:400 C:4095 D:1000
DEBUG [Cali.cpp:87] @ 1.60109s :Calibration directory path: .\Cali-14110095.xml
DEBUG [Cali.cpp:88] @ 1.60117s :Calibration file name: Cali-14110095.xml
DEBUG [Cali.cpp:98] @ 1.60234s :Calibration data A: 1450 B:400 C:4095 D:1000
DEBUG [IRImager.cpp:300] @ 1.60262s :No temperature range configuration specified. Setting default values tMin: -20 , tMax: 100
DEBUG [IRImager.cpp:377] @ 1.65209s :Using HID control interface
DEBUG [IRImager.cpp:417] @ 1.68464s :Initialized HID control interface to device with HW:21 FW:2025
DEBUG [IRImager.cpp:438] @ 1.6848s :Frameconfig - width(in): 160, height(in): 121, interval: 83333, max framerate: 120, HW interval: 0.00833333
DEBUG [Cali.cpp:87] @ 1.68488s :Calibration directory path: .\Cali-14110095.xml
DEBUG [Cali.cpp:88] @ 1.68493s :Calibration file name: Cali-14110095.xml
DEBUG [Cali.cpp:98] @ 1.68675s :Calibration data A: 1450 B:400 C:4095 D:1000
DEBUG [ImageProcessing.cpp:200] @ 1.70619s :Source buffer size: 38720 Width: 160 Height: 121
DEBUG [ImageProcessing.cpp:121] @ 1.77742s :Source buffer size: 38720 Width: 160 Height: 121
DEBUG [OpSource.cpp:376] @ 1.77778s :Using formats path: C:\Program Files (x86)\Optris GmbH\IrDirectSDK\examples\matlab\Formats.def
DEBUG [OpSource.cpp:628] @ 1.77807s :Format found with size: 160
DEBUG [OpSource.cpp:791] @ 1.77812s :Selected Format:"PI160 160x120 @ 120Hz"
DEBUG [IRImager.cpp:844] @ 1.7782s :Caught onFrameInit with size: 160x120
DEBUG [OpSource.cpp:376] @ 1.7785s :Using formats path: C:\Program Files (x86)\Optris GmbH\IrDirectSDK\examples\matlab\Formats.def
DEBUG [OpSource.cpp:628] @ 1.77867s :Format found with size: 160
DEBUG [OpSource.cpp:376] @ 1.77886s :Using formats path: C:\Program Files (x86)\Optris GmbH\IrDirectSDK\examples\matlab\Formats.def
DEBUG [OpCorr.cpp:467] @ 1.78543s :Read cali: .\Cali-14110095.xml\Cali-14110095-48-M20-100.dat
DEBUG [OpCorr.cpp:557] @ 1.78568s :Read calibration of camera no 14110095, # of fields: 6 , start of fields: 40
DEBUG [ImageProcessing.cpp:1108] @ 2.08588s :Update flag temperature: 31.6016
DEBUG [ImageProcessing.cpp:1111] @ 2.09317s :Update box temperature: 29.7266
DEBUG [Cali.cpp:639] @ 2.09353s :Calibration file path: 000001A8966818D4/000000441DFECAB8.xml
DEBUG [SimpleXML.cpp:238] @ 2.094s :Failed to open file .\Cali-14110095.xml\CaliExt-14110095.xml
DEBUG [IRImager.cpp:550] @ 2.10606s :Chip heating disabled
DEBUG [IRImager.cpp:1110] @ 2.2223s :Start flag calibration
DEBUG [OpFlag.cpp:591] @ 12.8943s :SkimDiff: -10 Adjust: -954 State: 1 EMax: 8589 Emin: 2450
DEBUG [ImageProcessing.cpp:526] @ 12.9059s :Skim_Adjust 4016
DEBUG [IRImager.cpp:1124] @ 13.0227s :Finished startup calibration
DEBUG [IRImager.cpp:665] @ 33.6498s :Release imager
DEBUG [BaseControlDevice.cpp:26] @ 33.7011s :Base destructor called
DEBUG [IRImager.cpp:672] @ 33.7012s :Delete image processing
DEBUG [IRImager.cpp:679] @ 33.7099s :Delete buffer
DEBUG [IRImager.cpp:687] @ 33.71s :Delete source buffer
DEBUG [IRImager.cpp:694] @ 33.71s :Delete buffer (energy)
DEBUG [IRImager.cpp:701] @ 33.7101s :Delete timer
DEBUG [IRImager.cpp:707] @ 33.7101s :Delete manual timer
