DEBUG [IRLogger.cpp:105] @ 0.0003184s :***************************************************
DEBUG [IRLogger.cpp:106] @ 0.0003954s :* IRImagerDirect SDK                              *
DEBUG [IRLogger.cpp:107] @ 0.0004167s :***************************************************
DEBUG [IRLogger.cpp:113] @ 0.0004326s :* Native Machine:      AMD64
DEBUG [IRLogger.cpp:114] @ 0.0004522s :* Machine:             AMD64
DEBUG [IRLogger.cpp:116] @ 0.0004717s :* OS:                  Windows 10 0 26100
DEBUG [IRLogger.cpp:123] @ 0.0005129s :***************************************************
DEBUG [IRDeviceParams.cpp:204] @ 0.0021527s :Parameters
DEBUG [IRDeviceParams.cpp:205] @ 0.0021728s :serial: 14110095
DEBUG [IRDeviceParams.cpp:206] @ 0.0021806s :videoformatindex: 0
DEBUG [IRDeviceParams.cpp:207] @ 0.0021879s :fov: 0
DEBUG [IRDeviceParams.cpp:208] @ 0.0021951s :optics_text: 0000000000000000
DEBUG [IRDeviceParams.cpp:209] @ 0.0022022s :formatspath: 0000017DF71F1D50
DEBUG [IRDeviceParams.cpp:210] @ 0.0022101s :calipath: 0000017DECE21370
DEBUG [IRDeviceParams.cpp:211] @ 0.0022171s :temperature min: 0
DEBUG [IRDeviceParams.cpp:212] @ 0.0022237s :temperature max: 0
DEBUG [IRDeviceParams.cpp:213] @ 0.0022313s :framerate: 32
DEBUG [IRDeviceParams.cpp:214] @ 0.0022378s :bispectral: 0
DEBUG [IRDeviceParams.cpp:215] @ 0.0022442s :flag automatic: 1
DEBUG [IRDeviceParams.cpp:216] @ 0.0022509s :min interval: 15
DEBUG [IRDeviceParams.cpp:217] @ 0.0022589s :max interval: 0
DEBUG [IRDeviceParams.cpp:218] @ 0.0022658s :chip heating mode: 0
DEBUG [IRDeviceParams.cpp:219] @ 0.002273s :chip heating fixed val: 40
DEBUG [IRDeviceParams.cpp:220] @ 0.0022805s :focus:  -1
DEBUG [IRDeviceParams.cpp:221] @ 0.0022886s :enable extended temp range: 0
DEBUG [IRDeviceParams.cpp:222] @ 0.0022955s :buffer queue size: 5
DEBUG [IRDeviceParams.cpp:223] @ 0.0023022s :enable high precision: 0
DEBUG [IRDeviceParams.cpp:224] @ 0.0023092s :radialDistortionCorrectionMode: 0
DEBUG [IRDeviceParams.cpp:225] @ 0.0023159s :deviceAPI: 0
DEBUG [IRDeviceParams.cpp:226] @ 0.0023224s :useExternalProbeForReferencing: 0
DEBUG [IRDeviceParams.cpp:227] @ 0.0023291s :enableMultiThreading: 0
DEBUG [IRDeviceParams.cpp:232] @ 0.0023374s :ethernetDevice.deviceIpAddress: 0.0.0.0
DEBUG [IRDeviceParams.cpp:233] @ 0.0023442s :ethernetDevice.localUdpPort: 0
DEBUG [IRDeviceParams.cpp:234] @ 0.0023509s :ethernetDevice.checkUdpSenderIp: 1
DEBUG [Cali.cpp:87] @ 0.373008s :Calibration directory path: .\Cali-14110095.xml
DEBUG [Cali.cpp:88] @ 0.373041s :Calibration file name: Cali-14110095.xml
DEBUG [Cali.cpp:98] @ 0.373364s :Calibration data A: 1450 B:400 C:4095 D:1000
INFO [IRImager.cpp:266] @ 0.374464s :Init thermal imager to 14110095 with size: 160x121@120 Hz
DEBUG [Cali.cpp:87] @ 0.374765s :Calibration directory path: .\Cali-14110095.xml
DEBUG [Cali.cpp:88] @ 0.374776s :Calibration file name: Cali-14110095.xml
DEBUG [Cali.cpp:98] @ 0.375006s :Calibration data A: 1450 B:400 C:4095 D:1000
DEBUG [Cali.cpp:87] @ 0.375701s :Calibration directory path: .\Cali-14110095.xml
DEBUG [Cali.cpp:88] @ 0.375714s :Calibration file name: Cali-14110095.xml
DEBUG [Cali.cpp:98] @ 0.375923s :Calibration data A: 1450 B:400 C:4095 D:1000
DEBUG [IRImager.cpp:300] @ 0.375966s :No temperature range configuration specified. Setting default values tMin: -20 , tMax: 100
DEBUG [IRImager.cpp:377] @ 0.376264s :Using HID control interface
DEBUG [IRImager.cpp:417] @ 0.398871s :Initialized HID control interface to device with HW:21 FW:2025
DEBUG [IRImager.cpp:438] @ 0.398943s :Frameconfig - width(in): 160, height(in): 121, interval: 83333, max framerate: 120, HW interval: 0.00833333
DEBUG [Cali.cpp:87] @ 0.398981s :Calibration directory path: .\Cali-14110095.xml
DEBUG [Cali.cpp:88] @ 0.399002s :Calibration file name: Cali-14110095.xml
DEBUG [Cali.cpp:98] @ 0.399732s :Calibration data A: 1450 B:400 C:4095 D:1000
DEBUG [ImageProcessing.cpp:200] @ 0.415183s :Source buffer size: 38720 Width: 160 Height: 121
DEBUG [ImageProcessing.cpp:121] @ 0.47301s :Source buffer size: 38720 Width: 160 Height: 121
DEBUG [OpSource.cpp:376] @ 0.473517s :Using formats path: C:\Program Files (x86)\Optris GmbH\IrDirectSDK\examples\matlab\Formats.def
DEBUG [OpSource.cpp:628] @ 0.47381s :Format found with size: 160
DEBUG [OpSource.cpp:791] @ 0.473878s :Selected Format:"PI160 160x120 @ 120Hz"
DEBUG [IRImager.cpp:844] @ 0.473962s :Caught onFrameInit with size: 160x120
DEBUG [OpSource.cpp:376] @ 0.474338s :Using formats path: C:\Program Files (x86)\Optris GmbH\IrDirectSDK\examples\matlab\Formats.def
DEBUG [OpSource.cpp:628] @ 0.474568s :Format found with size: 160
DEBUG [OpSource.cpp:376] @ 0.474851s :Using formats path: C:\Program Files (x86)\Optris GmbH\IrDirectSDK\examples\matlab\Formats.def
DEBUG [OpCorr.cpp:467] @ 0.483799s :Read cali: .\Cali-14110095.xml\Cali-14110095-48-M20-100.dat
DEBUG [OpCorr.cpp:557] @ 0.484626s :Read calibration of camera no 14110095, # of fields: 6 , start of fields: 40
DEBUG [ImageProcessing.cpp:1108] @ 0.787649s :Update flag temperature: 29.4688
DEBUG [ImageProcessing.cpp:1111] @ 0.79594s :Update box temperature: 27.4219
DEBUG [Cali.cpp:639] @ 0.796031s :Calibration file path: 0000017DF6EB7334/00000027B67EC668.xml
DEBUG [SimpleXML.cpp:238] @ 0.796576s :Failed to open file .\Cali-14110095.xml\CaliExt-14110095.xml
DEBUG [IRImager.cpp:550] @ 0.80812s :Chip heating disabled
DEBUG [IRImager.cpp:1110] @ 0.886886s :Start flag calibration
DEBUG [OpFlag.cpp:591] @ 11.5587s :SkimDiff: -12 Adjust: -1117 State: 1 EMax: 8265 Emin: 2287
DEBUG [ImageProcessing.cpp:526] @ 11.5704s :Skim_Adjust 4014
DEBUG [IRImager.cpp:1124] @ 11.6871s :Finished startup calibration
DEBUG [IRImager.cpp:1175] @ 26.4064s :Automatic control of shutter flag
DEBUG [OpFlag.cpp:591] @ 26.5667s :SkimDiff: -5 Adjust: -424 State: 1 EMax: 8949 Emin: 2980
DEBUG [ImageProcessing.cpp:526] @ 26.5776s :Skim_Adjust 4013
DEBUG [IRImager.cpp:665] @ 112.346s :Release imager
DEBUG [BaseControlDevice.cpp:26] @ 112.391s :Base destructor called
DEBUG [IRImager.cpp:672] @ 112.391s :Delete image processing
DEBUG [IRImager.cpp:679] @ 112.404s :Delete buffer
DEBUG [IRImager.cpp:687] @ 112.404s :Delete source buffer
DEBUG [IRImager.cpp:694] @ 112.404s :Delete buffer (energy)
DEBUG [IRImager.cpp:701] @ 112.404s :Delete timer
DEBUG [IRImager.cpp:707] @ 112.404s :Delete manual timer
