DEBUG [IRLogger.cpp:105] @ 0.0003418s :***************************************************
DEBUG [IRLogger.cpp:106] @ 0.0004253s :* IRImagerDirect SDK                              *
DEBUG [IRLogger.cpp:107] @ 0.0004487s :***************************************************
DEBUG [IRLogger.cpp:113] @ 0.0004655s :* Native Machine:      AMD64
DEBUG [IRLogger.cpp:114] @ 0.0004821s :* Machine:             AMD64
DEBUG [IRLogger.cpp:116] @ 0.0005355s :* OS:                  Windows 10 0 26100
DEBUG [IRLogger.cpp:123] @ 0.0005503s :***************************************************
DEBUG [IRDeviceParams.cpp:204] @ 0.0022972s :Parameters
DEBUG [IRDeviceParams.cpp:205] @ 0.0023142s :serial: 14110095
DEBUG [IRDeviceParams.cpp:206] @ 0.0023225s :videoformatindex: 0
DEBUG [IRDeviceParams.cpp:207] @ 0.0023296s :fov: 0
DEBUG [IRDeviceParams.cpp:208] @ 0.0023379s :optics_text: 0000000000000000
DEBUG [IRDeviceParams.cpp:209] @ 0.0023449s :formatspath: 000001F48E7C50B0
DEBUG [IRDeviceParams.cpp:210] @ 0.0023529s :calipath: 000001F48163D0C0
DEBUG [IRDeviceParams.cpp:211] @ 0.00236s :temperature min: 0
DEBUG [IRDeviceParams.cpp:212] @ 0.002367s :temperature max: 0
DEBUG [IRDeviceParams.cpp:213] @ 0.002375s :framerate: 32
DEBUG [IRDeviceParams.cpp:214] @ 0.0023818s :bispectral: 0
DEBUG [IRDeviceParams.cpp:215] @ 0.0023886s :flag automatic: 1
DEBUG [IRDeviceParams.cpp:216] @ 0.0023958s :min interval: 15
DEBUG [IRDeviceParams.cpp:217] @ 0.0024031s :max interval: 0
DEBUG [IRDeviceParams.cpp:218] @ 0.0024103s :chip heating mode: 0
DEBUG [IRDeviceParams.cpp:219] @ 0.0024176s :chip heating fixed val: 40
DEBUG [IRDeviceParams.cpp:220] @ 0.0024255s :focus:  -1
DEBUG [IRDeviceParams.cpp:221] @ 0.0024348s :enable extended temp range: 0
DEBUG [IRDeviceParams.cpp:222] @ 0.0024421s :buffer queue size: 5
DEBUG [IRDeviceParams.cpp:223] @ 0.0024494s :enable high precision: 0
DEBUG [IRDeviceParams.cpp:224] @ 0.0024568s :radialDistortionCorrectionMode: 0
DEBUG [IRDeviceParams.cpp:225] @ 0.002464s :deviceAPI: 0
DEBUG [IRDeviceParams.cpp:226] @ 0.0024712s :useExternalProbeForReferencing: 0
DEBUG [IRDeviceParams.cpp:227] @ 0.0024788s :enableMultiThreading: 0
DEBUG [IRDeviceParams.cpp:232] @ 0.0024879s :ethernetDevice.deviceIpAddress: 0.0.0.0
DEBUG [IRDeviceParams.cpp:233] @ 0.0024953s :ethernetDevice.localUdpPort: 0
DEBUG [IRDeviceParams.cpp:234] @ 0.0025025s :ethernetDevice.checkUdpSenderIp: 1
DEBUG [Cali.cpp:87] @ 0.317547s :Calibration directory path: .\Cali-14110095.xml
DEBUG [Cali.cpp:88] @ 0.317577s :Calibration file name: Cali-14110095.xml
DEBUG [Cali.cpp:98] @ 0.317858s :Calibration data A: 1450 B:400 C:4095 D:1000
INFO [IRImager.cpp:266] @ 0.318887s :Init thermal imager to 14110095 with size: 160x121@120 Hz
DEBUG [Cali.cpp:87] @ 0.319172s :Calibration directory path: .\Cali-14110095.xml
DEBUG [Cali.cpp:88] @ 0.319184s :Calibration file name: Cali-14110095.xml
DEBUG [Cali.cpp:98] @ 0.319399s :Calibration data A: 1450 B:400 C:4095 D:1000
DEBUG [Cali.cpp:87] @ 0.320075s :Calibration directory path: .\Cali-14110095.xml
DEBUG [Cali.cpp:88] @ 0.320089s :Calibration file name: Cali-14110095.xml
DEBUG [Cali.cpp:98] @ 0.320345s :Calibration data A: 1450 B:400 C:4095 D:1000
DEBUG [IRImager.cpp:300] @ 0.320391s :No temperature range configuration specified. Setting default values tMin: -20 , tMax: 100
DEBUG [IRImager.cpp:377] @ 0.320754s :Using HID control interface
DEBUG [IRImager.cpp:417] @ 0.342175s :Initialized HID control interface to device with HW:21 FW:2025
DEBUG [IRImager.cpp:438] @ 0.342211s :Frameconfig - width(in): 160, height(in): 121, interval: 83333, max framerate: 120, HW interval: 0.00833333
DEBUG [Cali.cpp:87] @ 0.342227s :Calibration directory path: .\Cali-14110095.xml
DEBUG [Cali.cpp:88] @ 0.342235s :Calibration file name: Cali-14110095.xml
DEBUG [Cali.cpp:98] @ 0.342528s :Calibration data A: 1450 B:400 C:4095 D:1000
DEBUG [ImageProcessing.cpp:200] @ 0.358614s :Source buffer size: 38720 Width: 160 Height: 121
DEBUG [ImageProcessing.cpp:121] @ 0.433242s :Source buffer size: 38720 Width: 160 Height: 121
DEBUG [OpSource.cpp:376] @ 0.434921s :Using formats path: C:\Program Files (x86)\Optris GmbH\IrDirectSDK\examples\matlab\Formats.def
DEBUG [OpSource.cpp:628] @ 0.435873s :Format found with size: 160
DEBUG [OpSource.cpp:791] @ 0.436097s :Selected Format:"PI160 160x120 @ 120Hz"
DEBUG [IRImager.cpp:844] @ 0.436389s :Caught onFrameInit with size: 160x120
DEBUG [OpSource.cpp:376] @ 0.437775s :Using formats path: C:\Program Files (x86)\Optris GmbH\IrDirectSDK\examples\matlab\Formats.def
DEBUG [OpSource.cpp:628] @ 0.438425s :Format found with size: 160
DEBUG [OpSource.cpp:376] @ 0.439169s :Using formats path: C:\Program Files (x86)\Optris GmbH\IrDirectSDK\examples\matlab\Formats.def
DEBUG [OpCorr.cpp:467] @ 0.451677s :Read cali: .\Cali-14110095.xml\Cali-14110095-48-M20-100.dat
DEBUG [OpCorr.cpp:557] @ 0.452334s :Read calibration of camera no 14110095, # of fields: 6 , start of fields: 40
DEBUG [ImageProcessing.cpp:1108] @ 0.747587s :Update flag temperature: 28.5703
DEBUG [ImageProcessing.cpp:1111] @ 0.755858s :Update box temperature: 26.6562
DEBUG [Cali.cpp:639] @ 0.755926s :Calibration file path: 000001F48EF497A4/000000B5A4FECAE8.xml
DEBUG [SimpleXML.cpp:238] @ 0.756302s :Failed to open file .\Cali-14110095.xml\CaliExt-14110095.xml
DEBUG [IRImager.cpp:550] @ 0.767596s :Chip heating disabled
DEBUG [IRImager.cpp:1110] @ 0.937894s :Start flag calibration
DEBUG [OpFlag.cpp:591] @ 11.6086s :SkimDiff: -11 Adjust: -1096 State: 1 EMax: 8167 Emin: 2308
DEBUG [ImageProcessing.cpp:526] @ 11.6203s :Skim_Adjust 4015
DEBUG [IRImager.cpp:1124] @ 11.737s :Finished startup calibration
DEBUG [IRImager.cpp:1175] @ 26.4571s :Automatic control of shutter flag
DEBUG [OpFlag.cpp:591] @ 26.6188s :SkimDiff: -6 Adjust: -502 State: 1 EMax: 8757 Emin: 2902
DEBUG [ImageProcessing.cpp:526] @ 26.6311s :Skim_Adjust 4014
DEBUG [IRImager.cpp:1175] @ 41.705s :Automatic control of shutter flag
DEBUG [OpFlag.cpp:591] @ 41.8657s :SkimDiff: -5 Adjust: -457 State: 1 EMax: 8821 Emin: 2947
DEBUG [ImageProcessing.cpp:526] @ 41.8786s :Skim_Adjust 4013
DEBUG [IRImager.cpp:1175] @ 91.8167s :Automatic control of shutter flag
DEBUG [OpFlag.cpp:591] @ 91.9777s :SkimDiff: -4 Adjust: -396 State: 1 EMax: 8881 Emin: 3008
DEBUG [ImageProcessing.cpp:526] @ 91.9902s :Skim_Adjust 4012
DEBUG [IRImager.cpp:1175] @ 124.024s :Automatic control of shutter flag
DEBUG [OpFlag.cpp:591] @ 124.185s :SkimDiff: -4 Adjust: -344 State: 1 EMax: 8935 Emin: 3060
DEBUG [ImageProcessing.cpp:526] @ 124.195s :Skim_Adjust 4011
DEBUG [IRImager.cpp:1175] @ 142.857s :Automatic control of shutter flag
DEBUG [OpFlag.cpp:591] @ 143.033s :SkimDiff: -3 Adjust: -293 State: 1 EMax: 9001 Emin: 3111
DEBUG [ImageProcessing.cpp:526] @ 143.044s :Skim_Adjust 4010
DEBUG [IRImager.cpp:1175] @ 193.401s :Automatic control of shutter flag
DEBUG [OpFlag.cpp:591] @ 193.561s :SkimDiff: -3 Adjust: -234 State: 1 EMax: 9058 Emin: 3170
DEBUG [ImageProcessing.cpp:526] @ 193.573s :Skim_Adjust 4009
DEBUG [IRImager.cpp:665] @ 222.268s :Release imager
DEBUG [BaseControlDevice.cpp:26] @ 222.313s :Base destructor called
DEBUG [IRImager.cpp:672] @ 222.313s :Delete image processing
DEBUG [IRImager.cpp:679] @ 222.322s :Delete buffer
DEBUG [IRImager.cpp:687] @ 222.322s :Delete source buffer
DEBUG [IRImager.cpp:694] @ 222.322s :Delete buffer (energy)
DEBUG [IRImager.cpp:701] @ 222.322s :Delete timer
DEBUG [IRImager.cpp:707] @ 222.322s :Delete manual timer
