DEBUG [IRLogger.cpp:105] @ 0.0005123s :***************************************************
DEBUG [IRLogger.cpp:106] @ 0.0006093s :* IRImagerDirect SDK                              *
DEBUG [IRLogger.cpp:107] @ 0.0006351s :***************************************************
DEBUG [IRLogger.cpp:113] @ 0.0006493s :* Native Machine:      AMD64
DEBUG [IRLogger.cpp:114] @ 0.0006615s :* Machine:             AMD64
DEBUG [IRLogger.cpp:116] @ 0.0006807s :* OS:                  Windows 10 0 26100
DEBUG [IRLogger.cpp:123] @ 0.000691s :***************************************************
DEBUG [IRDeviceParams.cpp:204] @ 0.001374s :Parameters
DEBUG [IRDeviceParams.cpp:205] @ 0.0013918s :serial: 14110095
DEBUG [IRDeviceParams.cpp:206] @ 0.0014s :videoformatindex: 0
DEBUG [IRDeviceParams.cpp:207] @ 0.0014069s :fov: 0
DEBUG [IRDeviceParams.cpp:208] @ 0.0014138s :optics_text: 0000000000000000
DEBUG [IRDeviceParams.cpp:209] @ 0.0014206s :formatspath: 000001F02B025860
DEBUG [IRDeviceParams.cpp:210] @ 0.0014284s :calipath: 000001F02B5D85F0
DEBUG [IRDeviceParams.cpp:211] @ 0.0014368s :temperature min: 0
DEBUG [IRDeviceParams.cpp:212] @ 0.0014437s :temperature max: 0
DEBUG [IRDeviceParams.cpp:213] @ 0.0014509s :framerate: 32
DEBUG [IRDeviceParams.cpp:214] @ 0.0014574s :bispectral: 0
DEBUG [IRDeviceParams.cpp:215] @ 0.0014637s :flag automatic: 1
DEBUG [IRDeviceParams.cpp:216] @ 0.0014703s :min interval: 15
DEBUG [IRDeviceParams.cpp:217] @ 0.0014782s :max interval: 0
DEBUG [IRDeviceParams.cpp:218] @ 0.0014847s :chip heating mode: 0
DEBUG [IRDeviceParams.cpp:219] @ 0.0014914s :chip heating fixed val: 40
DEBUG [IRDeviceParams.cpp:220] @ 0.0014984s :focus:  -1
DEBUG [IRDeviceParams.cpp:221] @ 0.0015064s :enable extended temp range: 0
DEBUG [IRDeviceParams.cpp:222] @ 0.0015134s :buffer queue size: 5
DEBUG [IRDeviceParams.cpp:223] @ 0.0015199s :enable high precision: 0
DEBUG [IRDeviceParams.cpp:224] @ 0.0015264s :radialDistortionCorrectionMode: 0
DEBUG [IRDeviceParams.cpp:225] @ 0.0015329s :deviceAPI: 0
DEBUG [IRDeviceParams.cpp:226] @ 0.0015411s :useExternalProbeForReferencing: 0
DEBUG [IRDeviceParams.cpp:227] @ 0.0015485s :enableMultiThreading: 0
DEBUG [IRDeviceParams.cpp:232] @ 0.0015567s :ethernetDevice.deviceIpAddress: 0.0.0.0
DEBUG [IRDeviceParams.cpp:233] @ 0.0015631s :ethernetDevice.localUdpPort: 0
DEBUG [IRDeviceParams.cpp:234] @ 0.00157s :ethernetDevice.checkUdpSenderIp: 1
DEBUG [Cali.cpp:87] @ 0.345036s :Calibration directory path: .\Cali-14110095.xml
DEBUG [Cali.cpp:88] @ 0.345087s :Calibration file name: Cali-14110095.xml
DEBUG [Cali.cpp:98] @ 0.34574s :Calibration data A: 1450 B:400 C:4095 D:1000
INFO [IRImager.cpp:266] @ 0.347355s :Init thermal imager to 14110095 with size: 160x121@120 Hz
DEBUG [Cali.cpp:87] @ 0.347623s :Calibration directory path: .\Cali-14110095.xml
DEBUG [Cali.cpp:88] @ 0.347635s :Calibration file name: Cali-14110095.xml
DEBUG [Cali.cpp:98] @ 0.347851s :Calibration data A: 1450 B:400 C:4095 D:1000
DEBUG [Cali.cpp:87] @ 0.348485s :Calibration directory path: .\Cali-14110095.xml
DEBUG [Cali.cpp:88] @ 0.348499s :Calibration file name: Cali-14110095.xml
DEBUG [Cali.cpp:98] @ 0.348693s :Calibration data A: 1450 B:400 C:4095 D:1000
DEBUG [IRImager.cpp:300] @ 0.348737s :No temperature range configuration specified. Setting default values tMin: -20 , tMax: 100
DEBUG [IRImager.cpp:377] @ 0.349073s :Using HID control interface
DEBUG [IRImager.cpp:417] @ 0.375321s :Initialized HID control interface to device with HW:21 FW:2025
DEBUG [IRImager.cpp:438] @ 0.375421s :Frameconfig - width(in): 160, height(in): 121, interval: 83333, max framerate: 120, HW interval: 0.00833333
DEBUG [Cali.cpp:87] @ 0.375481s :Calibration directory path: .\Cali-14110095.xml
DEBUG [Cali.cpp:88] @ 0.375519s :Calibration file name: Cali-14110095.xml
DEBUG [Cali.cpp:98] @ 0.376403s :Calibration data A: 1450 B:400 C:4095 D:1000
DEBUG [ImageProcessing.cpp:200] @ 0.391648s :Source buffer size: 38720 Width: 160 Height: 121
DEBUG [ImageProcessing.cpp:121] @ 0.457699s :Source buffer size: 38720 Width: 160 Height: 121
DEBUG [OpSource.cpp:376] @ 0.459196s :Using formats path: C:\Program Files (x86)\Optris GmbH\IrDirectSDK\examples\matlab\Formats.def
DEBUG [OpSource.cpp:628] @ 0.460013s :Format found with size: 160
DEBUG [OpSource.cpp:791] @ 0.460277s :Selected Format:"PI160 160x120 @ 120Hz"
DEBUG [IRImager.cpp:844] @ 0.460568s :Caught onFrameInit with size: 160x120
DEBUG [OpSource.cpp:376] @ 0.46164s :Using formats path: C:\Program Files (x86)\Optris GmbH\IrDirectSDK\examples\matlab\Formats.def
DEBUG [OpSource.cpp:628] @ 0.462097s :Format found with size: 160
DEBUG [OpSource.cpp:376] @ 0.462772s :Using formats path: C:\Program Files (x86)\Optris GmbH\IrDirectSDK\examples\matlab\Formats.def
DEBUG [OpCorr.cpp:467] @ 0.467361s :Read cali: .\Cali-14110095.xml\Cali-14110095-48-M20-100.dat
DEBUG [OpCorr.cpp:557] @ 0.467822s :Read calibration of camera no 14110095, # of fields: 6 , start of fields: 40
DEBUG [ImageProcessing.cpp:1108] @ 0.763727s :Update flag temperature: 30.7266
DEBUG [ImageProcessing.cpp:1111] @ 0.772183s :Update box temperature: 29.0156
DEBUG [Cali.cpp:639] @ 0.772268s :Calibration file path: 000001F02AD3DB04/000000DE0FDECC78.xml
DEBUG [SimpleXML.cpp:238] @ 0.77273s :Failed to open file .\Cali-14110095.xml\CaliExt-14110095.xml
DEBUG [IRImager.cpp:550] @ 0.784041s :Chip heating disabled
DEBUG [IRImager.cpp:1110] @ 0.866321s :Start flag calibration
