DEBUG [IRLogger.cpp:105] @ 0.0003239s :***************************************************
DEBUG [IRLogger.cpp:106] @ 0.0004025s :* IRImagerDirect SDK                              *
DEBUG [IRLogger.cpp:107] @ 0.000423s :***************************************************
DEBUG [IRLogger.cpp:113] @ 0.0004383s :* Native Machine:      AMD64
DEBUG [IRLogger.cpp:114] @ 0.0004525s :* Machine:             AMD64
DEBUG [IRLogger.cpp:116] @ 0.000471s :* OS:                  Windows 10 0 26100
DEBUG [IRLogger.cpp:123] @ 0.0005029s :***************************************************
DEBUG [IRDeviceParams.cpp:204] @ 0.0023871s :Parameters
DEBUG [IRDeviceParams.cpp:205] @ 0.0024035s :serial: 14110095
DEBUG [IRDeviceParams.cpp:206] @ 0.0024106s :videoformatindex: 0
DEBUG [IRDeviceParams.cpp:207] @ 0.0024179s :fov: 0
DEBUG [IRDeviceParams.cpp:208] @ 0.0024259s :optics_text: 0000000000000000
DEBUG [IRDeviceParams.cpp:209] @ 0.0024323s :formatspath: 000002CE38A21890
DEBUG [IRDeviceParams.cpp:210] @ 0.0024397s :calipath: 000002CE38A476E0
DEBUG [IRDeviceParams.cpp:211] @ 0.0024458s :temperature min: 0
DEBUG [IRDeviceParams.cpp:212] @ 0.0024518s :temperature max: 0
DEBUG [IRDeviceParams.cpp:213] @ 0.0024587s :framerate: 32
DEBUG [IRDeviceParams.cpp:214] @ 0.0024647s :bispectral: 0
DEBUG [IRDeviceParams.cpp:215] @ 0.002471s :flag automatic: 1
DEBUG [IRDeviceParams.cpp:216] @ 0.0024775s :min interval: 15
DEBUG [IRDeviceParams.cpp:217] @ 0.0024841s :max interval: 0
DEBUG [IRDeviceParams.cpp:218] @ 0.0024905s :chip heating mode: 0
DEBUG [IRDeviceParams.cpp:219] @ 0.0024975s :chip heating fixed val: 40
DEBUG [IRDeviceParams.cpp:220] @ 0.0025044s :focus:  -1
DEBUG [IRDeviceParams.cpp:221] @ 0.0025125s :enable extended temp range: 0
DEBUG [IRDeviceParams.cpp:222] @ 0.0025194s :buffer queue size: 5
DEBUG [IRDeviceParams.cpp:223] @ 0.0025258s :enable high precision: 0
DEBUG [IRDeviceParams.cpp:224] @ 0.0025324s :radialDistortionCorrectionMode: 0
DEBUG [IRDeviceParams.cpp:225] @ 0.0025389s :deviceAPI: 0
DEBUG [IRDeviceParams.cpp:226] @ 0.0025459s :useExternalProbeForReferencing: 0
DEBUG [IRDeviceParams.cpp:227] @ 0.0025523s :enableMultiThreading: 0
DEBUG [IRDeviceParams.cpp:232] @ 0.0025604s :ethernetDevice.deviceIpAddress: 0.0.0.0
DEBUG [IRDeviceParams.cpp:233] @ 0.0025673s :ethernetDevice.localUdpPort: 0
DEBUG [IRDeviceParams.cpp:234] @ 0.0025738s :ethernetDevice.checkUdpSenderIp: 1
DEBUG [Cali.cpp:87] @ 0.236697s :Calibration directory path: .\Cali-14110095.xml
DEBUG [Cali.cpp:88] @ 0.236725s :Calibration file name: Cali-14110095.xml
DEBUG [Cali.cpp:98] @ 0.237043s :Calibration data A: 1450 B:400 C:4095 D:1000
INFO [IRImager.cpp:266] @ 0.23809s :Init thermal imager to 14110095 with size: 160x121@120 Hz
DEBUG [Cali.cpp:87] @ 0.238367s :Calibration directory path: .\Cali-14110095.xml
DEBUG [Cali.cpp:88] @ 0.238378s :Calibration file name: Cali-14110095.xml
DEBUG [Cali.cpp:98] @ 0.238595s :Calibration data A: 1450 B:400 C:4095 D:1000
DEBUG [Cali.cpp:87] @ 0.23924s :Calibration directory path: .\Cali-14110095.xml
DEBUG [Cali.cpp:88] @ 0.239252s :Calibration file name: Cali-14110095.xml
DEBUG [Cali.cpp:98] @ 0.239442s :Calibration data A: 1450 B:400 C:4095 D:1000
DEBUG [IRImager.cpp:300] @ 0.239484s :No temperature range configuration specified. Setting default values tMin: -20 , tMax: 100
DEBUG [IRImager.cpp:377] @ 0.239816s :Using HID control interface
DEBUG [IRImager.cpp:417] @ 0.25519s :Initialized HID control interface to device with HW:21 FW:2025
DEBUG [IRImager.cpp:438] @ 0.255232s :Frameconfig - width(in): 160, height(in): 121, interval: 83333, max framerate: 120, HW interval: 0.00833333
DEBUG [Cali.cpp:87] @ 0.255248s :Calibration directory path: .\Cali-14110095.xml
DEBUG [Cali.cpp:88] @ 0.255256s :Calibration file name: Cali-14110095.xml
DEBUG [Cali.cpp:98] @ 0.25555s :Calibration data A: 1450 B:400 C:4095 D:1000
DEBUG [ImageProcessing.cpp:200] @ 0.279915s :Source buffer size: 38720 Width: 160 Height: 121
DEBUG [ImageProcessing.cpp:121] @ 0.354439s :Source buffer size: 38720 Width: 160 Height: 121
DEBUG [OpSource.cpp:376] @ 0.355592s :Using formats path: C:\Program Files (x86)\Optris GmbH\IrDirectSDK\examples\matlab\Formats.def
DEBUG [OpSource.cpp:628] @ 0.356247s :Format found with size: 160
DEBUG [OpSource.cpp:791] @ 0.356956s :Selected Format:"PI160 160x120 @ 120Hz"
DEBUG [IRImager.cpp:844] @ 0.357188s :Caught onFrameInit with size: 160x120
DEBUG [OpSource.cpp:376] @ 0.358196s :Using formats path: C:\Program Files (x86)\Optris GmbH\IrDirectSDK\examples\matlab\Formats.def
DEBUG [OpSource.cpp:628] @ 0.358671s :Format found with size: 160
DEBUG [OpSource.cpp:376] @ 0.359258s :Using formats path: C:\Program Files (x86)\Optris GmbH\IrDirectSDK\examples\matlab\Formats.def
DEBUG [OpCorr.cpp:467] @ 0.363912s :Read cali: .\Cali-14110095.xml\Cali-14110095-48-M20-100.dat
DEBUG [OpCorr.cpp:557] @ 0.364416s :Read calibration of camera no 14110095, # of fields: 6 , start of fields: 40
DEBUG [ImageProcessing.cpp:1108] @ 0.643977s :Update flag temperature: 31.9375
DEBUG [ImageProcessing.cpp:1111] @ 0.652306s :Update box temperature: 29.9844
DEBUG [Cali.cpp:639] @ 0.652342s :Calibration file path: 000002CE39320994/000000F8765EC868.xml
DEBUG [SimpleXML.cpp:238] @ 0.652505s :Failed to open file .\Cali-14110095.xml\CaliExt-14110095.xml
DEBUG [IRImager.cpp:550] @ 0.673807s :Chip heating disabled
DEBUG [IRImager.cpp:1110] @ 0.753861s :Start flag calibration
