DEBUG [IRLogger.cpp:105] @ 0.0003279s :***************************************************
DEBUG [IRLogger.cpp:106] @ 0.0004069s :* IRImagerDirect SDK                              *
DEBUG [IRLogger.cpp:107] @ 0.0005176s :***************************************************
DEBUG [IRLogger.cpp:113] @ 0.0005485s :* Native Machine:      AMD64
DEBUG [IRLogger.cpp:114] @ 0.0005649s :* Machine:             AMD64
DEBUG [IRLogger.cpp:116] @ 0.0006014s :* OS:                  Windows 10 0 26100
DEBUG [IRLogger.cpp:123] @ 0.0006142s :***************************************************
DEBUG [IRDeviceParams.cpp:204] @ 0.0023909s :Parameters
DEBUG [IRDeviceParams.cpp:205] @ 0.002409s :serial: 14110095
DEBUG [IRDeviceParams.cpp:206] @ 0.0024172s :videoformatindex: 0
DEBUG [IRDeviceParams.cpp:207] @ 0.0024255s :fov: 0
DEBUG [IRDeviceParams.cpp:208] @ 0.0024327s :optics_text: 0000000000000000
DEBUG [IRDeviceParams.cpp:209] @ 0.0024395s :formatspath: 0000018D2D92A020
DEBUG [IRDeviceParams.cpp:210] @ 0.0024474s :calipath: 0000018D36BE7950
DEBUG [IRDeviceParams.cpp:211] @ 0.0024538s :temperature min: 0
DEBUG [IRDeviceParams.cpp:212] @ 0.0024608s :temperature max: 0
DEBUG [IRDeviceParams.cpp:213] @ 0.0024681s :framerate: 32
DEBUG [IRDeviceParams.cpp:214] @ 0.0024749s :bispectral: 0
DEBUG [IRDeviceParams.cpp:215] @ 0.0024816s :flag automatic: 1
DEBUG [IRDeviceParams.cpp:216] @ 0.0024887s :min interval: 15
DEBUG [IRDeviceParams.cpp:217] @ 0.0024955s :max interval: 0
DEBUG [IRDeviceParams.cpp:218] @ 0.0025026s :chip heating mode: 0
DEBUG [IRDeviceParams.cpp:219] @ 0.0025096s :chip heating fixed val: 40
DEBUG [IRDeviceParams.cpp:220] @ 0.0025178s :focus:  -1
DEBUG [IRDeviceParams.cpp:221] @ 0.0025266s :enable extended temp range: 0
DEBUG [IRDeviceParams.cpp:222] @ 0.0025339s :buffer queue size: 5
DEBUG [IRDeviceParams.cpp:223] @ 0.0025414s :enable high precision: 0
DEBUG [IRDeviceParams.cpp:224] @ 0.0025488s :radialDistortionCorrectionMode: 0
DEBUG [IRDeviceParams.cpp:225] @ 0.0025554s :deviceAPI: 0
DEBUG [IRDeviceParams.cpp:226] @ 0.0025624s :useExternalProbeForReferencing: 0
DEBUG [IRDeviceParams.cpp:227] @ 0.0025688s :enableMultiThreading: 0
DEBUG [IRDeviceParams.cpp:232] @ 0.0025773s :ethernetDevice.deviceIpAddress: 0.0.0.0
DEBUG [IRDeviceParams.cpp:233] @ 0.0025848s :ethernetDevice.localUdpPort: 0
DEBUG [IRDeviceParams.cpp:234] @ 0.0025921s :ethernetDevice.checkUdpSenderIp: 1
DEBUG [Cali.cpp:87] @ 0.194916s :Calibration directory path: .\Cali-14110095.xml
DEBUG [Cali.cpp:88] @ 0.194942s :Calibration file name: Cali-14110095.xml
DEBUG [Cali.cpp:98] @ 0.195192s :Calibration data A: 1450 B:400 C:4095 D:1000
INFO [IRImager.cpp:266] @ 0.196123s :Init thermal imager to 14110095 with size: 160x121@120 Hz
DEBUG [Cali.cpp:87] @ 0.196376s :Calibration directory path: .\Cali-14110095.xml
DEBUG [Cali.cpp:88] @ 0.196385s :Calibration file name: Cali-14110095.xml
DEBUG [Cali.cpp:98] @ 0.196593s :Calibration data A: 1450 B:400 C:4095 D:1000
DEBUG [Cali.cpp:87] @ 0.19723s :Calibration directory path: .\Cali-14110095.xml
DEBUG [Cali.cpp:88] @ 0.197243s :Calibration file name: Cali-14110095.xml
DEBUG [Cali.cpp:98] @ 0.197431s :Calibration data A: 1450 B:400 C:4095 D:1000
DEBUG [IRImager.cpp:300] @ 0.197471s :No temperature range configuration specified. Setting default values tMin: -20 , tMax: 100
DEBUG [IRImager.cpp:377] @ 0.19779s :Using HID control interface
DEBUG [IRImager.cpp:417] @ 0.214826s :Initialized HID control interface to device with HW:21 FW:2025
DEBUG [IRImager.cpp:438] @ 0.214869s :Frameconfig - width(in): 160, height(in): 121, interval: 83333, max framerate: 120, HW interval: 0.00833333
DEBUG [Cali.cpp:87] @ 0.214888s :Calibration directory path: .\Cali-14110095.xml
DEBUG [Cali.cpp:88] @ 0.214899s :Calibration file name: Cali-14110095.xml
DEBUG [Cali.cpp:98] @ 0.215299s :Calibration data A: 1450 B:400 C:4095 D:1000
DEBUG [ImageProcessing.cpp:200] @ 0.239639s :Source buffer size: 38720 Width: 160 Height: 121
DEBUG [ImageProcessing.cpp:121] @ 0.305898s :Source buffer size: 38720 Width: 160 Height: 121
DEBUG [OpSource.cpp:376] @ 0.307215s :Using formats path: C:\Program Files (x86)\Optris GmbH\IrDirectSDK\examples\matlab\Formats.def
DEBUG [OpSource.cpp:628] @ 0.307947s :Format found with size: 160
DEBUG [OpSource.cpp:791] @ 0.308101s :Selected Format:"PI160 160x120 @ 120Hz"
DEBUG [IRImager.cpp:844] @ 0.308322s :Caught onFrameInit with size: 160x120
DEBUG [OpSource.cpp:376] @ 0.309215s :Using formats path: C:\Program Files (x86)\Optris GmbH\IrDirectSDK\examples\matlab\Formats.def
DEBUG [OpSource.cpp:628] @ 0.309689s :Format found with size: 160
DEBUG [OpSource.cpp:376] @ 0.31026s :Using formats path: C:\Program Files (x86)\Optris GmbH\IrDirectSDK\examples\matlab\Formats.def
DEBUG [OpCorr.cpp:467] @ 0.324147s :Read cali: .\Cali-14110095.xml\Cali-14110095-48-M20-100.dat
DEBUG [OpCorr.cpp:557] @ 0.324622s :Read calibration of camera no 14110095, # of fields: 6 , start of fields: 40
DEBUG [ImageProcessing.cpp:1108] @ 0.628446s :Update flag temperature: 31.6953
DEBUG [ImageProcessing.cpp:1111] @ 0.636703s :Update box temperature: 30.0078
DEBUG [Cali.cpp:639] @ 0.636787s :Calibration file path: 0000018D36FF1D74/0000007FADBEC728.xml
DEBUG [SimpleXML.cpp:238] @ 0.637181s :Failed to open file .\Cali-14110095.xml\CaliExt-14110095.xml
DEBUG [IRImager.cpp:550] @ 0.650516s :Chip heating disabled
DEBUG [IRImager.cpp:1110] @ 0.71208s :Start flag calibration
