DEBUG [IRLogger.cpp:105] @ 0.0005424s :***************************************************
DEBUG [IRLogger.cpp:106] @ 0.0007227s :* IRImagerDirect SDK                              *
DEBUG [IRLogger.cpp:107] @ 0.0007607s :***************************************************
DEBUG [IRLogger.cpp:113] @ 0.0007768s :* Native Machine:      AMD64
DEBUG [IRLogger.cpp:114] @ 0.0007904s :* Machine:             AMD64
DEBUG [IRLogger.cpp:116] @ 0.0008133s :* OS:                  Windows 10 0 26100
DEBUG [IRLogger.cpp:123] @ 0.0008249s :***************************************************
DEBUG [IRDeviceParams.cpp:204] @ 0.0025s :Parameters
DEBUG [IRDeviceParams.cpp:205] @ 0.0025217s :serial: 14110095
DEBUG [IRDeviceParams.cpp:206] @ 0.0025292s :videoformatindex: 0
DEBUG [IRDeviceParams.cpp:207] @ 0.0025361s :fov: 0
DEBUG [IRDeviceParams.cpp:208] @ 0.0025435s :optics_text: 0000000000000000
DEBUG [IRDeviceParams.cpp:209] @ 0.002551s :formatspath: 000002234C093370
DEBUG [IRDeviceParams.cpp:210] @ 0.0025593s :calipath: 0000022356275BB0
DEBUG [IRDeviceParams.cpp:211] @ 0.0025661s :temperature min: 0
DEBUG [IRDeviceParams.cpp:212] @ 0.0025728s :temperature max: 0
DEBUG [IRDeviceParams.cpp:213] @ 0.0025813s :framerate: 32
DEBUG [IRDeviceParams.cpp:214] @ 0.0025885s :bispectral: 0
DEBUG [IRDeviceParams.cpp:215] @ 0.0025951s :flag automatic: 1
DEBUG [IRDeviceParams.cpp:216] @ 0.002603s :min interval: 15
DEBUG [IRDeviceParams.cpp:217] @ 0.0026101s :max interval: 0
DEBUG [IRDeviceParams.cpp:218] @ 0.002618s :chip heating mode: 0
DEBUG [IRDeviceParams.cpp:219] @ 0.0026251s :chip heating fixed val: 40
DEBUG [IRDeviceParams.cpp:220] @ 0.0026323s :focus:  -1
DEBUG [IRDeviceParams.cpp:221] @ 0.0026411s :enable extended temp range: 0
DEBUG [IRDeviceParams.cpp:222] @ 0.0026482s :buffer queue size: 5
DEBUG [IRDeviceParams.cpp:223] @ 0.002655s :enable high precision: 0
DEBUG [IRDeviceParams.cpp:224] @ 0.0026619s :radialDistortionCorrectionMode: 0
DEBUG [IRDeviceParams.cpp:225] @ 0.0026689s :deviceAPI: 0
DEBUG [IRDeviceParams.cpp:226] @ 0.0026756s :useExternalProbeForReferencing: 0
DEBUG [IRDeviceParams.cpp:227] @ 0.0026821s :enableMultiThreading: 0
DEBUG [IRDeviceParams.cpp:232] @ 0.002691s :ethernetDevice.deviceIpAddress: 0.0.0.0
DEBUG [IRDeviceParams.cpp:233] @ 0.0026977s :ethernetDevice.localUdpPort: 0
DEBUG [IRDeviceParams.cpp:234] @ 0.0027045s :ethernetDevice.checkUdpSenderIp: 1
DEBUG [Cali.cpp:87] @ 0.214807s :Calibration directory path: .\Cali-14110095.xml
DEBUG [Cali.cpp:88] @ 0.214847s :Calibration file name: Cali-14110095.xml
DEBUG [Cali.cpp:98] @ 0.215252s :Calibration data A: 1450 B:400 C:4095 D:1000
INFO [IRImager.cpp:266] @ 0.216369s :Init thermal imager to 14110095 with size: 160x121@120 Hz
DEBUG [Cali.cpp:87] @ 0.216661s :Calibration directory path: .\Cali-14110095.xml
DEBUG [Cali.cpp:88] @ 0.216674s :Calibration file name: Cali-14110095.xml
DEBUG [Cali.cpp:98] @ 0.216958s :Calibration data A: 1450 B:400 C:4095 D:1000
DEBUG [Cali.cpp:87] @ 0.217718s :Calibration directory path: .\Cali-14110095.xml
DEBUG [Cali.cpp:88] @ 0.217732s :Calibration file name: Cali-14110095.xml
DEBUG [Cali.cpp:98] @ 0.217947s :Calibration data A: 1450 B:400 C:4095 D:1000
DEBUG [IRImager.cpp:300] @ 0.21799s :No temperature range configuration specified. Setting default values tMin: -20 , tMax: 100
DEBUG [IRImager.cpp:377] @ 0.218323s :Using HID control interface
DEBUG [IRImager.cpp:417] @ 0.238823s :Initialized HID control interface to device with HW:21 FW:2025
DEBUG [IRImager.cpp:438] @ 0.238881s :Frameconfig - width(in): 160, height(in): 121, interval: 83333, max framerate: 120, HW interval: 0.00833333
DEBUG [Cali.cpp:87] @ 0.238897s :Calibration directory path: .\Cali-14110095.xml
DEBUG [Cali.cpp:88] @ 0.238907s :Calibration file name: Cali-14110095.xml
DEBUG [Cali.cpp:98] @ 0.239316s :Calibration data A: 1450 B:400 C:4095 D:1000
DEBUG [ImageProcessing.cpp:200] @ 0.254944s :Source buffer size: 38720 Width: 160 Height: 121
DEBUG [ImageProcessing.cpp:121] @ 0.321266s :Source buffer size: 38720 Width: 160 Height: 121
DEBUG [OpSource.cpp:376] @ 0.321825s :Using formats path: C:\Program Files (x86)\Optris GmbH\IrDirectSDK\examples\matlab\Formats.def
DEBUG [OpSource.cpp:628] @ 0.322115s :Format found with size: 160
DEBUG [OpSource.cpp:791] @ 0.32218s :Selected Format:"PI160 160x120 @ 120Hz"
DEBUG [IRImager.cpp:844] @ 0.322274s :Caught onFrameInit with size: 160x120
DEBUG [OpSource.cpp:376] @ 0.322882s :Using formats path: C:\Program Files (x86)\Optris GmbH\IrDirectSDK\examples\matlab\Formats.def
DEBUG [OpSource.cpp:628] @ 0.323095s :Format found with size: 160
DEBUG [OpSource.cpp:376] @ 0.323327s :Using formats path: C:\Program Files (x86)\Optris GmbH\IrDirectSDK\examples\matlab\Formats.def
DEBUG [OpCorr.cpp:467] @ 0.330083s :Read cali: .\Cali-14110095.xml\Cali-14110095-48-M20-100.dat
DEBUG [OpCorr.cpp:557] @ 0.330309s :Read calibration of camera no 14110095, # of fields: 6 , start of fields: 40
DEBUG [ImageProcessing.cpp:1108] @ 0.660623s :Update flag temperature: 32.0781
DEBUG [ImageProcessing.cpp:1111] @ 0.669096s :Update box temperature: 30.0859
DEBUG [Cali.cpp:639] @ 0.669205s :Calibration file path: 0000022356C4BB44/0000007B363ECB78.xml
DEBUG [SimpleXML.cpp:238] @ 0.66972s :Failed to open file .\Cali-14110095.xml\CaliExt-14110095.xml
DEBUG [IRImager.cpp:550] @ 0.684045s :Chip heating disabled
DEBUG [IRImager.cpp:1110] @ 0.741536s :Start flag calibration
DEBUG [OpFlag.cpp:591] @ 11.4142s :SkimDiff: -10 Adjust: -985 State: 1 EMax: 8654 Emin: 2419
DEBUG [ImageProcessing.cpp:526] @ 11.4265s :Skim_Adjust 4016
DEBUG [IRImager.cpp:1124] @ 11.5428s :Finished startup calibration
DEBUG [IRImager.cpp:1175] @ 70.438s :Automatic control of shutter flag
DEBUG [OpFlag.cpp:591] @ 70.5986s :SkimDiff: -4 Adjust: -309 State: 1 EMax: 9283 Emin: 3095
DEBUG [ImageProcessing.cpp:526] @ 70.6107s :Skim_Adjust 4015
DEBUG [IRImager.cpp:1175] @ 211.094s :Automatic control of shutter flag
DEBUG [OpFlag.cpp:591] @ 211.271s :SkimDiff: -3 Adjust: -240 State: 1 EMax: 9352 Emin: 3164
DEBUG [ImageProcessing.cpp:526] @ 211.284s :Skim_Adjust 4014
DEBUG [IRImager.cpp:1175] @ 323.878s :Automatic control of shutter flag
DEBUG [OpFlag.cpp:591] @ 324.054s :SkimDiff: -2 Adjust: -176 State: 1 EMax: 9419 Emin: 3228
DEBUG [ImageProcessing.cpp:526] @ 324.065s :Skim_Adjust 4013
DEBUG [IRImager.cpp:1175] @ 395.045s :Automatic control of shutter flag
DEBUG [OpFlag.cpp:591] @ 395.207s :SkimDiff: -2 Adjust: -114 State: 1 EMax: 9485 Emin: 3290
DEBUG [ImageProcessing.cpp:526] @ 395.22s :Skim_Adjust 4012
DEBUG [IRImager.cpp:1175] @ 507.238s :Automatic control of shutter flag
DEBUG [OpFlag.cpp:591] @ 507.398s :SkimDiff: -1 Adjust: -54 State: 1 EMax: 9550 Emin: 3350
DEBUG [ImageProcessing.cpp:526] @ 507.409s :Skim_Adjust 4011
