DEBUG [IRLogger.cpp:105] @ 0.0013355s :***************************************************
DEBUG [IRLogger.cpp:106] @ 0.001559s :* IRImagerDirect SDK                              *
DEBUG [IRLogger.cpp:107] @ 0.0016062s :***************************************************
DEBUG [IRLogger.cpp:113] @ 0.0016899s :* Native Machine:      AMD64
DEBUG [IRLogger.cpp:114] @ 0.001713s :* Machine:             AMD64
DEBUG [IRLogger.cpp:116] @ 0.0017565s :* OS:                  Windows 10 0 26100
DEBUG [IRLogger.cpp:123] @ 0.0017756s :***************************************************
DEBUG [IRDeviceParams.cpp:204] @ 0.0038069s :Parameters
DEBUG [IRDeviceParams.cpp:205] @ 0.0038357s :serial: 14110095
DEBUG [IRDeviceParams.cpp:206] @ 0.0038477s :videoformatindex: 0
DEBUG [IRDeviceParams.cpp:207] @ 0.0038606s :fov: 0
DEBUG [IRDeviceParams.cpp:208] @ 0.0038733s :optics_text: 0000000000000000
DEBUG [IRDeviceParams.cpp:209] @ 0.0038851s :formatspath: 000001C371DB2110
DEBUG [IRDeviceParams.cpp:210] @ 0.0038988s :calipath: 000001C3716F4890
DEBUG [IRDeviceParams.cpp:211] @ 0.0039098s :temperature min: 0
DEBUG [IRDeviceParams.cpp:212] @ 0.0039208s :temperature max: 0
DEBUG [IRDeviceParams.cpp:213] @ 0.0039335s :framerate: 32
DEBUG [IRDeviceParams.cpp:214] @ 0.0039444s :bispectral: 0
DEBUG [IRDeviceParams.cpp:215] @ 0.0039553s :flag automatic: 1
DEBUG [IRDeviceParams.cpp:216] @ 0.0039668s :min interval: 15
DEBUG [IRDeviceParams.cpp:217] @ 0.0039791s :max interval: 0
DEBUG [IRDeviceParams.cpp:218] @ 0.0039904s :chip heating mode: 0
DEBUG [IRDeviceParams.cpp:219] @ 0.0040024s :chip heating fixed val: 40
DEBUG [IRDeviceParams.cpp:220] @ 0.0040147s :focus:  -1
DEBUG [IRDeviceParams.cpp:221] @ 0.0040284s :enable extended temp range: 0
DEBUG [IRDeviceParams.cpp:222] @ 0.0040402s :buffer queue size: 5
DEBUG [IRDeviceParams.cpp:223] @ 0.0040525s :enable high precision: 0
DEBUG [IRDeviceParams.cpp:224] @ 0.0040641s :radialDistortionCorrectionMode: 0
DEBUG [IRDeviceParams.cpp:225] @ 0.0040755s :deviceAPI: 0
DEBUG [IRDeviceParams.cpp:226] @ 0.0040863s :useExternalProbeForReferencing: 0
DEBUG [IRDeviceParams.cpp:227] @ 0.0040973s :enableMultiThreading: 0
DEBUG [IRDeviceParams.cpp:232] @ 0.0041119s :ethernetDevice.deviceIpAddress: 0.0.0.0
DEBUG [IRDeviceParams.cpp:233] @ 0.0041235s :ethernetDevice.localUdpPort: 0
DEBUG [IRDeviceParams.cpp:234] @ 0.0041345s :ethernetDevice.checkUdpSenderIp: 1
DEBUG [Cali.cpp:87] @ 0.312631s :Calibration directory path: .\Cali-14110095.xml
DEBUG [Cali.cpp:88] @ 0.31266s :Calibration file name: Cali-14110095.xml
DEBUG [Cali.cpp:98] @ 0.312936s :Calibration data A: 1450 B:400 C:4095 D:1000
INFO [IRImager.cpp:266] @ 0.313936s :Init thermal imager to 14110095 with size: 160x121@120 Hz
DEBUG [Cali.cpp:87] @ 0.314201s :Calibration directory path: .\Cali-14110095.xml
DEBUG [Cali.cpp:88] @ 0.314211s :Calibration file name: Cali-14110095.xml
DEBUG [Cali.cpp:98] @ 0.314428s :Calibration data A: 1450 B:400 C:4095 D:1000
DEBUG [Cali.cpp:87] @ 0.315321s :Calibration directory path: .\Cali-14110095.xml
DEBUG [Cali.cpp:88] @ 0.31534s :Calibration file name: Cali-14110095.xml
DEBUG [Cali.cpp:98] @ 0.315563s :Calibration data A: 1450 B:400 C:4095 D:1000
DEBUG [IRImager.cpp:300] @ 0.31561s :No temperature range configuration specified. Setting default values tMin: -20 , tMax: 100
DEBUG [IRImager.cpp:377] @ 0.316133s :Using HID control interface
DEBUG [IRImager.cpp:417] @ 0.338528s :Initialized HID control interface to device with HW:21 FW:2025
DEBUG [IRImager.cpp:438] @ 0.338607s :Frameconfig - width(in): 160, height(in): 121, interval: 83333, max framerate: 120, HW interval: 0.00833333
DEBUG [Cali.cpp:87] @ 0.338634s :Calibration directory path: .\Cali-14110095.xml
DEBUG [Cali.cpp:88] @ 0.338647s :Calibration file name: Cali-14110095.xml
DEBUG [Cali.cpp:98] @ 0.339621s :Calibration data A: 1450 B:400 C:4095 D:1000
DEBUG [ImageProcessing.cpp:200] @ 0.354898s :Source buffer size: 38720 Width: 160 Height: 121
DEBUG [ImageProcessing.cpp:121] @ 0.429209s :Source buffer size: 38720 Width: 160 Height: 121
DEBUG [OpSource.cpp:376] @ 0.429901s :Using formats path: C:\Program Files (x86)\Optris GmbH\IrDirectSDK\examples\matlab\Formats.def
DEBUG [OpSource.cpp:628] @ 0.43018s :Format found with size: 160
DEBUG [OpSource.cpp:791] @ 0.43024s :Selected Format:"PI160 160x120 @ 120Hz"
DEBUG [IRImager.cpp:844] @ 0.430322s :Caught onFrameInit with size: 160x120
DEBUG [OpSource.cpp:376] @ 0.430638s :Using formats path: C:\Program Files (x86)\Optris GmbH\IrDirectSDK\examples\matlab\Formats.def
DEBUG [OpSource.cpp:628] @ 0.430793s :Format found with size: 160
DEBUG [OpSource.cpp:376] @ 0.43101s :Using formats path: C:\Program Files (x86)\Optris GmbH\IrDirectSDK\examples\matlab\Formats.def
DEBUG [OpCorr.cpp:467] @ 0.438189s :Read cali: .\Cali-14110095.xml\Cali-14110095-48-M20-100.dat
DEBUG [OpCorr.cpp:557] @ 0.438445s :Read calibration of camera no 14110095, # of fields: 6 , start of fields: 40
DEBUG [ImageProcessing.cpp:1108] @ 0.727201s :Update flag temperature: 32.4531
DEBUG [ImageProcessing.cpp:1111] @ 0.735436s :Update box temperature: 30.4062
DEBUG [Cali.cpp:639] @ 0.735501s :Calibration file path: 000001C37268E3B4/0000003C567EC9C8.xml
DEBUG [SimpleXML.cpp:238] @ 0.735844s :Failed to open file .\Cali-14110095.xml\CaliExt-14110095.xml
DEBUG [IRImager.cpp:550] @ 0.749979s :Chip heating disabled
DEBUG [IRImager.cpp:1110] @ 0.834127s :Start flag calibration
DEBUG [OpFlag.cpp:591] @ 11.5073s :SkimDiff: -9 Adjust: -889 State: 1 EMax: 8745 Emin: 2515
DEBUG [ImageProcessing.cpp:526] @ 11.5202s :Skim_Adjust 4025
DEBUG [IRImager.cpp:1124] @ 11.6356s :Finished startup calibration
DEBUG [IRImager.cpp:1175] @ 26.3551s :Automatic control of shutter flag
DEBUG [OpFlag.cpp:591] @ 26.514s :SkimDiff: -9 Adjust: -820 State: 1 EMax: 8817 Emin: 2584
DEBUG [ImageProcessing.cpp:526] @ 26.5252s :Skim_Adjust 4024
