DEBUG [IRLogger.cpp:105] @ 0.0003552s :***************************************************
DEBUG [IRLogger.cpp:106] @ 0.0004408s :* IRImagerDirect SDK                              *
DEBUG [IRLogger.cpp:107] @ 0.0004622s :***************************************************
DEBUG [IRLogger.cpp:113] @ 0.0005191s :* Native Machine:      AMD64
DEBUG [IRLogger.cpp:114] @ 0.0006446s :* Machine:             AMD64
DEBUG [IRLogger.cpp:116] @ 0.0006753s :* OS:                  Windows 10 0 26100
DEBUG [IRLogger.cpp:123] @ 0.0006883s :***************************************************
DEBUG [IRDeviceParams.cpp:204] @ 0.0025817s :Parameters
DEBUG [IRDeviceParams.cpp:205] @ 0.0026007s :serial: 14110095
DEBUG [IRDeviceParams.cpp:206] @ 0.0026085s :videoformatindex: 0
DEBUG [IRDeviceParams.cpp:207] @ 0.0026158s :fov: 0
DEBUG [IRDeviceParams.cpp:208] @ 0.0026236s :optics_text: 0000000000000000
DEBUG [IRDeviceParams.cpp:209] @ 0.0026316s :formatspath: 0000019436E4FED0
DEBUG [IRDeviceParams.cpp:210] @ 0.0026398s :calipath: 0000019441155FB0
DEBUG [IRDeviceParams.cpp:211] @ 0.0026466s :temperature min: 0
DEBUG [IRDeviceParams.cpp:212] @ 0.0026535s :temperature max: 0
DEBUG [IRDeviceParams.cpp:213] @ 0.0026612s :framerate: 32
DEBUG [IRDeviceParams.cpp:214] @ 0.002668s :bispectral: 0
DEBUG [IRDeviceParams.cpp:215] @ 0.0026747s :flag automatic: 1
DEBUG [IRDeviceParams.cpp:216] @ 0.0026826s :min interval: 15
DEBUG [IRDeviceParams.cpp:217] @ 0.0026897s :max interval: 0
DEBUG [IRDeviceParams.cpp:218] @ 0.0026963s :chip heating mode: 0
DEBUG [IRDeviceParams.cpp:219] @ 0.0027032s :chip heating fixed val: 40
DEBUG [IRDeviceParams.cpp:220] @ 0.0027102s :focus:  -1
DEBUG [IRDeviceParams.cpp:221] @ 0.0027188s :enable extended temp range: 0
DEBUG [IRDeviceParams.cpp:222] @ 0.0027256s :buffer queue size: 5
DEBUG [IRDeviceParams.cpp:223] @ 0.0027323s :enable high precision: 0
DEBUG [IRDeviceParams.cpp:224] @ 0.002739s :radialDistortionCorrectionMode: 0
DEBUG [IRDeviceParams.cpp:225] @ 0.0027457s :deviceAPI: 0
DEBUG [IRDeviceParams.cpp:226] @ 0.0027521s :useExternalProbeForReferencing: 0
DEBUG [IRDeviceParams.cpp:227] @ 0.0027586s :enableMultiThreading: 0
DEBUG [IRDeviceParams.cpp:232] @ 0.002767s :ethernetDevice.deviceIpAddress: 0.0.0.0
DEBUG [IRDeviceParams.cpp:233] @ 0.0027737s :ethernetDevice.localUdpPort: 0
DEBUG [IRDeviceParams.cpp:234] @ 0.0027803s :ethernetDevice.checkUdpSenderIp: 1
DEBUG [Cali.cpp:87] @ 0.248785s :Calibration directory path: .\Cali-14110095.xml
DEBUG [Cali.cpp:88] @ 0.248816s :Calibration file name: Cali-14110095.xml
DEBUG [Cali.cpp:98] @ 0.249091s :Calibration data A: 1450 B:400 C:4095 D:1000
INFO [IRImager.cpp:266] @ 0.250327s :Init thermal imager to 14110095 with size: 160x121@120 Hz
DEBUG [Cali.cpp:87] @ 0.250642s :Calibration directory path: .\Cali-14110095.xml
DEBUG [Cali.cpp:88] @ 0.250657s :Calibration file name: Cali-14110095.xml
DEBUG [Cali.cpp:98] @ 0.250897s :Calibration data A: 1450 B:400 C:4095 D:1000
DEBUG [Cali.cpp:87] @ 0.251628s :Calibration directory path: .\Cali-14110095.xml
DEBUG [Cali.cpp:88] @ 0.251643s :Calibration file name: Cali-14110095.xml
DEBUG [Cali.cpp:98] @ 0.251847s :Calibration data A: 1450 B:400 C:4095 D:1000
DEBUG [IRImager.cpp:300] @ 0.251891s :No temperature range configuration specified. Setting default values tMin: -20 , tMax: 100
DEBUG [IRImager.cpp:377] @ 0.252209s :Using HID control interface
DEBUG [IRImager.cpp:417] @ 0.27241s :Initialized HID control interface to device with HW:21 FW:2025
DEBUG [IRImager.cpp:438] @ 0.272453s :Frameconfig - width(in): 160, height(in): 121, interval: 83333, max framerate: 120, HW interval: 0.00833333
DEBUG [Cali.cpp:87] @ 0.272472s :Calibration directory path: .\Cali-14110095.xml
DEBUG [Cali.cpp:88] @ 0.272483s :Calibration file name: Cali-14110095.xml
DEBUG [Cali.cpp:98] @ 0.272911s :Calibration data A: 1450 B:400 C:4095 D:1000
DEBUG [ImageProcessing.cpp:200] @ 0.297327s :Source buffer size: 38720 Width: 160 Height: 121
DEBUG [ImageProcessing.cpp:121] @ 0.35521s :Source buffer size: 38720 Width: 160 Height: 121
DEBUG [OpSource.cpp:376] @ 0.356662s :Using formats path: C:\Program Files (x86)\Optris GmbH\IrDirectSDK\examples\matlab\Formats.def
DEBUG [OpSource.cpp:628] @ 0.35754s :Format found with size: 160
DEBUG [OpSource.cpp:791] @ 0.35772s :Selected Format:"PI160 160x120 @ 120Hz"
DEBUG [IRImager.cpp:844] @ 0.35797s :Caught onFrameInit with size: 160x120
DEBUG [OpSource.cpp:376] @ 0.3594s :Using formats path: C:\Program Files (x86)\Optris GmbH\IrDirectSDK\examples\matlab\Formats.def
DEBUG [OpSource.cpp:628] @ 0.359922s :Format found with size: 160
DEBUG [OpSource.cpp:376] @ 0.360598s :Using formats path: C:\Program Files (x86)\Optris GmbH\IrDirectSDK\examples\matlab\Formats.def
DEBUG [OpCorr.cpp:467] @ 0.364789s :Read cali: .\Cali-14110095.xml\Cali-14110095-48-M20-100.dat
DEBUG [OpCorr.cpp:557] @ 0.365363s :Read calibration of camera no 14110095, # of fields: 6 , start of fields: 40
DEBUG [ImageProcessing.cpp:1108] @ 0.661225s :Update flag temperature: 32.5391
DEBUG [ImageProcessing.cpp:1111] @ 0.669558s :Update box temperature: 30.4766
DEBUG [Cali.cpp:639] @ 0.6696s :Calibration file path: 0000019440DAE384/000000501EDECB28.xml
DEBUG [SimpleXML.cpp:238] @ 0.66981s :Failed to open file .\Cali-14110095.xml\CaliExt-14110095.xml
DEBUG [IRImager.cpp:550] @ 0.688809s :Chip heating disabled
DEBUG [IRImager.cpp:1110] @ 0.781445s :Start flag calibration
DEBUG [OpFlag.cpp:591] @ 11.4548s :SkimDiff: -10 Adjust: -903 State: 1 EMax: 8745 Emin: 2501
DEBUG [ImageProcessing.cpp:526] @ 11.4674s :Skim_Adjust 4016
DEBUG [IRImager.cpp:1124] @ 11.5836s :Finished startup calibration
DEBUG [IRImager.cpp:1175] @ 26.3016s :Automatic control of shutter flag
DEBUG [OpFlag.cpp:591] @ 26.4634s :SkimDiff: -3 Adjust: -280 State: 1 EMax: 9360 Emin: 3124
DEBUG [ImageProcessing.cpp:526] @ 26.4762s :Skim_Adjust 4015
DEBUG [IRImager.cpp:1175] @ 102.399s :Automatic control of shutter flag
DEBUG [OpFlag.cpp:591] @ 102.575s :SkimDiff: -3 Adjust: -211 State: 1 EMax: 9414 Emin: 3193
DEBUG [ImageProcessing.cpp:526] @ 102.587s :Skim_Adjust 4014
