DEBUG [IRLogger.cpp:105] @ 0.000315s :***************************************************
DEBUG [IRLogger.cpp:106] @ 0.000389s :* IRImagerDirect SDK                              *
DEBUG [IRLogger.cpp:107] @ 0.0004079s :***************************************************
DEBUG [IRLogger.cpp:113] @ 0.0004232s :* Native Machine:      AMD64
DEBUG [IRLogger.cpp:114] @ 0.0004382s :* Machine:             AMD64
DEBUG [IRLogger.cpp:116] @ 0.0004867s :* OS:                  Windows 10 0 26100
DEBUG [IRLogger.cpp:123] @ 0.0005262s :***************************************************
DEBUG [IRDeviceParams.cpp:204] @ 0.0023219s :Parameters
DEBUG [IRDeviceParams.cpp:205] @ 0.0023392s :serial: 14110095
DEBUG [IRDeviceParams.cpp:206] @ 0.0023469s :videoformatindex: 0
DEBUG [IRDeviceParams.cpp:207] @ 0.0023539s :fov: 0
DEBUG [IRDeviceParams.cpp:208] @ 0.0023616s :optics_text: 0000000000000000
DEBUG [IRDeviceParams.cpp:209] @ 0.0023686s :formatspath: 0000021F2D32A0A0
DEBUG [IRDeviceParams.cpp:210] @ 0.0023762s :calipath: 0000021F37811410
DEBUG [IRDeviceParams.cpp:211] @ 0.0023829s :temperature min: 0
DEBUG [IRDeviceParams.cpp:212] @ 0.0023896s :temperature max: 0
DEBUG [IRDeviceParams.cpp:213] @ 0.0023971s :framerate: 32
DEBUG [IRDeviceParams.cpp:214] @ 0.0024037s :bispectral: 0
DEBUG [IRDeviceParams.cpp:215] @ 0.0024102s :flag automatic: 1
DEBUG [IRDeviceParams.cpp:216] @ 0.002417s :min interval: 15
DEBUG [IRDeviceParams.cpp:217] @ 0.0024253s :max interval: 0
DEBUG [IRDeviceParams.cpp:218] @ 0.0024328s :chip heating mode: 0
DEBUG [IRDeviceParams.cpp:219] @ 0.0024399s :chip heating fixed val: 40
DEBUG [IRDeviceParams.cpp:220] @ 0.0024472s :focus:  -1
DEBUG [IRDeviceParams.cpp:221] @ 0.0024553s :enable extended temp range: 0
DEBUG [IRDeviceParams.cpp:222] @ 0.0024623s :buffer queue size: 5
DEBUG [IRDeviceParams.cpp:223] @ 0.002469s :enable high precision: 0
DEBUG [IRDeviceParams.cpp:224] @ 0.0024759s :radialDistortionCorrectionMode: 0
DEBUG [IRDeviceParams.cpp:225] @ 0.0024827s :deviceAPI: 0
DEBUG [IRDeviceParams.cpp:226] @ 0.0024894s :useExternalProbeForReferencing: 0
DEBUG [IRDeviceParams.cpp:227] @ 0.002496s :enableMultiThreading: 0
DEBUG [IRDeviceParams.cpp:232] @ 0.0025044s :ethernetDevice.deviceIpAddress: 0.0.0.0
DEBUG [IRDeviceParams.cpp:233] @ 0.0025111s :ethernetDevice.localUdpPort: 0
DEBUG [IRDeviceParams.cpp:234] @ 0.0025178s :ethernetDevice.checkUdpSenderIp: 1
DEBUG [Cali.cpp:87] @ 0.364664s :Calibration directory path: .\Cali-14110095.xml
DEBUG [Cali.cpp:88] @ 0.36469s :Calibration file name: Cali-14110095.xml
DEBUG [Cali.cpp:98] @ 0.364961s :Calibration data A: 1450 B:400 C:4095 D:1000
INFO [IRImager.cpp:266] @ 0.365972s :Init thermal imager to 14110095 with size: 160x121@120 Hz
DEBUG [Cali.cpp:87] @ 0.366248s :Calibration directory path: .\Cali-14110095.xml
DEBUG [Cali.cpp:88] @ 0.36626s :Calibration file name: Cali-14110095.xml
DEBUG [Cali.cpp:98] @ 0.366473s :Calibration data A: 1450 B:400 C:4095 D:1000
DEBUG [Cali.cpp:87] @ 0.367166s :Calibration directory path: .\Cali-14110095.xml
DEBUG [Cali.cpp:88] @ 0.367179s :Calibration file name: Cali-14110095.xml
DEBUG [Cali.cpp:98] @ 0.367375s :Calibration data A: 1450 B:400 C:4095 D:1000
DEBUG [IRImager.cpp:300] @ 0.367417s :No temperature range configuration specified. Setting default values tMin: -20 , tMax: 100
DEBUG [IRImager.cpp:377] @ 0.367722s :Using HID control interface
DEBUG [IRImager.cpp:417] @ 0.395917s :Initialized HID control interface to device with HW:21 FW:2025
DEBUG [IRImager.cpp:438] @ 0.396002s :Frameconfig - width(in): 160, height(in): 121, interval: 83333, max framerate: 120, HW interval: 0.00833333
DEBUG [Cali.cpp:87] @ 0.396043s :Calibration directory path: .\Cali-14110095.xml
DEBUG [Cali.cpp:88] @ 0.396068s :Calibration file name: Cali-14110095.xml
DEBUG [Cali.cpp:98] @ 0.39692s :Calibration data A: 1450 B:400 C:4095 D:1000
DEBUG [ImageProcessing.cpp:200] @ 0.420496s :Source buffer size: 38720 Width: 160 Height: 121
DEBUG [ImageProcessing.cpp:121] @ 0.488009s :Source buffer size: 38720 Width: 160 Height: 121
DEBUG [OpSource.cpp:376] @ 0.489732s :Using formats path: C:\Program Files (x86)\Optris GmbH\IrDirectSDK\examples\matlab\Formats.def
DEBUG [OpSource.cpp:628] @ 0.490677s :Format found with size: 160
DEBUG [OpSource.cpp:791] @ 0.490906s :Selected Format:"PI160 160x120 @ 120Hz"
DEBUG [IRImager.cpp:844] @ 0.491202s :Caught onFrameInit with size: 160x120
DEBUG [OpSource.cpp:376] @ 0.492594s :Using formats path: C:\Program Files (x86)\Optris GmbH\IrDirectSDK\examples\matlab\Formats.def
DEBUG [OpSource.cpp:628] @ 0.493253s :Format found with size: 160
DEBUG [OpSource.cpp:376] @ 0.494179s :Using formats path: C:\Program Files (x86)\Optris GmbH\IrDirectSDK\examples\matlab\Formats.def
DEBUG [OpCorr.cpp:467] @ 0.505698s :Read cali: .\Cali-14110095.xml\Cali-14110095-48-M20-100.dat
DEBUG [OpCorr.cpp:557] @ 0.506538s :Read calibration of camera no 14110095, # of fields: 6 , start of fields: 40
DEBUG [ImageProcessing.cpp:1108] @ 0.792504s :Update flag temperature: 29.7188
DEBUG [ImageProcessing.cpp:1111] @ 0.800894s :Update box temperature: 27.6797
DEBUG [Cali.cpp:639] @ 0.800951s :Calibration file path: 0000021F380CBAF4/00000079D49EC738.xml
DEBUG [SimpleXML.cpp:238] @ 0.801306s :Failed to open file .\Cali-14110095.xml\CaliExt-14110095.xml
DEBUG [IRImager.cpp:550] @ 0.818587s :Chip heating disabled
DEBUG [IRImager.cpp:1110] @ 0.934742s :Start flag calibration
DEBUG [OpFlag.cpp:591] @ 11.6089s :SkimDiff: -12 Adjust: -1102 State: 1 EMax: 8302 Emin: 2302
DEBUG [ImageProcessing.cpp:526] @ 11.6211s :Skim_Adjust 4014
DEBUG [IRImager.cpp:1124] @ 11.7365s :Finished startup calibration
DEBUG [IRImager.cpp:1175] @ 26.4549s :Automatic control of shutter flag
DEBUG [OpFlag.cpp:591] @ 26.6165s :SkimDiff: -5 Adjust: -406 State: 1 EMax: 8989 Emin: 2998
DEBUG [ImageProcessing.cpp:526] @ 26.6286s :Skim_Adjust 4013
DEBUG [IRImager.cpp:1175] @ 158.536s :Automatic control of shutter flag
DEBUG [OpFlag.cpp:591] @ 158.713s :SkimDiff: -4 Adjust: -339 State: 1 EMax: 9058 Emin: 3065
DEBUG [ImageProcessing.cpp:526] @ 158.726s :Skim_Adjust 4012
DEBUG [IRImager.cpp:1175] @ 185.671s :Automatic control of shutter flag
DEBUG [OpFlag.cpp:591] @ 185.833s :SkimDiff: -3 Adjust: -282 State: 1 EMax: 9115 Emin: 3122
DEBUG [ImageProcessing.cpp:526] @ 185.846s :Skim_Adjust 4011
DEBUG [IRImager.cpp:1175] @ 202.423s :Automatic control of shutter flag
DEBUG [OpFlag.cpp:591] @ 202.583s :SkimDiff: -3 Adjust: -225 State: 1 EMax: 9169 Emin: 3179
DEBUG [ImageProcessing.cpp:526] @ 202.594s :Skim_Adjust 4010
DEBUG [IRImager.cpp:665] @ 386.006s :Release imager
DEBUG [BaseControlDevice.cpp:26] @ 386.047s :Base destructor called
DEBUG [IRImager.cpp:672] @ 386.047s :Delete image processing
DEBUG [IRImager.cpp:679] @ 386.061s :Delete buffer
DEBUG [IRImager.cpp:687] @ 386.062s :Delete source buffer
DEBUG [IRImager.cpp:694] @ 386.062s :Delete buffer (energy)
DEBUG [IRImager.cpp:701] @ 386.062s :Delete timer
DEBUG [IRImager.cpp:707] @ 386.062s :Delete manual timer
