DEBUG [IRLogger.cpp:105] @ 0.0003368s :***************************************************
DEBUG [IRLogger.cpp:106] @ 0.0004256s :* IRImagerDirect SDK                              *
DEBUG [IRLogger.cpp:107] @ 0.0004492s :***************************************************
DEBUG [IRLogger.cpp:113] @ 0.0006021s :* Native Machine:      AMD64
DEBUG [IRLogger.cpp:114] @ 0.0006336s :* Machine:             AMD64
DEBUG [IRLogger.cpp:116] @ 0.0007705s :* OS:                  Windows 10 0 26100
DEBUG [IRLogger.cpp:123] @ 0.0007837s :***************************************************
DEBUG [IRDeviceParams.cpp:204] @ 0.002409s :Parameters
DEBUG [IRDeviceParams.cpp:205] @ 0.0024268s :serial: 14110095
DEBUG [IRDeviceParams.cpp:206] @ 0.0024416s :videoformatindex: 0
DEBUG [IRDeviceParams.cpp:207] @ 0.0024495s :fov: 0
DEBUG [IRDeviceParams.cpp:208] @ 0.0024578s :optics_text: 0000000000000000
DEBUG [IRDeviceParams.cpp:209] @ 0.0024811s :formatspath: 000001729BEE9360
DEBUG [IRDeviceParams.cpp:210] @ 0.0024904s :calipath: 000001729C318240
DEBUG [IRDeviceParams.cpp:211] @ 0.0024973s :temperature min: 0
DEBUG [IRDeviceParams.cpp:212] @ 0.0025042s :temperature max: 0
DEBUG [IRDeviceParams.cpp:213] @ 0.002512s :framerate: 32
DEBUG [IRDeviceParams.cpp:214] @ 0.0025189s :bispectral: 0
DEBUG [IRDeviceParams.cpp:215] @ 0.0025258s :flag automatic: 1
DEBUG [IRDeviceParams.cpp:216] @ 0.0025334s :min interval: 15
DEBUG [IRDeviceParams.cpp:217] @ 0.0025416s :max interval: 0
DEBUG [IRDeviceParams.cpp:218] @ 0.0025492s :chip heating mode: 0
DEBUG [IRDeviceParams.cpp:219] @ 0.0025566s :chip heating fixed val: 40
DEBUG [IRDeviceParams.cpp:220] @ 0.0025656s :focus:  -1
DEBUG [IRDeviceParams.cpp:221] @ 0.0025889s :enable extended temp range: 0
DEBUG [IRDeviceParams.cpp:222] @ 0.0025978s :buffer queue size: 5
DEBUG [IRDeviceParams.cpp:223] @ 0.0026049s :enable high precision: 0
DEBUG [IRDeviceParams.cpp:224] @ 0.002612s :radialDistortionCorrectionMode: 0
DEBUG [IRDeviceParams.cpp:225] @ 0.002619s :deviceAPI: 0
DEBUG [IRDeviceParams.cpp:226] @ 0.0026266s :useExternalProbeForReferencing: 0
DEBUG [IRDeviceParams.cpp:227] @ 0.002634s :enableMultiThreading: 0
DEBUG [IRDeviceParams.cpp:232] @ 0.0026434s :ethernetDevice.deviceIpAddress: 0.0.0.0
DEBUG [IRDeviceParams.cpp:233] @ 0.0026504s :ethernetDevice.localUdpPort: 0
DEBUG [IRDeviceParams.cpp:234] @ 0.0026576s :ethernetDevice.checkUdpSenderIp: 1
ERROR [IRDeviceDS.cpp:822] @ 0.0052534s :create video graph failed hr=0
ERROR [DirectBridgeClientUSB.cpp:165] @ 0.0058906s :Device with serial 14110095 could not be found
