DEBUG [IRLogger.cpp:105] @ 0.0003441s :***************************************************
DEBUG [IRLogger.cpp:106] @ 0.0004126s :* IRImagerDirect SDK                              *
DEBUG [IRLogger.cpp:107] @ 0.000432s :***************************************************
DEBUG [IRLogger.cpp:113] @ 0.0006348s :* Native Machine:      AMD64
DEBUG [IRLogger.cpp:114] @ 0.0006543s :* Machine:             AMD64
DEBUG [IRLogger.cpp:116] @ 0.000674s :* OS:                  Windows 10 0 26100
DEBUG [IRLogger.cpp:123] @ 0.0008035s :***************************************************
DEBUG [IRDeviceParams.cpp:204] @ 0.0025047s :Parameters
DEBUG [IRDeviceParams.cpp:205] @ 0.0025215s :serial: 14110095
DEBUG [IRDeviceParams.cpp:206] @ 0.0025294s :videoformatindex: 0
DEBUG [IRDeviceParams.cpp:207] @ 0.0025361s :fov: 0
DEBUG [IRDeviceParams.cpp:208] @ 0.0025434s :optics_text: 0000000000000000
DEBUG [IRDeviceParams.cpp:209] @ 0.0025502s :formatspath: 000001F3031D1E30
DEBUG [IRDeviceParams.cpp:210] @ 0.0025578s :calipath: 000001F30D5CF220
DEBUG [IRDeviceParams.cpp:211] @ 0.0025642s :temperature min: 0
DEBUG [IRDeviceParams.cpp:212] @ 0.0025705s :temperature max: 0
DEBUG [IRDeviceParams.cpp:213] @ 0.0025777s :framerate: 32
DEBUG [IRDeviceParams.cpp:214] @ 0.0025842s :bispectral: 0
DEBUG [IRDeviceParams.cpp:215] @ 0.0025907s :flag automatic: 1
DEBUG [IRDeviceParams.cpp:216] @ 0.0025973s :min interval: 15
DEBUG [IRDeviceParams.cpp:217] @ 0.0026041s :max interval: 0
DEBUG [IRDeviceParams.cpp:218] @ 0.0026106s :chip heating mode: 0
DEBUG [IRDeviceParams.cpp:219] @ 0.0026173s :chip heating fixed val: 40
DEBUG [IRDeviceParams.cpp:220] @ 0.0026243s :focus:  -1
DEBUG [IRDeviceParams.cpp:221] @ 0.0026322s :enable extended temp range: 0
DEBUG [IRDeviceParams.cpp:222] @ 0.0026394s :buffer queue size: 5
DEBUG [IRDeviceParams.cpp:223] @ 0.0026462s :enable high precision: 0
DEBUG [IRDeviceParams.cpp:224] @ 0.002653s :radialDistortionCorrectionMode: 0
DEBUG [IRDeviceParams.cpp:225] @ 0.0026601s :deviceAPI: 0
DEBUG [IRDeviceParams.cpp:226] @ 0.0026667s :useExternalProbeForReferencing: 0
DEBUG [IRDeviceParams.cpp:227] @ 0.0026733s :enableMultiThreading: 0
DEBUG [IRDeviceParams.cpp:232] @ 0.0026815s :ethernetDevice.deviceIpAddress: 0.0.0.0
DEBUG [IRDeviceParams.cpp:233] @ 0.0026883s :ethernetDevice.localUdpPort: 0
DEBUG [IRDeviceParams.cpp:234] @ 0.0026949s :ethernetDevice.checkUdpSenderIp: 1
DEBUG [Cali.cpp:87] @ 0.408535s :Calibration directory path: .\Cali-14110095.xml
DEBUG [Cali.cpp:88] @ 0.408569s :Calibration file name: Cali-14110095.xml
DEBUG [Cali.cpp:98] @ 0.408852s :Calibration data A: 1450 B:400 C:4095 D:1000
INFO [IRImager.cpp:266] @ 0.409874s :Init thermal imager to 14110095 with size: 160x121@120 Hz
DEBUG [Cali.cpp:87] @ 0.410132s :Calibration directory path: .\Cali-14110095.xml
DEBUG [Cali.cpp:88] @ 0.410143s :Calibration file name: Cali-14110095.xml
DEBUG [Cali.cpp:98] @ 0.410346s :Calibration data A: 1450 B:400 C:4095 D:1000
DEBUG [Cali.cpp:87] @ 0.410988s :Calibration directory path: .\Cali-14110095.xml
DEBUG [Cali.cpp:88] @ 0.411002s :Calibration file name: Cali-14110095.xml
DEBUG [Cali.cpp:98] @ 0.411199s :Calibration data A: 1450 B:400 C:4095 D:1000
DEBUG [IRImager.cpp:300] @ 0.411242s :No temperature range configuration specified. Setting default values tMin: -20 , tMax: 100
DEBUG [IRImager.cpp:377] @ 0.411553s :Using HID control interface
DEBUG [IRImager.cpp:417] @ 0.429424s :Initialized HID control interface to device with HW:21 FW:2025
DEBUG [IRImager.cpp:438] @ 0.429476s :Frameconfig - width(in): 160, height(in): 121, interval: 83333, max framerate: 120, HW interval: 0.00833333
DEBUG [Cali.cpp:87] @ 0.429499s :Calibration directory path: .\Cali-14110095.xml
DEBUG [Cali.cpp:88] @ 0.429512s :Calibration file name: Cali-14110095.xml
DEBUG [Cali.cpp:98] @ 0.429995s :Calibration data A: 1450 B:400 C:4095 D:1000
DEBUG [ImageProcessing.cpp:200] @ 0.44569s :Source buffer size: 38720 Width: 160 Height: 121
DEBUG [ImageProcessing.cpp:121] @ 0.51232s :Source buffer size: 38720 Width: 160 Height: 121
DEBUG [OpSource.cpp:376] @ 0.513912s :Using formats path: C:\Program Files (x86)\Optris GmbH\IrDirectSDK\examples\matlab\Formats.def
DEBUG [OpSource.cpp:628] @ 0.514705s :Format found with size: 160
DEBUG [OpSource.cpp:791] @ 0.514889s :Selected Format:"PI160 160x120 @ 120Hz"
DEBUG [IRImager.cpp:844] @ 0.515129s :Caught onFrameInit with size: 160x120
DEBUG [OpSource.cpp:376] @ 0.516636s :Using formats path: C:\Program Files (x86)\Optris GmbH\IrDirectSDK\examples\matlab\Formats.def
DEBUG [OpSource.cpp:628] @ 0.517467s :Format found with size: 160
DEBUG [OpSource.cpp:376] @ 0.518205s :Using formats path: C:\Program Files (x86)\Optris GmbH\IrDirectSDK\examples\matlab\Formats.def
DEBUG [OpCorr.cpp:467] @ 0.530626s :Read cali: .\Cali-14110095.xml\Cali-14110095-48-M20-100.dat
DEBUG [OpCorr.cpp:557] @ 0.531324s :Read calibration of camera no 14110095, # of fields: 6 , start of fields: 40
DEBUG [ImageProcessing.cpp:1108] @ 0.818115s :Update flag temperature: 29.3203
DEBUG [ImageProcessing.cpp:1111] @ 0.826556s :Update box temperature: 27.4141
DEBUG [Cali.cpp:639] @ 0.82662s :Calibration file path: 000001F30DBE5984/0000002D66FECCF8.xml
DEBUG [SimpleXML.cpp:238] @ 0.826996s :Failed to open file .\Cali-14110095.xml\CaliExt-14110095.xml
DEBUG [IRImager.cpp:550] @ 0.84325s :Chip heating disabled
DEBUG [IRImager.cpp:1110] @ 0.927466s :Start flag calibration
DEBUG [OpFlag.cpp:591] @ 11.6008s :SkimDiff: -11 Adjust: -1039 State: 1 EMax: 8272 Emin: 2365
DEBUG [ImageProcessing.cpp:526] @ 11.614s :Skim_Adjust 4015
DEBUG [IRImager.cpp:1124] @ 11.7291s :Finished startup calibration
DEBUG [IRImager.cpp:1175] @ 26.4489s :Automatic control of shutter flag
DEBUG [OpFlag.cpp:591] @ 26.608s :SkimDiff: -5 Adjust: -449 State: 1 EMax: 8867 Emin: 2955
DEBUG [ImageProcessing.cpp:526] @ 26.6193s :Skim_Adjust 4014
DEBUG [IRImager.cpp:1175] @ 60.5911s :Automatic control of shutter flag
DEBUG [OpFlag.cpp:591] @ 60.7513s :SkimDiff: -5 Adjust: -409 State: 1 EMax: 8919 Emin: 2995
DEBUG [ImageProcessing.cpp:526] @ 60.7745s :Skim_Adjust 4013
DEBUG [IRImager.cpp:665] @ 61.5593s :Release imager
DEBUG [BaseControlDevice.cpp:26] @ 61.6242s :Base destructor called
DEBUG [IRImager.cpp:672] @ 61.6244s :Delete image processing
DEBUG [IRImager.cpp:679] @ 61.6307s :Delete buffer
DEBUG [IRImager.cpp:687] @ 61.6308s :Delete source buffer
DEBUG [IRImager.cpp:694] @ 61.6309s :Delete buffer (energy)
DEBUG [IRImager.cpp:701] @ 61.6309s :Delete timer
DEBUG [IRImager.cpp:707] @ 61.6309s :Delete manual timer
