DEBUG [IRLogger.cpp:105] @ 0.0003637s :***************************************************
DEBUG [IRLogger.cpp:106] @ 0.000436s :* IRImagerDirect SDK                              *
DEBUG [IRLogger.cpp:107] @ 0.0004574s :***************************************************
DEBUG [IRLogger.cpp:113] @ 0.0004738s :* Native Machine:      AMD64
DEBUG [IRLogger.cpp:114] @ 0.0004866s :* Machine:             AMD64
DEBUG [IRLogger.cpp:116] @ 0.0005075s :* OS:                  Windows 10 0 26100
DEBUG [IRLogger.cpp:123] @ 0.0005196s :***************************************************
DEBUG [IRDeviceParams.cpp:204] @ 0.0021397s :Parameters
DEBUG [IRDeviceParams.cpp:205] @ 0.0021755s :serial: 14110095
DEBUG [IRDeviceParams.cpp:206] @ 0.002192s :videoformatindex: 0
DEBUG [IRDeviceParams.cpp:207] @ 0.0022058s :fov: 0
DEBUG [IRDeviceParams.cpp:208] @ 0.0022208s :optics_text: 0000000000000000
DEBUG [IRDeviceParams.cpp:209] @ 0.0022347s :formatspath: 000001EB7427DA30
DEBUG [IRDeviceParams.cpp:210] @ 0.0022508s :calipath: 000001EB74095E80
DEBUG [IRDeviceParams.cpp:211] @ 0.0022645s :temperature min: 0
DEBUG [IRDeviceParams.cpp:212] @ 0.0022782s :temperature max: 0
DEBUG [IRDeviceParams.cpp:213] @ 0.0022934s :framerate: 32
DEBUG [IRDeviceParams.cpp:214] @ 0.0023074s :bispectral: 0
DEBUG [IRDeviceParams.cpp:215] @ 0.0023213s :flag automatic: 1
DEBUG [IRDeviceParams.cpp:216] @ 0.0023346s :min interval: 15
DEBUG [IRDeviceParams.cpp:217] @ 0.002352s :max interval: 0
DEBUG [IRDeviceParams.cpp:218] @ 0.0025772s :chip heating mode: 0
DEBUG [IRDeviceParams.cpp:219] @ 0.0025945s :chip heating fixed val: 40
DEBUG [IRDeviceParams.cpp:220] @ 0.0026174s :focus:  -1
DEBUG [IRDeviceParams.cpp:221] @ 0.0026363s :enable extended temp range: 0
DEBUG [IRDeviceParams.cpp:222] @ 0.0026504s :buffer queue size: 5
DEBUG [IRDeviceParams.cpp:223] @ 0.0026645s :enable high precision: 0
DEBUG [IRDeviceParams.cpp:224] @ 0.0026778s :radialDistortionCorrectionMode: 0
DEBUG [IRDeviceParams.cpp:225] @ 0.0026913s :deviceAPI: 0
DEBUG [IRDeviceParams.cpp:226] @ 0.0027039s :useExternalProbeForReferencing: 0
DEBUG [IRDeviceParams.cpp:227] @ 0.002717s :enableMultiThreading: 0
DEBUG [IRDeviceParams.cpp:232] @ 0.0027335s :ethernetDevice.deviceIpAddress: 0.0.0.0
DEBUG [IRDeviceParams.cpp:233] @ 0.0027473s :ethernetDevice.localUdpPort: 0
DEBUG [IRDeviceParams.cpp:234] @ 0.0027608s :ethernetDevice.checkUdpSenderIp: 1
DEBUG [Cali.cpp:87] @ 0.290363s :Calibration directory path: .\Cali-14110095.xml
DEBUG [Cali.cpp:88] @ 0.290394s :Calibration file name: Cali-14110095.xml
DEBUG [Cali.cpp:98] @ 0.29067s :Calibration data A: 1450 B:400 C:4095 D:1000
INFO [IRImager.cpp:266] @ 0.291708s :Init thermal imager to 14110095 with size: 160x121@120 Hz
DEBUG [Cali.cpp:87] @ 0.292009s :Calibration directory path: .\Cali-14110095.xml
DEBUG [Cali.cpp:88] @ 0.292024s :Calibration file name: Cali-14110095.xml
DEBUG [Cali.cpp:98] @ 0.292256s :Calibration data A: 1450 B:400 C:4095 D:1000
DEBUG [Cali.cpp:87] @ 0.292933s :Calibration directory path: .\Cali-14110095.xml
DEBUG [Cali.cpp:88] @ 0.292945s :Calibration file name: Cali-14110095.xml
DEBUG [Cali.cpp:98] @ 0.293156s :Calibration data A: 1450 B:400 C:4095 D:1000
DEBUG [IRImager.cpp:300] @ 0.293208s :No temperature range configuration specified. Setting default values tMin: -20 , tMax: 100
DEBUG [IRImager.cpp:377] @ 0.293523s :Using HID control interface
DEBUG [IRImager.cpp:417] @ 0.31861s :Initialized HID control interface to device with HW:21 FW:2025
DEBUG [IRImager.cpp:438] @ 0.318652s :Frameconfig - width(in): 160, height(in): 121, interval: 83333, max framerate: 120, HW interval: 0.00833333
DEBUG [Cali.cpp:87] @ 0.318672s :Calibration directory path: .\Cali-14110095.xml
DEBUG [Cali.cpp:88] @ 0.318681s :Calibration file name: Cali-14110095.xml
DEBUG [Cali.cpp:98] @ 0.31901s :Calibration data A: 1450 B:400 C:4095 D:1000
DEBUG [ImageProcessing.cpp:200] @ 0.343235s :Source buffer size: 38720 Width: 160 Height: 121
DEBUG [ImageProcessing.cpp:121] @ 0.417644s :Source buffer size: 38720 Width: 160 Height: 121
DEBUG [OpSource.cpp:376] @ 0.417815s :Using formats path: C:\Program Files (x86)\Optris GmbH\IrDirectSDK\examples\matlab\Formats.def
DEBUG [OpSource.cpp:628] @ 0.417911s :Format found with size: 160
DEBUG [OpSource.cpp:791] @ 0.417934s :Selected Format:"PI160 160x120 @ 120Hz"
DEBUG [IRImager.cpp:844] @ 0.41797s :Caught onFrameInit with size: 160x120
DEBUG [OpSource.cpp:376] @ 0.418107s :Using formats path: C:\Program Files (x86)\Optris GmbH\IrDirectSDK\examples\matlab\Formats.def
DEBUG [OpSource.cpp:628] @ 0.418173s :Format found with size: 160
DEBUG [OpSource.cpp:376] @ 0.418253s :Using formats path: C:\Program Files (x86)\Optris GmbH\IrDirectSDK\examples\matlab\Formats.def
DEBUG [OpCorr.cpp:467] @ 0.426206s :Read cali: .\Cali-14110095.xml\Cali-14110095-48-M20-100.dat
DEBUG [OpCorr.cpp:557] @ 0.426298s :Read calibration of camera no 14110095, # of fields: 6 , start of fields: 40
DEBUG [ImageProcessing.cpp:1108] @ 0.707382s :Update flag temperature: 29.3438
DEBUG [ImageProcessing.cpp:1111] @ 0.715652s :Update box temperature: 27.4062
DEBUG [Cali.cpp:639] @ 0.715697s :Calibration file path: 000001EB74481374/000000AB967EC5D8.xml
DEBUG [SimpleXML.cpp:238] @ 0.715932s :Failed to open file .\Cali-14110095.xml\CaliExt-14110095.xml
DEBUG [IRImager.cpp:550] @ 0.741391s :Chip heating disabled
DEBUG [IRImager.cpp:1110] @ 0.813186s :Start flag calibration
DEBUG [OpFlag.cpp:591] @ 11.4858s :SkimDiff: -12 Adjust: -1118 State: 1 EMax: 8243 Emin: 2286
DEBUG [ImageProcessing.cpp:526] @ 11.4975s :Skim_Adjust 4014
DEBUG [IRImager.cpp:1124] @ 11.6146s :Finished startup calibration
DEBUG [IRImager.cpp:1175] @ 26.3338s :Automatic control of shutter flag
DEBUG [OpFlag.cpp:591] @ 26.4943s :SkimDiff: -5 Adjust: -431 State: 1 EMax: 8922 Emin: 2973
DEBUG [ImageProcessing.cpp:526] @ 26.5072s :Skim_Adjust 4013
DEBUG [IRImager.cpp:1175] @ 179.614s :Automatic control of shutter flag
DEBUG [OpFlag.cpp:591] @ 179.79s :SkimDiff: -4 Adjust: -361 State: 1 EMax: 8991 Emin: 3043
DEBUG [ImageProcessing.cpp:526] @ 179.803s :Skim_Adjust 4012
DEBUG [IRImager.cpp:1175] @ 235.182s :Automatic control of shutter flag
DEBUG [OpFlag.cpp:591] @ 235.342s :SkimDiff: -4 Adjust: -311 State: 1 EMax: 9044 Emin: 3093
DEBUG [ImageProcessing.cpp:526] @ 235.354s :Skim_Adjust 4011
DEBUG [IRImager.cpp:665] @ 325.768s :Release imager
DEBUG [BaseControlDevice.cpp:26] @ 325.811s :Base destructor called
DEBUG [IRImager.cpp:672] @ 325.811s :Delete image processing
DEBUG [IRImager.cpp:679] @ 325.822s :Delete buffer
DEBUG [IRImager.cpp:687] @ 325.822s :Delete source buffer
DEBUG [IRImager.cpp:694] @ 325.822s :Delete buffer (energy)
DEBUG [IRImager.cpp:701] @ 325.822s :Delete timer
DEBUG [IRImager.cpp:707] @ 325.823s :Delete manual timer
