DEBUG [IRLogger.cpp:105] @ 0.000328s :***************************************************
DEBUG [IRLogger.cpp:106] @ 0.0004025s :* IRImagerDirect SDK                              *
DEBUG [IRLogger.cpp:107] @ 0.0004237s :***************************************************
DEBUG [IRLogger.cpp:113] @ 0.0004391s :* Native Machine:      AMD64
DEBUG [IRLogger.cpp:114] @ 0.0004521s :* Machine:             AMD64
DEBUG [IRLogger.cpp:116] @ 0.0004731s :* OS:                  Windows 10 0 26100
DEBUG [IRLogger.cpp:123] @ 0.0004845s :***************************************************
DEBUG [IRDeviceParams.cpp:204] @ 0.0011693s :Parameters
DEBUG [IRDeviceParams.cpp:205] @ 0.0011901s :serial: 14110095
DEBUG [IRDeviceParams.cpp:206] @ 0.0011989s :videoformatindex: 0
DEBUG [IRDeviceParams.cpp:207] @ 0.0012067s :fov: 0
DEBUG [IRDeviceParams.cpp:208] @ 0.0012149s :optics_text: 0000000000000000
DEBUG [IRDeviceParams.cpp:209] @ 0.0012229s :formatspath: 000001576EF5A2A0
DEBUG [IRDeviceParams.cpp:210] @ 0.0012316s :calipath: 000001576EF5E240
DEBUG [IRDeviceParams.cpp:211] @ 0.0012391s :temperature min: 0
DEBUG [IRDeviceParams.cpp:212] @ 0.0012464s :temperature max: 0
DEBUG [IRDeviceParams.cpp:213] @ 0.0012547s :framerate: 32
DEBUG [IRDeviceParams.cpp:214] @ 0.001262s :bispectral: 0
DEBUG [IRDeviceParams.cpp:215] @ 0.0012693s :flag automatic: 1
DEBUG [IRDeviceParams.cpp:216] @ 0.001277s :min interval: 15
DEBUG [IRDeviceParams.cpp:217] @ 0.0012852s :max interval: 0
DEBUG [IRDeviceParams.cpp:218] @ 0.0012934s :chip heating mode: 0
DEBUG [IRDeviceParams.cpp:219] @ 0.0013015s :chip heating fixed val: 40
DEBUG [IRDeviceParams.cpp:220] @ 0.00131s :focus:  -1
DEBUG [IRDeviceParams.cpp:221] @ 0.0013191s :enable extended temp range: 0
DEBUG [IRDeviceParams.cpp:222] @ 0.0013277s :buffer queue size: 5
DEBUG [IRDeviceParams.cpp:223] @ 0.0013356s :enable high precision: 0
DEBUG [IRDeviceParams.cpp:224] @ 0.0013432s :radialDistortionCorrectionMode: 0
DEBUG [IRDeviceParams.cpp:225] @ 0.0013508s :deviceAPI: 0
DEBUG [IRDeviceParams.cpp:226] @ 0.0013584s :useExternalProbeForReferencing: 0
DEBUG [IRDeviceParams.cpp:227] @ 0.001366s :enableMultiThreading: 0
DEBUG [IRDeviceParams.cpp:232] @ 0.0013757s :ethernetDevice.deviceIpAddress: 0.0.0.0
DEBUG [IRDeviceParams.cpp:233] @ 0.0013834s :ethernetDevice.localUdpPort: 0
DEBUG [IRDeviceParams.cpp:234] @ 0.0013911s :ethernetDevice.checkUdpSenderIp: 1
DEBUG [Cali.cpp:87] @ 0.20801s :Calibration directory path: .\Cali-14110095.xml
DEBUG [Cali.cpp:88] @ 0.20804s :Calibration file name: Cali-14110095.xml
DEBUG [Cali.cpp:98] @ 0.208357s :Calibration data A: 1450 B:400 C:4095 D:1000
INFO [IRImager.cpp:266] @ 0.209514s :Init thermal imager to 14110095 with size: 160x121@120 Hz
DEBUG [Cali.cpp:87] @ 0.209839s :Calibration directory path: .\Cali-14110095.xml
DEBUG [Cali.cpp:88] @ 0.209852s :Calibration file name: Cali-14110095.xml
DEBUG [Cali.cpp:98] @ 0.2101s :Calibration data A: 1450 B:400 C:4095 D:1000
DEBUG [Cali.cpp:87] @ 0.210844s :Calibration directory path: .\Cali-14110095.xml
DEBUG [Cali.cpp:88] @ 0.21086s :Calibration file name: Cali-14110095.xml
DEBUG [Cali.cpp:98] @ 0.211075s :Calibration data A: 1450 B:400 C:4095 D:1000
DEBUG [IRImager.cpp:300] @ 0.211123s :No temperature range configuration specified. Setting default values tMin: -20 , tMax: 100
DEBUG [IRImager.cpp:377] @ 0.211445s :Using HID control interface
DEBUG [IRImager.cpp:417] @ 0.228984s :Initialized HID control interface to device with HW:21 FW:2025
DEBUG [IRImager.cpp:438] @ 0.229032s :Frameconfig - width(in): 160, height(in): 121, interval: 83333, max framerate: 120, HW interval: 0.00833333
DEBUG [Cali.cpp:87] @ 0.22905s :Calibration directory path: .\Cali-14110095.xml
DEBUG [Cali.cpp:88] @ 0.22906s :Calibration file name: Cali-14110095.xml
DEBUG [Cali.cpp:98] @ 0.229429s :Calibration data A: 1450 B:400 C:4095 D:1000
DEBUG [ImageProcessing.cpp:200] @ 0.253796s :Source buffer size: 38720 Width: 160 Height: 121
DEBUG [ImageProcessing.cpp:121] @ 0.328113s :Source buffer size: 38720 Width: 160 Height: 121
DEBUG [OpSource.cpp:376] @ 0.32913s :Using formats path: C:\Program Files (x86)\Optris GmbH\IrDirectSDK\examples\matlab\Formats.def
DEBUG [OpSource.cpp:628] @ 0.330122s :Format found with size: 160
DEBUG [OpSource.cpp:791] @ 0.330351s :Selected Format:"PI160 160x120 @ 120Hz"
DEBUG [IRImager.cpp:844] @ 0.330633s :Caught onFrameInit with size: 160x120
DEBUG [OpSource.cpp:376] @ 0.331838s :Using formats path: C:\Program Files (x86)\Optris GmbH\IrDirectSDK\examples\matlab\Formats.def
DEBUG [OpSource.cpp:628] @ 0.332535s :Format found with size: 160
DEBUG [OpSource.cpp:376] @ 0.333376s :Using formats path: C:\Program Files (x86)\Optris GmbH\IrDirectSDK\examples\matlab\Formats.def
DEBUG [OpCorr.cpp:467] @ 0.337461s :Read cali: .\Cali-14110095.xml\Cali-14110095-48-M20-100.dat
DEBUG [OpCorr.cpp:557] @ 0.337534s :Read calibration of camera no 14110095, # of fields: 6 , start of fields: 40
DEBUG [ImageProcessing.cpp:1108] @ 0.617825s :Update flag temperature: 31.5156
DEBUG [ImageProcessing.cpp:1111] @ 0.626087s :Update box temperature: 29.8594
DEBUG [Cali.cpp:639] @ 0.626128s :Calibration file path: 000001576F4ECE74/00000005A0DEC838.xml
DEBUG [SimpleXML.cpp:238] @ 0.626329s :Failed to open file .\Cali-14110095.xml\CaliExt-14110095.xml
DEBUG [IRImager.cpp:550] @ 0.651148s :Chip heating disabled
DEBUG [IRImager.cpp:1110] @ 0.72615s :Start flag calibration
DEBUG [OpFlag.cpp:591] @ 11.3983s :SkimDiff: -8 Adjust: -757 State: 1 EMax: 8675 Emin: 2647
DEBUG [ImageProcessing.cpp:526] @ 11.4095s :Skim_Adjust 4025
DEBUG [IRImager.cpp:1124] @ 11.5281s :Finished startup calibration
DEBUG [IRImager.cpp:1175] @ 26.2464s :Automatic control of shutter flag
DEBUG [OpFlag.cpp:591] @ 26.4069s :SkimDiff: -8 Adjust: -780 State: 1 EMax: 8698 Emin: 2624
DEBUG [ImageProcessing.cpp:526] @ 26.4189s :Skim_Adjust 4024
DEBUG [IRImager.cpp:1175] @ 41.2554s :Automatic control of shutter flag
DEBUG [OpFlag.cpp:591] @ 41.4166s :SkimDiff: -8 Adjust: -758 State: 1 EMax: 8740 Emin: 2646
DEBUG [ImageProcessing.cpp:526] @ 41.4461s :Skim_Adjust 4023
DEBUG [IRImager.cpp:1175] @ 56.2623s :Automatic control of shutter flag
DEBUG [OpFlag.cpp:591] @ 56.4241s :SkimDiff: -8 Adjust: -714 State: 1 EMax: 8787 Emin: 2690
DEBUG [ImageProcessing.cpp:526] @ 56.4428s :Skim_Adjust 4022
DEBUG [IRImager.cpp:1175] @ 79.1425s :Automatic control of shutter flag
DEBUG [OpFlag.cpp:591] @ 79.303s :SkimDiff: -7 Adjust: -661 State: 1 EMax: 8851 Emin: 2743
DEBUG [ImageProcessing.cpp:526] @ 79.3224s :Skim_Adjust 4021
DEBUG [IRImager.cpp:1175] @ 128.951s :Automatic control of shutter flag
DEBUG [OpFlag.cpp:591] @ 129.143s :SkimDiff: -7 Adjust: -607 State: 1 EMax: 8914 Emin: 2797
DEBUG [ImageProcessing.cpp:526] @ 129.162s :Skim_Adjust 4020
DEBUG [IRImager.cpp:1175] @ 149.35s :Automatic control of shutter flag
DEBUG [OpFlag.cpp:591] @ 149.519s :SkimDiff: -6 Adjust: -550 State: 1 EMax: 8979 Emin: 2854
DEBUG [ImageProcessing.cpp:526] @ 149.546s :Skim_Adjust 4019
DEBUG [IRImager.cpp:1175] @ 186.999s :Automatic control of shutter flag
DEBUG [OpFlag.cpp:591] @ 187.16s :SkimDiff: -5 Adjust: -490 State: 1 EMax: 9055 Emin: 2914
DEBUG [ImageProcessing.cpp:526] @ 187.187s :Skim_Adjust 4018
DEBUG [IRImager.cpp:1175] @ 236.456s :Automatic control of shutter flag
DEBUG [OpFlag.cpp:591] @ 236.631s :SkimDiff: -5 Adjust: -428 State: 1 EMax: 9120 Emin: 2976
DEBUG [ImageProcessing.cpp:526] @ 236.653s :Skim_Adjust 4017
DEBUG [IRImager.cpp:1175] @ 272.214s :Automatic control of shutter flag
DEBUG [OpFlag.cpp:591] @ 272.375s :SkimDiff: -4 Adjust: -357 State: 1 EMax: 9201 Emin: 3047
DEBUG [ImageProcessing.cpp:526] @ 272.387s :Skim_Adjust 4016
