DEBUG [IRLogger.cpp:105] @ 0.000609s :***************************************************
DEBUG [IRLogger.cpp:106] @ 0.0007654s :* IRImagerDirect SDK                              *
DEBUG [IRLogger.cpp:107] @ 0.0009314s :***************************************************
DEBUG [IRLogger.cpp:113] @ 0.0010089s :* Native Machine:      AMD64
DEBUG [IRLogger.cpp:114] @ 0.0010239s :* Machine:             AMD64
DEBUG [IRLogger.cpp:116] @ 0.0010441s :* OS:                  Windows 10 0 26100
DEBUG [IRLogger.cpp:123] @ 0.0010547s :***************************************************
DEBUG [IRDeviceParams.cpp:204] @ 0.0319444s :Parameters
DEBUG [IRDeviceParams.cpp:205] @ 0.0319698s :serial: 14110095
DEBUG [IRDeviceParams.cpp:206] @ 0.031979s :videoformatindex: 0
DEBUG [IRDeviceParams.cpp:207] @ 0.0319873s :fov: 0
DEBUG [IRDeviceParams.cpp:208] @ 0.0319958s :optics_text: 0000000000000000
DEBUG [IRDeviceParams.cpp:209] @ 0.032004s :formatspath: 0000021CB7FD99C0
DEBUG [IRDeviceParams.cpp:210] @ 0.0320134s :calipath: 0000021CC1CE35F0
DEBUG [IRDeviceParams.cpp:211] @ 0.0320214s :temperature min: 0
DEBUG [IRDeviceParams.cpp:212] @ 0.0320301s :temperature max: 0
DEBUG [IRDeviceParams.cpp:213] @ 0.0320389s :framerate: 32
DEBUG [IRDeviceParams.cpp:214] @ 0.0320465s :bispectral: 0
DEBUG [IRDeviceParams.cpp:215] @ 0.0320542s :flag automatic: 1
DEBUG [IRDeviceParams.cpp:216] @ 0.0320621s :min interval: 15
DEBUG [IRDeviceParams.cpp:217] @ 0.0320705s :max interval: 0
DEBUG [IRDeviceParams.cpp:218] @ 0.0320784s :chip heating mode: 0
DEBUG [IRDeviceParams.cpp:219] @ 0.0320872s :chip heating fixed val: 40
DEBUG [IRDeviceParams.cpp:220] @ 0.0320958s :focus:  -1
DEBUG [IRDeviceParams.cpp:221] @ 0.0321056s :enable extended temp range: 0
DEBUG [IRDeviceParams.cpp:222] @ 0.0321138s :buffer queue size: 5
DEBUG [IRDeviceParams.cpp:223] @ 0.0321217s :enable high precision: 0
DEBUG [IRDeviceParams.cpp:224] @ 0.0321297s :radialDistortionCorrectionMode: 0
DEBUG [IRDeviceParams.cpp:225] @ 0.0321379s :deviceAPI: 0
DEBUG [IRDeviceParams.cpp:226] @ 0.0321456s :useExternalProbeForReferencing: 0
DEBUG [IRDeviceParams.cpp:227] @ 0.0321534s :enableMultiThreading: 0
DEBUG [IRDeviceParams.cpp:232] @ 0.0321633s :ethernetDevice.deviceIpAddress: 0.0.0.0
DEBUG [IRDeviceParams.cpp:233] @ 0.0321716s :ethernetDevice.localUdpPort: 0
DEBUG [IRDeviceParams.cpp:234] @ 0.0321795s :ethernetDevice.checkUdpSenderIp: 1
DEBUG [Cali.cpp:87] @ 0.405002s :Calibration directory path: .\Cali-14110095.xml
DEBUG [Cali.cpp:88] @ 0.405055s :Calibration file name: Cali-14110095.xml
DEBUG [Cali.cpp:98] @ 0.405875s :Calibration data A: 1450 B:400 C:4095 D:1000
INFO [IRImager.cpp:266] @ 0.408023s :Init thermal imager to 14110095 with size: 160x121@120 Hz
DEBUG [Cali.cpp:87] @ 0.408801s :Calibration directory path: .\Cali-14110095.xml
DEBUG [Cali.cpp:88] @ 0.408829s :Calibration file name: Cali-14110095.xml
DEBUG [Cali.cpp:98] @ 0.409365s :Calibration data A: 1450 B:400 C:4095 D:1000
DEBUG [Cali.cpp:87] @ 0.410936s :Calibration directory path: .\Cali-14110095.xml
DEBUG [Cali.cpp:88] @ 0.410964s :Calibration file name: Cali-14110095.xml
DEBUG [Cali.cpp:98] @ 0.411415s :Calibration data A: 1450 B:400 C:4095 D:1000
DEBUG [IRImager.cpp:300] @ 0.411506s :No temperature range configuration specified. Setting default values tMin: -20 , tMax: 100
DEBUG [IRImager.cpp:377] @ 0.412143s :Using HID control interface
DEBUG [IRImager.cpp:417] @ 0.434279s :Initialized HID control interface to device with HW:21 FW:2025
DEBUG [IRImager.cpp:438] @ 0.434357s :Frameconfig - width(in): 160, height(in): 121, interval: 83333, max framerate: 120, HW interval: 0.00833333
DEBUG [Cali.cpp:87] @ 0.434406s :Calibration directory path: .\Cali-14110095.xml
DEBUG [Cali.cpp:88] @ 0.434437s :Calibration file name: Cali-14110095.xml
DEBUG [Cali.cpp:98] @ 0.43586s :Calibration data A: 1450 B:400 C:4095 D:1000
DEBUG [ImageProcessing.cpp:200] @ 0.458857s :Source buffer size: 38720 Width: 160 Height: 121
DEBUG [ImageProcessing.cpp:121] @ 0.533524s :Source buffer size: 38720 Width: 160 Height: 121
DEBUG [OpSource.cpp:376] @ 0.535261s :Using formats path: C:\Program Files (x86)\Optris GmbH\IrDirectSDK\examples\matlab\Formats.def
DEBUG [OpSource.cpp:628] @ 0.536195s :Format found with size: 160
DEBUG [OpSource.cpp:791] @ 0.536415s :Selected Format:"PI160 160x120 @ 120Hz"
DEBUG [IRImager.cpp:844] @ 0.536777s :Caught onFrameInit with size: 160x120
DEBUG [OpSource.cpp:376] @ 0.538146s :Using formats path: C:\Program Files (x86)\Optris GmbH\IrDirectSDK\examples\matlab\Formats.def
DEBUG [OpSource.cpp:628] @ 0.53885s :Format found with size: 160
DEBUG [OpSource.cpp:376] @ 0.539782s :Using formats path: C:\Program Files (x86)\Optris GmbH\IrDirectSDK\examples\matlab\Formats.def
DEBUG [OpCorr.cpp:467] @ 0.552272s :Read cali: .\Cali-14110095.xml\Cali-14110095-48-M20-100.dat
DEBUG [OpCorr.cpp:557] @ 0.552826s :Read calibration of camera no 14110095, # of fields: 6 , start of fields: 40
DEBUG [ImageProcessing.cpp:1108] @ 0.856179s :Update flag temperature: 31.2344
DEBUG [ImageProcessing.cpp:1111] @ 0.864463s :Update box temperature: 29.6484
DEBUG [Cali.cpp:639] @ 0.864678s :Calibration file path: 0000021CC1FA0AC4/000000656BBEC708.xml
DEBUG [SimpleXML.cpp:238] @ 0.865911s :Failed to open file .\Cali-14110095.xml\CaliExt-14110095.xml
DEBUG [IRImager.cpp:550] @ 0.885546s :Chip heating disabled
DEBUG [IRImager.cpp:1110] @ 1.01019s :Start flag calibration
DEBUG [OpFlag.cpp:591] @ 11.6819s :SkimDiff: -9 Adjust: -865 State: 1 EMax: 8559 Emin: 2539
DEBUG [ImageProcessing.cpp:526] @ 11.6943s :Skim_Adjust 4025
DEBUG [IRImager.cpp:1124] @ 11.8103s :Finished startup calibration
DEBUG [IRImager.cpp:1175] @ 26.5288s :Automatic control of shutter flag
DEBUG [OpFlag.cpp:591] @ 26.6891s :SkimDiff: -9 Adjust: -854 State: 1 EMax: 8601 Emin: 2550
DEBUG [ImageProcessing.cpp:526] @ 26.7086s :Skim_Adjust 4024
DEBUG [IRImager.cpp:1175] @ 41.5385s :Automatic control of shutter flag
DEBUG [OpFlag.cpp:591] @ 41.6995s :SkimDiff: -9 Adjust: -816 State: 1 EMax: 8664 Emin: 2588
DEBUG [ImageProcessing.cpp:526] @ 41.7185s :Skim_Adjust 4023
DEBUG [IRImager.cpp:1175] @ 59.7615s :Automatic control of shutter flag
DEBUG [OpFlag.cpp:591] @ 59.9223s :SkimDiff: -8 Adjust: -761 State: 1 EMax: 8718 Emin: 2643
DEBUG [ImageProcessing.cpp:526] @ 59.9389s :Skim_Adjust 4022
DEBUG [IRImager.cpp:1175] @ 79.2809s :Automatic control of shutter flag
DEBUG [OpFlag.cpp:591] @ 79.4443s :SkimDiff: -8 Adjust: -707 State: 1 EMax: 8781 Emin: 2697
DEBUG [ImageProcessing.cpp:526] @ 79.4724s :Skim_Adjust 4021
DEBUG [IRImager.cpp:665] @ 84.0726s :Release imager
DEBUG [BaseControlDevice.cpp:26] @ 84.1301s :Base destructor called
DEBUG [IRImager.cpp:672] @ 84.1302s :Delete image processing
DEBUG [IRImager.cpp:679] @ 84.1381s :Delete buffer
DEBUG [IRImager.cpp:687] @ 84.1382s :Delete source buffer
DEBUG [IRImager.cpp:694] @ 84.1382s :Delete buffer (energy)
DEBUG [IRImager.cpp:701] @ 84.1383s :Delete timer
DEBUG [IRImager.cpp:707] @ 84.1383s :Delete manual timer
