DEBUG [IRLogger.cpp:105] @ 0.0005125s :***************************************************
DEBUG [IRLogger.cpp:106] @ 0.0006176s :* IRImagerDirect SDK                              *
DEBUG [IRLogger.cpp:107] @ 0.000647s :***************************************************
DEBUG [IRLogger.cpp:113] @ 0.0006697s :* Native Machine:      AMD64
DEBUG [IRLogger.cpp:114] @ 0.0006922s :* Machine:             AMD64
DEBUG [IRLogger.cpp:116] @ 0.0007289s :* OS:                  Windows 10 0 26100
DEBUG [IRLogger.cpp:123] @ 0.0008519s :***************************************************
DEBUG [IRDeviceParams.cpp:204] @ 0.0030675s :Parameters
DEBUG [IRDeviceParams.cpp:205] @ 0.0030977s :serial: 14110095
DEBUG [IRDeviceParams.cpp:206] @ 0.0031098s :videoformatindex: 0
DEBUG [IRDeviceParams.cpp:207] @ 0.0031211s :fov: 0
DEBUG [IRDeviceParams.cpp:208] @ 0.0031323s :optics_text: 0000000000000000
DEBUG [IRDeviceParams.cpp:209] @ 0.003143s :formatspath: 0000013468E26310
DEBUG [IRDeviceParams.cpp:210] @ 0.0031556s :calipath: 0000013468C1BBF0
DEBUG [IRDeviceParams.cpp:211] @ 0.0031664s :temperature min: 0
DEBUG [IRDeviceParams.cpp:212] @ 0.0031769s :temperature max: 0
DEBUG [IRDeviceParams.cpp:213] @ 0.0031889s :framerate: 32
DEBUG [IRDeviceParams.cpp:214] @ 0.0031997s :bispectral: 0
DEBUG [IRDeviceParams.cpp:215] @ 0.0032099s :flag automatic: 1
DEBUG [IRDeviceParams.cpp:216] @ 0.0032218s :min interval: 15
DEBUG [IRDeviceParams.cpp:217] @ 0.0032327s :max interval: 0
DEBUG [IRDeviceParams.cpp:218] @ 0.0032433s :chip heating mode: 0
DEBUG [IRDeviceParams.cpp:219] @ 0.0032545s :chip heating fixed val: 40
DEBUG [IRDeviceParams.cpp:220] @ 0.0032658s :focus:  -1
DEBUG [IRDeviceParams.cpp:221] @ 0.0032794s :enable extended temp range: 0
DEBUG [IRDeviceParams.cpp:222] @ 0.0032904s :buffer queue size: 5
DEBUG [IRDeviceParams.cpp:223] @ 0.0033012s :enable high precision: 0
DEBUG [IRDeviceParams.cpp:224] @ 0.003312s :radialDistortionCorrectionMode: 0
DEBUG [IRDeviceParams.cpp:225] @ 0.0033226s :deviceAPI: 0
DEBUG [IRDeviceParams.cpp:226] @ 0.0033333s :useExternalProbeForReferencing: 0
DEBUG [IRDeviceParams.cpp:227] @ 0.0033439s :enableMultiThreading: 0
DEBUG [IRDeviceParams.cpp:232] @ 0.0033582s :ethernetDevice.deviceIpAddress: 0.0.0.0
DEBUG [IRDeviceParams.cpp:233] @ 0.0033686s :ethernetDevice.localUdpPort: 0
DEBUG [IRDeviceParams.cpp:234] @ 0.0033794s :ethernetDevice.checkUdpSenderIp: 1
DEBUG [Cali.cpp:87] @ 0.351619s :Calibration directory path: .\Cali-14110095.xml
DEBUG [Cali.cpp:88] @ 0.351648s :Calibration file name: Cali-14110095.xml
DEBUG [Cali.cpp:98] @ 0.352122s :Calibration data A: 1450 B:400 C:4095 D:1000
INFO [IRImager.cpp:266] @ 0.352998s :Init thermal imager to 14110095 with size: 160x121@120 Hz
DEBUG [Cali.cpp:87] @ 0.353222s :Calibration directory path: .\Cali-14110095.xml
DEBUG [Cali.cpp:88] @ 0.353232s :Calibration file name: Cali-14110095.xml
DEBUG [Cali.cpp:98] @ 0.353441s :Calibration data A: 1450 B:400 C:4095 D:1000
DEBUG [Cali.cpp:87] @ 0.35403s :Calibration directory path: .\Cali-14110095.xml
DEBUG [Cali.cpp:88] @ 0.354045s :Calibration file name: Cali-14110095.xml
DEBUG [Cali.cpp:98] @ 0.354235s :Calibration data A: 1450 B:400 C:4095 D:1000
DEBUG [IRImager.cpp:300] @ 0.354283s :No temperature range configuration specified. Setting default values tMin: -20 , tMax: 100
DEBUG [IRImager.cpp:377] @ 0.354597s :Using HID control interface
DEBUG [IRImager.cpp:417] @ 0.374532s :Initialized HID control interface to device with HW:21 FW:2025
DEBUG [IRImager.cpp:438] @ 0.374587s :Frameconfig - width(in): 160, height(in): 121, interval: 83333, max framerate: 120, HW interval: 0.00833333
DEBUG [Cali.cpp:87] @ 0.374603s :Calibration directory path: .\Cali-14110095.xml
DEBUG [Cali.cpp:88] @ 0.374611s :Calibration file name: Cali-14110095.xml
DEBUG [Cali.cpp:98] @ 0.374982s :Calibration data A: 1450 B:400 C:4095 D:1000
DEBUG [ImageProcessing.cpp:200] @ 0.398958s :Source buffer size: 38720 Width: 160 Height: 121
DEBUG [ImageProcessing.cpp:121] @ 0.465171s :Source buffer size: 38720 Width: 160 Height: 121
DEBUG [OpSource.cpp:376] @ 0.465373s :Using formats path: C:\Program Files (x86)\Optris GmbH\IrDirectSDK\examples\matlab\Formats.def
DEBUG [OpSource.cpp:628] @ 0.465493s :Format found with size: 160
DEBUG [OpSource.cpp:791] @ 0.465518s :Selected Format:"PI160 160x120 @ 120Hz"
DEBUG [IRImager.cpp:844] @ 0.465556s :Caught onFrameInit with size: 160x120
DEBUG [OpSource.cpp:376] @ 0.46569s :Using formats path: C:\Program Files (x86)\Optris GmbH\IrDirectSDK\examples\matlab\Formats.def
DEBUG [OpSource.cpp:628] @ 0.46576s :Format found with size: 160
DEBUG [OpSource.cpp:376] @ 0.465833s :Using formats path: C:\Program Files (x86)\Optris GmbH\IrDirectSDK\examples\matlab\Formats.def
DEBUG [OpCorr.cpp:467] @ 0.473753s :Read cali: .\Cali-14110095.xml\Cali-14110095-48-M20-100.dat
DEBUG [OpCorr.cpp:557] @ 0.473902s :Read calibration of camera no 14110095, # of fields: 6 , start of fields: 40
DEBUG [ImageProcessing.cpp:1108] @ 0.763196s :Update flag temperature: 32.6016
DEBUG [ImageProcessing.cpp:1111] @ 0.771389s :Update box temperature: 30.5703
DEBUG [Cali.cpp:639] @ 0.771458s :Calibration file path: 000001344E5612B4/00000002C97EC648.xml
DEBUG [SimpleXML.cpp:238] @ 0.771768s :Failed to open file .\Cali-14110095.xml\CaliExt-14110095.xml
DEBUG [IRImager.cpp:550] @ 0.791174s :Chip heating disabled
DEBUG [IRImager.cpp:1110] @ 0.857518s :Start flag calibration
DEBUG [IRImager.cpp:665] @ 9.18038s :Release imager
DEBUG [BaseControlDevice.cpp:26] @ 9.22865s :Base destructor called
DEBUG [IRImager.cpp:672] @ 9.2287s :Delete image processing
DEBUG [IRImager.cpp:679] @ 9.23478s :Delete buffer
DEBUG [IRImager.cpp:687] @ 9.23485s :Delete source buffer
DEBUG [IRImager.cpp:694] @ 9.23486s :Delete buffer (energy)
DEBUG [IRImager.cpp:701] @ 9.23487s :Delete timer
DEBUG [IRImager.cpp:707] @ 9.23488s :Delete manual timer
