DEBUG [IRLogger.cpp:105] @ 0.0003243s :***************************************************
DEBUG [IRLogger.cpp:106] @ 0.0003989s :* IRImagerDirect SDK                              *
DEBUG [IRLogger.cpp:107] @ 0.0004211s :***************************************************
DEBUG [IRLogger.cpp:113] @ 0.0004367s :* Native Machine:      AMD64
DEBUG [IRLogger.cpp:114] @ 0.0004505s :* Machine:             AMD64
DEBUG [IRLogger.cpp:116] @ 0.000472s :* OS:                  Windows 10 0 26100
DEBUG [IRLogger.cpp:123] @ 0.0004845s :***************************************************
DEBUG [IRDeviceParams.cpp:204] @ 0.0240987s :Parameters
DEBUG [IRDeviceParams.cpp:205] @ 0.0241255s :serial: 14110095
DEBUG [IRDeviceParams.cpp:206] @ 0.0241334s :videoformatindex: 0
DEBUG [IRDeviceParams.cpp:207] @ 0.0241407s :fov: 0
DEBUG [IRDeviceParams.cpp:208] @ 0.0241485s :optics_text: 0000000000000000
DEBUG [IRDeviceParams.cpp:209] @ 0.0241554s :formatspath: 000001CE13B30FD0
DEBUG [IRDeviceParams.cpp:210] @ 0.0241632s :calipath: 000001CE1E3458B0
DEBUG [IRDeviceParams.cpp:211] @ 0.0241698s :temperature min: 0
DEBUG [IRDeviceParams.cpp:212] @ 0.0241763s :temperature max: 0
DEBUG [IRDeviceParams.cpp:213] @ 0.0241839s :framerate: 32
DEBUG [IRDeviceParams.cpp:214] @ 0.0241905s :bispectral: 0
DEBUG [IRDeviceParams.cpp:215] @ 0.024197s :flag automatic: 1
DEBUG [IRDeviceParams.cpp:216] @ 0.0242041s :min interval: 15
DEBUG [IRDeviceParams.cpp:217] @ 0.0242119s :max interval: 0
DEBUG [IRDeviceParams.cpp:218] @ 0.0242188s :chip heating mode: 0
DEBUG [IRDeviceParams.cpp:219] @ 0.024226s :chip heating fixed val: 40
DEBUG [IRDeviceParams.cpp:220] @ 0.0242332s :focus:  -1
DEBUG [IRDeviceParams.cpp:221] @ 0.024241s :enable extended temp range: 0
DEBUG [IRDeviceParams.cpp:222] @ 0.0242481s :buffer queue size: 5
DEBUG [IRDeviceParams.cpp:223] @ 0.0242552s :enable high precision: 0
DEBUG [IRDeviceParams.cpp:224] @ 0.0242621s :radialDistortionCorrectionMode: 0
DEBUG [IRDeviceParams.cpp:225] @ 0.0242692s :deviceAPI: 0
DEBUG [IRDeviceParams.cpp:226] @ 0.0242759s :useExternalProbeForReferencing: 0
DEBUG [IRDeviceParams.cpp:227] @ 0.0242824s :enableMultiThreading: 0
DEBUG [IRDeviceParams.cpp:232] @ 0.0242909s :ethernetDevice.deviceIpAddress: 0.0.0.0
DEBUG [IRDeviceParams.cpp:233] @ 0.0242978s :ethernetDevice.localUdpPort: 0
DEBUG [IRDeviceParams.cpp:234] @ 0.0243046s :ethernetDevice.checkUdpSenderIp: 1
DEBUG [Cali.cpp:87] @ 0.440241s :Calibration directory path: .\Cali-14110095.xml
DEBUG [Cali.cpp:88] @ 0.440277s :Calibration file name: Cali-14110095.xml
DEBUG [Cali.cpp:98] @ 0.480131s :Calibration data A: 1450 B:400 C:4095 D:1000
INFO [IRImager.cpp:266] @ 0.934495s :Init thermal imager to 14110095 with size: 160x121@120 Hz
DEBUG [Cali.cpp:87] @ 0.934794s :Calibration directory path: .\Cali-14110095.xml
DEBUG [Cali.cpp:88] @ 0.934808s :Calibration file name: Cali-14110095.xml
DEBUG [Cali.cpp:98] @ 0.935066s :Calibration data A: 1450 B:400 C:4095 D:1000
DEBUG [Cali.cpp:87] @ 0.935806s :Calibration directory path: .\Cali-14110095.xml
DEBUG [Cali.cpp:88] @ 0.93582s :Calibration file name: Cali-14110095.xml
DEBUG [Cali.cpp:98] @ 0.936019s :Calibration data A: 1450 B:400 C:4095 D:1000
DEBUG [IRImager.cpp:300] @ 0.936063s :No temperature range configuration specified. Setting default values tMin: -20 , tMax: 100
DEBUG [IRImager.cpp:377] @ 0.969667s :Using HID control interface
DEBUG [IRImager.cpp:417] @ 1.01804s :Initialized HID control interface to device with HW:21 FW:2025
DEBUG [IRImager.cpp:438] @ 1.0183s :Frameconfig - width(in): 160, height(in): 121, interval: 83333, max framerate: 120, HW interval: 0.00833333
DEBUG [Cali.cpp:87] @ 1.01843s :Calibration directory path: .\Cali-14110095.xml
DEBUG [Cali.cpp:88] @ 1.0185s :Calibration file name: Cali-14110095.xml
DEBUG [Cali.cpp:98] @ 1.02155s :Calibration data A: 1450 B:400 C:4095 D:1000
DEBUG [ImageProcessing.cpp:200] @ 1.0426s :Source buffer size: 38720 Width: 160 Height: 121
DEBUG [ImageProcessing.cpp:121] @ 1.11691s :Source buffer size: 38720 Width: 160 Height: 121
DEBUG [OpSource.cpp:376] @ 1.1183s :Using formats path: C:\Program Files (x86)\Optris GmbH\IrDirectSDK\examples\matlab\Formats.def
DEBUG [OpSource.cpp:628] @ 1.11954s :Format found with size: 160
DEBUG [OpSource.cpp:791] @ 1.11978s :Selected Format:"PI160 160x120 @ 120Hz"
DEBUG [IRImager.cpp:844] @ 1.12014s :Caught onFrameInit with size: 160x120
DEBUG [OpSource.cpp:376] @ 1.12155s :Using formats path: C:\Program Files (x86)\Optris GmbH\IrDirectSDK\examples\matlab\Formats.def
DEBUG [OpSource.cpp:628] @ 1.12222s :Format found with size: 160
DEBUG [OpSource.cpp:376] @ 1.12316s :Using formats path: C:\Program Files (x86)\Optris GmbH\IrDirectSDK\examples\matlab\Formats.def
DEBUG [OpCorr.cpp:467] @ 1.13498s :Read cali: .\Cali-14110095.xml\Cali-14110095-48-M20-100.dat
DEBUG [OpCorr.cpp:557] @ 1.1357s :Read calibration of camera no 14110095, # of fields: 6 , start of fields: 40
DEBUG [ImageProcessing.cpp:1108] @ 1.43933s :Update flag temperature: 27.2031
DEBUG [ImageProcessing.cpp:1111] @ 1.44774s :Update box temperature: 25.6094
DEBUG [Cali.cpp:639] @ 1.44783s :Calibration file path: 000001CE1DDF6584/0000003976BECAE8.xml
DEBUG [SimpleXML.cpp:238] @ 1.44832s :Failed to open file .\Cali-14110095.xml\CaliExt-14110095.xml
DEBUG [IRImager.cpp:550] @ 1.46799s :Chip heating disabled
DEBUG [IRImager.cpp:1110] @ 1.5949s :Start flag calibration
DEBUG [OpFlag.cpp:591] @ 12.2679s :SkimDiff: -12 Adjust: -1141 State: 1 EMax: 8001 Emin: 2263
DEBUG [ImageProcessing.cpp:526] @ 12.28s :Skim_Adjust 4014
DEBUG [IRImager.cpp:1124] @ 12.3949s :Finished startup calibration
DEBUG [IRImager.cpp:1175] @ 27.1155s :Automatic control of shutter flag
DEBUG [OpFlag.cpp:591] @ 27.2767s :SkimDiff: -6 Adjust: -511 State: 1 EMax: 8629 Emin: 2893
DEBUG [ImageProcessing.cpp:526] @ 27.2893s :Skim_Adjust 4013
DEBUG [IRImager.cpp:1175] @ 42.5721s :Automatic control of shutter flag
DEBUG [OpFlag.cpp:591] @ 42.7491s :SkimDiff: -5 Adjust: -462 State: 1 EMax: 8692 Emin: 2942
DEBUG [ImageProcessing.cpp:526] @ 42.7612s :Skim_Adjust 4012
DEBUG [IRImager.cpp:1175] @ 58.3475s :Automatic control of shutter flag
DEBUG [OpFlag.cpp:591] @ 58.5086s :SkimDiff: -5 Adjust: -410 State: 1 EMax: 8743 Emin: 2994
DEBUG [ImageProcessing.cpp:526] @ 58.5217s :Skim_Adjust 4011
DEBUG [IRImager.cpp:1175] @ 85.9795s :Automatic control of shutter flag
DEBUG [OpFlag.cpp:591] @ 86.1569s :SkimDiff: -4 Adjust: -367 State: 1 EMax: 8806 Emin: 3037
DEBUG [ImageProcessing.cpp:526] @ 86.1705s :Skim_Adjust 4010
DEBUG [IRImager.cpp:1175] @ 108.716s :Automatic control of shutter flag
DEBUG [OpFlag.cpp:591] @ 108.876s :SkimDiff: -4 Adjust: -308 State: 1 EMax: 8861 Emin: 3096
DEBUG [ImageProcessing.cpp:526] @ 108.889s :Skim_Adjust 4009
DEBUG [IRImager.cpp:1175] @ 141.916s :Automatic control of shutter flag
DEBUG [OpFlag.cpp:591] @ 142.092s :SkimDiff: -3 Adjust: -259 State: 1 EMax: 8926 Emin: 3145
DEBUG [ImageProcessing.cpp:526] @ 142.104s :Skim_Adjust 4008
DEBUG [IRImager.cpp:1175] @ 167.772s :Automatic control of shutter flag
DEBUG [OpFlag.cpp:591] @ 167.932s :SkimDiff: -2 Adjust: -199 State: 1 EMax: 8985 Emin: 3205
DEBUG [ImageProcessing.cpp:526] @ 167.945s :Skim_Adjust 4007
DEBUG [IRImager.cpp:1175] @ 200.636s :Automatic control of shutter flag
DEBUG [OpFlag.cpp:591] @ 200.812s :SkimDiff: -2 Adjust: -149 State: 1 EMax: 9049 Emin: 3255
DEBUG [ImageProcessing.cpp:526] @ 200.824s :Skim_Adjust 4006
DEBUG [IRImager.cpp:1175] @ 226.22s :Automatic control of shutter flag
DEBUG [OpFlag.cpp:591] @ 226.381s :SkimDiff: -1 Adjust: -91 State: 1 EMax: 9109 Emin: 3313
DEBUG [ImageProcessing.cpp:526] @ 226.394s :Skim_Adjust 4005
DEBUG [IRImager.cpp:1175] @ 250.588s :Automatic control of shutter flag
DEBUG [OpFlag.cpp:591] @ 250.749s :SkimDiff: -1 Adjust: -39 State: 1 EMax: 9164 Emin: 3365
DEBUG [ImageProcessing.cpp:526] @ 250.762s :Skim_Adjust 4004
DEBUG [IRImager.cpp:1175] @ 279.708s :Automatic control of shutter flag
DEBUG [OpFlag.cpp:591] @ 279.885s :SkimDiff: 0 Adjust: 0 State: 0 EMax: 9228 Emin: 3418
DEBUG [IRImager.cpp:1175] @ 322.267s :Automatic control of shutter flag
DEBUG [OpFlag.cpp:591] @ 322.443s :SkimDiff: 0 Adjust: 0 State: 0 EMax: 9240 Emin: 3423
DEBUG [IRImager.cpp:1175] @ 363.035s :Automatic control of shutter flag
DEBUG [OpFlag.cpp:591] @ 363.195s :SkimDiff: 0 Adjust: 0 State: 0 EMax: 9253 Emin: 3426
DEBUG [IRImager.cpp:1175] @ 396.283s :Automatic control of shutter flag
DEBUG [OpFlag.cpp:591] @ 396.443s :SkimDiff: 0 Adjust: 0 State: 0 EMax: 9259 Emin: 3433
DEBUG [IRImager.cpp:1175] @ 424.235s :Automatic control of shutter flag
DEBUG [OpFlag.cpp:591] @ 424.395s :SkimDiff: 0 Adjust: 0 State: 0 EMax: 9263 Emin: 3433
DEBUG [IRImager.cpp:1175] @ 443.259s :Automatic control of shutter flag
DEBUG [OpFlag.cpp:591] @ 443.419s :SkimDiff: 0 Adjust: 0 State: 0 EMax: 9282 Emin: 3433
DEBUG [IRImager.cpp:1175] @ 491.051s :Automatic control of shutter flag
DEBUG [OpFlag.cpp:591] @ 491.227s :SkimDiff: 0 Adjust: 0 State: 0 EMax: 9282 Emin: 3442
DEBUG [IRImager.cpp:1175] @ 536.107s :Automatic control of shutter flag
DEBUG [OpFlag.cpp:591] @ 536.283s :SkimDiff: 0 Adjust: 0 State: 0 EMax: 9295 Emin: 3446
DEBUG [IRImager.cpp:1175] @ 566.62s :Automatic control of shutter flag
DEBUG [OpFlag.cpp:591] @ 566.781s :SkimDiff: 0 Adjust: 0 State: 0 EMax: 9306 Emin: 3448
DEBUG [IRImager.cpp:1175] @ 590.364s :Automatic control of shutter flag
DEBUG [OpFlag.cpp:591] @ 590.54s :SkimDiff: 0 Adjust: 0 State: 0 EMax: 9310 Emin: 3452
DEBUG [IRImager.cpp:1175] @ 626.524s :Automatic control of shutter flag
DEBUG [OpFlag.cpp:591] @ 626.683s :SkimDiff: 0 Adjust: 0 State: 0 EMax: 9319 Emin: 3456
DEBUG [IRImager.cpp:1175] @ 655.004s :Automatic control of shutter flag
DEBUG [OpFlag.cpp:591] @ 655.181s :SkimDiff: 0 Adjust: 0 State: 0 EMax: 9321 Emin: 3457
DEBUG [IRImager.cpp:665] @ 658.799s :Release imager
DEBUG [BaseControlDevice.cpp:26] @ 658.849s :Base destructor called
DEBUG [IRImager.cpp:672] @ 658.849s :Delete image processing
DEBUG [IRImager.cpp:679] @ 658.863s :Delete buffer
DEBUG [IRImager.cpp:687] @ 658.863s :Delete source buffer
DEBUG [IRImager.cpp:694] @ 658.863s :Delete buffer (energy)
DEBUG [IRImager.cpp:701] @ 658.863s :Delete timer
DEBUG [IRImager.cpp:707] @ 658.863s :Delete manual timer
