DEBUG [IRLogger.cpp:105] @ 0.000315s :***************************************************
DEBUG [IRLogger.cpp:106] @ 0.000382s :* IRImagerDirect SDK                              *
DEBUG [IRLogger.cpp:107] @ 0.0004018s :***************************************************
DEBUG [IRLogger.cpp:113] @ 0.000416s :* Native Machine:      AMD64
DEBUG [IRLogger.cpp:114] @ 0.0004285s :* Machine:             AMD64
DEBUG [IRLogger.cpp:116] @ 0.0004478s :* OS:                  Windows 10 0 26100
DEBUG [IRLogger.cpp:123] @ 0.000459s :***************************************************
DEBUG [IRDeviceParams.cpp:204] @ 0.002086s :Parameters
DEBUG [IRDeviceParams.cpp:205] @ 0.0021026s :serial: 14110095
DEBUG [IRDeviceParams.cpp:206] @ 0.002111s :videoformatindex: 0
DEBUG [IRDeviceParams.cpp:207] @ 0.0021182s :fov: 0
DEBUG [IRDeviceParams.cpp:208] @ 0.0021269s :optics_text: 0000000000000000
DEBUG [IRDeviceParams.cpp:209] @ 0.0021341s :formatspath: 000002286D207800
DEBUG [IRDeviceParams.cpp:210] @ 0.0021421s :calipath: 000002286D338800
DEBUG [IRDeviceParams.cpp:211] @ 0.0021488s :temperature min: 0
DEBUG [IRDeviceParams.cpp:212] @ 0.0021553s :temperature max: 0
DEBUG [IRDeviceParams.cpp:213] @ 0.0021629s :framerate: 32
DEBUG [IRDeviceParams.cpp:214] @ 0.0021694s :bispectral: 0
DEBUG [IRDeviceParams.cpp:215] @ 0.0021762s :flag automatic: 1
DEBUG [IRDeviceParams.cpp:216] @ 0.002183s :min interval: 15
DEBUG [IRDeviceParams.cpp:217] @ 0.0021902s :max interval: 0
DEBUG [IRDeviceParams.cpp:218] @ 0.0021969s :chip heating mode: 0
DEBUG [IRDeviceParams.cpp:219] @ 0.0022045s :chip heating fixed val: 40
DEBUG [IRDeviceParams.cpp:220] @ 0.0022118s :focus:  -1
DEBUG [IRDeviceParams.cpp:221] @ 0.0022203s :enable extended temp range: 0
DEBUG [IRDeviceParams.cpp:222] @ 0.0022276s :buffer queue size: 5
DEBUG [IRDeviceParams.cpp:223] @ 0.0022352s :enable high precision: 0
DEBUG [IRDeviceParams.cpp:224] @ 0.0022431s :radialDistortionCorrectionMode: 0
DEBUG [IRDeviceParams.cpp:225] @ 0.0022501s :deviceAPI: 0
DEBUG [IRDeviceParams.cpp:226] @ 0.002257s :useExternalProbeForReferencing: 0
DEBUG [IRDeviceParams.cpp:227] @ 0.0022641s :enableMultiThreading: 0
DEBUG [IRDeviceParams.cpp:232] @ 0.0022729s :ethernetDevice.deviceIpAddress: 0.0.0.0
DEBUG [IRDeviceParams.cpp:233] @ 0.0022802s :ethernetDevice.localUdpPort: 0
DEBUG [IRDeviceParams.cpp:234] @ 0.0022875s :ethernetDevice.checkUdpSenderIp: 1
DEBUG [Cali.cpp:87] @ 0.357849s :Calibration directory path: .\Cali-14110095.xml
DEBUG [Cali.cpp:88] @ 0.357896s :Calibration file name: Cali-14110095.xml
DEBUG [Cali.cpp:98] @ 0.358576s :Calibration data A: 1450 B:400 C:4095 D:1000
INFO [IRImager.cpp:266] @ 0.360717s :Init thermal imager to 14110095 with size: 160x121@120 Hz
DEBUG [Cali.cpp:87] @ 0.361366s :Calibration directory path: .\Cali-14110095.xml
DEBUG [Cali.cpp:88] @ 0.361396s :Calibration file name: Cali-14110095.xml
DEBUG [Cali.cpp:98] @ 0.361963s :Calibration data A: 1450 B:400 C:4095 D:1000
DEBUG [Cali.cpp:87] @ 0.363707s :Calibration directory path: .\Cali-14110095.xml
DEBUG [Cali.cpp:88] @ 0.363746s :Calibration file name: Cali-14110095.xml
DEBUG [Cali.cpp:98] @ 0.364446s :Calibration data A: 1450 B:400 C:4095 D:1000
DEBUG [IRImager.cpp:300] @ 0.364583s :No temperature range configuration specified. Setting default values tMin: -20 , tMax: 100
DEBUG [IRImager.cpp:377] @ 0.365572s :Using HID control interface
DEBUG [IRImager.cpp:417] @ 0.397561s :Initialized HID control interface to device with HW:21 FW:2025
DEBUG [IRImager.cpp:438] @ 0.39772s :Frameconfig - width(in): 160, height(in): 121, interval: 83333, max framerate: 120, HW interval: 0.00833333
DEBUG [Cali.cpp:87] @ 0.397797s :Calibration directory path: .\Cali-14110095.xml
DEBUG [Cali.cpp:88] @ 0.397839s :Calibration file name: Cali-14110095.xml
DEBUG [Cali.cpp:98] @ 0.39942s :Calibration data A: 1450 B:400 C:4095 D:1000
DEBUG [ImageProcessing.cpp:200] @ 0.413745s :Source buffer size: 38720 Width: 160 Height: 121
DEBUG [ImageProcessing.cpp:121] @ 0.479839s :Source buffer size: 38720 Width: 160 Height: 121
DEBUG [OpSource.cpp:376] @ 0.481224s :Using formats path: C:\Program Files (x86)\Optris GmbH\IrDirectSDK\examples\matlab\Formats.def
DEBUG [OpSource.cpp:628] @ 0.481996s :Format found with size: 160
DEBUG [OpSource.cpp:791] @ 0.482178s :Selected Format:"PI160 160x120 @ 120Hz"
DEBUG [IRImager.cpp:844] @ 0.482661s :Caught onFrameInit with size: 160x120
DEBUG [OpSource.cpp:376] @ 0.4832s :Using formats path: C:\Program Files (x86)\Optris GmbH\IrDirectSDK\examples\matlab\Formats.def
DEBUG [OpSource.cpp:628] @ 0.483446s :Format found with size: 160
DEBUG [OpSource.cpp:376] @ 0.48388s :Using formats path: C:\Program Files (x86)\Optris GmbH\IrDirectSDK\examples\matlab\Formats.def
DEBUG [OpCorr.cpp:467] @ 0.489686s :Read cali: .\Cali-14110095.xml\Cali-14110095-48-M20-100.dat
DEBUG [OpCorr.cpp:557] @ 0.490374s :Read calibration of camera no 14110095, # of fields: 6 , start of fields: 40
DEBUG [ImageProcessing.cpp:1108] @ 0.777492s :Update flag temperature: 30.875
DEBUG [ImageProcessing.cpp:1111] @ 0.785968s :Update box temperature: 28.9609
DEBUG [Cali.cpp:639] @ 0.78607s :Calibration file path: 000002286DFE65D4/000000D17E9EC9A8.xml
DEBUG [SimpleXML.cpp:238] @ 0.786658s :Failed to open file .\Cali-14110095.xml\CaliExt-14110095.xml
DEBUG [IRImager.cpp:550] @ 0.812116s :Chip heating disabled
DEBUG [IRImager.cpp:1110] @ 0.923071s :Start flag calibration
DEBUG [OpFlag.cpp:591] @ 11.5964s :SkimDiff: -10 Adjust: -995 State: 1 EMax: 8498 Emin: 2409
DEBUG [ImageProcessing.cpp:526] @ 11.6092s :Skim_Adjust 4016
DEBUG [IRImager.cpp:1124] @ 11.7249s :Finished startup calibration
DEBUG [IRImager.cpp:1175] @ 26.4432s :Automatic control of shutter flag
DEBUG [OpFlag.cpp:591] @ 26.6201s :SkimDiff: -5 Adjust: -402 State: 1 EMax: 9083 Emin: 3002
DEBUG [ImageProcessing.cpp:526] @ 26.633s :Skim_Adjust 4015
DEBUG [IRImager.cpp:1175] @ 60.0913s :Automatic control of shutter flag
DEBUG [OpFlag.cpp:591] @ 60.2542s :SkimDiff: -4 Adjust: -337 State: 1 EMax: 9148 Emin: 3067
DEBUG [ImageProcessing.cpp:526] @ 60.2706s :Skim_Adjust 4014
DEBUG [IRImager.cpp:1175] @ 106.603s :Automatic control of shutter flag
DEBUG [OpFlag.cpp:591] @ 106.763s :SkimDiff: -3 Adjust: -274 State: 1 EMax: 9214 Emin: 3130
DEBUG [ImageProcessing.cpp:526] @ 106.789s :Skim_Adjust 4013
DEBUG [IRImager.cpp:1175] @ 131.82s :Automatic control of shutter flag
DEBUG [OpFlag.cpp:591] @ 131.997s :SkimDiff: -3 Adjust: -211 State: 1 EMax: 9277 Emin: 3193
DEBUG [ImageProcessing.cpp:526] @ 132.022s :Skim_Adjust 4012
DEBUG [IRImager.cpp:1175] @ 171.243s :Automatic control of shutter flag
DEBUG [OpFlag.cpp:591] @ 171.407s :SkimDiff: -2 Adjust: -152 State: 1 EMax: 9336 Emin: 3252
DEBUG [ImageProcessing.cpp:526] @ 171.435s :Skim_Adjust 4011
DEBUG [IRImager.cpp:1175] @ 218.493s :Automatic control of shutter flag
DEBUG [OpFlag.cpp:591] @ 218.67s :SkimDiff: -1 Adjust: -88 State: 1 EMax: 9409 Emin: 3316
DEBUG [ImageProcessing.cpp:526] @ 218.687s :Skim_Adjust 4010
DEBUG [IRImager.cpp:1175] @ 276.48s :Automatic control of shutter flag
DEBUG [OpFlag.cpp:591] @ 276.671s :SkimDiff: -1 Adjust: -27 State: 1 EMax: 9476 Emin: 3377
DEBUG [ImageProcessing.cpp:526] @ 276.697s :Skim_Adjust 4009
DEBUG [IRImager.cpp:1175] @ 339.58s :Automatic control of shutter flag
DEBUG [OpFlag.cpp:591] @ 339.742s :SkimDiff: 0 Adjust: 0 State: 0 EMax: 9546 Emin: 3440
DEBUG [IRImager.cpp:1175] @ 424.797s :Automatic control of shutter flag
DEBUG [OpFlag.cpp:591] @ 424.957s :SkimDiff: 0 Adjust: 0 State: 0 EMax: 9566 Emin: 3449
DEBUG [IRImager.cpp:1175] @ 446.973s :Automatic control of shutter flag
DEBUG [OpFlag.cpp:591] @ 447.155s :SkimDiff: 0 Adjust: 0 State: 0 EMax: 9572 Emin: 3452
DEBUG [IRImager.cpp:1175] @ 506.988s :Automatic control of shutter flag
DEBUG [OpFlag.cpp:591] @ 507.164s :SkimDiff: 0 Adjust: 0 State: 0 EMax: 9584 Emin: 3463
DEBUG [IRImager.cpp:1175] @ 588.479s :Automatic control of shutter flag
DEBUG [OpFlag.cpp:591] @ 588.652s :SkimDiff: 0 Adjust: 0 State: 0 EMax: 9602 Emin: 3471
DEBUG [IRImager.cpp:1175] @ 652.827s :Automatic control of shutter flag
DEBUG [OpFlag.cpp:591] @ 653.003s :SkimDiff: 0 Adjust: 0 State: 0 EMax: 9611 Emin: 3475
DEBUG [IRImager.cpp:1175] @ 731.596s :Automatic control of shutter flag
DEBUG [OpFlag.cpp:591] @ 731.756s :SkimDiff: 0 Adjust: 0 State: 0 EMax: 9629 Emin: 3478
DEBUG [IRImager.cpp:1175] @ 801.772s :Automatic control of shutter flag
DEBUG [OpFlag.cpp:591] @ 801.948s :SkimDiff: 0 Adjust: 0 State: 0 EMax: 9635 Emin: 3482
DEBUG [IRImager.cpp:665] @ 888.317s :Release imager
DEBUG [BaseControlDevice.cpp:26] @ 888.368s :Base destructor called
DEBUG [IRImager.cpp:672] @ 888.368s :Delete image processing
DEBUG [IRImager.cpp:679] @ 888.379s :Delete buffer
DEBUG [IRImager.cpp:687] @ 888.379s :Delete source buffer
DEBUG [IRImager.cpp:694] @ 888.379s :Delete buffer (energy)
DEBUG [IRImager.cpp:701] @ 888.379s :Delete timer
DEBUG [IRImager.cpp:707] @ 888.379s :Delete manual timer
