DEBUG [IRLogger.cpp:105] @ 0.0017167s :***************************************************
DEBUG [IRLogger.cpp:106] @ 0.0018074s :* IRImagerDirect SDK                              *
DEBUG [IRLogger.cpp:107] @ 0.0018276s :***************************************************
DEBUG [IRLogger.cpp:113] @ 0.0018597s :* Native Machine:      AMD64
DEBUG [IRLogger.cpp:114] @ 0.0018759s :* Machine:             AMD64
DEBUG [IRLogger.cpp:116] @ 0.0019259s :* OS:                  Windows 10 0 26100
DEBUG [IRLogger.cpp:123] @ 0.002106s :***************************************************
DEBUG [IRDeviceParams.cpp:204] @ 0.0025024s :Parameters
DEBUG [IRDeviceParams.cpp:205] @ 0.0025174s :serial: 14110095
DEBUG [IRDeviceParams.cpp:206] @ 0.0025248s :videoformatindex: 0
DEBUG [IRDeviceParams.cpp:207] @ 0.0026777s :fov: 0
DEBUG [IRDeviceParams.cpp:208] @ 0.0026921s :optics_text: 0000000000000000
DEBUG [IRDeviceParams.cpp:209] @ 0.0026994s :formatspath: 00000212D9F77810
DEBUG [IRDeviceParams.cpp:210] @ 0.0027076s :calipath: 00000212D9F7D3F0
DEBUG [IRDeviceParams.cpp:211] @ 0.0027148s :temperature min: 0
DEBUG [IRDeviceParams.cpp:212] @ 0.0027215s :temperature max: 0
DEBUG [IRDeviceParams.cpp:213] @ 0.0027295s :framerate: 32
DEBUG [IRDeviceParams.cpp:214] @ 0.0027363s :bispectral: 0
DEBUG [IRDeviceParams.cpp:215] @ 0.0027428s :flag automatic: 1
DEBUG [IRDeviceParams.cpp:216] @ 0.00275s :min interval: 15
DEBUG [IRDeviceParams.cpp:217] @ 0.0027571s :max interval: 0
DEBUG [IRDeviceParams.cpp:218] @ 0.0027638s :chip heating mode: 0
DEBUG [IRDeviceParams.cpp:219] @ 0.002771s :chip heating fixed val: 40
DEBUG [IRDeviceParams.cpp:220] @ 0.0027782s :focus:  -1
DEBUG [IRDeviceParams.cpp:221] @ 0.0027989s :enable extended temp range: 0
DEBUG [IRDeviceParams.cpp:222] @ 0.0028222s :buffer queue size: 5
DEBUG [IRDeviceParams.cpp:223] @ 0.0028301s :enable high precision: 0
DEBUG [IRDeviceParams.cpp:224] @ 0.0028365s :radialDistortionCorrectionMode: 0
DEBUG [IRDeviceParams.cpp:225] @ 0.0028432s :deviceAPI: 0
DEBUG [IRDeviceParams.cpp:226] @ 0.0028498s :useExternalProbeForReferencing: 0
DEBUG [IRDeviceParams.cpp:227] @ 0.0028563s :enableMultiThreading: 0
DEBUG [IRDeviceParams.cpp:232] @ 0.0028648s :ethernetDevice.deviceIpAddress: 0.0.0.0
DEBUG [IRDeviceParams.cpp:233] @ 0.0028718s :ethernetDevice.localUdpPort: 0
DEBUG [IRDeviceParams.cpp:234] @ 0.002879s :ethernetDevice.checkUdpSenderIp: 1
DEBUG [Cali.cpp:87] @ 0.235509s :Calibration directory path: .\Cali-14110095.xml
DEBUG [Cali.cpp:88] @ 0.235544s :Calibration file name: Cali-14110095.xml
DEBUG [Cali.cpp:98] @ 0.235904s :Calibration data A: 1450 B:400 C:4095 D:1000
INFO [IRImager.cpp:266] @ 0.237188s :Init thermal imager to 14110095 with size: 160x121@120 Hz
DEBUG [Cali.cpp:87] @ 0.237507s :Calibration directory path: .\Cali-14110095.xml
DEBUG [Cali.cpp:88] @ 0.23752s :Calibration file name: Cali-14110095.xml
DEBUG [Cali.cpp:98] @ 0.237761s :Calibration data A: 1450 B:400 C:4095 D:1000
DEBUG [Cali.cpp:87] @ 0.238559s :Calibration directory path: .\Cali-14110095.xml
DEBUG [Cali.cpp:88] @ 0.238575s :Calibration file name: Cali-14110095.xml
DEBUG [Cali.cpp:98] @ 0.238793s :Calibration data A: 1450 B:400 C:4095 D:1000
DEBUG [IRImager.cpp:300] @ 0.23884s :No temperature range configuration specified. Setting default values tMin: -20 , tMax: 100
DEBUG [IRImager.cpp:377] @ 0.239215s :Using HID control interface
DEBUG [IRImager.cpp:417] @ 0.256531s :Initialized HID control interface to device with HW:21 FW:2025
DEBUG [IRImager.cpp:438] @ 0.256592s :Frameconfig - width(in): 160, height(in): 121, interval: 83333, max framerate: 120, HW interval: 0.00833333
DEBUG [Cali.cpp:87] @ 0.256621s :Calibration directory path: .\Cali-14110095.xml
DEBUG [Cali.cpp:88] @ 0.256638s :Calibration file name: Cali-14110095.xml
DEBUG [Cali.cpp:98] @ 0.257266s :Calibration data A: 1450 B:400 C:4095 D:1000
DEBUG [ImageProcessing.cpp:200] @ 0.281277s :Source buffer size: 38720 Width: 160 Height: 121
DEBUG [ImageProcessing.cpp:121] @ 0.339369s :Source buffer size: 38720 Width: 160 Height: 121
DEBUG [OpSource.cpp:376] @ 0.341025s :Using formats path: C:\Program Files (x86)\Optris GmbH\IrDirectSDK\examples\matlab\Formats.def
DEBUG [OpSource.cpp:628] @ 0.341945s :Format found with size: 160
DEBUG [OpSource.cpp:791] @ 0.342164s :Selected Format:"PI160 160x120 @ 120Hz"
DEBUG [IRImager.cpp:844] @ 0.342456s :Caught onFrameInit with size: 160x120
DEBUG [OpSource.cpp:376] @ 0.343945s :Using formats path: C:\Program Files (x86)\Optris GmbH\IrDirectSDK\examples\matlab\Formats.def
DEBUG [OpSource.cpp:628] @ 0.344248s :Format found with size: 160
DEBUG [OpSource.cpp:376] @ 0.344481s :Using formats path: C:\Program Files (x86)\Optris GmbH\IrDirectSDK\examples\matlab\Formats.def
DEBUG [OpCorr.cpp:467] @ 0.34979s :Read cali: .\Cali-14110095.xml\Cali-14110095-48-M20-100.dat
DEBUG [OpCorr.cpp:557] @ 0.350605s :Read calibration of camera no 14110095, # of fields: 6 , start of fields: 40
DEBUG [ImageProcessing.cpp:1108] @ 0.661966s :Update flag temperature: 32.2969
DEBUG [ImageProcessing.cpp:1111] @ 0.670242s :Update box temperature: 30.5156
DEBUG [Cali.cpp:639] @ 0.670333s :Calibration file path: 00000212DA07A4A4/0000004D7D3ECB68.xml
DEBUG [SimpleXML.cpp:238] @ 0.670821s :Failed to open file .\Cali-14110095.xml\CaliExt-14110095.xml
DEBUG [IRImager.cpp:550] @ 0.688403s :Chip heating disabled
DEBUG [IRImager.cpp:1110] @ 0.846003s :Start flag calibration
DEBUG [OpFlag.cpp:591] @ 11.5179s :SkimDiff: -8 Adjust: -796 State: 1 EMax: 8727 Emin: 2608
DEBUG [ImageProcessing.cpp:526] @ 11.5306s :Skim_Adjust 4025
DEBUG [IRImager.cpp:1124] @ 11.6467s :Finished startup calibration
DEBUG [IRImager.cpp:1175] @ 26.3655s :Automatic control of shutter flag
DEBUG [OpFlag.cpp:591] @ 26.527s :SkimDiff: -8 Adjust: -780 State: 1 EMax: 8770 Emin: 2624
DEBUG [ImageProcessing.cpp:526] @ 26.5389s :Skim_Adjust 4024
DEBUG [IRImager.cpp:1175] @ 41.3747s :Automatic control of shutter flag
DEBUG [OpFlag.cpp:591] @ 41.534s :SkimDiff: -8 Adjust: -742 State: 1 EMax: 8825 Emin: 2662
DEBUG [ImageProcessing.cpp:526] @ 41.5501s :Skim_Adjust 4023
DEBUG [IRImager.cpp:1175] @ 56.7341s :Automatic control of shutter flag
DEBUG [OpFlag.cpp:591] @ 56.8977s :SkimDiff: -7 Adjust: -694 State: 1 EMax: 8884 Emin: 2710
DEBUG [ImageProcessing.cpp:526] @ 56.9165s :Skim_Adjust 4022
DEBUG [IRImager.cpp:1175] @ 96.0632s :Automatic control of shutter flag
DEBUG [OpFlag.cpp:591] @ 96.2216s :SkimDiff: -7 Adjust: -631 State: 1 EMax: 8944 Emin: 2773
DEBUG [ImageProcessing.cpp:526] @ 96.2339s :Skim_Adjust 4021
DEBUG [IRImager.cpp:1175] @ 135.379s :Automatic control of shutter flag
DEBUG [OpFlag.cpp:591] @ 135.554s :SkimDiff: -6 Adjust: -576 State: 1 EMax: 9005 Emin: 2828
DEBUG [ImageProcessing.cpp:526] @ 135.574s :Skim_Adjust 4020
DEBUG [IRImager.cpp:1175] @ 178.783s :Automatic control of shutter flag
DEBUG [OpFlag.cpp:591] @ 178.958s :SkimDiff: -6 Adjust: -519 State: 1 EMax: 9075 Emin: 2885
DEBUG [ImageProcessing.cpp:526] @ 178.981s :Skim_Adjust 4019
DEBUG [IRImager.cpp:1175] @ 205.486s :Automatic control of shutter flag
DEBUG [OpFlag.cpp:591] @ 205.65s :SkimDiff: -5 Adjust: -459 State: 1 EMax: 9136 Emin: 2945
DEBUG [ImageProcessing.cpp:526] @ 205.663s :Skim_Adjust 4018
DEBUG [IRImager.cpp:1175] @ 305.23s :Automatic control of shutter flag
DEBUG [OpFlag.cpp:591] @ 305.391s :SkimDiff: -4 Adjust: -394 State: 1 EMax: 9214 Emin: 3010
DEBUG [ImageProcessing.cpp:526] @ 305.409s :Skim_Adjust 4017
DEBUG [IRImager.cpp:1175] @ 385.742s :Automatic control of shutter flag
DEBUG [OpFlag.cpp:591] @ 385.902s :SkimDiff: -4 Adjust: -328 State: 1 EMax: 9286 Emin: 3076
DEBUG [ImageProcessing.cpp:526] @ 385.924s :Skim_Adjust 4016
DEBUG [IRImager.cpp:1175] @ 440.463s :Automatic control of shutter flag
DEBUG [OpFlag.cpp:591] @ 440.624s :SkimDiff: -3 Adjust: -261 State: 1 EMax: 9366 Emin: 3143
DEBUG [ImageProcessing.cpp:526] @ 440.642s :Skim_Adjust 4015
DEBUG [IRImager.cpp:1175] @ 544.145s :Automatic control of shutter flag
DEBUG [OpFlag.cpp:591] @ 544.317s :SkimDiff: -2 Adjust: -195 State: 1 EMax: 9426 Emin: 3209
DEBUG [ImageProcessing.cpp:526] @ 544.336s :Skim_Adjust 4014
DEBUG [IRImager.cpp:1175] @ 663.84s :Automatic control of shutter flag
DEBUG [OpFlag.cpp:591] @ 664.031s :SkimDiff: -2 Adjust: -136 State: 1 EMax: 9506 Emin: 3268
DEBUG [ImageProcessing.cpp:526] @ 664.056s :Skim_Adjust 4013
DEBUG [IRImager.cpp:1175] @ 732.781s :Automatic control of shutter flag
DEBUG [OpFlag.cpp:591] @ 732.941s :SkimDiff: -1 Adjust: -72 State: 1 EMax: 9567 Emin: 3332
DEBUG [ImageProcessing.cpp:526] @ 732.952s :Skim_Adjust 4012
DEBUG [IRImager.cpp:1175] @ 1190.8s :Automatic control of shutter flag
DEBUG [OpFlag.cpp:591] @ 1190.99s :SkimDiff: -1 Adjust: -20 State: 1 EMax: 9626 Emin: 3384
DEBUG [ImageProcessing.cpp:526] @ 1191.01s :Skim_Adjust 4011
DEBUG [IRImager.cpp:1175] @ 1209.74s :Automatic control of shutter flag
DEBUG [OpFlag.cpp:591] @ 1209.9s :SkimDiff: 0 Adjust: 0 State: 0 EMax: 9683 Emin: 3445
DEBUG [IRImager.cpp:1175] @ 1240.88s :Automatic control of shutter flag
DEBUG [OpFlag.cpp:591] @ 1241.04s :SkimDiff: 0 Adjust: 0 State: 0 EMax: 9681 Emin: 3447
DEBUG [IRImager.cpp:1175] @ 1271.28s :Automatic control of shutter flag
DEBUG [OpFlag.cpp:591] @ 1271.45s :SkimDiff: 0 Adjust: 0 State: 0 EMax: 9688 Emin: 3448
DEBUG [IRImager.cpp:1175] @ 1353.58s :Automatic control of shutter flag
DEBUG [OpFlag.cpp:591] @ 1353.75s :SkimDiff: 0 Adjust: 0 State: 0 EMax: 9681 Emin: 3442
DEBUG [IRImager.cpp:1175] @ 2010.42s :Automatic control of shutter flag
DEBUG [OpFlag.cpp:591] @ 2010.59s :SkimDiff: 0 Adjust: 0 State: 0 EMax: 9667 Emin: 3435
DEBUG [IRImager.cpp:1175] @ 2093.44s :Automatic control of shutter flag
DEBUG [OpFlag.cpp:591] @ 2093.63s :SkimDiff: 0 Adjust: 0 State: 0 EMax: 9670 Emin: 3436
DEBUG [IRImager.cpp:1175] @ 2110.19s :Automatic control of shutter flag
DEBUG [OpFlag.cpp:591] @ 2110.37s :SkimDiff: 0 Adjust: 0 State: 0 EMax: 9673 Emin: 3436
DEBUG [IRImager.cpp:1175] @ 2747.65s :Automatic control of shutter flag
DEBUG [OpFlag.cpp:591] @ 2747.84s :SkimDiff: 0 Adjust: 0 State: 0 EMax: 9677 Emin: 3439
DEBUG [IRImager.cpp:1175] @ 2764.58s :Automatic control of shutter flag
DEBUG [OpFlag.cpp:591] @ 2764.75s :SkimDiff: 0 Adjust: 0 State: 0 EMax: 9672 Emin: 3432
DEBUG [IRImager.cpp:1175] @ 2793.9s :Automatic control of shutter flag
DEBUG [OpFlag.cpp:591] @ 2794.06s :SkimDiff: 0 Adjust: 0 State: 0 EMax: 9670 Emin: 3434
DEBUG [IRImager.cpp:1175] @ 2902.51s :Automatic control of shutter flag
DEBUG [OpFlag.cpp:591] @ 2902.71s :SkimDiff: 0 Adjust: 0 State: 0 EMax: 9677 Emin: 3441
DEBUG [IRImager.cpp:1175] @ 3178.45s :Automatic control of shutter flag
DEBUG [OpFlag.cpp:591] @ 3178.62s :SkimDiff: 0 Adjust: 0 State: 0 EMax: 9691 Emin: 3446
DEBUG [IRImager.cpp:1175] @ 3193.55s :Automatic control of shutter flag
DEBUG [OpFlag.cpp:591] @ 3193.73s :SkimDiff: 0 Adjust: 0 State: 0 EMax: 9688 Emin: 3451
DEBUG [IRImager.cpp:1175] @ 3237.26s :Automatic control of shutter flag
DEBUG [OpFlag.cpp:591] @ 3237.42s :SkimDiff: 0 Adjust: 0 State: 0 EMax: 9696 Emin: 3451
DEBUG [IRImager.cpp:1175] @ 3399.77s :Automatic control of shutter flag
DEBUG [OpFlag.cpp:591] @ 3399.95s :SkimDiff: 0 Adjust: 0 State: 0 EMax: 9697 Emin: 3454
DEBUG [IRImager.cpp:1175] @ 3448.38s :Automatic control of shutter flag
DEBUG [OpFlag.cpp:591] @ 3448.56s :SkimDiff: 0 Adjust: 0 State: 0 EMax: 9701 Emin: 3462
DEBUG [IRImager.cpp:1175] @ 3463.41s :Automatic control of shutter flag
DEBUG [OpFlag.cpp:591] @ 3463.57s :SkimDiff: 0 Adjust: 0 State: 0 EMax: 9703 Emin: 3460
DEBUG [IRImager.cpp:1175] @ 3606.51s :Automatic control of shutter flag
DEBUG [OpFlag.cpp:591] @ 3606.69s :SkimDiff: 0 Adjust: 0 State: 0 EMax: 9706 Emin: 3464
DEBUG [IRImager.cpp:1175] @ 3631.82s :Automatic control of shutter flag
DEBUG [OpFlag.cpp:591] @ 3631.98s :SkimDiff: 0 Adjust: 0 State: 0 EMax: 9704 Emin: 3464
DEBUG [IRImager.cpp:1175] @ 3647.12s :Automatic control of shutter flag
DEBUG [OpFlag.cpp:591] @ 3647.28s :SkimDiff: 0 Adjust: 0 State: 0 EMax: 9705 Emin: 3464
DEBUG [IRImager.cpp:1175] @ 3883.28s :Automatic control of shutter flag
DEBUG [OpFlag.cpp:591] @ 3883.45s :SkimDiff: 0 Adjust: 0 State: 0 EMax: 9720 Emin: 3468
DEBUG [IRImager.cpp:1175] @ 4076.27s :Automatic control of shutter flag
DEBUG [OpFlag.cpp:591] @ 4076.45s :SkimDiff: 0 Adjust: 0 State: 0 EMax: 9731 Emin: 3470
