DEBUG [IRLogger.cpp:105] @ 0.0005689s :***************************************************
DEBUG [IRLogger.cpp:106] @ 0.0006908s :* IRImagerDirect SDK                              *
DEBUG [IRLogger.cpp:107] @ 0.0007129s :***************************************************
DEBUG [IRLogger.cpp:113] @ 0.0007306s :* Native Machine:      AMD64
DEBUG [IRLogger.cpp:114] @ 0.000745s :* Machine:             AMD64
DEBUG [IRLogger.cpp:116] @ 0.0007718s :* OS:                  Windows 10 0 26100
DEBUG [IRLogger.cpp:123] @ 0.0007838s :***************************************************
DEBUG [IRDeviceParams.cpp:204] @ 0.0012986s :Parameters
DEBUG [IRDeviceParams.cpp:205] @ 0.0013188s :serial: 14110095
DEBUG [IRDeviceParams.cpp:206] @ 0.0013272s :videoformatindex: 0
DEBUG [IRDeviceParams.cpp:207] @ 0.0013352s :fov: 0
DEBUG [IRDeviceParams.cpp:208] @ 0.0013434s :optics_text: 0000000000000000
DEBUG [IRDeviceParams.cpp:209] @ 0.0013521s :formatspath: 000001ED833636C0
DEBUG [IRDeviceParams.cpp:210] @ 0.0013605s :calipath: 000001ED8D6448C0
DEBUG [IRDeviceParams.cpp:211] @ 0.0013681s :temperature min: 0
DEBUG [IRDeviceParams.cpp:212] @ 0.0013754s :temperature max: 0
DEBUG [IRDeviceParams.cpp:213] @ 0.0013838s :framerate: 32
DEBUG [IRDeviceParams.cpp:214] @ 0.0013911s :bispectral: 0
DEBUG [IRDeviceParams.cpp:215] @ 0.0013985s :flag automatic: 1
DEBUG [IRDeviceParams.cpp:216] @ 0.001406s :min interval: 15
DEBUG [IRDeviceParams.cpp:217] @ 0.001414s :max interval: 0
DEBUG [IRDeviceParams.cpp:218] @ 0.0014219s :chip heating mode: 0
DEBUG [IRDeviceParams.cpp:219] @ 0.00143s :chip heating fixed val: 40
DEBUG [IRDeviceParams.cpp:220] @ 0.0014392s :focus:  -1
DEBUG [IRDeviceParams.cpp:221] @ 0.0014476s :enable extended temp range: 0
DEBUG [IRDeviceParams.cpp:222] @ 0.0014549s :buffer queue size: 5
DEBUG [IRDeviceParams.cpp:223] @ 0.001462s :enable high precision: 0
DEBUG [IRDeviceParams.cpp:224] @ 0.0014694s :radialDistortionCorrectionMode: 0
DEBUG [IRDeviceParams.cpp:225] @ 0.0014764s :deviceAPI: 0
DEBUG [IRDeviceParams.cpp:226] @ 0.0014843s :useExternalProbeForReferencing: 0
DEBUG [IRDeviceParams.cpp:227] @ 0.0014913s :enableMultiThreading: 0
DEBUG [IRDeviceParams.cpp:232] @ 0.0015001s :ethernetDevice.deviceIpAddress: 0.0.0.0
DEBUG [IRDeviceParams.cpp:233] @ 0.0015072s :ethernetDevice.localUdpPort: 0
DEBUG [IRDeviceParams.cpp:234] @ 0.0015147s :ethernetDevice.checkUdpSenderIp: 1
DEBUG [Cali.cpp:87] @ 0.31348s :Calibration directory path: .\Cali-14110095.xml
DEBUG [Cali.cpp:88] @ 0.313512s :Calibration file name: Cali-14110095.xml
DEBUG [Cali.cpp:98] @ 0.313844s :Calibration data A: 1450 B:400 C:4095 D:1000
INFO [IRImager.cpp:266] @ 0.315026s :Init thermal imager to 14110095 with size: 160x121@120 Hz
DEBUG [Cali.cpp:87] @ 0.315359s :Calibration directory path: .\Cali-14110095.xml
DEBUG [Cali.cpp:88] @ 0.315373s :Calibration file name: Cali-14110095.xml
DEBUG [Cali.cpp:98] @ 0.315673s :Calibration data A: 1450 B:400 C:4095 D:1000
DEBUG [Cali.cpp:87] @ 0.316482s :Calibration directory path: .\Cali-14110095.xml
DEBUG [Cali.cpp:88] @ 0.316499s :Calibration file name: Cali-14110095.xml
DEBUG [Cali.cpp:98] @ 0.316784s :Calibration data A: 1450 B:400 C:4095 D:1000
DEBUG [IRImager.cpp:300] @ 0.316839s :No temperature range configuration specified. Setting default values tMin: -20 , tMax: 100
DEBUG [IRImager.cpp:377] @ 0.317179s :Using HID control interface
DEBUG [IRImager.cpp:417] @ 0.333394s :Initialized HID control interface to device with HW:21 FW:2025
DEBUG [IRImager.cpp:438] @ 0.333438s :Frameconfig - width(in): 160, height(in): 121, interval: 83333, max framerate: 120, HW interval: 0.00833333
DEBUG [Cali.cpp:87] @ 0.333456s :Calibration directory path: .\Cali-14110095.xml
DEBUG [Cali.cpp:88] @ 0.333464s :Calibration file name: Cali-14110095.xml
DEBUG [Cali.cpp:98] @ 0.333824s :Calibration data A: 1450 B:400 C:4095 D:1000
DEBUG [ImageProcessing.cpp:200] @ 0.358061s :Source buffer size: 38720 Width: 160 Height: 121
DEBUG [ImageProcessing.cpp:121] @ 0.415955s :Source buffer size: 38720 Width: 160 Height: 121
DEBUG [OpSource.cpp:376] @ 0.416217s :Using formats path: C:\Program Files (x86)\Optris GmbH\IrDirectSDK\examples\matlab\Formats.def
DEBUG [OpSource.cpp:628] @ 0.416348s :Format found with size: 160
DEBUG [OpSource.cpp:791] @ 0.416376s :Selected Format:"PI160 160x120 @ 120Hz"
DEBUG [IRImager.cpp:844] @ 0.416455s :Caught onFrameInit with size: 160x120
DEBUG [OpSource.cpp:376] @ 0.41666s :Using formats path: C:\Program Files (x86)\Optris GmbH\IrDirectSDK\examples\matlab\Formats.def
DEBUG [OpSource.cpp:628] @ 0.41674s :Format found with size: 160
DEBUG [OpSource.cpp:376] @ 0.416827s :Using formats path: C:\Program Files (x86)\Optris GmbH\IrDirectSDK\examples\matlab\Formats.def
DEBUG [OpCorr.cpp:467] @ 0.432878s :Read cali: .\Cali-14110095.xml\Cali-14110095-48-M20-100.dat
DEBUG [OpCorr.cpp:557] @ 0.433124s :Read calibration of camera no 14110095, # of fields: 6 , start of fields: 40
DEBUG [ImageProcessing.cpp:1108] @ 0.722187s :Update flag temperature: 29.0234
DEBUG [ImageProcessing.cpp:1111] @ 0.730436s :Update box temperature: 27.1875
DEBUG [Cali.cpp:639] @ 0.730487s :Calibration file path: 000001ED8DBD35C4/000000411D9ECC88.xml
DEBUG [SimpleXML.cpp:238] @ 0.730854s :Failed to open file .\Cali-14110095.xml\CaliExt-14110095.xml
DEBUG [IRImager.cpp:550] @ 0.748826s :Chip heating disabled
DEBUG [IRImager.cpp:1110] @ 0.808623s :Start flag calibration
DEBUG [OpFlag.cpp:591] @ 11.4817s :SkimDiff: -11 Adjust: -1060 State: 1 EMax: 8230 Emin: 2344
DEBUG [ImageProcessing.cpp:526] @ 11.4991s :Skim_Adjust 4015
DEBUG [IRImager.cpp:1124] @ 11.6139s :Finished startup calibration
DEBUG [IRImager.cpp:1175] @ 26.3287s :Automatic control of shutter flag
DEBUG [OpFlag.cpp:591] @ 26.489s :SkimDiff: -5 Adjust: -470 State: 1 EMax: 8833 Emin: 2934
DEBUG [ImageProcessing.cpp:526] @ 26.5007s :Skim_Adjust 4014
DEBUG [IRImager.cpp:1175] @ 68.186s :Automatic control of shutter flag
DEBUG [OpFlag.cpp:591] @ 68.3614s :SkimDiff: -5 Adjust: -421 State: 1 EMax: 8884 Emin: 2983
DEBUG [ImageProcessing.cpp:526] @ 68.374s :Skim_Adjust 4013
DEBUG [IRImager.cpp:1175] @ 141.32s :Automatic control of shutter flag
DEBUG [OpFlag.cpp:591] @ 141.48s :SkimDiff: -4 Adjust: -375 State: 1 EMax: 8945 Emin: 3029
DEBUG [ImageProcessing.cpp:526] @ 141.495s :Skim_Adjust 4012
DEBUG [IRImager.cpp:665] @ 163.596s :Release imager
DEBUG [BaseControlDevice.cpp:26] @ 163.652s :Base destructor called
DEBUG [IRImager.cpp:672] @ 163.652s :Delete image processing
DEBUG [IRImager.cpp:679] @ 163.665s :Delete buffer
DEBUG [IRImager.cpp:687] @ 163.665s :Delete source buffer
DEBUG [IRImager.cpp:694] @ 163.665s :Delete buffer (energy)
DEBUG [IRImager.cpp:701] @ 163.665s :Delete timer
DEBUG [IRImager.cpp:707] @ 163.665s :Delete manual timer
