DEBUG [IRLogger.cpp:105] @ 0.0003322s :***************************************************
DEBUG [IRLogger.cpp:106] @ 0.0004208s :* IRImagerDirect SDK                              *
DEBUG [IRLogger.cpp:107] @ 0.0004414s :***************************************************
DEBUG [IRLogger.cpp:113] @ 0.0004561s :* Native Machine:      AMD64
DEBUG [IRLogger.cpp:114] @ 0.0004679s :* Machine:             AMD64
DEBUG [IRLogger.cpp:116] @ 0.0004871s :* OS:                  Windows 10 0 26100
DEBUG [IRLogger.cpp:123] @ 0.0004977s :***************************************************
DEBUG [IRDeviceParams.cpp:204] @ 0.001589s :Parameters
DEBUG [IRDeviceParams.cpp:205] @ 0.0016076s :serial: 14110095
DEBUG [IRDeviceParams.cpp:206] @ 0.0016161s :videoformatindex: 0
DEBUG [IRDeviceParams.cpp:207] @ 0.0016238s :fov: 0
DEBUG [IRDeviceParams.cpp:208] @ 0.0016313s :optics_text: 0000000000000000
DEBUG [IRDeviceParams.cpp:209] @ 0.0016384s :formatspath: 0000028A5DF3C390
DEBUG [IRDeviceParams.cpp:210] @ 0.0016462s :calipath: 0000028A5E2F4260
DEBUG [IRDeviceParams.cpp:211] @ 0.001653s :temperature min: 0
DEBUG [IRDeviceParams.cpp:212] @ 0.0016599s :temperature max: 0
DEBUG [IRDeviceParams.cpp:213] @ 0.0016675s :framerate: 32
DEBUG [IRDeviceParams.cpp:214] @ 0.0016746s :bispectral: 0
DEBUG [IRDeviceParams.cpp:215] @ 0.0016811s :flag automatic: 1
DEBUG [IRDeviceParams.cpp:216] @ 0.0016881s :min interval: 15
DEBUG [IRDeviceParams.cpp:217] @ 0.0016952s :max interval: 0
DEBUG [IRDeviceParams.cpp:218] @ 0.0017023s :chip heating mode: 0
DEBUG [IRDeviceParams.cpp:219] @ 0.0017094s :chip heating fixed val: 40
DEBUG [IRDeviceParams.cpp:220] @ 0.0017165s :focus:  -1
DEBUG [IRDeviceParams.cpp:221] @ 0.0017247s :enable extended temp range: 0
DEBUG [IRDeviceParams.cpp:222] @ 0.0017325s :buffer queue size: 5
DEBUG [IRDeviceParams.cpp:223] @ 0.0017406s :enable high precision: 0
DEBUG [IRDeviceParams.cpp:224] @ 0.0017492s :radialDistortionCorrectionMode: 0
DEBUG [IRDeviceParams.cpp:225] @ 0.0017567s :deviceAPI: 0
DEBUG [IRDeviceParams.cpp:226] @ 0.0017646s :useExternalProbeForReferencing: 0
DEBUG [IRDeviceParams.cpp:227] @ 0.0017902s :enableMultiThreading: 0
DEBUG [IRDeviceParams.cpp:232] @ 0.001806s :ethernetDevice.deviceIpAddress: 0.0.0.0
DEBUG [IRDeviceParams.cpp:233] @ 0.0018161s :ethernetDevice.localUdpPort: 0
DEBUG [IRDeviceParams.cpp:234] @ 0.0018582s :ethernetDevice.checkUdpSenderIp: 1
DEBUG [Cali.cpp:87] @ 0.332554s :Calibration directory path: .\Cali-14110095.xml
DEBUG [Cali.cpp:88] @ 0.332593s :Calibration file name: Cali-14110095.xml
DEBUG [Cali.cpp:98] @ 0.333137s :Calibration data A: 1450 B:400 C:4095 D:1000
INFO [IRImager.cpp:266] @ 0.335039s :Init thermal imager to 14110095 with size: 160x121@120 Hz
DEBUG [Cali.cpp:87] @ 0.335477s :Calibration directory path: .\Cali-14110095.xml
DEBUG [Cali.cpp:88] @ 0.335495s :Calibration file name: Cali-14110095.xml
DEBUG [Cali.cpp:98] @ 0.33583s :Calibration data A: 1450 B:400 C:4095 D:1000
DEBUG [Cali.cpp:87] @ 0.336813s :Calibration directory path: .\Cali-14110095.xml
DEBUG [Cali.cpp:88] @ 0.336833s :Calibration file name: Cali-14110095.xml
DEBUG [Cali.cpp:98] @ 0.33712s :Calibration data A: 1450 B:400 C:4095 D:1000
DEBUG [IRImager.cpp:300] @ 0.337181s :No temperature range configuration specified. Setting default values tMin: -20 , tMax: 100
DEBUG [IRImager.cpp:377] @ 0.337602s :Using HID control interface
DEBUG [IRImager.cpp:417] @ 0.354073s :Initialized HID control interface to device with HW:21 FW:2025
DEBUG [IRImager.cpp:438] @ 0.354138s :Frameconfig - width(in): 160, height(in): 121, interval: 83333, max framerate: 120, HW interval: 0.00833333
DEBUG [Cali.cpp:87] @ 0.354168s :Calibration directory path: .\Cali-14110095.xml
DEBUG [Cali.cpp:88] @ 0.354185s :Calibration file name: Cali-14110095.xml
DEBUG [Cali.cpp:98] @ 0.354829s :Calibration data A: 1450 B:400 C:4095 D:1000
DEBUG [ImageProcessing.cpp:200] @ 0.370748s :Source buffer size: 38720 Width: 160 Height: 121
DEBUG [ImageProcessing.cpp:121] @ 0.437298s :Source buffer size: 38720 Width: 160 Height: 121
DEBUG [OpSource.cpp:376] @ 0.43879s :Using formats path: C:\Program Files (x86)\Optris GmbH\IrDirectSDK\examples\matlab\Formats.def
DEBUG [OpSource.cpp:628] @ 0.439528s :Format found with size: 160
DEBUG [OpSource.cpp:791] @ 0.439706s :Selected Format:"PI160 160x120 @ 120Hz"
DEBUG [IRImager.cpp:844] @ 0.439936s :Caught onFrameInit with size: 160x120
DEBUG [OpSource.cpp:376] @ 0.4416s :Using formats path: C:\Program Files (x86)\Optris GmbH\IrDirectSDK\examples\matlab\Formats.def
DEBUG [OpSource.cpp:628] @ 0.442311s :Format found with size: 160
DEBUG [OpSource.cpp:376] @ 0.443397s :Using formats path: C:\Program Files (x86)\Optris GmbH\IrDirectSDK\examples\matlab\Formats.def
DEBUG [OpCorr.cpp:467] @ 0.456424s :Read cali: .\Cali-14110095.xml\Cali-14110095-48-M20-100.dat
DEBUG [OpCorr.cpp:557] @ 0.457318s :Read calibration of camera no 14110095, # of fields: 6 , start of fields: 40
DEBUG [ImageProcessing.cpp:1108] @ 0.767826s :Update flag temperature: 32.3516
DEBUG [ImageProcessing.cpp:1111] @ 0.776267s :Update box temperature: 30.4922
DEBUG [Cali.cpp:639] @ 0.776415s :Calibration file path: 0000028A5EBCDFB4/000000EE96FECB38.xml
DEBUG [SimpleXML.cpp:238] @ 0.777282s :Failed to open file .\Cali-14110095.xml\CaliExt-14110095.xml
DEBUG [IRImager.cpp:550] @ 0.792898s :Chip heating disabled
DEBUG [IRImager.cpp:1110] @ 0.905392s :Start flag calibration
DEBUG [OpFlag.cpp:591] @ 11.5782s :SkimDiff: -9 Adjust: -866 State: 1 EMax: 8712 Emin: 2538
DEBUG [ImageProcessing.cpp:526] @ 11.5907s :Skim_Adjust 4025
DEBUG [IRImager.cpp:1124] @ 11.7076s :Finished startup calibration
DEBUG [IRImager.cpp:1175] @ 26.4261s :Automatic control of shutter flag
DEBUG [OpFlag.cpp:591] @ 26.5871s :SkimDiff: -9 Adjust: -811 State: 1 EMax: 8768 Emin: 2593
DEBUG [ImageProcessing.cpp:526] @ 26.5998s :Skim_Adjust 4024
DEBUG [IRImager.cpp:665] @ 88.6932s :Release imager
DEBUG [BaseControlDevice.cpp:26] @ 88.7376s :Base destructor called
DEBUG [IRImager.cpp:672] @ 88.7376s :Delete image processing
DEBUG [IRImager.cpp:679] @ 88.753s :Delete buffer
DEBUG [IRImager.cpp:687] @ 88.7543s :Delete source buffer
DEBUG [IRImager.cpp:694] @ 88.7544s :Delete buffer (energy)
DEBUG [IRImager.cpp:701] @ 88.7549s :Delete timer
DEBUG [IRImager.cpp:707] @ 88.7559s :Delete manual timer
