DEBUG [IRLogger.cpp:105] @ 0.000334s :***************************************************
DEBUG [IRLogger.cpp:106] @ 0.0004069s :* IRImagerDirect SDK                              *
DEBUG [IRLogger.cpp:107] @ 0.0004563s :***************************************************
DEBUG [IRLogger.cpp:113] @ 0.0004724s :* Native Machine:      AMD64
DEBUG [IRLogger.cpp:114] @ 0.0004856s :* Machine:             AMD64
DEBUG [IRLogger.cpp:116] @ 0.000506s :* OS:                  Windows 10 0 26100
DEBUG [IRLogger.cpp:123] @ 0.000517s :***************************************************
DEBUG [IRDeviceParams.cpp:204] @ 0.0021854s :Parameters
DEBUG [IRDeviceParams.cpp:205] @ 0.0022072s :serial: 14110095
DEBUG [IRDeviceParams.cpp:206] @ 0.0022154s :videoformatindex: 0
DEBUG [IRDeviceParams.cpp:207] @ 0.0022226s :fov: 0
DEBUG [IRDeviceParams.cpp:208] @ 0.0022301s :optics_text: 0000000000000000
DEBUG [IRDeviceParams.cpp:209] @ 0.0022381s :formatspath: 000001EF5B4C8EF0
DEBUG [IRDeviceParams.cpp:210] @ 0.0022458s :calipath: 000001EF5B7E7090
DEBUG [IRDeviceParams.cpp:211] @ 0.0022526s :temperature min: 0
DEBUG [IRDeviceParams.cpp:212] @ 0.0022592s :temperature max: 0
DEBUG [IRDeviceParams.cpp:213] @ 0.0022668s :framerate: 32
DEBUG [IRDeviceParams.cpp:214] @ 0.0022734s :bispectral: 0
DEBUG [IRDeviceParams.cpp:215] @ 0.00228s :flag automatic: 1
DEBUG [IRDeviceParams.cpp:216] @ 0.0022871s :min interval: 15
DEBUG [IRDeviceParams.cpp:217] @ 0.0022947s :max interval: 0
DEBUG [IRDeviceParams.cpp:218] @ 0.0023017s :chip heating mode: 0
DEBUG [IRDeviceParams.cpp:219] @ 0.0023089s :chip heating fixed val: 40
DEBUG [IRDeviceParams.cpp:220] @ 0.0023163s :focus:  -1
DEBUG [IRDeviceParams.cpp:221] @ 0.0023242s :enable extended temp range: 0
DEBUG [IRDeviceParams.cpp:222] @ 0.0023313s :buffer queue size: 5
DEBUG [IRDeviceParams.cpp:223] @ 0.0023381s :enable high precision: 0
DEBUG [IRDeviceParams.cpp:224] @ 0.0023449s :radialDistortionCorrectionMode: 0
DEBUG [IRDeviceParams.cpp:225] @ 0.0023521s :deviceAPI: 0
DEBUG [IRDeviceParams.cpp:226] @ 0.0023588s :useExternalProbeForReferencing: 0
DEBUG [IRDeviceParams.cpp:227] @ 0.0023655s :enableMultiThreading: 0
DEBUG [IRDeviceParams.cpp:232] @ 0.002374s :ethernetDevice.deviceIpAddress: 0.0.0.0
DEBUG [IRDeviceParams.cpp:233] @ 0.0023808s :ethernetDevice.localUdpPort: 0
DEBUG [IRDeviceParams.cpp:234] @ 0.0023878s :ethernetDevice.checkUdpSenderIp: 1
DEBUG [Cali.cpp:87] @ 0.330299s :Calibration directory path: .\Cali-14110095.xml
DEBUG [Cali.cpp:88] @ 0.330331s :Calibration file name: Cali-14110095.xml
DEBUG [Cali.cpp:98] @ 0.330676s :Calibration data A: 1450 B:400 C:4095 D:1000
INFO [IRImager.cpp:266] @ 0.332033s :Init thermal imager to 14110095 with size: 160x121@120 Hz
DEBUG [Cali.cpp:87] @ 0.332367s :Calibration directory path: .\Cali-14110095.xml
DEBUG [Cali.cpp:88] @ 0.332381s :Calibration file name: Cali-14110095.xml
DEBUG [Cali.cpp:98] @ 0.332651s :Calibration data A: 1450 B:400 C:4095 D:1000
DEBUG [Cali.cpp:87] @ 0.333721s :Calibration directory path: .\Cali-14110095.xml
DEBUG [Cali.cpp:88] @ 0.333746s :Calibration file name: Cali-14110095.xml
DEBUG [Cali.cpp:98] @ 0.334025s :Calibration data A: 1450 B:400 C:4095 D:1000
DEBUG [IRImager.cpp:300] @ 0.334085s :No temperature range configuration specified. Setting default values tMin: -20 , tMax: 100
DEBUG [IRImager.cpp:377] @ 0.334473s :Using HID control interface
DEBUG [IRImager.cpp:417] @ 0.351259s :Initialized HID control interface to device with HW:21 FW:2025
DEBUG [IRImager.cpp:438] @ 0.351311s :Frameconfig - width(in): 160, height(in): 121, interval: 83333, max framerate: 120, HW interval: 0.00833333
DEBUG [Cali.cpp:87] @ 0.351341s :Calibration directory path: .\Cali-14110095.xml
DEBUG [Cali.cpp:88] @ 0.351358s :Calibration file name: Cali-14110095.xml
DEBUG [Cali.cpp:98] @ 0.351925s :Calibration data A: 1450 B:400 C:4095 D:1000
DEBUG [ImageProcessing.cpp:200] @ 0.375954s :Source buffer size: 38720 Width: 160 Height: 121
DEBUG [ImageProcessing.cpp:121] @ 0.442173s :Source buffer size: 38720 Width: 160 Height: 121
DEBUG [OpSource.cpp:376] @ 0.443581s :Using formats path: C:\Program Files (x86)\Optris GmbH\IrDirectSDK\examples\matlab\Formats.def
DEBUG [OpSource.cpp:628] @ 0.445069s :Format found with size: 160
DEBUG [OpSource.cpp:791] @ 0.445318s :Selected Format:"PI160 160x120 @ 120Hz"
DEBUG [IRImager.cpp:844] @ 0.44605s :Caught onFrameInit with size: 160x120
DEBUG [OpSource.cpp:376] @ 0.447512s :Using formats path: C:\Program Files (x86)\Optris GmbH\IrDirectSDK\examples\matlab\Formats.def
DEBUG [OpSource.cpp:628] @ 0.448696s :Format found with size: 160
DEBUG [OpSource.cpp:376] @ 0.449431s :Using formats path: C:\Program Files (x86)\Optris GmbH\IrDirectSDK\examples\matlab\Formats.def
DEBUG [OpCorr.cpp:467] @ 0.46038s :Read cali: .\Cali-14110095.xml\Cali-14110095-48-M20-100.dat
DEBUG [OpCorr.cpp:557] @ 0.46112s :Read calibration of camera no 14110095, # of fields: 6 , start of fields: 40
DEBUG [ImageProcessing.cpp:1108] @ 0.764805s :Update flag temperature: 29.2188
DEBUG [ImageProcessing.cpp:1111] @ 0.773025s :Update box temperature: 27.2109
DEBUG [Cali.cpp:639] @ 0.773108s :Calibration file path: 000001EF5AEA5874/00000026DE1ECAB8.xml
DEBUG [SimpleXML.cpp:238] @ 0.773755s :Failed to open file .\Cali-14110095.xml\CaliExt-14110095.xml
DEBUG [IRImager.cpp:550] @ 0.791638s :Chip heating disabled
DEBUG [IRImager.cpp:1110] @ 0.890289s :Start flag calibration
DEBUG [OpFlag.cpp:591] @ 11.563s :SkimDiff: -11 Adjust: -1082 State: 1 EMax: 8241 Emin: 2322
DEBUG [ImageProcessing.cpp:526] @ 11.5756s :Skim_Adjust 4015
DEBUG [IRImager.cpp:1124] @ 11.6918s :Finished startup calibration
DEBUG [IRImager.cpp:1175] @ 26.4096s :Automatic control of shutter flag
DEBUG [OpFlag.cpp:591] @ 26.5697s :SkimDiff: -5 Adjust: -475 State: 1 EMax: 8844 Emin: 2929
DEBUG [ImageProcessing.cpp:526] @ 26.5813s :Skim_Adjust 4014
DEBUG [IRImager.cpp:1175] @ 138.348s :Automatic control of shutter flag
DEBUG [OpFlag.cpp:591] @ 138.507s :SkimDiff: -5 Adjust: -419 State: 1 EMax: 8916 Emin: 2985
DEBUG [ImageProcessing.cpp:526] @ 138.53s :Skim_Adjust 4013
DEBUG [IRImager.cpp:1175] @ 217.29s :Automatic control of shutter flag
DEBUG [OpFlag.cpp:591] @ 217.45s :SkimDiff: -4 Adjust: -359 State: 1 EMax: 8974 Emin: 3045
DEBUG [ImageProcessing.cpp:526] @ 217.464s :Skim_Adjust 4012
DEBUG [IRImager.cpp:1175] @ 325.242s :Automatic control of shutter flag
DEBUG [OpFlag.cpp:591] @ 325.403s :SkimDiff: -4 Adjust: -306 State: 1 EMax: 9039 Emin: 3098
DEBUG [ImageProcessing.cpp:526] @ 325.431s :Skim_Adjust 4011
DEBUG [IRImager.cpp:1175] @ 399.801s :Automatic control of shutter flag
DEBUG [OpFlag.cpp:591] @ 399.961s :SkimDiff: -3 Adjust: -245 State: 1 EMax: 9099 Emin: 3159
DEBUG [ImageProcessing.cpp:526] @ 399.985s :Skim_Adjust 4010
DEBUG [IRImager.cpp:1175] @ 509.69s :Automatic control of shutter flag
DEBUG [OpFlag.cpp:591] @ 509.851s :SkimDiff: -2 Adjust: -189 State: 1 EMax: 9159 Emin: 3215
DEBUG [ImageProcessing.cpp:526] @ 509.87s :Skim_Adjust 4009
DEBUG [IRImager.cpp:1175] @ 630.123s :Automatic control of shutter flag
DEBUG [OpFlag.cpp:591] @ 630.299s :SkimDiff: -2 Adjust: -133 State: 1 EMax: 9221 Emin: 3271
DEBUG [ImageProcessing.cpp:526] @ 630.314s :Skim_Adjust 4008
DEBUG [IRImager.cpp:665] @ 662.941s :Release imager
DEBUG [BaseControlDevice.cpp:26] @ 662.997s :Base destructor called
DEBUG [IRImager.cpp:672] @ 662.997s :Delete image processing
DEBUG [IRImager.cpp:679] @ 663.004s :Delete buffer
DEBUG [IRImager.cpp:687] @ 663.004s :Delete source buffer
DEBUG [IRImager.cpp:694] @ 663.004s :Delete buffer (energy)
DEBUG [IRImager.cpp:701] @ 663.004s :Delete timer
DEBUG [IRImager.cpp:707] @ 663.004s :Delete manual timer
