DEBUG [IRLogger.cpp:105] @ 0.000604s :***************************************************
DEBUG [IRLogger.cpp:106] @ 0.0007219s :* IRImagerDirect SDK                              *
DEBUG [IRLogger.cpp:107] @ 0.000761s :***************************************************
DEBUG [IRLogger.cpp:113] @ 0.0007901s :* Native Machine:      AMD64
DEBUG [IRLogger.cpp:114] @ 0.0008154s :* Machine:             AMD64
DEBUG [IRLogger.cpp:116] @ 0.000854s :* OS:                  Windows 10 0 26100
DEBUG [IRLogger.cpp:123] @ 0.0008755s :***************************************************
DEBUG [IRDeviceParams.cpp:204] @ 0.00185s :Parameters
DEBUG [IRDeviceParams.cpp:205] @ 0.0018901s :serial: 14110095
DEBUG [IRDeviceParams.cpp:206] @ 0.0019084s :videoformatindex: 0
DEBUG [IRDeviceParams.cpp:207] @ 0.0019244s :fov: 0
DEBUG [IRDeviceParams.cpp:208] @ 0.0019406s :optics_text: 0000000000000000
DEBUG [IRDeviceParams.cpp:209] @ 0.0019565s :formatspath: 0000024E1031AEF0
DEBUG [IRDeviceParams.cpp:210] @ 0.001974s :calipath: 0000024E10320EA0
DEBUG [IRDeviceParams.cpp:211] @ 0.0019896s :temperature min: 0
DEBUG [IRDeviceParams.cpp:212] @ 0.0020047s :temperature max: 0
DEBUG [IRDeviceParams.cpp:213] @ 0.0020228s :framerate: 32
DEBUG [IRDeviceParams.cpp:214] @ 0.0020377s :bispectral: 0
DEBUG [IRDeviceParams.cpp:215] @ 0.0020529s :flag automatic: 1
DEBUG [IRDeviceParams.cpp:216] @ 0.0020685s :min interval: 15
DEBUG [IRDeviceParams.cpp:217] @ 0.0020845s :max interval: 0
DEBUG [IRDeviceParams.cpp:218] @ 0.0021002s :chip heating mode: 0
DEBUG [IRDeviceParams.cpp:219] @ 0.0021162s :chip heating fixed val: 40
DEBUG [IRDeviceParams.cpp:220] @ 0.0021327s :focus:  -1
DEBUG [IRDeviceParams.cpp:221] @ 0.0021509s :enable extended temp range: 0
DEBUG [IRDeviceParams.cpp:222] @ 0.002167s :buffer queue size: 5
DEBUG [IRDeviceParams.cpp:223] @ 0.0021824s :enable high precision: 0
DEBUG [IRDeviceParams.cpp:224] @ 0.0021984s :radialDistortionCorrectionMode: 0
DEBUG [IRDeviceParams.cpp:225] @ 0.002214s :deviceAPI: 0
DEBUG [IRDeviceParams.cpp:226] @ 0.0022299s :useExternalProbeForReferencing: 0
DEBUG [IRDeviceParams.cpp:227] @ 0.0022451s :enableMultiThreading: 0
DEBUG [IRDeviceParams.cpp:232] @ 0.0022641s :ethernetDevice.deviceIpAddress: 0.0.0.0
DEBUG [IRDeviceParams.cpp:233] @ 0.0022807s :ethernetDevice.localUdpPort: 0
DEBUG [IRDeviceParams.cpp:234] @ 0.0022971s :ethernetDevice.checkUdpSenderIp: 1
DEBUG [Cali.cpp:87] @ 0.51944s :Calibration directory path: .\Cali-14110095.xml
DEBUG [Cali.cpp:88] @ 0.51955s :Calibration file name: Cali-14110095.xml
DEBUG [Cali.cpp:98] @ 0.521237s :Calibration data A: 1450 B:400 C:4095 D:1000
INFO [IRImager.cpp:266] @ 0.527249s :Init thermal imager to 14110095 with size: 160x121@120 Hz
DEBUG [Cali.cpp:87] @ 0.529186s :Calibration directory path: .\Cali-14110095.xml
DEBUG [Cali.cpp:88] @ 0.529272s :Calibration file name: Cali-14110095.xml
DEBUG [Cali.cpp:98] @ 0.53104s :Calibration data A: 1450 B:400 C:4095 D:1000
DEBUG [Cali.cpp:87] @ 0.535841s :Calibration directory path: .\Cali-14110095.xml
DEBUG [Cali.cpp:88] @ 0.535939s :Calibration file name: Cali-14110095.xml
DEBUG [Cali.cpp:98] @ 0.537203s :Calibration data A: 1450 B:400 C:4095 D:1000
DEBUG [IRImager.cpp:300] @ 0.537707s :No temperature range configuration specified. Setting default values tMin: -20 , tMax: 100
DEBUG [IRImager.cpp:377] @ 0.540619s :Using HID control interface
DEBUG [IRImager.cpp:417] @ 0.588027s :Initialized HID control interface to device with HW:21 FW:2025
DEBUG [IRImager.cpp:438] @ 0.588365s :Frameconfig - width(in): 160, height(in): 121, interval: 83333, max framerate: 120, HW interval: 0.00833333
DEBUG [Cali.cpp:87] @ 0.588525s :Calibration directory path: .\Cali-14110095.xml
DEBUG [Cali.cpp:88] @ 0.588612s :Calibration file name: Cali-14110095.xml
DEBUG [Cali.cpp:98] @ 0.591909s :Calibration data A: 1450 B:400 C:4095 D:1000
DEBUG [ImageProcessing.cpp:200] @ 0.603585s :Source buffer size: 38720 Width: 160 Height: 121
DEBUG [ImageProcessing.cpp:121] @ 0.669849s :Source buffer size: 38720 Width: 160 Height: 121
DEBUG [OpSource.cpp:376] @ 0.672014s :Using formats path: C:\Program Files (x86)\Optris GmbH\IrDirectSDK\examples\matlab\Formats.def
DEBUG [OpSource.cpp:628] @ 0.672986s :Format found with size: 160
DEBUG [OpSource.cpp:791] @ 0.673222s :Selected Format:"PI160 160x120 @ 120Hz"
DEBUG [IRImager.cpp:844] @ 0.673619s :Caught onFrameInit with size: 160x120
DEBUG [OpSource.cpp:376] @ 0.675044s :Using formats path: C:\Program Files (x86)\Optris GmbH\IrDirectSDK\examples\matlab\Formats.def
DEBUG [OpSource.cpp:628] @ 0.675815s :Format found with size: 160
DEBUG [OpSource.cpp:376] @ 0.676727s :Using formats path: C:\Program Files (x86)\Optris GmbH\IrDirectSDK\examples\matlab\Formats.def
DEBUG [OpCorr.cpp:467] @ 0.689269s :Read cali: .\Cali-14110095.xml\Cali-14110095-48-M20-100.dat
DEBUG [OpCorr.cpp:557] @ 0.690351s :Read calibration of camera no 14110095, # of fields: 6 , start of fields: 40
DEBUG [ImageProcessing.cpp:1108] @ 1.00876s :Update flag temperature: 25.8047
DEBUG [ImageProcessing.cpp:1111] @ 1.01714s :Update box temperature: 24.2422
DEBUG [Cali.cpp:639] @ 1.01723s :Calibration file path: 0000024E10BCD7D4/0000008B617ECB38.xml
DEBUG [SimpleXML.cpp:238] @ 1.01776s :Failed to open file .\Cali-14110095.xml\CaliExt-14110095.xml
DEBUG [IRImager.cpp:550] @ 1.04141s :Chip heating disabled
DEBUG [IRImager.cpp:1110] @ 1.18003s :Start flag calibration
DEBUG [OpFlag.cpp:591] @ 11.854s :SkimDiff: -13 Adjust: -1274 State: 1 EMax: 7811 Emin: 2130
DEBUG [ImageProcessing.cpp:526] @ 11.867s :Skim_Adjust 4013
DEBUG [IRImager.cpp:1124] @ 11.9823s :Finished startup calibration
DEBUG [IRImager.cpp:1175] @ 26.7011s :Automatic control of shutter flag
DEBUG [OpFlag.cpp:591] @ 26.8619s :SkimDiff: -6 Adjust: -563 State: 1 EMax: 8496 Emin: 2841
DEBUG [ImageProcessing.cpp:526] @ 26.8751s :Skim_Adjust 4012
DEBUG [IRImager.cpp:1175] @ 49.3567s :Automatic control of shutter flag
DEBUG [OpFlag.cpp:591] @ 49.5334s :SkimDiff: -5 Adjust: -492 State: 1 EMax: 8564 Emin: 2912
DEBUG [ImageProcessing.cpp:526] @ 49.5469s :Skim_Adjust 4011
DEBUG [IRImager.cpp:1175] @ 77.7734s :Automatic control of shutter flag
DEBUG [OpFlag.cpp:591] @ 77.9497s :SkimDiff: -5 Adjust: -433 State: 1 EMax: 8623 Emin: 2971
DEBUG [ImageProcessing.cpp:526] @ 77.9621s :Skim_Adjust 4010
DEBUG [IRImager.cpp:1175] @ 105.741s :Automatic control of shutter flag
DEBUG [OpFlag.cpp:591] @ 105.917s :SkimDiff: -4 Adjust: -380 State: 1 EMax: 8682 Emin: 3024
DEBUG [ImageProcessing.cpp:526] @ 105.931s :Skim_Adjust 4009
DEBUG [IRImager.cpp:1175] @ 124.748s :Automatic control of shutter flag
DEBUG [OpFlag.cpp:591] @ 124.91s :SkimDiff: -4 Adjust: -322 State: 1 EMax: 8739 Emin: 3082
DEBUG [ImageProcessing.cpp:526] @ 124.924s :Skim_Adjust 4008
DEBUG [IRImager.cpp:1175] @ 143.773s :Automatic control of shutter flag
DEBUG [OpFlag.cpp:591] @ 143.95s :SkimDiff: -3 Adjust: -274 State: 1 EMax: 8802 Emin: 3130
DEBUG [ImageProcessing.cpp:526] @ 143.963s :Skim_Adjust 4007
DEBUG [IRImager.cpp:1175] @ 161.517s :Automatic control of shutter flag
DEBUG [OpFlag.cpp:591] @ 161.693s :SkimDiff: -3 Adjust: -221 State: 1 EMax: 8854 Emin: 3183
DEBUG [ImageProcessing.cpp:526] @ 161.706s :Skim_Adjust 4006
DEBUG [IRImager.cpp:1175] @ 179.739s :Automatic control of shutter flag
DEBUG [OpFlag.cpp:591] @ 179.9s :SkimDiff: -2 Adjust: -168 State: 1 EMax: 8908 Emin: 3236
DEBUG [ImageProcessing.cpp:526] @ 179.911s :Skim_Adjust 4005
DEBUG [IRImager.cpp:1175] @ 199.836s :Automatic control of shutter flag
DEBUG [OpFlag.cpp:591] @ 199.998s :SkimDiff: -2 Adjust: -119 State: 1 EMax: 8971 Emin: 3285
DEBUG [ImageProcessing.cpp:526] @ 200.011s :Skim_Adjust 4004
DEBUG [IRImager.cpp:1175] @ 227.98s :Automatic control of shutter flag
DEBUG [OpFlag.cpp:591] @ 228.157s :SkimDiff: -1 Adjust: -64 State: 1 EMax: 9027 Emin: 3340
DEBUG [ImageProcessing.cpp:526] @ 228.17s :Skim_Adjust 4003
DEBUG [IRImager.cpp:1175] @ 253.437s :Automatic control of shutter flag
DEBUG [OpFlag.cpp:591] @ 253.613s :SkimDiff: -1 Adjust: -10 State: 1 EMax: 9097 Emin: 3394
DEBUG [ImageProcessing.cpp:526] @ 253.627s :Skim_Adjust 4002
DEBUG [IRImager.cpp:1175] @ 270.412s :Automatic control of shutter flag
DEBUG [OpFlag.cpp:591] @ 270.572s :SkimDiff: 0 Adjust: 0 State: 0 EMax: 9155 Emin: 3445
DEBUG [IRImager.cpp:1175] @ 300.044s :Automatic control of shutter flag
DEBUG [OpFlag.cpp:591] @ 300.22s :SkimDiff: 0 Adjust: 0 State: 0 EMax: 9167 Emin: 3448
DEBUG [IRImager.cpp:1175] @ 315.837s :Automatic control of shutter flag
DEBUG [OpFlag.cpp:591] @ 316.012s :SkimDiff: 0 Adjust: 0 State: 0 EMax: 9172 Emin: 3453
DEBUG [IRImager.cpp:1175] @ 338.141s :Automatic control of shutter flag
DEBUG [OpFlag.cpp:591] @ 338.302s :SkimDiff: 0 Adjust: 0 State: 0 EMax: 9176 Emin: 3455
DEBUG [IRImager.cpp:1175] @ 356.269s :Automatic control of shutter flag
DEBUG [OpFlag.cpp:591] @ 356.43s :SkimDiff: 0 Adjust: 0 State: 0 EMax: 9196 Emin: 3459
DEBUG [IRImager.cpp:1175] @ 380.203s :Automatic control of shutter flag
DEBUG [OpFlag.cpp:591] @ 380.363s :SkimDiff: 0 Adjust: 0 State: 0 EMax: 9195 Emin: 3465
DEBUG [IRImager.cpp:1175] @ 408.333s :Automatic control of shutter flag
DEBUG [OpFlag.cpp:591] @ 408.51s :SkimDiff: 0 Adjust: 0 State: 0 EMax: 9203 Emin: 3468
DEBUG [IRImager.cpp:665] @ 417.559s :Release imager
DEBUG [BaseControlDevice.cpp:26] @ 417.617s :Base destructor called
DEBUG [IRImager.cpp:672] @ 417.617s :Delete image processing
DEBUG [IRImager.cpp:679] @ 417.624s :Delete buffer
DEBUG [IRImager.cpp:687] @ 417.624s :Delete source buffer
DEBUG [IRImager.cpp:694] @ 417.624s :Delete buffer (energy)
DEBUG [IRImager.cpp:701] @ 417.624s :Delete timer
DEBUG [IRImager.cpp:707] @ 417.624s :Delete manual timer
