DEBUG [IRLogger.cpp:105] @ 0.0004195s :***************************************************
DEBUG [IRLogger.cpp:106] @ 0.0005076s :* IRImagerDirect SDK                              *
DEBUG [IRLogger.cpp:107] @ 0.0005409s :***************************************************
DEBUG [IRLogger.cpp:113] @ 0.0005577s :* Native Machine:      AMD64
DEBUG [IRLogger.cpp:114] @ 0.000574s :* Machine:             AMD64
DEBUG [IRLogger.cpp:116] @ 0.0005962s :* OS:                  Windows 10 0 26100
DEBUG [IRLogger.cpp:123] @ 0.0006082s :***************************************************
DEBUG [IRDeviceParams.cpp:204] @ 0.0024825s :Parameters
DEBUG [IRDeviceParams.cpp:205] @ 0.0025078s :serial: 14110095
DEBUG [IRDeviceParams.cpp:206] @ 0.0025164s :videoformatindex: 0
DEBUG [IRDeviceParams.cpp:207] @ 0.0025245s :fov: 0
DEBUG [IRDeviceParams.cpp:208] @ 0.0025329s :optics_text: 0000000000000000
DEBUG [IRDeviceParams.cpp:209] @ 0.002541s :formatspath: 000001C0D1C90E50
DEBUG [IRDeviceParams.cpp:210] @ 0.0025504s :calipath: 000001C0DBEDB250
DEBUG [IRDeviceParams.cpp:211] @ 0.0025581s :temperature min: 0
DEBUG [IRDeviceParams.cpp:212] @ 0.0025661s :temperature max: 0
DEBUG [IRDeviceParams.cpp:213] @ 0.0025861s :framerate: 32
DEBUG [IRDeviceParams.cpp:214] @ 0.0025951s :bispectral: 0
DEBUG [IRDeviceParams.cpp:215] @ 0.0026036s :flag automatic: 1
DEBUG [IRDeviceParams.cpp:216] @ 0.0026126s :min interval: 15
DEBUG [IRDeviceParams.cpp:217] @ 0.0026216s :max interval: 0
DEBUG [IRDeviceParams.cpp:218] @ 0.0026305s :chip heating mode: 0
DEBUG [IRDeviceParams.cpp:219] @ 0.0026396s :chip heating fixed val: 40
DEBUG [IRDeviceParams.cpp:220] @ 0.0026491s :focus:  -1
DEBUG [IRDeviceParams.cpp:221] @ 0.0026593s :enable extended temp range: 0
DEBUG [IRDeviceParams.cpp:222] @ 0.0026683s :buffer queue size: 5
DEBUG [IRDeviceParams.cpp:223] @ 0.0026781s :enable high precision: 0
DEBUG [IRDeviceParams.cpp:224] @ 0.002686s :radialDistortionCorrectionMode: 0
DEBUG [IRDeviceParams.cpp:225] @ 0.0026941s :deviceAPI: 0
DEBUG [IRDeviceParams.cpp:226] @ 0.0027018s :useExternalProbeForReferencing: 0
DEBUG [IRDeviceParams.cpp:227] @ 0.0027095s :enableMultiThreading: 0
DEBUG [IRDeviceParams.cpp:232] @ 0.0027191s :ethernetDevice.deviceIpAddress: 0.0.0.0
DEBUG [IRDeviceParams.cpp:233] @ 0.0027273s :ethernetDevice.localUdpPort: 0
DEBUG [IRDeviceParams.cpp:234] @ 0.0027385s :ethernetDevice.checkUdpSenderIp: 1
DEBUG [Cali.cpp:87] @ 0.610528s :Calibration directory path: .\Cali-14110095.xml
DEBUG [Cali.cpp:88] @ 0.610604s :Calibration file name: Cali-14110095.xml
DEBUG [Cali.cpp:98] @ 0.625652s :Calibration data A: 1450 B:400 C:4095 D:1000
INFO [IRImager.cpp:266] @ 1.15685s :Init thermal imager to 14110095 with size: 160x121@120 Hz
DEBUG [Cali.cpp:87] @ 1.15811s :Calibration directory path: .\Cali-14110095.xml
DEBUG [Cali.cpp:88] @ 1.15817s :Calibration file name: Cali-14110095.xml
DEBUG [Cali.cpp:98] @ 1.15944s :Calibration data A: 1450 B:400 C:4095 D:1000
DEBUG [Cali.cpp:87] @ 1.16562s :Calibration directory path: .\Cali-14110095.xml
DEBUG [Cali.cpp:88] @ 1.16584s :Calibration file name: Cali-14110095.xml
DEBUG [Cali.cpp:98] @ 1.16842s :Calibration data A: 1450 B:400 C:4095 D:1000
DEBUG [IRImager.cpp:300] @ 1.16907s :No temperature range configuration specified. Setting default values tMin: -20 , tMax: 100
DEBUG [IRImager.cpp:377] @ 1.21502s :Using HID control interface
DEBUG [IRImager.cpp:417] @ 1.25298s :Initialized HID control interface to device with HW:21 FW:2025
DEBUG [IRImager.cpp:438] @ 1.25308s :Frameconfig - width(in): 160, height(in): 121, interval: 83333, max framerate: 120, HW interval: 0.00833333
DEBUG [Cali.cpp:87] @ 1.25313s :Calibration directory path: .\Cali-14110095.xml
DEBUG [Cali.cpp:88] @ 1.25315s :Calibration file name: Cali-14110095.xml
DEBUG [Cali.cpp:98] @ 1.25397s :Calibration data A: 1450 B:400 C:4095 D:1000
DEBUG [ImageProcessing.cpp:200] @ 1.2741s :Source buffer size: 38720 Width: 160 Height: 121
DEBUG [ImageProcessing.cpp:121] @ 1.33148s :Source buffer size: 38720 Width: 160 Height: 121
DEBUG [OpSource.cpp:376] @ 1.33264s :Using formats path: C:\Program Files (x86)\Optris GmbH\IrDirectSDK\examples\matlab\Formats.def
DEBUG [OpSource.cpp:628] @ 1.33368s :Format found with size: 160
DEBUG [OpSource.cpp:791] @ 1.33386s :Selected Format:"PI160 160x120 @ 120Hz"
DEBUG [IRImager.cpp:844] @ 1.33419s :Caught onFrameInit with size: 160x120
DEBUG [OpSource.cpp:376] @ 1.3352s :Using formats path: C:\Program Files (x86)\Optris GmbH\IrDirectSDK\examples\matlab\Formats.def
DEBUG [OpSource.cpp:628] @ 1.33572s :Format found with size: 160
DEBUG [OpSource.cpp:376] @ 1.33643s :Using formats path: C:\Program Files (x86)\Optris GmbH\IrDirectSDK\examples\matlab\Formats.def
DEBUG [OpCorr.cpp:467] @ 1.34681s :Read cali: .\Cali-14110095.xml\Cali-14110095-48-M20-100.dat
DEBUG [OpCorr.cpp:557] @ 1.34753s :Read calibration of camera no 14110095, # of fields: 6 , start of fields: 40
DEBUG [ImageProcessing.cpp:1108] @ 1.68997s :Update flag temperature: 29.1797
DEBUG [ImageProcessing.cpp:1111] @ 1.69706s :Update box temperature: 27.9062
DEBUG [Cali.cpp:639] @ 1.69718s :Calibration file path: 000001C0DC8CF374/000000275F3ECAE8.xml
DEBUG [SimpleXML.cpp:238] @ 1.69778s :Failed to open file .\Cali-14110095.xml\CaliExt-14110095.xml
DEBUG [IRImager.cpp:550] @ 1.72252s :Chip heating disabled
DEBUG [IRImager.cpp:1110] @ 1.82165s :Start flag calibration
