DEBUG [IRLogger.cpp:105] @ 0.0029786s :***************************************************
DEBUG [IRLogger.cpp:106] @ 0.0032543s :* IRImagerDirect SDK                              *
DEBUG [IRLogger.cpp:107] @ 0.0033158s :***************************************************
DEBUG [IRLogger.cpp:113] @ 0.0033414s :* Native Machine:      AMD64
DEBUG [IRLogger.cpp:114] @ 0.0033555s :* Machine:             AMD64
DEBUG [IRLogger.cpp:116] @ 0.0033763s :* OS:                  Windows 10 0 26100
DEBUG [IRLogger.cpp:123] @ 0.0033891s :***************************************************
DEBUG [IRDeviceParams.cpp:204] @ 0.0056063s :Parameters
DEBUG [IRDeviceParams.cpp:205] @ 0.0056449s :serial: 14110095
DEBUG [IRDeviceParams.cpp:206] @ 0.0056627s :videoformatindex: 0
DEBUG [IRDeviceParams.cpp:207] @ 0.0056783s :fov: 0
DEBUG [IRDeviceParams.cpp:208] @ 0.0056951s :optics_text: 0000000000000000
DEBUG [IRDeviceParams.cpp:209] @ 0.0057105s :formatspath: 000002594095D3C0
DEBUG [IRDeviceParams.cpp:210] @ 0.0057279s :calipath: 000002594094CF90
DEBUG [IRDeviceParams.cpp:211] @ 0.0057427s :temperature min: 0
DEBUG [IRDeviceParams.cpp:212] @ 0.0057584s :temperature max: 0
DEBUG [IRDeviceParams.cpp:213] @ 0.0057761s :framerate: 32
DEBUG [IRDeviceParams.cpp:214] @ 0.0057919s :bispectral: 0
DEBUG [IRDeviceParams.cpp:215] @ 0.0058072s :flag automatic: 1
DEBUG [IRDeviceParams.cpp:216] @ 0.0058228s :min interval: 15
DEBUG [IRDeviceParams.cpp:217] @ 0.0058387s :max interval: 0
DEBUG [IRDeviceParams.cpp:218] @ 0.0058536s :chip heating mode: 0
DEBUG [IRDeviceParams.cpp:219] @ 0.0058702s :chip heating fixed val: 40
DEBUG [IRDeviceParams.cpp:220] @ 0.0058862s :focus:  -1
DEBUG [IRDeviceParams.cpp:221] @ 0.0059047s :enable extended temp range: 0
DEBUG [IRDeviceParams.cpp:222] @ 0.00592s :buffer queue size: 5
DEBUG [IRDeviceParams.cpp:223] @ 0.0059357s :enable high precision: 0
DEBUG [IRDeviceParams.cpp:224] @ 0.0059509s :radialDistortionCorrectionMode: 0
DEBUG [IRDeviceParams.cpp:225] @ 0.0059661s :deviceAPI: 0
DEBUG [IRDeviceParams.cpp:226] @ 0.0059815s :useExternalProbeForReferencing: 0
DEBUG [IRDeviceParams.cpp:227] @ 0.0059965s :enableMultiThreading: 0
DEBUG [IRDeviceParams.cpp:232] @ 0.0060152s :ethernetDevice.deviceIpAddress: 0.0.0.0
DEBUG [IRDeviceParams.cpp:233] @ 0.0060298s :ethernetDevice.localUdpPort: 0
DEBUG [IRDeviceParams.cpp:234] @ 0.0060467s :ethernetDevice.checkUdpSenderIp: 1
DEBUG [Cali.cpp:87] @ 0.221232s :Calibration directory path: .\Cali-14110095.xml
DEBUG [Cali.cpp:88] @ 0.221257s :Calibration file name: Cali-14110095.xml
DEBUG [Cali.cpp:98] @ 0.22152s :Calibration data A: 1450 B:400 C:4095 D:1000
INFO [IRImager.cpp:266] @ 0.22251s :Init thermal imager to 14110095 with size: 160x121@120 Hz
DEBUG [Cali.cpp:87] @ 0.222798s :Calibration directory path: .\Cali-14110095.xml
DEBUG [Cali.cpp:88] @ 0.222808s :Calibration file name: Cali-14110095.xml
DEBUG [Cali.cpp:98] @ 0.223024s :Calibration data A: 1450 B:400 C:4095 D:1000
DEBUG [Cali.cpp:87] @ 0.223696s :Calibration directory path: .\Cali-14110095.xml
DEBUG [Cali.cpp:88] @ 0.223708s :Calibration file name: Cali-14110095.xml
DEBUG [Cali.cpp:98] @ 0.223905s :Calibration data A: 1450 B:400 C:4095 D:1000
DEBUG [IRImager.cpp:300] @ 0.223947s :No temperature range configuration specified. Setting default values tMin: -20 , tMax: 100
DEBUG [IRImager.cpp:377] @ 0.224271s :Using HID control interface
DEBUG [IRImager.cpp:417] @ 0.241474s :Initialized HID control interface to device with HW:21 FW:2025
DEBUG [IRImager.cpp:438] @ 0.241523s :Frameconfig - width(in): 160, height(in): 121, interval: 83333, max framerate: 120, HW interval: 0.00833333
DEBUG [Cali.cpp:87] @ 0.241547s :Calibration directory path: .\Cali-14110095.xml
DEBUG [Cali.cpp:88] @ 0.241562s :Calibration file name: Cali-14110095.xml
DEBUG [Cali.cpp:98] @ 0.242117s :Calibration data A: 1450 B:400 C:4095 D:1000
DEBUG [ImageProcessing.cpp:200] @ 0.257899s :Source buffer size: 38720 Width: 160 Height: 121
DEBUG [ImageProcessing.cpp:121] @ 0.324359s :Source buffer size: 38720 Width: 160 Height: 121
DEBUG [OpSource.cpp:376] @ 0.326089s :Using formats path: C:\Program Files (x86)\Optris GmbH\IrDirectSDK\examples\matlab\Formats.def
DEBUG [OpSource.cpp:628] @ 0.3273s :Format found with size: 160
DEBUG [OpSource.cpp:791] @ 0.327545s :Selected Format:"PI160 160x120 @ 120Hz"
DEBUG [IRImager.cpp:844] @ 0.327852s :Caught onFrameInit with size: 160x120
DEBUG [OpSource.cpp:376] @ 0.329471s :Using formats path: C:\Program Files (x86)\Optris GmbH\IrDirectSDK\examples\matlab\Formats.def
DEBUG [OpSource.cpp:628] @ 0.32954s :Format found with size: 160
DEBUG [OpSource.cpp:376] @ 0.329614s :Using formats path: C:\Program Files (x86)\Optris GmbH\IrDirectSDK\examples\matlab\Formats.def
DEBUG [OpCorr.cpp:467] @ 0.334584s :Read cali: .\Cali-14110095.xml\Cali-14110095-48-M20-100.dat
DEBUG [OpCorr.cpp:557] @ 0.335352s :Read calibration of camera no 14110095, # of fields: 6 , start of fields: 40
DEBUG [ImageProcessing.cpp:1108] @ 0.638646s :Update flag temperature: 31.6719
DEBUG [ImageProcessing.cpp:1111] @ 0.646735s :Update box temperature: 29.7266
DEBUG [Cali.cpp:639] @ 0.646774s :Calibration file path: 0000025940D768E4/000000EA88FEC5D8.xml
DEBUG [SimpleXML.cpp:238] @ 0.646974s :Failed to open file .\Cali-14110095.xml\CaliExt-14110095.xml
DEBUG [IRImager.cpp:550] @ 0.658217s :Chip heating disabled
DEBUG [IRImager.cpp:1110] @ 0.745342s :Start flag calibration
DEBUG [OpFlag.cpp:591] @ 11.4198s :SkimDiff: -10 Adjust: -975 State: 1 EMax: 8590 Emin: 2429
DEBUG [ImageProcessing.cpp:526] @ 11.4326s :Skim_Adjust 4016
DEBUG [IRImager.cpp:1124] @ 11.547s :Finished startup calibration
DEBUG [IRImager.cpp:1175] @ 26.2652s :Automatic control of shutter flag
DEBUG [OpFlag.cpp:591] @ 26.4259s :SkimDiff: -4 Adjust: -366 State: 1 EMax: 9196 Emin: 3038
DEBUG [ImageProcessing.cpp:526] @ 26.4374s :Skim_Adjust 4015
DEBUG [IRImager.cpp:1175] @ 82.0251s :Automatic control of shutter flag
DEBUG [OpFlag.cpp:591] @ 82.1859s :SkimDiff: -3 Adjust: -287 State: 1 EMax: 9268 Emin: 3117
DEBUG [ImageProcessing.cpp:526] @ 82.2017s :Skim_Adjust 4014
DEBUG [IRImager.cpp:1175] @ 103.946s :Automatic control of shutter flag
DEBUG [OpFlag.cpp:591] @ 104.121s :SkimDiff: -3 Adjust: -229 State: 1 EMax: 9324 Emin: 3175
DEBUG [ImageProcessing.cpp:526] @ 104.14s :Skim_Adjust 4013
DEBUG [IRImager.cpp:1175] @ 193.178s :Automatic control of shutter flag
DEBUG [OpFlag.cpp:591] @ 193.354s :SkimDiff: -2 Adjust: -167 State: 1 EMax: 9392 Emin: 3237
DEBUG [ImageProcessing.cpp:526] @ 193.367s :Skim_Adjust 4012
DEBUG [IRImager.cpp:1175] @ 233.962s :Automatic control of shutter flag
DEBUG [OpFlag.cpp:591] @ 234.121s :SkimDiff: -2 Adjust: -108 State: 1 EMax: 9457 Emin: 3296
DEBUG [ImageProcessing.cpp:526] @ 234.132s :Skim_Adjust 4011
DEBUG [IRImager.cpp:1175] @ 324.634s :Automatic control of shutter flag
DEBUG [OpFlag.cpp:591] @ 324.795s :SkimDiff: -1 Adjust: -44 State: 1 EMax: 9520 Emin: 3360
DEBUG [ImageProcessing.cpp:526] @ 324.809s :Skim_Adjust 4010
DEBUG [IRImager.cpp:1175] @ 457.466s :Automatic control of shutter flag
DEBUG [OpFlag.cpp:591] @ 457.627s :SkimDiff: 0 Adjust: 0 State: 0 EMax: 9600 Emin: 3430
DEBUG [IRImager.cpp:1175] @ 558.601s :Automatic control of shutter flag
DEBUG [OpFlag.cpp:591] @ 558.761s :SkimDiff: 0 Adjust: 0 State: 0 EMax: 9610 Emin: 3434
DEBUG [IRImager.cpp:1175] @ 737.322s :Automatic control of shutter flag
DEBUG [OpFlag.cpp:591] @ 737.483s :SkimDiff: 0 Adjust: 0 State: 0 EMax: 9623 Emin: 3443
DEBUG [IRImager.cpp:1175] @ 886.155s :Automatic control of shutter flag
DEBUG [OpFlag.cpp:591] @ 886.33s :SkimDiff: 0 Adjust: 0 State: 0 EMax: 9630 Emin: 3454
DEBUG [IRImager.cpp:1175] @ 935.498s :Automatic control of shutter flag
DEBUG [OpFlag.cpp:591] @ 935.674s :SkimDiff: 0 Adjust: 0 State: 0 EMax: 9637 Emin: 3452
DEBUG [IRImager.cpp:1175] @ 957.722s :Automatic control of shutter flag
DEBUG [OpFlag.cpp:591] @ 957.881s :SkimDiff: 0 Adjust: 0 State: 0 EMax: 9638 Emin: 3451
DEBUG [IRImager.cpp:1175] @ 1075.02s :Automatic control of shutter flag
DEBUG [OpFlag.cpp:591] @ 1075.18s :SkimDiff: 0 Adjust: 0 State: 0 EMax: 9652 Emin: 3459
DEBUG [IRImager.cpp:1175] @ 1139.98s :Automatic control of shutter flag
DEBUG [OpFlag.cpp:591] @ 1140.14s :SkimDiff: 0 Adjust: 0 State: 0 EMax: 9650 Emin: 3461
DEBUG [IRImager.cpp:1175] @ 1402.27s :Automatic control of shutter flag
DEBUG [OpFlag.cpp:591] @ 1402.44s :SkimDiff: 0 Adjust: 0 State: 0 EMax: 9669 Emin: 3465
DEBUG [IRImager.cpp:1175] @ 1447.05s :Automatic control of shutter flag
DEBUG [OpFlag.cpp:591] @ 1447.22s :SkimDiff: 0 Adjust: 0 State: 0 EMax: 9672 Emin: 3467
DEBUG [IRImager.cpp:1175] @ 1462.07s :Automatic control of shutter flag
DEBUG [OpFlag.cpp:591] @ 1462.23s :SkimDiff: 0 Adjust: 0 State: 0 EMax: 9673 Emin: 3472
DEBUG [IRImager.cpp:1175] @ 1560.39s :Automatic control of shutter flag
DEBUG [OpFlag.cpp:591] @ 1560.55s :SkimDiff: 0 Adjust: 0 State: 0 EMax: 9677 Emin: 3471
DEBUG [IRImager.cpp:1175] @ 1594.07s :Automatic control of shutter flag
DEBUG [OpFlag.cpp:591] @ 1594.25s :SkimDiff: 0 Adjust: 0 State: 0 EMax: 9678 Emin: 3474
DEBUG [IRImager.cpp:1175] @ 1609.55s :Automatic control of shutter flag
DEBUG [OpFlag.cpp:591] @ 1609.72s :SkimDiff: 0 Adjust: 0 State: 0 EMax: 9677 Emin: 3474
DEBUG [IRImager.cpp:1175] @ 1932.11s :Automatic control of shutter flag
DEBUG [OpFlag.cpp:591] @ 1932.3s :SkimDiff: 0 Adjust: 0 State: 0 EMax: 9688 Emin: 3481
DEBUG [IRImager.cpp:1175] @ 1982.36s :Automatic control of shutter flag
DEBUG [OpFlag.cpp:591] @ 1982.54s :SkimDiff: 0 Adjust: 0 State: 0 EMax: 9687 Emin: 3480
