DEBUG [IRLogger.cpp:105] @ 0.0016762s :***************************************************
DEBUG [IRLogger.cpp:106] @ 0.001766s :* IRImagerDirect SDK                              *
DEBUG [IRLogger.cpp:107] @ 0.001786s :***************************************************
DEBUG [IRLogger.cpp:113] @ 0.0018006s :* Native Machine:      AMD64
DEBUG [IRLogger.cpp:114] @ 0.0018135s :* Machine:             AMD64
DEBUG [IRLogger.cpp:116] @ 0.001837s :* OS:                  Windows 10 0 26100
DEBUG [IRLogger.cpp:123] @ 0.0018483s :***************************************************
DEBUG [IRDeviceParams.cpp:204] @ 0.0024102s :Parameters
DEBUG [IRDeviceParams.cpp:205] @ 0.0024273s :serial: 14110095
DEBUG [IRDeviceParams.cpp:206] @ 0.0024347s :videoformatindex: 0
DEBUG [IRDeviceParams.cpp:207] @ 0.0024416s :fov: 0
DEBUG [IRDeviceParams.cpp:208] @ 0.0024489s :optics_text: 0000000000000000
DEBUG [IRDeviceParams.cpp:209] @ 0.002456s :formatspath: 0000020BF98D83B0
DEBUG [IRDeviceParams.cpp:210] @ 0.0024645s :calipath: 0000020BFA000450
DEBUG [IRDeviceParams.cpp:211] @ 0.0024711s :temperature min: 0
DEBUG [IRDeviceParams.cpp:212] @ 0.0024774s :temperature max: 0
DEBUG [IRDeviceParams.cpp:213] @ 0.0024847s :framerate: 32
DEBUG [IRDeviceParams.cpp:214] @ 0.0024911s :bispectral: 0
DEBUG [IRDeviceParams.cpp:215] @ 0.0024974s :flag automatic: 1
DEBUG [IRDeviceParams.cpp:216] @ 0.002504s :min interval: 15
DEBUG [IRDeviceParams.cpp:217] @ 0.0025109s :max interval: 0
DEBUG [IRDeviceParams.cpp:218] @ 0.0025177s :chip heating mode: 0
DEBUG [IRDeviceParams.cpp:219] @ 0.0025246s :chip heating fixed val: 40
DEBUG [IRDeviceParams.cpp:220] @ 0.0025316s :focus:  -1
DEBUG [IRDeviceParams.cpp:221] @ 0.0025397s :enable extended temp range: 0
DEBUG [IRDeviceParams.cpp:222] @ 0.0025467s :buffer queue size: 5
DEBUG [IRDeviceParams.cpp:223] @ 0.0025532s :enable high precision: 0
DEBUG [IRDeviceParams.cpp:224] @ 0.00256s :radialDistortionCorrectionMode: 0
DEBUG [IRDeviceParams.cpp:225] @ 0.0025668s :deviceAPI: 0
DEBUG [IRDeviceParams.cpp:226] @ 0.0025735s :useExternalProbeForReferencing: 0
DEBUG [IRDeviceParams.cpp:227] @ 0.0025799s :enableMultiThreading: 0
DEBUG [IRDeviceParams.cpp:232] @ 0.0025883s :ethernetDevice.deviceIpAddress: 0.0.0.0
DEBUG [IRDeviceParams.cpp:233] @ 0.0025951s :ethernetDevice.localUdpPort: 0
DEBUG [IRDeviceParams.cpp:234] @ 0.0026016s :ethernetDevice.checkUdpSenderIp: 1
DEBUG [Cali.cpp:87] @ 0.287502s :Calibration directory path: .\Cali-14110095.xml
DEBUG [Cali.cpp:88] @ 0.287561s :Calibration file name: Cali-14110095.xml
DEBUG [Cali.cpp:98] @ 0.288309s :Calibration data A: 1450 B:400 C:4095 D:1000
INFO [IRImager.cpp:266] @ 0.291526s :Init thermal imager to 14110095 with size: 160x121@120 Hz
DEBUG [Cali.cpp:87] @ 0.292529s :Calibration directory path: .\Cali-14110095.xml
DEBUG [Cali.cpp:88] @ 0.292544s :Calibration file name: Cali-14110095.xml
DEBUG [Cali.cpp:98] @ 0.292959s :Calibration data A: 1450 B:400 C:4095 D:1000
DEBUG [Cali.cpp:87] @ 0.293676s :Calibration directory path: .\Cali-14110095.xml
DEBUG [Cali.cpp:88] @ 0.293692s :Calibration file name: Cali-14110095.xml
DEBUG [Cali.cpp:98] @ 0.293893s :Calibration data A: 1450 B:400 C:4095 D:1000
DEBUG [IRImager.cpp:300] @ 0.293937s :No temperature range configuration specified. Setting default values tMin: -20 , tMax: 100
DEBUG [IRImager.cpp:377] @ 0.294232s :Using HID control interface
DEBUG [IRImager.cpp:417] @ 0.311397s :Initialized HID control interface to device with HW:21 FW:2025
DEBUG [IRImager.cpp:438] @ 0.311426s :Frameconfig - width(in): 160, height(in): 121, interval: 83333, max framerate: 120, HW interval: 0.00833333
DEBUG [Cali.cpp:87] @ 0.311439s :Calibration directory path: .\Cali-14110095.xml
DEBUG [Cali.cpp:88] @ 0.311447s :Calibration file name: Cali-14110095.xml
DEBUG [Cali.cpp:98] @ 0.311715s :Calibration data A: 1450 B:400 C:4095 D:1000
DEBUG [ImageProcessing.cpp:200] @ 0.336334s :Source buffer size: 38720 Width: 160 Height: 121
DEBUG [ImageProcessing.cpp:121] @ 0.410808s :Source buffer size: 38720 Width: 160 Height: 121
DEBUG [OpSource.cpp:376] @ 0.412412s :Using formats path: C:\Program Files (x86)\Optris GmbH\IrDirectSDK\examples\matlab\Formats.def
DEBUG [OpSource.cpp:628] @ 0.413362s :Format found with size: 160
DEBUG [OpSource.cpp:791] @ 0.413583s :Selected Format:"PI160 160x120 @ 120Hz"
DEBUG [IRImager.cpp:844] @ 0.413902s :Caught onFrameInit with size: 160x120
DEBUG [OpSource.cpp:376] @ 0.415259s :Using formats path: C:\Program Files (x86)\Optris GmbH\IrDirectSDK\examples\matlab\Formats.def
DEBUG [OpSource.cpp:628] @ 0.415933s :Format found with size: 160
DEBUG [OpSource.cpp:376] @ 0.417247s :Using formats path: C:\Program Files (x86)\Optris GmbH\IrDirectSDK\examples\matlab\Formats.def
DEBUG [OpCorr.cpp:467] @ 0.419001s :Read cali: .\Cali-14110095.xml\Cali-14110095-48-M20-100.dat
DEBUG [OpCorr.cpp:557] @ 0.41908s :Read calibration of camera no 14110095, # of fields: 6 , start of fields: 40
DEBUG [ImageProcessing.cpp:1108] @ 0.716815s :Update flag temperature: 31.6328
DEBUG [ImageProcessing.cpp:1111] @ 0.72513s :Update box temperature: 29.9688
DEBUG [Cali.cpp:639] @ 0.725304s :Calibration file path: 0000020BFA1FA314/00000091C01ECBD8.xml
DEBUG [SimpleXML.cpp:238] @ 0.726208s :Failed to open file .\Cali-14110095.xml\CaliExt-14110095.xml
DEBUG [IRImager.cpp:550] @ 0.744698s :Chip heating disabled
DEBUG [IRImager.cpp:1110] @ 0.834347s :Start flag calibration
