DEBUG [IRLogger.cpp:105] @ 0.0003146s :***************************************************
DEBUG [IRLogger.cpp:106] @ 0.0003907s :* IRImagerDirect SDK                              *
DEBUG [IRLogger.cpp:107] @ 0.0004116s :***************************************************
DEBUG [IRLogger.cpp:113] @ 0.0004287s :* Native Machine:      AMD64
DEBUG [IRLogger.cpp:114] @ 0.0004677s :* Machine:             AMD64
DEBUG [IRLogger.cpp:116] @ 0.0005101s :* OS:                  Windows 10 0 26100
DEBUG [IRLogger.cpp:123] @ 0.000522s :***************************************************
DEBUG [IRDeviceParams.cpp:204] @ 0.0322998s :Parameters
DEBUG [IRDeviceParams.cpp:205] @ 0.0323269s :serial: 14110095
DEBUG [IRDeviceParams.cpp:206] @ 0.0323353s :videoformatindex: 0
DEBUG [IRDeviceParams.cpp:207] @ 0.0323427s :fov: 0
DEBUG [IRDeviceParams.cpp:208] @ 0.0323504s :optics_text: 0000000000000000
DEBUG [IRDeviceParams.cpp:209] @ 0.0323577s :formatspath: 00000212E2D4A1F0
DEBUG [IRDeviceParams.cpp:210] @ 0.0323658s :calipath: 00000212EEF0DD40
DEBUG [IRDeviceParams.cpp:211] @ 0.0323725s :temperature min: 0
DEBUG [IRDeviceParams.cpp:212] @ 0.032379s :temperature max: 0
DEBUG [IRDeviceParams.cpp:213] @ 0.0323868s :framerate: 32
DEBUG [IRDeviceParams.cpp:214] @ 0.0323939s :bispectral: 0
DEBUG [IRDeviceParams.cpp:215] @ 0.0324008s :flag automatic: 1
DEBUG [IRDeviceParams.cpp:216] @ 0.0324078s :min interval: 15
DEBUG [IRDeviceParams.cpp:217] @ 0.032415s :max interval: 0
DEBUG [IRDeviceParams.cpp:218] @ 0.0324229s :chip heating mode: 0
DEBUG [IRDeviceParams.cpp:219] @ 0.0324299s :chip heating fixed val: 40
DEBUG [IRDeviceParams.cpp:220] @ 0.0324368s :focus:  -1
DEBUG [IRDeviceParams.cpp:221] @ 0.0324445s :enable extended temp range: 0
DEBUG [IRDeviceParams.cpp:222] @ 0.0324513s :buffer queue size: 5
DEBUG [IRDeviceParams.cpp:223] @ 0.0324582s :enable high precision: 0
DEBUG [IRDeviceParams.cpp:224] @ 0.0324648s :radialDistortionCorrectionMode: 0
DEBUG [IRDeviceParams.cpp:225] @ 0.0324713s :deviceAPI: 0
DEBUG [IRDeviceParams.cpp:226] @ 0.0324778s :useExternalProbeForReferencing: 0
DEBUG [IRDeviceParams.cpp:227] @ 0.0324842s :enableMultiThreading: 0
DEBUG [IRDeviceParams.cpp:232] @ 0.0324925s :ethernetDevice.deviceIpAddress: 0.0.0.0
DEBUG [IRDeviceParams.cpp:233] @ 0.0324992s :ethernetDevice.localUdpPort: 0
DEBUG [IRDeviceParams.cpp:234] @ 0.0325058s :ethernetDevice.checkUdpSenderIp: 1
DEBUG [Cali.cpp:87] @ 0.298224s :Calibration directory path: .\Cali-14110095.xml
DEBUG [Cali.cpp:88] @ 0.298251s :Calibration file name: Cali-14110095.xml
DEBUG [Cali.cpp:98] @ 0.337614s :Calibration data A: 1450 B:400 C:4095 D:1000
INFO [IRImager.cpp:266] @ 1.12844s :Init thermal imager to 14110095 with size: 160x121@120 Hz
DEBUG [Cali.cpp:87] @ 1.13102s :Calibration directory path: .\Cali-14110095.xml
DEBUG [Cali.cpp:88] @ 1.13113s :Calibration file name: Cali-14110095.xml
DEBUG [Cali.cpp:98] @ 1.13325s :Calibration data A: 1450 B:400 C:4095 D:1000
DEBUG [Cali.cpp:87] @ 1.13962s :Calibration directory path: .\Cali-14110095.xml
DEBUG [Cali.cpp:88] @ 1.13978s :Calibration file name: Cali-14110095.xml
DEBUG [Cali.cpp:98] @ 1.14183s :Calibration data A: 1450 B:400 C:4095 D:1000
DEBUG [IRImager.cpp:300] @ 1.1423s :No temperature range configuration specified. Setting default values tMin: -20 , tMax: 100
DEBUG [IRImager.cpp:377] @ 1.19865s :Using HID control interface
DEBUG [IRImager.cpp:417] @ 1.25263s :Initialized HID control interface to device with HW:21 FW:2025
DEBUG [IRImager.cpp:438] @ 1.25293s :Frameconfig - width(in): 160, height(in): 121, interval: 83333, max framerate: 120, HW interval: 0.00833333
DEBUG [Cali.cpp:87] @ 1.25308s :Calibration directory path: .\Cali-14110095.xml
DEBUG [Cali.cpp:88] @ 1.25317s :Calibration file name: Cali-14110095.xml
DEBUG [Cali.cpp:98] @ 1.25591s :Calibration data A: 1450 B:400 C:4095 D:1000
DEBUG [ImageProcessing.cpp:200] @ 1.2684s :Source buffer size: 38720 Width: 160 Height: 121
DEBUG [ImageProcessing.cpp:121] @ 1.33465s :Source buffer size: 38720 Width: 160 Height: 121
DEBUG [OpSource.cpp:376] @ 1.33487s :Using formats path: C:\Program Files (x86)\Optris GmbH\IrDirectSDK\examples\matlab\Formats.def
DEBUG [OpSource.cpp:628] @ 1.33507s :Format found with size: 160
DEBUG [OpSource.cpp:791] @ 1.33511s :Selected Format:"PI160 160x120 @ 120Hz"
DEBUG [IRImager.cpp:844] @ 1.33516s :Caught onFrameInit with size: 160x120
DEBUG [OpSource.cpp:376] @ 1.33534s :Using formats path: C:\Program Files (x86)\Optris GmbH\IrDirectSDK\examples\matlab\Formats.def
DEBUG [OpSource.cpp:628] @ 1.33543s :Format found with size: 160
DEBUG [OpSource.cpp:376] @ 1.33554s :Using formats path: C:\Program Files (x86)\Optris GmbH\IrDirectSDK\examples\matlab\Formats.def
DEBUG [OpCorr.cpp:467] @ 1.35129s :Read cali: .\Cali-14110095.xml\Cali-14110095-48-M20-100.dat
DEBUG [OpCorr.cpp:557] @ 1.35143s :Read calibration of camera no 14110095, # of fields: 6 , start of fields: 40
DEBUG [ImageProcessing.cpp:1108] @ 1.64884s :Update flag temperature: 31.0625
DEBUG [ImageProcessing.cpp:1111] @ 1.65722s :Update box temperature: 29.2109
DEBUG [Cali.cpp:639] @ 1.65729s :Calibration file path: 00000212E5D0DA84/000000A178DECAB8.xml
DEBUG [SimpleXML.cpp:238] @ 1.6577s :Failed to open file .\Cali-14110095.xml\CaliExt-14110095.xml
DEBUG [IRImager.cpp:550] @ 1.68018s :Chip heating disabled
DEBUG [IRImager.cpp:1110] @ 1.77333s :Start flag calibration
DEBUG [OpFlag.cpp:591] @ 12.4469s :SkimDiff: -11 Adjust: -1003 State: 1 EMax: 8510 Emin: 2401
DEBUG [ImageProcessing.cpp:526] @ 12.4599s :Skim_Adjust 4015
DEBUG [IRImager.cpp:1124] @ 12.5745s :Finished startup calibration
DEBUG [IRImager.cpp:1175] @ 27.2955s :Automatic control of shutter flag
DEBUG [OpFlag.cpp:591] @ 27.4563s :SkimDiff: -4 Adjust: -356 State: 1 EMax: 9152 Emin: 3048
DEBUG [ImageProcessing.cpp:526] @ 27.4831s :Skim_Adjust 4014
DEBUG [IRImager.cpp:1175] @ 61.1653s :Automatic control of shutter flag
DEBUG [OpFlag.cpp:591] @ 61.3256s :SkimDiff: -3 Adjust: -277 State: 1 EMax: 9220 Emin: 3127
DEBUG [ImageProcessing.cpp:526] @ 61.3505s :Skim_Adjust 4013
DEBUG [IRImager.cpp:1175] @ 127.567s :Automatic control of shutter flag
DEBUG [OpFlag.cpp:591] @ 127.725s :SkimDiff: -3 Adjust: -212 State: 1 EMax: 9289 Emin: 3192
DEBUG [ImageProcessing.cpp:526] @ 127.746s :Skim_Adjust 4012
DEBUG [IRImager.cpp:1175] @ 166.221s :Automatic control of shutter flag
DEBUG [OpFlag.cpp:591] @ 166.398s :SkimDiff: -2 Adjust: -149 State: 1 EMax: 9351 Emin: 3255
DEBUG [ImageProcessing.cpp:526] @ 166.417s :Skim_Adjust 4011
DEBUG [IRImager.cpp:665] @ 170.145s :Release imager
DEBUG [BaseControlDevice.cpp:26] @ 170.206s :Base destructor called
DEBUG [IRImager.cpp:672] @ 170.206s :Delete image processing
DEBUG [IRImager.cpp:679] @ 170.221s :Delete buffer
DEBUG [IRImager.cpp:687] @ 170.221s :Delete source buffer
DEBUG [IRImager.cpp:694] @ 170.221s :Delete buffer (energy)
DEBUG [IRImager.cpp:701] @ 170.221s :Delete timer
DEBUG [IRImager.cpp:707] @ 170.221s :Delete manual timer
