DEBUG [IRLogger.cpp:105] @ 0.0003152s :***************************************************
DEBUG [IRLogger.cpp:106] @ 0.0004308s :* IRImagerDirect SDK                              *
DEBUG [IRLogger.cpp:107] @ 0.0004539s :***************************************************
DEBUG [IRLogger.cpp:113] @ 0.0004696s :* Native Machine:      AMD64
DEBUG [IRLogger.cpp:114] @ 0.0004839s :* Machine:             AMD64
DEBUG [IRLogger.cpp:116] @ 0.0005039s :* OS:                  Windows 10 0 26100
DEBUG [IRLogger.cpp:123] @ 0.0005147s :***************************************************
DEBUG [IRDeviceParams.cpp:204] @ 0.0022687s :Parameters
DEBUG [IRDeviceParams.cpp:205] @ 0.0023671s :serial: 14110095
DEBUG [IRDeviceParams.cpp:206] @ 0.0023779s :videoformatindex: 0
DEBUG [IRDeviceParams.cpp:207] @ 0.0023866s :fov: 0
DEBUG [IRDeviceParams.cpp:208] @ 0.0023952s :optics_text: 0000000000000000
DEBUG [IRDeviceParams.cpp:209] @ 0.0024031s :formatspath: 00000252B6DA1640
DEBUG [IRDeviceParams.cpp:210] @ 0.0024132s :calipath: 00000252B1F999A0
DEBUG [IRDeviceParams.cpp:211] @ 0.0024223s :temperature min: 0
DEBUG [IRDeviceParams.cpp:212] @ 0.0024306s :temperature max: 0
DEBUG [IRDeviceParams.cpp:213] @ 0.0024407s :framerate: 32
DEBUG [IRDeviceParams.cpp:214] @ 0.0024501s :bispectral: 0
DEBUG [IRDeviceParams.cpp:215] @ 0.0024592s :flag automatic: 1
DEBUG [IRDeviceParams.cpp:216] @ 0.0024687s :min interval: 15
DEBUG [IRDeviceParams.cpp:217] @ 0.0024785s :max interval: 0
DEBUG [IRDeviceParams.cpp:218] @ 0.0024875s :chip heating mode: 0
DEBUG [IRDeviceParams.cpp:219] @ 0.0024959s :chip heating fixed val: 40
DEBUG [IRDeviceParams.cpp:220] @ 0.0025055s :focus:  -1
DEBUG [IRDeviceParams.cpp:221] @ 0.0025475s :enable extended temp range: 0
DEBUG [IRDeviceParams.cpp:222] @ 0.0025583s :buffer queue size: 5
DEBUG [IRDeviceParams.cpp:223] @ 0.0025669s :enable high precision: 0
DEBUG [IRDeviceParams.cpp:224] @ 0.0025757s :radialDistortionCorrectionMode: 0
DEBUG [IRDeviceParams.cpp:225] @ 0.0025841s :deviceAPI: 0
DEBUG [IRDeviceParams.cpp:226] @ 0.0025921s :useExternalProbeForReferencing: 0
DEBUG [IRDeviceParams.cpp:227] @ 0.0025998s :enableMultiThreading: 0
DEBUG [IRDeviceParams.cpp:232] @ 0.0026094s :ethernetDevice.deviceIpAddress: 0.0.0.0
DEBUG [IRDeviceParams.cpp:233] @ 0.0026173s :ethernetDevice.localUdpPort: 0
DEBUG [IRDeviceParams.cpp:234] @ 0.0026251s :ethernetDevice.checkUdpSenderIp: 1
DEBUG [Cali.cpp:87] @ 0.43473s :Calibration directory path: .\Cali-14110095.xml
DEBUG [Cali.cpp:88] @ 0.434757s :Calibration file name: Cali-14110095.xml
DEBUG [Cali.cpp:98] @ 0.435026s :Calibration data A: 1450 B:400 C:4095 D:1000
INFO [IRImager.cpp:266] @ 0.436004s :Init thermal imager to 14110095 with size: 160x121@120 Hz
DEBUG [Cali.cpp:87] @ 0.436259s :Calibration directory path: .\Cali-14110095.xml
DEBUG [Cali.cpp:88] @ 0.436269s :Calibration file name: Cali-14110095.xml
DEBUG [Cali.cpp:98] @ 0.436481s :Calibration data A: 1450 B:400 C:4095 D:1000
DEBUG [Cali.cpp:87] @ 0.437125s :Calibration directory path: .\Cali-14110095.xml
DEBUG [Cali.cpp:88] @ 0.437136s :Calibration file name: Cali-14110095.xml
DEBUG [Cali.cpp:98] @ 0.437323s :Calibration data A: 1450 B:400 C:4095 D:1000
DEBUG [IRImager.cpp:300] @ 0.437366s :No temperature range configuration specified. Setting default values tMin: -20 , tMax: 100
DEBUG [IRImager.cpp:377] @ 0.437689s :Using HID control interface
DEBUG [IRImager.cpp:417] @ 0.462255s :Initialized HID control interface to device with HW:21 FW:2025
DEBUG [IRImager.cpp:438] @ 0.462323s :Frameconfig - width(in): 160, height(in): 121, interval: 83333, max framerate: 120, HW interval: 0.00833333
DEBUG [Cali.cpp:87] @ 0.462355s :Calibration directory path: .\Cali-14110095.xml
DEBUG [Cali.cpp:88] @ 0.462375s :Calibration file name: Cali-14110095.xml
DEBUG [Cali.cpp:98] @ 0.463077s :Calibration data A: 1450 B:400 C:4095 D:1000
DEBUG [ImageProcessing.cpp:200] @ 0.487158s :Source buffer size: 38720 Width: 160 Height: 121
DEBUG [ImageProcessing.cpp:121] @ 0.561709s :Source buffer size: 38720 Width: 160 Height: 121
DEBUG [OpSource.cpp:376] @ 0.563127s :Using formats path: C:\Program Files (x86)\Optris GmbH\IrDirectSDK\examples\matlab\Formats.def
DEBUG [OpSource.cpp:628] @ 0.563867s :Format found with size: 160
DEBUG [OpSource.cpp:791] @ 0.564088s :Selected Format:"PI160 160x120 @ 120Hz"
DEBUG [IRImager.cpp:844] @ 0.564472s :Caught onFrameInit with size: 160x120
DEBUG [OpSource.cpp:376] @ 0.566018s :Using formats path: C:\Program Files (x86)\Optris GmbH\IrDirectSDK\examples\matlab\Formats.def
DEBUG [OpSource.cpp:628] @ 0.566661s :Format found with size: 160
DEBUG [OpSource.cpp:376] @ 0.567412s :Using formats path: C:\Program Files (x86)\Optris GmbH\IrDirectSDK\examples\matlab\Formats.def
DEBUG [OpCorr.cpp:467] @ 0.580363s :Read cali: .\Cali-14110095.xml\Cali-14110095-48-M20-100.dat
DEBUG [OpCorr.cpp:557] @ 0.581021s :Read calibration of camera no 14110095, # of fields: 6 , start of fields: 40
DEBUG [ImageProcessing.cpp:1108] @ 0.909118s :Update flag temperature: 31
DEBUG [ImageProcessing.cpp:1111] @ 0.91761s :Update box temperature: 29.3438
DEBUG [Cali.cpp:639] @ 0.917804s :Calibration file path: 00000252A5506264/000000E32A9EC688.xml
DEBUG [SimpleXML.cpp:238] @ 0.918666s :Failed to open file .\Cali-14110095.xml\CaliExt-14110095.xml
DEBUG [IRImager.cpp:550] @ 0.931023s :Chip heating disabled
DEBUG [IRImager.cpp:1110] @ 1.12778s :Start flag calibration
DEBUG [OpFlag.cpp:591] @ 11.7994s :SkimDiff: -10 Adjust: -950 State: 1 EMax: 8491 Emin: 2454
DEBUG [ImageProcessing.cpp:526] @ 11.8123s :Skim_Adjust 4016
DEBUG [IRImager.cpp:1124] @ 11.9277s :Finished startup calibration
DEBUG [IRImager.cpp:1175] @ 26.6468s :Automatic control of shutter flag
DEBUG [OpFlag.cpp:591] @ 26.8069s :SkimDiff: -4 Adjust: -382 State: 1 EMax: 9074 Emin: 3022
DEBUG [ImageProcessing.cpp:526] @ 26.82s :Skim_Adjust 4015
DEBUG [IRImager.cpp:1175] @ 63.1428s :Automatic control of shutter flag
DEBUG [OpFlag.cpp:591] @ 63.3041s :SkimDiff: -4 Adjust: -320 State: 1 EMax: 9131 Emin: 3084
DEBUG [ImageProcessing.cpp:526] @ 63.3196s :Skim_Adjust 4014
DEBUG [IRImager.cpp:1175] @ 81.7836s :Automatic control of shutter flag
DEBUG [OpFlag.cpp:591] @ 81.9587s :SkimDiff: -3 Adjust: -260 State: 1 EMax: 9201 Emin: 3144
DEBUG [ImageProcessing.cpp:526] @ 81.9714s :Skim_Adjust 4013
DEBUG [IRImager.cpp:1175] @ 117.91s :Automatic control of shutter flag
DEBUG [OpFlag.cpp:591] @ 118.072s :SkimDiff: -3 Adjust: -205 State: 1 EMax: 9267 Emin: 3199
DEBUG [ImageProcessing.cpp:526] @ 118.084s :Skim_Adjust 4012
DEBUG [IRImager.cpp:1175] @ 137.079s :Automatic control of shutter flag
DEBUG [OpFlag.cpp:591] @ 137.255s :SkimDiff: -2 Adjust: -151 State: 1 EMax: 9333 Emin: 3253
DEBUG [ImageProcessing.cpp:526] @ 137.268s :Skim_Adjust 4011
DEBUG [IRImager.cpp:1175] @ 162.183s :Automatic control of shutter flag
DEBUG [OpFlag.cpp:591] @ 162.359s :SkimDiff: -1 Adjust: -91 State: 1 EMax: 9395 Emin: 3313
DEBUG [ImageProcessing.cpp:526] @ 162.372s :Skim_Adjust 4010
DEBUG [IRImager.cpp:1175] @ 186.614s :Automatic control of shutter flag
DEBUG [OpFlag.cpp:591] @ 186.775s :SkimDiff: -1 Adjust: -29 State: 1 EMax: 9471 Emin: 3375
DEBUG [ImageProcessing.cpp:526] @ 186.788s :Skim_Adjust 4009
DEBUG [IRImager.cpp:1175] @ 221.622s :Automatic control of shutter flag
DEBUG [OpFlag.cpp:591] @ 221.784s :SkimDiff: 0 Adjust: 0 State: 0 EMax: 9539 Emin: 3441
DEBUG [IRImager.cpp:1175] @ 245.062s :Automatic control of shutter flag
DEBUG [OpFlag.cpp:591] @ 245.223s :SkimDiff: 0 Adjust: 0 State: 0 EMax: 9544 Emin: 3451
DEBUG [IRImager.cpp:1175] @ 270.454s :Automatic control of shutter flag
DEBUG [OpFlag.cpp:591] @ 270.615s :SkimDiff: 0 Adjust: 0 State: 0 EMax: 9564 Emin: 3450
DEBUG [IRImager.cpp:1175] @ 286.935s :Automatic control of shutter flag
DEBUG [OpFlag.cpp:591] @ 287.111s :SkimDiff: 0 Adjust: 0 State: 0 EMax: 9570 Emin: 3452
DEBUG [IRImager.cpp:1175] @ 312.806s :Automatic control of shutter flag
DEBUG [OpFlag.cpp:591] @ 312.983s :SkimDiff: 0 Adjust: 0 State: 0 EMax: 9578 Emin: 3462
DEBUG [IRImager.cpp:1175] @ 340.183s :Automatic control of shutter flag
DEBUG [OpFlag.cpp:591] @ 340.359s :SkimDiff: 0 Adjust: 0 State: 0 EMax: 9599 Emin: 3469
DEBUG [IRImager.cpp:1175] @ 366.502s :Automatic control of shutter flag
DEBUG [OpFlag.cpp:591] @ 366.678s :SkimDiff: 0 Adjust: 0 State: 0 EMax: 9608 Emin: 3472
DEBUG [IRImager.cpp:1175] @ 398.998s :Automatic control of shutter flag
DEBUG [OpFlag.cpp:591] @ 399.159s :SkimDiff: 0 Adjust: 0 State: 0 EMax: 9619 Emin: 3476
DEBUG [IRImager.cpp:1175] @ 420.038s :Automatic control of shutter flag
DEBUG [OpFlag.cpp:591] @ 420.199s :SkimDiff: 0 Adjust: 0 State: 0 EMax: 9629 Emin: 3479
DEBUG [IRImager.cpp:1175] @ 435.782s :Automatic control of shutter flag
DEBUG [OpFlag.cpp:591] @ 435.943s :SkimDiff: 0 Adjust: 0 State: 0 EMax: 9635 Emin: 3489
DEBUG [IRImager.cpp:1175] @ 460.279s :Automatic control of shutter flag
DEBUG [OpFlag.cpp:591] @ 460.439s :SkimDiff: 0 Adjust: 0 State: 0 EMax: 9646 Emin: 3496
DEBUG [IRImager.cpp:1175] @ 496.054s :Automatic control of shutter flag
DEBUG [OpFlag.cpp:591] @ 496.215s :SkimDiff: 0 Adjust: 0 State: 0 EMax: 9662 Emin: 3494
DEBUG [IRImager.cpp:1175] @ 518.982s :Automatic control of shutter flag
DEBUG [OpFlag.cpp:591] @ 519.159s :SkimDiff: 0 Adjust: 0 State: 0 EMax: 9664 Emin: 3504
DEBUG [IRImager.cpp:1175] @ 559.318s :Automatic control of shutter flag
DEBUG [OpFlag.cpp:591] @ 559.495s :SkimDiff: 0 Adjust: 0 State: 0 EMax: 9683 Emin: 3516
DEBUG [IRImager.cpp:1175] @ 574.696s :Automatic control of shutter flag
DEBUG [OpFlag.cpp:591] @ 574.87s :SkimDiff: 0 Adjust: 0 State: 0 EMax: 9689 Emin: 3517
DEBUG [IRImager.cpp:665] @ 579.5s :Release imager
DEBUG [BaseControlDevice.cpp:26] @ 579.552s :Base destructor called
DEBUG [IRImager.cpp:672] @ 579.553s :Delete image processing
DEBUG [IRImager.cpp:679] @ 579.563s :Delete buffer
DEBUG [IRImager.cpp:687] @ 579.563s :Delete source buffer
DEBUG [IRImager.cpp:694] @ 579.563s :Delete buffer (energy)
DEBUG [IRImager.cpp:701] @ 579.563s :Delete timer
DEBUG [IRImager.cpp:707] @ 579.563s :Delete manual timer
