DEBUG [IRLogger.cpp:105] @ 0.0016608s :***************************************************
DEBUG [IRLogger.cpp:106] @ 0.0017627s :* IRImagerDirect SDK                              *
DEBUG [IRLogger.cpp:107] @ 0.001787s :***************************************************
DEBUG [IRLogger.cpp:113] @ 0.0019252s :* Native Machine:      AMD64
DEBUG [IRLogger.cpp:114] @ 0.0019457s :* Machine:             AMD64
DEBUG [IRLogger.cpp:116] @ 0.0019743s :* OS:                  Windows 10 0 26100
DEBUG [IRLogger.cpp:123] @ 0.0019877s :***************************************************
DEBUG [IRDeviceParams.cpp:204] @ 0.0025518s :Parameters
DEBUG [IRDeviceParams.cpp:205] @ 0.0025697s :serial: 14110095
DEBUG [IRDeviceParams.cpp:206] @ 0.0025777s :videoformatindex: 0
DEBUG [IRDeviceParams.cpp:207] @ 0.0025849s :fov: 0
DEBUG [IRDeviceParams.cpp:208] @ 0.0025923s :optics_text: 0000000000000000
DEBUG [IRDeviceParams.cpp:209] @ 0.0025998s :formatspath: 00000204E4DD6BF0
DEBUG [IRDeviceParams.cpp:210] @ 0.0026079s :calipath: 00000204EF5397C0
DEBUG [IRDeviceParams.cpp:211] @ 0.0026158s :temperature min: 0
DEBUG [IRDeviceParams.cpp:212] @ 0.0026225s :temperature max: 0
DEBUG [IRDeviceParams.cpp:213] @ 0.0026301s :framerate: 32
DEBUG [IRDeviceParams.cpp:214] @ 0.0026373s :bispectral: 0
DEBUG [IRDeviceParams.cpp:215] @ 0.0026438s :flag automatic: 1
DEBUG [IRDeviceParams.cpp:216] @ 0.0026506s :min interval: 15
DEBUG [IRDeviceParams.cpp:217] @ 0.0026578s :max interval: 0
DEBUG [IRDeviceParams.cpp:218] @ 0.0026645s :chip heating mode: 0
DEBUG [IRDeviceParams.cpp:219] @ 0.0026716s :chip heating fixed val: 40
DEBUG [IRDeviceParams.cpp:220] @ 0.0026787s :focus:  -1
DEBUG [IRDeviceParams.cpp:221] @ 0.0026869s :enable extended temp range: 0
DEBUG [IRDeviceParams.cpp:222] @ 0.0026946s :buffer queue size: 5
DEBUG [IRDeviceParams.cpp:223] @ 0.0027013s :enable high precision: 0
DEBUG [IRDeviceParams.cpp:224] @ 0.002708s :radialDistortionCorrectionMode: 0
DEBUG [IRDeviceParams.cpp:225] @ 0.0027148s :deviceAPI: 0
DEBUG [IRDeviceParams.cpp:226] @ 0.0027215s :useExternalProbeForReferencing: 0
DEBUG [IRDeviceParams.cpp:227] @ 0.0027281s :enableMultiThreading: 0
DEBUG [IRDeviceParams.cpp:232] @ 0.0027364s :ethernetDevice.deviceIpAddress: 0.0.0.0
DEBUG [IRDeviceParams.cpp:233] @ 0.0027429s :ethernetDevice.localUdpPort: 0
DEBUG [IRDeviceParams.cpp:234] @ 0.0027498s :ethernetDevice.checkUdpSenderIp: 1
DEBUG [Cali.cpp:87] @ 0.353526s :Calibration directory path: .\Cali-14110095.xml
DEBUG [Cali.cpp:88] @ 0.353559s :Calibration file name: Cali-14110095.xml
DEBUG [Cali.cpp:98] @ 0.353878s :Calibration data A: 1450 B:400 C:4095 D:1000
INFO [IRImager.cpp:266] @ 0.35499s :Init thermal imager to 14110095 with size: 160x121@120 Hz
DEBUG [Cali.cpp:87] @ 0.355272s :Calibration directory path: .\Cali-14110095.xml
DEBUG [Cali.cpp:88] @ 0.355283s :Calibration file name: Cali-14110095.xml
DEBUG [Cali.cpp:98] @ 0.355507s :Calibration data A: 1450 B:400 C:4095 D:1000
DEBUG [Cali.cpp:87] @ 0.356168s :Calibration directory path: .\Cali-14110095.xml
DEBUG [Cali.cpp:88] @ 0.356182s :Calibration file name: Cali-14110095.xml
DEBUG [Cali.cpp:98] @ 0.35639s :Calibration data A: 1450 B:400 C:4095 D:1000
DEBUG [IRImager.cpp:300] @ 0.356434s :No temperature range configuration specified. Setting default values tMin: -20 , tMax: 100
DEBUG [IRImager.cpp:377] @ 0.356747s :Using HID control interface
DEBUG [IRImager.cpp:417] @ 0.378865s :Initialized HID control interface to device with HW:21 FW:2025
DEBUG [IRImager.cpp:438] @ 0.37895s :Frameconfig - width(in): 160, height(in): 121, interval: 83333, max framerate: 120, HW interval: 0.00833333
DEBUG [Cali.cpp:87] @ 0.378987s :Calibration directory path: .\Cali-14110095.xml
DEBUG [Cali.cpp:88] @ 0.37901s :Calibration file name: Cali-14110095.xml
DEBUG [Cali.cpp:98] @ 0.379855s :Calibration data A: 1450 B:400 C:4095 D:1000
DEBUG [ImageProcessing.cpp:200] @ 0.40346s :Source buffer size: 38720 Width: 160 Height: 121
DEBUG [ImageProcessing.cpp:121] @ 0.478603s :Source buffer size: 38720 Width: 160 Height: 121
DEBUG [OpSource.cpp:376] @ 0.479561s :Using formats path: C:\Program Files (x86)\Optris GmbH\IrDirectSDK\examples\matlab\Formats.def
DEBUG [OpSource.cpp:628] @ 0.480075s :Format found with size: 160
DEBUG [OpSource.cpp:791] @ 0.48019s :Selected Format:"PI160 160x120 @ 120Hz"
DEBUG [IRImager.cpp:844] @ 0.480383s :Caught onFrameInit with size: 160x120
DEBUG [OpSource.cpp:376] @ 0.481152s :Using formats path: C:\Program Files (x86)\Optris GmbH\IrDirectSDK\examples\matlab\Formats.def
DEBUG [OpSource.cpp:628] @ 0.481485s :Format found with size: 160
DEBUG [OpSource.cpp:376] @ 0.481908s :Using formats path: C:\Program Files (x86)\Optris GmbH\IrDirectSDK\examples\matlab\Formats.def
DEBUG [OpCorr.cpp:467] @ 0.496309s :Read cali: .\Cali-14110095.xml\Cali-14110095-48-M20-100.dat
DEBUG [OpCorr.cpp:557] @ 0.496987s :Read calibration of camera no 14110095, # of fields: 6 , start of fields: 40
DEBUG [ImageProcessing.cpp:1108] @ 0.792531s :Update flag temperature: 30.875
DEBUG [ImageProcessing.cpp:1111] @ 0.800723s :Update box temperature: 28.875
DEBUG [Cali.cpp:639] @ 0.800807s :Calibration file path: 00000204EF89AFA4/0000002B0F3ECC18.xml
DEBUG [SimpleXML.cpp:238] @ 0.801376s :Failed to open file .\Cali-14110095.xml\CaliExt-14110095.xml
DEBUG [IRImager.cpp:550] @ 0.824648s :Chip heating disabled
DEBUG [IRImager.cpp:1110] @ 0.951073s :Start flag calibration
DEBUG [OpFlag.cpp:591] @ 11.6241s :SkimDiff: -11 Adjust: -1069 State: 1 EMax: 8459 Emin: 2335
DEBUG [ImageProcessing.cpp:526] @ 11.6368s :Skim_Adjust 4015
DEBUG [IRImager.cpp:1124] @ 11.7516s :Finished startup calibration
DEBUG [IRImager.cpp:1175] @ 33.9753s :Automatic control of shutter flag
DEBUG [OpFlag.cpp:591] @ 34.1367s :SkimDiff: -4 Adjust: -379 State: 1 EMax: 9119 Emin: 3025
DEBUG [ImageProcessing.cpp:526] @ 34.1492s :Skim_Adjust 4014
DEBUG [IRImager.cpp:665] @ 58.5723s :Release imager
DEBUG [BaseControlDevice.cpp:26] @ 58.6192s :Base destructor called
DEBUG [IRImager.cpp:672] @ 58.6193s :Delete image processing
DEBUG [IRImager.cpp:679] @ 58.6288s :Delete buffer
DEBUG [IRImager.cpp:687] @ 58.6289s :Delete source buffer
DEBUG [IRImager.cpp:694] @ 58.6289s :Delete buffer (energy)
DEBUG [IRImager.cpp:701] @ 58.6289s :Delete timer
DEBUG [IRImager.cpp:707] @ 58.6289s :Delete manual timer
