DEBUG [IRLogger.cpp:105] @ 0.0003847s :***************************************************
DEBUG [IRLogger.cpp:106] @ 0.0004545s :* IRImagerDirect SDK                              *
DEBUG [IRLogger.cpp:107] @ 0.0004745s :***************************************************
DEBUG [IRLogger.cpp:113] @ 0.0004905s :* Native Machine:      AMD64
DEBUG [IRLogger.cpp:114] @ 0.0005043s :* Machine:             AMD64
DEBUG [IRLogger.cpp:116] @ 0.000527s :* OS:                  Windows 10 0 26100
DEBUG [IRLogger.cpp:123] @ 0.0005403s :***************************************************
DEBUG [IRDeviceParams.cpp:204] @ 0.0027342s :Parameters
DEBUG [IRDeviceParams.cpp:205] @ 0.002751s :serial: 14110095
DEBUG [IRDeviceParams.cpp:206] @ 0.002759s :videoformatindex: 0
DEBUG [IRDeviceParams.cpp:207] @ 0.0027656s :fov: 0
DEBUG [IRDeviceParams.cpp:208] @ 0.0027736s :optics_text: 0000000000000000
DEBUG [IRDeviceParams.cpp:209] @ 0.0027801s :formatspath: 000001DF27B494E0
DEBUG [IRDeviceParams.cpp:210] @ 0.0027873s :calipath: 000001DF27FCC530
DEBUG [IRDeviceParams.cpp:211] @ 0.0027934s :temperature min: 0
DEBUG [IRDeviceParams.cpp:212] @ 0.0027996s :temperature max: 0
DEBUG [IRDeviceParams.cpp:213] @ 0.0028065s :framerate: 32
DEBUG [IRDeviceParams.cpp:214] @ 0.0028128s :bispectral: 0
DEBUG [IRDeviceParams.cpp:215] @ 0.002819s :flag automatic: 1
DEBUG [IRDeviceParams.cpp:216] @ 0.0028258s :min interval: 15
DEBUG [IRDeviceParams.cpp:217] @ 0.0028324s :max interval: 0
DEBUG [IRDeviceParams.cpp:218] @ 0.00284s :chip heating mode: 0
DEBUG [IRDeviceParams.cpp:219] @ 0.0028466s :chip heating fixed val: 40
DEBUG [IRDeviceParams.cpp:220] @ 0.0028535s :focus:  -1
DEBUG [IRDeviceParams.cpp:221] @ 0.0028611s :enable extended temp range: 0
DEBUG [IRDeviceParams.cpp:222] @ 0.0028678s :buffer queue size: 5
DEBUG [IRDeviceParams.cpp:223] @ 0.0028743s :enable high precision: 0
DEBUG [IRDeviceParams.cpp:224] @ 0.0028808s :radialDistortionCorrectionMode: 0
DEBUG [IRDeviceParams.cpp:225] @ 0.0028872s :deviceAPI: 0
DEBUG [IRDeviceParams.cpp:226] @ 0.0028936s :useExternalProbeForReferencing: 0
DEBUG [IRDeviceParams.cpp:227] @ 0.0029009s :enableMultiThreading: 0
DEBUG [IRDeviceParams.cpp:232] @ 0.0029087s :ethernetDevice.deviceIpAddress: 0.0.0.0
DEBUG [IRDeviceParams.cpp:233] @ 0.0029151s :ethernetDevice.localUdpPort: 0
DEBUG [IRDeviceParams.cpp:234] @ 0.0029213s :ethernetDevice.checkUdpSenderIp: 1
DEBUG [Cali.cpp:87] @ 0.220989s :Calibration directory path: .\Cali-14110095.xml
DEBUG [Cali.cpp:88] @ 0.221017s :Calibration file name: Cali-14110095.xml
DEBUG [Cali.cpp:98] @ 0.221298s :Calibration data A: 1450 B:400 C:4095 D:1000
INFO [IRImager.cpp:266] @ 0.22235s :Init thermal imager to 14110095 with size: 160x121@120 Hz
DEBUG [Cali.cpp:87] @ 0.222616s :Calibration directory path: .\Cali-14110095.xml
DEBUG [Cali.cpp:88] @ 0.222627s :Calibration file name: Cali-14110095.xml
DEBUG [Cali.cpp:98] @ 0.222843s :Calibration data A: 1450 B:400 C:4095 D:1000
DEBUG [Cali.cpp:87] @ 0.223542s :Calibration directory path: .\Cali-14110095.xml
DEBUG [Cali.cpp:88] @ 0.223555s :Calibration file name: Cali-14110095.xml
DEBUG [Cali.cpp:98] @ 0.223769s :Calibration data A: 1450 B:400 C:4095 D:1000
DEBUG [IRImager.cpp:300] @ 0.223811s :No temperature range configuration specified. Setting default values tMin: -20 , tMax: 100
DEBUG [IRImager.cpp:377] @ 0.224142s :Using HID control interface
DEBUG [IRImager.cpp:417] @ 0.240708s :Initialized HID control interface to device with HW:21 FW:2025
DEBUG [IRImager.cpp:438] @ 0.240743s :Frameconfig - width(in): 160, height(in): 121, interval: 83333, max framerate: 120, HW interval: 0.00833333
DEBUG [Cali.cpp:87] @ 0.240761s :Calibration directory path: .\Cali-14110095.xml
DEBUG [Cali.cpp:88] @ 0.24077s :Calibration file name: Cali-14110095.xml
DEBUG [Cali.cpp:98] @ 0.241097s :Calibration data A: 1450 B:400 C:4095 D:1000
DEBUG [ImageProcessing.cpp:200] @ 0.257207s :Source buffer size: 38720 Width: 160 Height: 121
DEBUG [ImageProcessing.cpp:121] @ 0.323272s :Source buffer size: 38720 Width: 160 Height: 121
DEBUG [OpSource.cpp:376] @ 0.324091s :Using formats path: C:\Program Files (x86)\Optris GmbH\IrDirectSDK\examples\matlab\Formats.def
DEBUG [OpSource.cpp:628] @ 0.324688s :Format found with size: 160
DEBUG [OpSource.cpp:791] @ 0.324821s :Selected Format:"PI160 160x120 @ 120Hz"
DEBUG [IRImager.cpp:844] @ 0.324944s :Caught onFrameInit with size: 160x120
DEBUG [OpSource.cpp:376] @ 0.325558s :Using formats path: C:\Program Files (x86)\Optris GmbH\IrDirectSDK\examples\matlab\Formats.def
DEBUG [OpSource.cpp:628] @ 0.325865s :Format found with size: 160
DEBUG [OpSource.cpp:376] @ 0.326278s :Using formats path: C:\Program Files (x86)\Optris GmbH\IrDirectSDK\examples\matlab\Formats.def
DEBUG [OpCorr.cpp:467] @ 0.331839s :Read cali: .\Cali-14110095.xml\Cali-14110095-48-M20-100.dat
DEBUG [OpCorr.cpp:557] @ 0.33191s :Read calibration of camera no 14110095, # of fields: 6 , start of fields: 40
DEBUG [ImageProcessing.cpp:1108] @ 0.621289s :Update flag temperature: 31.4062
DEBUG [ImageProcessing.cpp:1111] @ 0.629467s :Update box temperature: 29.6797
DEBUG [Cali.cpp:639] @ 0.629531s :Calibration file path: 000001DF316CA2F4/00000016B5BEC518.xml
DEBUG [SimpleXML.cpp:238] @ 0.629916s :Failed to open file .\Cali-14110095.xml\CaliExt-14110095.xml
DEBUG [IRImager.cpp:550] @ 0.644553s :Chip heating disabled
DEBUG [IRImager.cpp:1110] @ 0.71717s :Start flag calibration
DEBUG [OpFlag.cpp:591] @ 11.3882s :SkimDiff: -10 Adjust: -984 State: 1 EMax: 8545 Emin: 2420
DEBUG [ImageProcessing.cpp:526] @ 11.3995s :Skim_Adjust 4016
DEBUG [IRImager.cpp:1124] @ 11.5165s :Finished startup calibration
DEBUG [IRImager.cpp:1175] @ 26.2362s :Automatic control of shutter flag
DEBUG [OpFlag.cpp:591] @ 26.3965s :SkimDiff: -4 Adjust: -377 State: 1 EMax: 9147 Emin: 3027
DEBUG [ImageProcessing.cpp:526] @ 26.4203s :Skim_Adjust 4015
DEBUG [IRImager.cpp:1175] @ 58.1241s :Automatic control of shutter flag
DEBUG [OpFlag.cpp:591] @ 58.2849s :SkimDiff: -4 Adjust: -307 State: 1 EMax: 9216 Emin: 3097
DEBUG [ImageProcessing.cpp:526] @ 58.2966s :Skim_Adjust 4014
DEBUG [IRImager.cpp:1175] @ 94.2692s :Automatic control of shutter flag
DEBUG [OpFlag.cpp:591] @ 94.4314s :SkimDiff: -3 Adjust: -242 State: 1 EMax: 9280 Emin: 3162
DEBUG [ImageProcessing.cpp:526] @ 94.4529s :Skim_Adjust 4013
DEBUG [IRImager.cpp:1175] @ 114.381s :Automatic control of shutter flag
DEBUG [OpFlag.cpp:591] @ 114.542s :SkimDiff: -2 Adjust: -182 State: 1 EMax: 9342 Emin: 3222
DEBUG [ImageProcessing.cpp:526] @ 114.567s :Skim_Adjust 4012
DEBUG [IRImager.cpp:1175] @ 148.141s :Automatic control of shutter flag
DEBUG [OpFlag.cpp:591] @ 148.302s :SkimDiff: -2 Adjust: -118 State: 1 EMax: 9404 Emin: 3286
DEBUG [ImageProcessing.cpp:526] @ 148.323s :Skim_Adjust 4011
DEBUG [IRImager.cpp:1175] @ 177.566s :Automatic control of shutter flag
DEBUG [OpFlag.cpp:591] @ 177.726s :SkimDiff: -1 Adjust: -63 State: 1 EMax: 9472 Emin: 3341
DEBUG [ImageProcessing.cpp:526] @ 177.739s :Skim_Adjust 4010
DEBUG [IRImager.cpp:1175] @ 204.605s :Automatic control of shutter flag
DEBUG [OpFlag.cpp:591] @ 204.787s :SkimDiff: -1 Adjust: -2 State: 1 EMax: 9535 Emin: 3402
DEBUG [ImageProcessing.cpp:526] @ 204.813s :Skim_Adjust 4009
DEBUG [IRImager.cpp:1175] @ 262.221s :Automatic control of shutter flag
DEBUG [OpFlag.cpp:591] @ 262.397s :SkimDiff: 0 Adjust: 0 State: 0 EMax: 9605 Emin: 3470
DEBUG [IRImager.cpp:1175] @ 289.084s :Automatic control of shutter flag
DEBUG [OpFlag.cpp:591] @ 289.261s :SkimDiff: 0 Adjust: 0 State: 0 EMax: 9616 Emin: 3467
DEBUG [IRImager.cpp:1175] @ 321.582s :Automatic control of shutter flag
DEBUG [OpFlag.cpp:591] @ 321.758s :SkimDiff: 0 Adjust: 0 State: 0 EMax: 9626 Emin: 3476
DEBUG [IRImager.cpp:1175] @ 385.28s :Automatic control of shutter flag
DEBUG [OpFlag.cpp:591] @ 385.453s :SkimDiff: 0 Adjust: 0 State: 0 EMax: 9643 Emin: 3479
DEBUG [IRImager.cpp:1175] @ 429.549s :Automatic control of shutter flag
DEBUG [OpFlag.cpp:591] @ 429.726s :SkimDiff: 0 Adjust: 0 State: 0 EMax: 9654 Emin: 3489
DEBUG [IRImager.cpp:1175] @ 482.461s :Automatic control of shutter flag
DEBUG [OpFlag.cpp:591] @ 482.623s :SkimDiff: 0 Adjust: 0 State: 0 EMax: 9664 Emin: 3496
DEBUG [IRImager.cpp:1175] @ 552.094s :Automatic control of shutter flag
DEBUG [OpFlag.cpp:591] @ 552.272s :SkimDiff: 0 Adjust: 0 State: 0 EMax: 9683 Emin: 3497
DEBUG [IRImager.cpp:1175] @ 619.74s :Automatic control of shutter flag
DEBUG [OpFlag.cpp:591] @ 619.918s :SkimDiff: 0 Adjust: 0 State: 0 EMax: 9696 Emin: 3509
DEBUG [IRImager.cpp:1175] @ 653.582s :Automatic control of shutter flag
DEBUG [OpFlag.cpp:591] @ 653.758s :SkimDiff: 0 Adjust: 0 State: 0 EMax: 9698 Emin: 3511
DEBUG [IRImager.cpp:1175] @ 696.767s :Automatic control of shutter flag
DEBUG [OpFlag.cpp:591] @ 696.925s :SkimDiff: 0 Adjust: 0 State: 0 EMax: 9707 Emin: 3522
DEBUG [IRImager.cpp:1175] @ 777.325s :Automatic control of shutter flag
DEBUG [OpFlag.cpp:591] @ 777.5s :SkimDiff: 0 Adjust: 0 State: 0 EMax: 9730 Emin: 3529
DEBUG [IRImager.cpp:1175] @ 828.221s :Automatic control of shutter flag
DEBUG [OpFlag.cpp:591] @ 828.397s :SkimDiff: 0 Adjust: 0 State: 0 EMax: 9735 Emin: 3526
DEBUG [IRImager.cpp:1175] @ 935.006s :Automatic control of shutter flag
DEBUG [OpFlag.cpp:591] @ 935.168s :SkimDiff: 0 Adjust: 0 State: 0 EMax: 9755 Emin: 3538
DEBUG [IRImager.cpp:1175] @ 1016.49s :Automatic control of shutter flag
DEBUG [OpFlag.cpp:591] @ 1016.65s :SkimDiff: 0 Adjust: 0 State: 0 EMax: 9763 Emin: 3545
DEBUG [IRImager.cpp:1175] @ 1065.74s :Automatic control of shutter flag
DEBUG [OpFlag.cpp:591] @ 1065.92s :SkimDiff: 0 Adjust: 0 State: 0 EMax: 9763 Emin: 3547
DEBUG [IRImager.cpp:1175] @ 1204.78s :Automatic control of shutter flag
DEBUG [OpFlag.cpp:591] @ 1204.94s :SkimDiff: 0 Adjust: 0 State: 0 EMax: 9779 Emin: 3558
DEBUG [IRImager.cpp:1175] @ 1324.28s :Automatic control of shutter flag
DEBUG [OpFlag.cpp:591] @ 1324.46s :SkimDiff: 0 Adjust: 0 State: 0 EMax: 9794 Emin: 3557
DEBUG [IRImager.cpp:1175] @ 1345.41s :Automatic control of shutter flag
DEBUG [OpFlag.cpp:591] @ 1345.58s :SkimDiff: 0 Adjust: 0 State: 0 EMax: 9794 Emin: 3556
DEBUG [IRImager.cpp:1175] @ 1379.82s :Automatic control of shutter flag
DEBUG [OpFlag.cpp:591] @ 1379.98s :SkimDiff: 0 Adjust: 0 State: 0 EMax: 9798 Emin: 3563
DEBUG [IRImager.cpp:1175] @ 1505.01s :Automatic control of shutter flag
DEBUG [OpFlag.cpp:591] @ 1505.18s :SkimDiff: 0 Adjust: 0 State: 0 EMax: 9804 Emin: 3566
DEBUG [IRImager.cpp:1175] @ 1624.17s :Automatic control of shutter flag
DEBUG [OpFlag.cpp:591] @ 1624.34s :SkimDiff: 0 Adjust: 0 State: 0 EMax: 9812 Emin: 3569
ERROR [OpMetadata.cpp:85] @ 2148.42s :Drop frame due possible data corruption: 4294462526 1.82812 3.39062 11.6082
DEBUG [IRImager.cpp:1175] @ 2148.42s :Automatic control of shutter flag
ERROR [OpMetadata.cpp:85] @ 2148.6s :Drop frame due possible data corruption: 1 0 0 1.11856
DEBUG [OpFlag.cpp:591] @ 2148.61s :SkimDiff: 67 Adjust: 6443 State: 2 EMax: 20076 Emin: 14729
DEBUG [ImageProcessing.cpp:526] @ 2148.63s :Skim_Adjust 4076
DEBUG [IRImager.cpp:1175] @ 2163.44s :Automatic control of shutter flag
DEBUG [OpFlag.cpp:591] @ 2163.61s :SkimDiff: -21 Adjust: -3051 State: 1 EMax: 5410 Emin: 353
DEBUG [ImageProcessing.cpp:526] @ 2163.63s :Skim_Adjust 4055
DEBUG [IRImager.cpp:1175] @ 2225.88s :Automatic control of shutter flag
ERROR [OpMetadata.cpp:85] @ 2225.92s :Drop frame due possible data corruption: 6280 0.046875 0.359375 2.28683
DEBUG [OpFlag.cpp:591] @ 2226.04s :SkimDiff: -22 Adjust: -3075 State: 1 EMax: 5443 Emin: 329
DEBUG [ImageProcessing.cpp:526] @ 2226.06s :Skim_Adjust 4033
DEBUG [IRImager.cpp:1175] @ 2240.88s :Automatic control of shutter flag
DEBUG [OpFlag.cpp:591] @ 2241.05s :SkimDiff: -22 Adjust: -3131 State: 1 EMax: 5538 Emin: 273
DEBUG [ImageProcessing.cpp:526] @ 2241.06s :Skim_Adjust 4011
DEBUG [IRImager.cpp:1175] @ 2255.89s :Automatic control of shutter flag
DEBUG [OpFlag.cpp:591] @ 2256.06s :SkimDiff: -22 Adjust: -3142 State: 1 EMax: 5545 Emin: 262
DEBUG [ImageProcessing.cpp:526] @ 2256.08s :Skim_Adjust 3989
DEBUG [IRImager.cpp:1175] @ 2270.9s :Automatic control of shutter flag
DEBUG [OpFlag.cpp:591] @ 2271.06s :SkimDiff: -22 Adjust: -3150 State: 1 EMax: 5548 Emin: 254
DEBUG [ImageProcessing.cpp:526] @ 2271.08s :Skim_Adjust 3967
DEBUG [IRImager.cpp:1175] @ 2285.91s :Automatic control of shutter flag
DEBUG [OpFlag.cpp:591] @ 2286.08s :SkimDiff: -22 Adjust: -3156 State: 1 EMax: 5556 Emin: 248
DEBUG [ImageProcessing.cpp:526] @ 2286.11s :Skim_Adjust 3945
DEBUG [IRImager.cpp:1175] @ 2301.03s :Automatic control of shutter flag
DEBUG [OpFlag.cpp:591] @ 2301.19s :SkimDiff: -22 Adjust: -3158 State: 1 EMax: 5551 Emin: 246
DEBUG [ImageProcessing.cpp:526] @ 2301.22s :Skim_Adjust 3923
DEBUG [IRImager.cpp:1175] @ 2316.04s :Automatic control of shutter flag
DEBUG [OpFlag.cpp:591] @ 2316.2s :SkimDiff: -22 Adjust: -3164 State: 1 EMax: 5558 Emin: 240
DEBUG [ImageProcessing.cpp:526] @ 2316.22s :Skim_Adjust 3901
DEBUG [IRImager.cpp:1175] @ 2331.05s :Automatic control of shutter flag
DEBUG [OpFlag.cpp:591] @ 2331.2s :SkimDiff: -22 Adjust: -3170 State: 1 EMax: 5556 Emin: 234
DEBUG [ImageProcessing.cpp:526] @ 2331.22s :Skim_Adjust 3879
DEBUG [IRImager.cpp:1175] @ 2346.05s :Automatic control of shutter flag
DEBUG [OpFlag.cpp:591] @ 2346.21s :SkimDiff: -22 Adjust: -3174 State: 1 EMax: 5563 Emin: 230
DEBUG [ImageProcessing.cpp:526] @ 2346.24s :Skim_Adjust 3857
DEBUG [IRImager.cpp:1175] @ 2362.39s :Automatic control of shutter flag
DEBUG [OpFlag.cpp:591] @ 2362.55s :SkimDiff: -22 Adjust: -3177 State: 1 EMax: 5560 Emin: 227
DEBUG [ImageProcessing.cpp:526] @ 2362.57s :Skim_Adjust 3835
DEBUG [IRImager.cpp:1175] @ 2383.11s :Automatic control of shutter flag
DEBUG [OpFlag.cpp:591] @ 2383.27s :SkimDiff: -22 Adjust: -3182 State: 1 EMax: 5565 Emin: 222
DEBUG [ImageProcessing.cpp:526] @ 2383.3s :Skim_Adjust 3813
DEBUG [IRImager.cpp:1175] @ 2399.35s :Automatic control of shutter flag
DEBUG [OpFlag.cpp:591] @ 2399.51s :SkimDiff: -22 Adjust: -3183 State: 1 EMax: 5563 Emin: 221
DEBUG [ImageProcessing.cpp:526] @ 2399.53s :Skim_Adjust 3791
DEBUG [IRImager.cpp:1175] @ 2435.54s :Automatic control of shutter flag
DEBUG [OpFlag.cpp:591] @ 2435.72s :SkimDiff: -22 Adjust: -3192 State: 1 EMax: 5566 Emin: 212
DEBUG [ImageProcessing.cpp:526] @ 2435.74s :Skim_Adjust 3769
DEBUG [IRImager.cpp:1175] @ 2456.82s :Automatic control of shutter flag
DEBUG [OpFlag.cpp:591] @ 2456.98s :SkimDiff: -22 Adjust: -3198 State: 1 EMax: 5571 Emin: 206
DEBUG [ImageProcessing.cpp:526] @ 2457.01s :Skim_Adjust 3747
DEBUG [IRImager.cpp:665] @ 2459.27s :Release imager
DEBUG [BaseControlDevice.cpp:26] @ 2459.32s :Base destructor called
DEBUG [IRImager.cpp:672] @ 2459.32s :Delete image processing
DEBUG [IRImager.cpp:679] @ 2459.33s :Delete buffer
DEBUG [IRImager.cpp:687] @ 2459.33s :Delete source buffer
DEBUG [IRImager.cpp:694] @ 2459.33s :Delete buffer (energy)
DEBUG [IRImager.cpp:701] @ 2459.33s :Delete timer
DEBUG [IRImager.cpp:707] @ 2459.33s :Delete manual timer
