DEBUG [IRLogger.cpp:105] @ 0.0004537s :***************************************************
DEBUG [IRLogger.cpp:106] @ 0.0005613s :* IRImagerDirect SDK                              *
DEBUG [IRLogger.cpp:107] @ 0.0005972s :***************************************************
DEBUG [IRLogger.cpp:113] @ 0.0006133s :* Native Machine:      AMD64
DEBUG [IRLogger.cpp:114] @ 0.0006266s :* Machine:             AMD64
DEBUG [IRLogger.cpp:116] @ 0.0006496s :* OS:                  Windows 10 0 26100
DEBUG [IRLogger.cpp:123] @ 0.0006619s :***************************************************
DEBUG [IRDeviceParams.cpp:204] @ 0.0014213s :Parameters
DEBUG [IRDeviceParams.cpp:205] @ 0.0014406s :serial: 14110095
DEBUG [IRDeviceParams.cpp:206] @ 0.0014488s :videoformatindex: 0
DEBUG [IRDeviceParams.cpp:207] @ 0.0014561s :fov: 0
DEBUG [IRDeviceParams.cpp:208] @ 0.0014639s :optics_text: 0000000000000000
DEBUG [IRDeviceParams.cpp:209] @ 0.0014712s :formatspath: 000002AE5910AC60
DEBUG [IRDeviceParams.cpp:210] @ 0.0014793s :calipath: 000002AE590FF1D0
DEBUG [IRDeviceParams.cpp:211] @ 0.0014865s :temperature min: 0
DEBUG [IRDeviceParams.cpp:212] @ 0.0014934s :temperature max: 0
DEBUG [IRDeviceParams.cpp:213] @ 0.0015016s :framerate: 32
DEBUG [IRDeviceParams.cpp:214] @ 0.0015086s :bispectral: 0
DEBUG [IRDeviceParams.cpp:215] @ 0.0015159s :flag automatic: 1
DEBUG [IRDeviceParams.cpp:216] @ 0.0015232s :min interval: 15
DEBUG [IRDeviceParams.cpp:217] @ 0.0015318s :max interval: 0
DEBUG [IRDeviceParams.cpp:218] @ 0.0015389s :chip heating mode: 0
DEBUG [IRDeviceParams.cpp:219] @ 0.0015462s :chip heating fixed val: 40
DEBUG [IRDeviceParams.cpp:220] @ 0.0015536s :focus:  -1
DEBUG [IRDeviceParams.cpp:221] @ 0.0015629s :enable extended temp range: 0
DEBUG [IRDeviceParams.cpp:222] @ 0.0015712s :buffer queue size: 5
DEBUG [IRDeviceParams.cpp:223] @ 0.0015783s :enable high precision: 0
DEBUG [IRDeviceParams.cpp:224] @ 0.0015861s :radialDistortionCorrectionMode: 0
DEBUG [IRDeviceParams.cpp:225] @ 0.0015934s :deviceAPI: 0
DEBUG [IRDeviceParams.cpp:226] @ 0.0016009s :useExternalProbeForReferencing: 0
DEBUG [IRDeviceParams.cpp:227] @ 0.0016084s :enableMultiThreading: 0
DEBUG [IRDeviceParams.cpp:232] @ 0.0016171s :ethernetDevice.deviceIpAddress: 0.0.0.0
DEBUG [IRDeviceParams.cpp:233] @ 0.0016241s :ethernetDevice.localUdpPort: 0
DEBUG [IRDeviceParams.cpp:234] @ 0.0016314s :ethernetDevice.checkUdpSenderIp: 1
DEBUG [Cali.cpp:87] @ 0.299548s :Calibration directory path: .\Cali-14110095.xml
DEBUG [Cali.cpp:88] @ 0.299579s :Calibration file name: Cali-14110095.xml
DEBUG [Cali.cpp:98] @ 0.299872s :Calibration data A: 1450 B:400 C:4095 D:1000
INFO [IRImager.cpp:266] @ 0.301134s :Init thermal imager to 14110095 with size: 160x121@120 Hz
DEBUG [Cali.cpp:87] @ 0.301433s :Calibration directory path: .\Cali-14110095.xml
DEBUG [Cali.cpp:88] @ 0.301447s :Calibration file name: Cali-14110095.xml
DEBUG [Cali.cpp:98] @ 0.301701s :Calibration data A: 1450 B:400 C:4095 D:1000
DEBUG [Cali.cpp:87] @ 0.302499s :Calibration directory path: .\Cali-14110095.xml
DEBUG [Cali.cpp:88] @ 0.302515s :Calibration file name: Cali-14110095.xml
DEBUG [Cali.cpp:98] @ 0.302763s :Calibration data A: 1450 B:400 C:4095 D:1000
DEBUG [IRImager.cpp:300] @ 0.302818s :No temperature range configuration specified. Setting default values tMin: -20 , tMax: 100
DEBUG [IRImager.cpp:377] @ 0.303206s :Using HID control interface
DEBUG [IRImager.cpp:417] @ 0.321489s :Initialized HID control interface to device with HW:21 FW:2025
DEBUG [IRImager.cpp:438] @ 0.321562s :Frameconfig - width(in): 160, height(in): 121, interval: 83333, max framerate: 120, HW interval: 0.00833333
DEBUG [Cali.cpp:87] @ 0.321591s :Calibration directory path: .\Cali-14110095.xml
DEBUG [Cali.cpp:88] @ 0.321604s :Calibration file name: Cali-14110095.xml
DEBUG [Cali.cpp:98] @ 0.322192s :Calibration data A: 1450 B:400 C:4095 D:1000
DEBUG [ImageProcessing.cpp:200] @ 0.337917s :Source buffer size: 38720 Width: 160 Height: 121
DEBUG [ImageProcessing.cpp:121] @ 0.412328s :Source buffer size: 38720 Width: 160 Height: 121
DEBUG [OpSource.cpp:376] @ 0.412913s :Using formats path: C:\Program Files (x86)\Optris GmbH\IrDirectSDK\examples\matlab\Formats.def
DEBUG [OpSource.cpp:628] @ 0.413211s :Format found with size: 160
DEBUG [OpSource.cpp:791] @ 0.413278s :Selected Format:"PI160 160x120 @ 120Hz"
DEBUG [IRImager.cpp:844] @ 0.413363s :Caught onFrameInit with size: 160x120
DEBUG [OpSource.cpp:376] @ 0.413726s :Using formats path: C:\Program Files (x86)\Optris GmbH\IrDirectSDK\examples\matlab\Formats.def
DEBUG [OpSource.cpp:628] @ 0.413903s :Format found with size: 160
DEBUG [OpSource.cpp:376] @ 0.414154s :Using formats path: C:\Program Files (x86)\Optris GmbH\IrDirectSDK\examples\matlab\Formats.def
DEBUG [OpCorr.cpp:467] @ 0.421246s :Read cali: .\Cali-14110095.xml\Cali-14110095-48-M20-100.dat
DEBUG [OpCorr.cpp:557] @ 0.421484s :Read calibration of camera no 14110095, # of fields: 6 , start of fields: 40
DEBUG [ImageProcessing.cpp:1108] @ 0.702005s :Update flag temperature: 29.9844
DEBUG [ImageProcessing.cpp:1111] @ 0.710294s :Update box temperature: 27.9453
DEBUG [Cali.cpp:639] @ 0.710339s :Calibration file path: 000002AE3C128E34/000000FE71FEC9B8.xml
DEBUG [SimpleXML.cpp:238] @ 0.710585s :Failed to open file .\Cali-14110095.xml\CaliExt-14110095.xml
DEBUG [IRImager.cpp:550] @ 0.733653s :Chip heating disabled
DEBUG [IRImager.cpp:1110] @ 0.801366s :Start flag calibration
DEBUG [OpFlag.cpp:591] @ 11.4731s :SkimDiff: -11 Adjust: -1088 State: 1 EMax: 8352 Emin: 2316
DEBUG [ImageProcessing.cpp:526] @ 11.4839s :Skim_Adjust 4015
DEBUG [IRImager.cpp:1124] @ 11.6017s :Finished startup calibration
DEBUG [IRImager.cpp:1175] @ 26.3212s :Automatic control of shutter flag
DEBUG [OpFlag.cpp:591] @ 26.4811s :SkimDiff: -5 Adjust: -444 State: 1 EMax: 8988 Emin: 2960
DEBUG [ImageProcessing.cpp:526] @ 26.492s :Skim_Adjust 4014
DEBUG [IRImager.cpp:665] @ 173.621s :Release imager
DEBUG [BaseControlDevice.cpp:26] @ 173.676s :Base destructor called
DEBUG [IRImager.cpp:672] @ 173.676s :Delete image processing
DEBUG [IRImager.cpp:679] @ 173.684s :Delete buffer
DEBUG [IRImager.cpp:687] @ 173.684s :Delete source buffer
DEBUG [IRImager.cpp:694] @ 173.684s :Delete buffer (energy)
DEBUG [IRImager.cpp:701] @ 173.684s :Delete timer
DEBUG [IRImager.cpp:707] @ 173.684s :Delete manual timer
