DEBUG [IRLogger.cpp:105] @ 0.0003761s :***************************************************
DEBUG [IRLogger.cpp:106] @ 0.0004582s :* IRImagerDirect SDK                              *
DEBUG [IRLogger.cpp:107] @ 0.0004793s :***************************************************
DEBUG [IRLogger.cpp:113] @ 0.000495s :* Native Machine:      AMD64
DEBUG [IRLogger.cpp:114] @ 0.0005924s :* Machine:             AMD64
DEBUG [IRLogger.cpp:116] @ 0.0006359s :* OS:                  Windows 10 0 26100
DEBUG [IRLogger.cpp:123] @ 0.0006497s :***************************************************
DEBUG [IRDeviceParams.cpp:204] @ 0.0024179s :Parameters
DEBUG [IRDeviceParams.cpp:205] @ 0.0024376s :serial: 14110095
DEBUG [IRDeviceParams.cpp:206] @ 0.0024459s :videoformatindex: 0
DEBUG [IRDeviceParams.cpp:207] @ 0.0024533s :fov: 0
DEBUG [IRDeviceParams.cpp:208] @ 0.0024608s :optics_text: 0000000000000000
DEBUG [IRDeviceParams.cpp:209] @ 0.0024682s :formatspath: 00000220D6BD7140
DEBUG [IRDeviceParams.cpp:210] @ 0.0024765s :calipath: 00000220D6DD19A0
DEBUG [IRDeviceParams.cpp:211] @ 0.0024838s :temperature min: 0
DEBUG [IRDeviceParams.cpp:212] @ 0.0024908s :temperature max: 0
DEBUG [IRDeviceParams.cpp:213] @ 0.0024986s :framerate: 32
DEBUG [IRDeviceParams.cpp:214] @ 0.0025055s :bispectral: 0
DEBUG [IRDeviceParams.cpp:215] @ 0.0025123s :flag automatic: 1
DEBUG [IRDeviceParams.cpp:216] @ 0.0025201s :min interval: 15
DEBUG [IRDeviceParams.cpp:217] @ 0.0025274s :max interval: 0
DEBUG [IRDeviceParams.cpp:218] @ 0.0025346s :chip heating mode: 0
DEBUG [IRDeviceParams.cpp:219] @ 0.002542s :chip heating fixed val: 40
DEBUG [IRDeviceParams.cpp:220] @ 0.00255s :focus:  -1
DEBUG [IRDeviceParams.cpp:221] @ 0.0025591s :enable extended temp range: 0
DEBUG [IRDeviceParams.cpp:222] @ 0.0025668s :buffer queue size: 5
DEBUG [IRDeviceParams.cpp:223] @ 0.0025752s :enable high precision: 0
DEBUG [IRDeviceParams.cpp:224] @ 0.0025826s :radialDistortionCorrectionMode: 0
DEBUG [IRDeviceParams.cpp:225] @ 0.0025896s :deviceAPI: 0
DEBUG [IRDeviceParams.cpp:226] @ 0.0025971s :useExternalProbeForReferencing: 0
DEBUG [IRDeviceParams.cpp:227] @ 0.0026045s :enableMultiThreading: 0
DEBUG [IRDeviceParams.cpp:232] @ 0.0026136s :ethernetDevice.deviceIpAddress: 0.0.0.0
DEBUG [IRDeviceParams.cpp:233] @ 0.0026209s :ethernetDevice.localUdpPort: 0
DEBUG [IRDeviceParams.cpp:234] @ 0.0026282s :ethernetDevice.checkUdpSenderIp: 1
DEBUG [Cali.cpp:87] @ 0.503586s :Calibration directory path: .\Cali-14110095.xml
DEBUG [Cali.cpp:88] @ 0.503651s :Calibration file name: Cali-14110095.xml
DEBUG [Cali.cpp:98] @ 0.505003s :Calibration data A: 1450 B:400 C:4095 D:1000
INFO [IRImager.cpp:266] @ 0.507833s :Init thermal imager to 14110095 with size: 160x121@120 Hz
DEBUG [Cali.cpp:87] @ 0.508776s :Calibration directory path: .\Cali-14110095.xml
DEBUG [Cali.cpp:88] @ 0.508815s :Calibration file name: Cali-14110095.xml
DEBUG [Cali.cpp:98] @ 0.509507s :Calibration data A: 1450 B:400 C:4095 D:1000
DEBUG [Cali.cpp:87] @ 0.511678s :Calibration directory path: .\Cali-14110095.xml
DEBUG [Cali.cpp:88] @ 0.511723s :Calibration file name: Cali-14110095.xml
DEBUG [Cali.cpp:98] @ 0.512299s :Calibration data A: 1450 B:400 C:4095 D:1000
DEBUG [IRImager.cpp:300] @ 0.51242s :No temperature range configuration specified. Setting default values tMin: -20 , tMax: 100
DEBUG [IRImager.cpp:377] @ 0.51343s :Using HID control interface
DEBUG [IRImager.cpp:417] @ 0.546297s :Initialized HID control interface to device with HW:21 FW:2025
DEBUG [IRImager.cpp:438] @ 0.546419s :Frameconfig - width(in): 160, height(in): 121, interval: 83333, max framerate: 120, HW interval: 0.00833333
DEBUG [Cali.cpp:87] @ 0.546465s :Calibration directory path: .\Cali-14110095.xml
DEBUG [Cali.cpp:88] @ 0.546486s :Calibration file name: Cali-14110095.xml
DEBUG [Cali.cpp:98] @ 0.547453s :Calibration data A: 1450 B:400 C:4095 D:1000
DEBUG [ImageProcessing.cpp:200] @ 0.562782s :Source buffer size: 38720 Width: 160 Height: 121
DEBUG [ImageProcessing.cpp:121] @ 0.628919s :Source buffer size: 38720 Width: 160 Height: 121
DEBUG [OpSource.cpp:376] @ 0.630146s :Using formats path: C:\Program Files (x86)\Optris GmbH\IrDirectSDK\examples\matlab\Formats.def
DEBUG [OpSource.cpp:628] @ 0.63083s :Format found with size: 160
DEBUG [OpSource.cpp:791] @ 0.631001s :Selected Format:"PI160 160x120 @ 120Hz"
DEBUG [IRImager.cpp:844] @ 0.631359s :Caught onFrameInit with size: 160x120
DEBUG [OpSource.cpp:376] @ 0.632169s :Using formats path: C:\Program Files (x86)\Optris GmbH\IrDirectSDK\examples\matlab\Formats.def
DEBUG [OpSource.cpp:628] @ 0.632512s :Format found with size: 160
DEBUG [OpSource.cpp:376] @ 0.633171s :Using formats path: C:\Program Files (x86)\Optris GmbH\IrDirectSDK\examples\matlab\Formats.def
DEBUG [OpCorr.cpp:467] @ 0.638862s :Read cali: .\Cali-14110095.xml\Cali-14110095-48-M20-100.dat
DEBUG [OpCorr.cpp:557] @ 0.639291s :Read calibration of camera no 14110095, # of fields: 6 , start of fields: 40
DEBUG [ImageProcessing.cpp:1108] @ 0.93503s :Update flag temperature: 29.7734
DEBUG [ImageProcessing.cpp:1111] @ 0.94341s :Update box temperature: 28.1172
DEBUG [Cali.cpp:639] @ 0.943459s :Calibration file path: 00000220D752DFF4/000000A366FECCA8.xml
DEBUG [SimpleXML.cpp:238] @ 0.943673s :Failed to open file .\Cali-14110095.xml\CaliExt-14110095.xml
DEBUG [IRImager.cpp:550] @ 0.958299s :Chip heating disabled
DEBUG [IRImager.cpp:1110] @ 1.04014s :Start flag calibration
DEBUG [OpFlag.cpp:591] @ 11.7121s :SkimDiff: -10 Adjust: -982 State: 1 EMax: 8342 Emin: 2422
DEBUG [ImageProcessing.cpp:526] @ 11.724s :Skim_Adjust 4016
DEBUG [IRImager.cpp:1124] @ 11.84s :Finished startup calibration
DEBUG [IRImager.cpp:1175] @ 26.5603s :Automatic control of shutter flag
DEBUG [OpFlag.cpp:591] @ 26.7222s :SkimDiff: -5 Adjust: -451 State: 1 EMax: 8891 Emin: 2953
DEBUG [ImageProcessing.cpp:526] @ 26.7343s :Skim_Adjust 4015
DEBUG [IRImager.cpp:1175] @ 41.5687s :Automatic control of shutter flag
DEBUG [OpFlag.cpp:591] @ 41.7292s :SkimDiff: -5 Adjust: -404 State: 1 EMax: 8942 Emin: 3000
DEBUG [ImageProcessing.cpp:526] @ 41.7421s :Skim_Adjust 4014
DEBUG [IRImager.cpp:1175] @ 57.6006s :Automatic control of shutter flag
DEBUG [OpFlag.cpp:591] @ 57.7771s :SkimDiff: -4 Adjust: -357 State: 1 EMax: 9003 Emin: 3047
DEBUG [ImageProcessing.cpp:526] @ 57.7889s :Skim_Adjust 4013
DEBUG [IRImager.cpp:1175] @ 86.1603s :Automatic control of shutter flag
DEBUG [OpFlag.cpp:591] @ 86.3206s :SkimDiff: -4 Adjust: -305 State: 1 EMax: 9058 Emin: 3099
DEBUG [ImageProcessing.cpp:526] @ 86.3321s :Skim_Adjust 4012
DEBUG [IRImager.cpp:665] @ 102.964s :Release imager
DEBUG [BaseControlDevice.cpp:26] @ 103.022s :Base destructor called
DEBUG [IRImager.cpp:672] @ 103.023s :Delete image processing
DEBUG [IRImager.cpp:679] @ 103.034s :Delete buffer
DEBUG [IRImager.cpp:687] @ 103.034s :Delete source buffer
DEBUG [IRImager.cpp:694] @ 103.034s :Delete buffer (energy)
DEBUG [IRImager.cpp:701] @ 103.034s :Delete timer
DEBUG [IRImager.cpp:707] @ 103.034s :Delete manual timer
