DEBUG [IRLogger.cpp:105] @ 0.0003348s :***************************************************
DEBUG [IRLogger.cpp:106] @ 0.0004043s :* IRImagerDirect SDK                              *
DEBUG [IRLogger.cpp:107] @ 0.0004245s :***************************************************
DEBUG [IRLogger.cpp:113] @ 0.0004409s :* Native Machine:      AMD64
DEBUG [IRLogger.cpp:114] @ 0.0004533s :* Machine:             AMD64
DEBUG [IRLogger.cpp:116] @ 0.0004746s :* OS:                  Windows 10 0 26100
DEBUG [IRLogger.cpp:123] @ 0.0004868s :***************************************************
DEBUG [IRDeviceParams.cpp:204] @ 0.0009799s :Parameters
DEBUG [IRDeviceParams.cpp:205] @ 0.0009996s :serial: 14110095
DEBUG [IRDeviceParams.cpp:206] @ 0.0010086s :videoformatindex: 0
DEBUG [IRDeviceParams.cpp:207] @ 0.0010161s :fov: 0
DEBUG [IRDeviceParams.cpp:208] @ 0.0010239s :optics_text: 0000000000000000
DEBUG [IRDeviceParams.cpp:209] @ 0.0010315s :formatspath: 000001D721A2DFB0
DEBUG [IRDeviceParams.cpp:210] @ 0.0010401s :calipath: 000001D72C4BF100
DEBUG [IRDeviceParams.cpp:211] @ 0.0010471s :temperature min: 0
DEBUG [IRDeviceParams.cpp:212] @ 0.001054s :temperature max: 0
DEBUG [IRDeviceParams.cpp:213] @ 0.0010618s :framerate: 32
DEBUG [IRDeviceParams.cpp:214] @ 0.0010683s :bispectral: 0
DEBUG [IRDeviceParams.cpp:215] @ 0.0010753s :flag automatic: 1
DEBUG [IRDeviceParams.cpp:216] @ 0.0010826s :min interval: 15
DEBUG [IRDeviceParams.cpp:217] @ 0.0010897s :max interval: 0
DEBUG [IRDeviceParams.cpp:218] @ 0.0010963s :chip heating mode: 0
DEBUG [IRDeviceParams.cpp:219] @ 0.0011036s :chip heating fixed val: 40
DEBUG [IRDeviceParams.cpp:220] @ 0.001111s :focus:  -1
DEBUG [IRDeviceParams.cpp:221] @ 0.0011197s :enable extended temp range: 0
DEBUG [IRDeviceParams.cpp:222] @ 0.0011266s :buffer queue size: 5
DEBUG [IRDeviceParams.cpp:223] @ 0.0011332s :enable high precision: 0
DEBUG [IRDeviceParams.cpp:224] @ 0.00114s :radialDistortionCorrectionMode: 0
DEBUG [IRDeviceParams.cpp:225] @ 0.0011471s :deviceAPI: 0
DEBUG [IRDeviceParams.cpp:226] @ 0.0011537s :useExternalProbeForReferencing: 0
DEBUG [IRDeviceParams.cpp:227] @ 0.0011601s :enableMultiThreading: 0
DEBUG [IRDeviceParams.cpp:232] @ 0.0011687s :ethernetDevice.deviceIpAddress: 0.0.0.0
DEBUG [IRDeviceParams.cpp:233] @ 0.0011815s :ethernetDevice.localUdpPort: 0
DEBUG [IRDeviceParams.cpp:234] @ 0.0011892s :ethernetDevice.checkUdpSenderIp: 1
DEBUG [Cali.cpp:87] @ 0.273847s :Calibration directory path: .\Cali-14110095.xml
DEBUG [Cali.cpp:88] @ 0.273879s :Calibration file name: Cali-14110095.xml
DEBUG [Cali.cpp:98] @ 0.274176s :Calibration data A: 1450 B:400 C:4095 D:1000
INFO [IRImager.cpp:266] @ 0.275292s :Init thermal imager to 14110095 with size: 160x121@120 Hz
DEBUG [Cali.cpp:87] @ 0.275611s :Calibration directory path: .\Cali-14110095.xml
DEBUG [Cali.cpp:88] @ 0.275623s :Calibration file name: Cali-14110095.xml
DEBUG [Cali.cpp:98] @ 0.275886s :Calibration data A: 1450 B:400 C:4095 D:1000
DEBUG [Cali.cpp:87] @ 0.276568s :Calibration directory path: .\Cali-14110095.xml
DEBUG [Cali.cpp:88] @ 0.276582s :Calibration file name: Cali-14110095.xml
DEBUG [Cali.cpp:98] @ 0.276811s :Calibration data A: 1450 B:400 C:4095 D:1000
DEBUG [IRImager.cpp:300] @ 0.27686s :No temperature range configuration specified. Setting default values tMin: -20 , tMax: 100
DEBUG [IRImager.cpp:377] @ 0.277196s :Using HID control interface
DEBUG [IRImager.cpp:417] @ 0.300321s :Initialized HID control interface to device with HW:21 FW:2025
DEBUG [IRImager.cpp:438] @ 0.300378s :Frameconfig - width(in): 160, height(in): 121, interval: 83333, max framerate: 120, HW interval: 0.00833333
DEBUG [Cali.cpp:87] @ 0.300401s :Calibration directory path: .\Cali-14110095.xml
DEBUG [Cali.cpp:88] @ 0.300409s :Calibration file name: Cali-14110095.xml
DEBUG [Cali.cpp:98] @ 0.300789s :Calibration data A: 1450 B:400 C:4095 D:1000
DEBUG [ImageProcessing.cpp:200] @ 0.324877s :Source buffer size: 38720 Width: 160 Height: 121
DEBUG [ImageProcessing.cpp:121] @ 0.391002s :Source buffer size: 38720 Width: 160 Height: 121
DEBUG [OpSource.cpp:376] @ 0.391329s :Using formats path: C:\Program Files (x86)\Optris GmbH\IrDirectSDK\examples\matlab\Formats.def
DEBUG [OpSource.cpp:628] @ 0.391515s :Format found with size: 160
DEBUG [OpSource.cpp:791] @ 0.391557s :Selected Format:"PI160 160x120 @ 120Hz"
DEBUG [IRImager.cpp:844] @ 0.39163s :Caught onFrameInit with size: 160x120
DEBUG [OpSource.cpp:376] @ 0.391851s :Using formats path: C:\Program Files (x86)\Optris GmbH\IrDirectSDK\examples\matlab\Formats.def
DEBUG [OpSource.cpp:628] @ 0.391969s :Format found with size: 160
DEBUG [OpSource.cpp:376] @ 0.392095s :Using formats path: C:\Program Files (x86)\Optris GmbH\IrDirectSDK\examples\matlab\Formats.def
DEBUG [OpCorr.cpp:467] @ 0.399755s :Read cali: .\Cali-14110095.xml\Cali-14110095-48-M20-100.dat
DEBUG [OpCorr.cpp:557] @ 0.399939s :Read calibration of camera no 14110095, # of fields: 6 , start of fields: 40
DEBUG [ImageProcessing.cpp:1108] @ 0.680798s :Update flag temperature: 29.8984
DEBUG [ImageProcessing.cpp:1111] @ 0.688912s :Update box temperature: 28.0625
DEBUG [Cali.cpp:639] @ 0.68895s :Calibration file path: 000001D72CA1D8F4/0000008A809EC7D8.xml
DEBUG [SimpleXML.cpp:238] @ 0.689135s :Failed to open file .\Cali-14110095.xml\CaliExt-14110095.xml
DEBUG [IRImager.cpp:550] @ 0.71286s :Chip heating disabled
DEBUG [IRImager.cpp:1110] @ 0.76026s :Start flag calibration
DEBUG [OpFlag.cpp:591] @ 11.4334s :SkimDiff: -11 Adjust: -1059 State: 1 EMax: 8343 Emin: 2345
DEBUG [ImageProcessing.cpp:526] @ 11.4457s :Skim_Adjust 4015
DEBUG [IRImager.cpp:1124] @ 11.561s :Finished startup calibration
DEBUG [IRImager.cpp:1175] @ 26.28s :Automatic control of shutter flag
DEBUG [OpFlag.cpp:591] @ 26.4403s :SkimDiff: -5 Adjust: -422 State: 1 EMax: 8972 Emin: 2982
DEBUG [ImageProcessing.cpp:526] @ 26.4512s :Skim_Adjust 4014
DEBUG [IRImager.cpp:1175] @ 45.9125s :Automatic control of shutter flag
DEBUG [OpFlag.cpp:591] @ 46.0746s :SkimDiff: -4 Adjust: -356 State: 1 EMax: 9039 Emin: 3048
DEBUG [ImageProcessing.cpp:526] @ 46.0876s :Skim_Adjust 4013
DEBUG [IRImager.cpp:1175] @ 76.6s :Automatic control of shutter flag
DEBUG [OpFlag.cpp:591] @ 76.7603s :SkimDiff: -3 Adjust: -291 State: 1 EMax: 9104 Emin: 3113
DEBUG [ImageProcessing.cpp:526] @ 76.7712s :Skim_Adjust 4012
