DEBUG [IRLogger.cpp:105] @ 0.0003205s :***************************************************
DEBUG [IRLogger.cpp:106] @ 0.0003871s :* IRImagerDirect SDK                              *
DEBUG [IRLogger.cpp:107] @ 0.0004072s :***************************************************
DEBUG [IRLogger.cpp:113] @ 0.0004226s :* Native Machine:      AMD64
DEBUG [IRLogger.cpp:114] @ 0.0004363s :* Machine:             AMD64
DEBUG [IRLogger.cpp:116] @ 0.0004556s :* OS:                  Windows 10 0 26100
DEBUG [IRLogger.cpp:123] @ 0.0004668s :***************************************************
DEBUG [IRDeviceParams.cpp:204] @ 0.0008879s :Parameters
DEBUG [IRDeviceParams.cpp:205] @ 0.0009042s :serial: 14110095
DEBUG [IRDeviceParams.cpp:206] @ 0.0009115s :videoformatindex: 0
DEBUG [IRDeviceParams.cpp:207] @ 0.0009182s :fov: 0
DEBUG [IRDeviceParams.cpp:208] @ 0.0009256s :optics_text: 0000000000000000
DEBUG [IRDeviceParams.cpp:209] @ 0.0009324s :formatspath: 000002048D7CC450
DEBUG [IRDeviceParams.cpp:210] @ 0.0009408s :calipath: 00000204977D4890
DEBUG [IRDeviceParams.cpp:211] @ 0.0009475s :temperature min: 0
DEBUG [IRDeviceParams.cpp:212] @ 0.0009544s :temperature max: 0
DEBUG [IRDeviceParams.cpp:213] @ 0.0009642s :framerate: 32
DEBUG [IRDeviceParams.cpp:214] @ 0.0009715s :bispectral: 0
DEBUG [IRDeviceParams.cpp:215] @ 0.000979s :flag automatic: 1
DEBUG [IRDeviceParams.cpp:216] @ 0.0009865s :min interval: 15
DEBUG [IRDeviceParams.cpp:217] @ 0.0010723s :max interval: 0
DEBUG [IRDeviceParams.cpp:218] @ 0.0010844s :chip heating mode: 0
DEBUG [IRDeviceParams.cpp:219] @ 0.0010929s :chip heating fixed val: 40
DEBUG [IRDeviceParams.cpp:220] @ 0.0011004s :focus:  -1
DEBUG [IRDeviceParams.cpp:221] @ 0.0011113s :enable extended temp range: 0
DEBUG [IRDeviceParams.cpp:222] @ 0.0011194s :buffer queue size: 5
DEBUG [IRDeviceParams.cpp:223] @ 0.0011271s :enable high precision: 0
DEBUG [IRDeviceParams.cpp:224] @ 0.0011502s :radialDistortionCorrectionMode: 0
DEBUG [IRDeviceParams.cpp:225] @ 0.0011586s :deviceAPI: 0
DEBUG [IRDeviceParams.cpp:226] @ 0.0011654s :useExternalProbeForReferencing: 0
DEBUG [IRDeviceParams.cpp:227] @ 0.0011735s :enableMultiThreading: 0
DEBUG [IRDeviceParams.cpp:232] @ 0.0011819s :ethernetDevice.deviceIpAddress: 0.0.0.0
DEBUG [IRDeviceParams.cpp:233] @ 0.0011885s :ethernetDevice.localUdpPort: 0
DEBUG [IRDeviceParams.cpp:234] @ 0.0011949s :ethernetDevice.checkUdpSenderIp: 1
DEBUG [Cali.cpp:87] @ 0.199236s :Calibration directory path: .\Cali-14110095.xml
DEBUG [Cali.cpp:88] @ 0.199263s :Calibration file name: Cali-14110095.xml
DEBUG [Cali.cpp:98] @ 0.199533s :Calibration data A: 1450 B:400 C:4095 D:1000
INFO [IRImager.cpp:266] @ 0.200523s :Init thermal imager to 14110095 with size: 160x121@120 Hz
DEBUG [Cali.cpp:87] @ 0.200812s :Calibration directory path: .\Cali-14110095.xml
DEBUG [Cali.cpp:88] @ 0.200824s :Calibration file name: Cali-14110095.xml
DEBUG [Cali.cpp:98] @ 0.20107s :Calibration data A: 1450 B:400 C:4095 D:1000
DEBUG [Cali.cpp:87] @ 0.201804s :Calibration directory path: .\Cali-14110095.xml
DEBUG [Cali.cpp:88] @ 0.201817s :Calibration file name: Cali-14110095.xml
DEBUG [Cali.cpp:98] @ 0.202029s :Calibration data A: 1450 B:400 C:4095 D:1000
DEBUG [IRImager.cpp:300] @ 0.202073s :No temperature range configuration specified. Setting default values tMin: -20 , tMax: 100
DEBUG [IRImager.cpp:377] @ 0.202418s :Using HID control interface
DEBUG [IRImager.cpp:417] @ 0.225232s :Initialized HID control interface to device with HW:21 FW:2025
DEBUG [IRImager.cpp:438] @ 0.225296s :Frameconfig - width(in): 160, height(in): 121, interval: 83333, max framerate: 120, HW interval: 0.00833333
DEBUG [Cali.cpp:87] @ 0.225327s :Calibration directory path: .\Cali-14110095.xml
DEBUG [Cali.cpp:88] @ 0.225345s :Calibration file name: Cali-14110095.xml
DEBUG [Cali.cpp:98] @ 0.225981s :Calibration data A: 1450 B:400 C:4095 D:1000
DEBUG [ImageProcessing.cpp:200] @ 0.241123s :Source buffer size: 38720 Width: 160 Height: 121
DEBUG [ImageProcessing.cpp:121] @ 0.307669s :Source buffer size: 38720 Width: 160 Height: 121
DEBUG [OpSource.cpp:376] @ 0.30937s :Using formats path: C:\Program Files (x86)\Optris GmbH\IrDirectSDK\examples\matlab\Formats.def
DEBUG [OpSource.cpp:628] @ 0.310306s :Format found with size: 160
DEBUG [OpSource.cpp:791] @ 0.310522s :Selected Format:"PI160 160x120 @ 120Hz"
DEBUG [IRImager.cpp:844] @ 0.31081s :Caught onFrameInit with size: 160x120
DEBUG [OpSource.cpp:376] @ 0.312317s :Using formats path: C:\Program Files (x86)\Optris GmbH\IrDirectSDK\examples\matlab\Formats.def
DEBUG [OpSource.cpp:628] @ 0.312976s :Format found with size: 160
DEBUG [OpSource.cpp:376] @ 0.313906s :Using formats path: C:\Program Files (x86)\Optris GmbH\IrDirectSDK\examples\matlab\Formats.def
DEBUG [OpCorr.cpp:467] @ 0.326262s :Read cali: .\Cali-14110095.xml\Cali-14110095-48-M20-100.dat
DEBUG [OpCorr.cpp:557] @ 0.327031s :Read calibration of camera no 14110095, # of fields: 6 , start of fields: 40
DEBUG [ImageProcessing.cpp:1108] @ 0.638363s :Update flag temperature: 31.1016
DEBUG [ImageProcessing.cpp:1111] @ 0.646865s :Update box temperature: 29.4844
DEBUG [Cali.cpp:639] @ 0.646984s :Calibration file path: 000002048E3E59A4/000000F9171ECC48.xml
DEBUG [SimpleXML.cpp:238] @ 0.647603s :Failed to open file .\Cali-14110095.xml\CaliExt-14110095.xml
DEBUG [IRImager.cpp:550] @ 0.667736s :Chip heating disabled
DEBUG [IRImager.cpp:1110] @ 0.767832s :Start flag calibration
DEBUG [IRImager.cpp:665] @ 7.25694s :Release imager
DEBUG [BaseControlDevice.cpp:26] @ 7.30777s :Base destructor called
DEBUG [IRImager.cpp:672] @ 7.308s :Delete image processing
DEBUG [IRImager.cpp:679] @ 7.31536s :Delete buffer
DEBUG [IRImager.cpp:687] @ 7.31561s :Delete source buffer
DEBUG [IRImager.cpp:694] @ 7.31569s :Delete buffer (energy)
DEBUG [IRImager.cpp:701] @ 7.31579s :Delete timer
DEBUG [IRImager.cpp:707] @ 7.31586s :Delete manual timer
