DEBUG [IRLogger.cpp:105] @ 0.0005867s :***************************************************
DEBUG [IRLogger.cpp:106] @ 0.0007089s :* IRImagerDirect SDK                              *
DEBUG [IRLogger.cpp:107] @ 0.0007488s :***************************************************
DEBUG [IRLogger.cpp:113] @ 0.0007789s :* Native Machine:      AMD64
DEBUG [IRLogger.cpp:114] @ 0.000805s :* Machine:             AMD64
DEBUG [IRLogger.cpp:116] @ 0.0008502s :* OS:                  Windows 10 0 26100
DEBUG [IRLogger.cpp:123] @ 0.0008731s :***************************************************
DEBUG [IRDeviceParams.cpp:204] @ 0.0266296s :Parameters
DEBUG [IRDeviceParams.cpp:205] @ 0.0266707s :serial: 14110095
DEBUG [IRDeviceParams.cpp:206] @ 0.026679s :videoformatindex: 0
DEBUG [IRDeviceParams.cpp:207] @ 0.0266862s :fov: 0
DEBUG [IRDeviceParams.cpp:208] @ 0.0266937s :optics_text: 0000000000000000
DEBUG [IRDeviceParams.cpp:209] @ 0.026701s :formatspath: 000001F66CCE4800
DEBUG [IRDeviceParams.cpp:210] @ 0.0267098s :calipath: 000001F676CEE410
DEBUG [IRDeviceParams.cpp:211] @ 0.0267166s :temperature min: 0
DEBUG [IRDeviceParams.cpp:212] @ 0.0267257s :temperature max: 0
DEBUG [IRDeviceParams.cpp:213] @ 0.026733s :framerate: 32
DEBUG [IRDeviceParams.cpp:214] @ 0.0267397s :bispectral: 0
DEBUG [IRDeviceParams.cpp:215] @ 0.0267461s :flag automatic: 1
DEBUG [IRDeviceParams.cpp:216] @ 0.0267528s :min interval: 15
DEBUG [IRDeviceParams.cpp:217] @ 0.0267599s :max interval: 0
DEBUG [IRDeviceParams.cpp:218] @ 0.0267665s :chip heating mode: 0
DEBUG [IRDeviceParams.cpp:219] @ 0.0267737s :chip heating fixed val: 40
DEBUG [IRDeviceParams.cpp:220] @ 0.0267806s :focus:  -1
DEBUG [IRDeviceParams.cpp:221] @ 0.0267884s :enable extended temp range: 0
DEBUG [IRDeviceParams.cpp:222] @ 0.0267952s :buffer queue size: 5
DEBUG [IRDeviceParams.cpp:223] @ 0.0268017s :enable high precision: 0
DEBUG [IRDeviceParams.cpp:224] @ 0.0268082s :radialDistortionCorrectionMode: 0
DEBUG [IRDeviceParams.cpp:225] @ 0.0268148s :deviceAPI: 0
DEBUG [IRDeviceParams.cpp:226] @ 0.0268215s :useExternalProbeForReferencing: 0
DEBUG [IRDeviceParams.cpp:227] @ 0.026828s :enableMultiThreading: 0
DEBUG [IRDeviceParams.cpp:232] @ 0.0268364s :ethernetDevice.deviceIpAddress: 0.0.0.0
DEBUG [IRDeviceParams.cpp:233] @ 0.0268429s :ethernetDevice.localUdpPort: 0
DEBUG [IRDeviceParams.cpp:234] @ 0.0268494s :ethernetDevice.checkUdpSenderIp: 1
DEBUG [Cali.cpp:87] @ 0.443746s :Calibration directory path: .\Cali-14110095.xml
DEBUG [Cali.cpp:88] @ 0.443778s :Calibration file name: Cali-14110095.xml
DEBUG [Cali.cpp:98] @ 0.468775s :Calibration data A: 1450 B:400 C:4095 D:1000
INFO [IRImager.cpp:266] @ 0.848548s :Init thermal imager to 14110095 with size: 160x121@120 Hz
DEBUG [Cali.cpp:87] @ 0.848789s :Calibration directory path: .\Cali-14110095.xml
DEBUG [Cali.cpp:88] @ 0.848806s :Calibration file name: Cali-14110095.xml
DEBUG [Cali.cpp:98] @ 0.849098s :Calibration data A: 1450 B:400 C:4095 D:1000
DEBUG [Cali.cpp:87] @ 0.849835s :Calibration directory path: .\Cali-14110095.xml
DEBUG [Cali.cpp:88] @ 0.849852s :Calibration file name: Cali-14110095.xml
DEBUG [Cali.cpp:98] @ 0.850084s :Calibration data A: 1450 B:400 C:4095 D:1000
DEBUG [IRImager.cpp:300] @ 0.850138s :No temperature range configuration specified. Setting default values tMin: -20 , tMax: 100
DEBUG [IRImager.cpp:377] @ 0.885279s :Using HID control interface
DEBUG [IRImager.cpp:417] @ 0.921648s :Initialized HID control interface to device with HW:21 FW:2025
DEBUG [IRImager.cpp:438] @ 0.921847s :Frameconfig - width(in): 160, height(in): 121, interval: 83333, max framerate: 120, HW interval: 0.00833333
DEBUG [Cali.cpp:87] @ 0.921936s :Calibration directory path: .\Cali-14110095.xml
DEBUG [Cali.cpp:88] @ 0.921987s :Calibration file name: Cali-14110095.xml
DEBUG [Cali.cpp:98] @ 0.923765s :Calibration data A: 1450 B:400 C:4095 D:1000
DEBUG [ImageProcessing.cpp:200] @ 0.94598s :Source buffer size: 38720 Width: 160 Height: 121
DEBUG [ImageProcessing.cpp:121] @ 1.02046s :Source buffer size: 38720 Width: 160 Height: 121
DEBUG [OpSource.cpp:376] @ 1.02193s :Using formats path: C:\Program Files (x86)\Optris GmbH\IrDirectSDK\examples\matlab\Formats.def
DEBUG [OpSource.cpp:628] @ 1.02298s :Format found with size: 160
DEBUG [OpSource.cpp:791] @ 1.0232s :Selected Format:"PI160 160x120 @ 120Hz"
DEBUG [IRImager.cpp:844] @ 1.02349s :Caught onFrameInit with size: 160x120
DEBUG [OpSource.cpp:376] @ 1.02472s :Using formats path: C:\Program Files (x86)\Optris GmbH\IrDirectSDK\examples\matlab\Formats.def
DEBUG [OpSource.cpp:628] @ 1.02543s :Format found with size: 160
DEBUG [OpSource.cpp:376] @ 1.02622s :Using formats path: C:\Program Files (x86)\Optris GmbH\IrDirectSDK\examples\matlab\Formats.def
DEBUG [OpCorr.cpp:467] @ 1.03815s :Read cali: .\Cali-14110095.xml\Cali-14110095-48-M20-100.dat
DEBUG [OpCorr.cpp:557] @ 1.03866s :Read calibration of camera no 14110095, # of fields: 6 , start of fields: 40
DEBUG [ImageProcessing.cpp:1108] @ 1.35156s :Update flag temperature: 31.2969
DEBUG [ImageProcessing.cpp:1111] @ 1.35953s :Update box temperature: 29.6406
DEBUG [Cali.cpp:639] @ 1.35986s :Calibration file path: 000001F677A0E6F4/0000008CD67EC618.xml
DEBUG [SimpleXML.cpp:238] @ 1.3606s :Failed to open file .\Cali-14110095.xml\CaliExt-14110095.xml
DEBUG [IRImager.cpp:550] @ 1.37876s :Chip heating disabled
DEBUG [IRImager.cpp:1110] @ 1.47472s :Start flag calibration
DEBUG [OpFlag.cpp:591] @ 12.1482s :SkimDiff: -8 Adjust: -781 State: 1 EMax: 8623 Emin: 2623
DEBUG [ImageProcessing.cpp:526] @ 12.1615s :Skim_Adjust 4025
DEBUG [IRImager.cpp:1124] @ 12.2759s :Finished startup calibration
DEBUG [IRImager.cpp:1175] @ 26.9955s :Automatic control of shutter flag
DEBUG [OpFlag.cpp:591] @ 27.1549s :SkimDiff: -8 Adjust: -793 State: 1 EMax: 8652 Emin: 2611
DEBUG [ImageProcessing.cpp:526] @ 27.1664s :Skim_Adjust 4024
DEBUG [IRImager.cpp:1175] @ 42.003s :Automatic control of shutter flag
DEBUG [OpFlag.cpp:591] @ 42.163s :SkimDiff: -8 Adjust: -769 State: 1 EMax: 8698 Emin: 2635
DEBUG [ImageProcessing.cpp:526] @ 42.1746s :Skim_Adjust 4023
DEBUG [IRImager.cpp:1175] @ 57.0115s :Automatic control of shutter flag
DEBUG [OpFlag.cpp:591] @ 57.1706s :SkimDiff: -8 Adjust: -727 State: 1 EMax: 8753 Emin: 2677
DEBUG [ImageProcessing.cpp:526] @ 57.194s :Skim_Adjust 4022
DEBUG [IRImager.cpp:1175] @ 76.7224s :Automatic control of shutter flag
DEBUG [OpFlag.cpp:591] @ 76.8828s :SkimDiff: -7 Adjust: -674 State: 1 EMax: 8811 Emin: 2730
DEBUG [ImageProcessing.cpp:526] @ 76.8936s :Skim_Adjust 4021
DEBUG [IRImager.cpp:1175] @ 97.4748s :Automatic control of shutter flag
DEBUG [OpFlag.cpp:591] @ 97.6361s :SkimDiff: -7 Adjust: -623 State: 1 EMax: 8872 Emin: 2781
DEBUG [ImageProcessing.cpp:526] @ 97.6572s :Skim_Adjust 4020
DEBUG [IRImager.cpp:1175] @ 116.629s :Automatic control of shutter flag
DEBUG [OpFlag.cpp:591] @ 116.807s :SkimDiff: -6 Adjust: -563 State: 1 EMax: 8934 Emin: 2841
DEBUG [ImageProcessing.cpp:526] @ 116.835s :Skim_Adjust 4019
DEBUG [IRImager.cpp:1175] @ 139.716s :Automatic control of shutter flag
DEBUG [OpFlag.cpp:591] @ 139.875s :SkimDiff: -6 Adjust: -507 State: 1 EMax: 9007 Emin: 2897
DEBUG [ImageProcessing.cpp:526] @ 139.898s :Skim_Adjust 4018
DEBUG [IRImager.cpp:1175] @ 168.948s :Automatic control of shutter flag
DEBUG [OpFlag.cpp:591] @ 169.108s :SkimDiff: -5 Adjust: -450 State: 1 EMax: 9067 Emin: 2954
DEBUG [ImageProcessing.cpp:526] @ 169.125s :Skim_Adjust 4017
DEBUG [IRImager.cpp:1175] @ 218.019s :Automatic control of shutter flag
DEBUG [OpFlag.cpp:591] @ 218.179s :SkimDiff: -4 Adjust: -379 State: 1 EMax: 9141 Emin: 3025
DEBUG [ImageProcessing.cpp:526] @ 218.195s :Skim_Adjust 4016
DEBUG [IRImager.cpp:1175] @ 253.507s :Automatic control of shutter flag
DEBUG [OpFlag.cpp:591] @ 253.685s :SkimDiff: -4 Adjust: -322 State: 1 EMax: 9209 Emin: 3082
DEBUG [ImageProcessing.cpp:526] @ 253.716s :Skim_Adjust 4015
DEBUG [IRImager.cpp:1175] @ 285.107s :Automatic control of shutter flag
DEBUG [OpFlag.cpp:591] @ 285.284s :SkimDiff: -3 Adjust: -264 State: 1 EMax: 9269 Emin: 3140
DEBUG [ImageProcessing.cpp:526] @ 285.296s :Skim_Adjust 4014
DEBUG [IRImager.cpp:1175] @ 330.531s :Automatic control of shutter flag
DEBUG [OpFlag.cpp:591] @ 330.692s :SkimDiff: -3 Adjust: -204 State: 1 EMax: 9340 Emin: 3200
DEBUG [ImageProcessing.cpp:526] @ 330.705s :Skim_Adjust 4013
DEBUG [IRImager.cpp:1175] @ 391.061s :Automatic control of shutter flag
DEBUG [OpFlag.cpp:591] @ 391.223s :SkimDiff: -2 Adjust: -137 State: 1 EMax: 9410 Emin: 3267
DEBUG [ImageProcessing.cpp:526] @ 391.239s :Skim_Adjust 4012
DEBUG [IRImager.cpp:1175] @ 455.075s :Automatic control of shutter flag
DEBUG [OpFlag.cpp:591] @ 455.238s :SkimDiff: -1 Adjust: -75 State: 1 EMax: 9485 Emin: 3329
DEBUG [ImageProcessing.cpp:526] @ 455.265s :Skim_Adjust 4011
DEBUG [IRImager.cpp:1175] @ 480.661s :Automatic control of shutter flag
DEBUG [OpFlag.cpp:591] @ 480.838s :SkimDiff: -1 Adjust: -15 State: 1 EMax: 9545 Emin: 3389
DEBUG [ImageProcessing.cpp:526] @ 480.853s :Skim_Adjust 4010
DEBUG [IRImager.cpp:1175] @ 526.804s :Automatic control of shutter flag
DEBUG [OpFlag.cpp:591] @ 526.984s :SkimDiff: 0 Adjust: 0 State: 0 EMax: 9613 Emin: 3452
DEBUG [IRImager.cpp:1175] @ 605.381s :Automatic control of shutter flag
DEBUG [OpFlag.cpp:591] @ 605.558s :SkimDiff: 0 Adjust: 0 State: 0 EMax: 9631 Emin: 3461
DEBUG [IRImager.cpp:1175] @ 642.068s :Automatic control of shutter flag
DEBUG [OpFlag.cpp:591] @ 642.23s :SkimDiff: 0 Adjust: 0 State: 0 EMax: 9632 Emin: 3455
DEBUG [IRImager.cpp:1175] @ 748.213s :Automatic control of shutter flag
DEBUG [OpFlag.cpp:591] @ 748.389s :SkimDiff: 0 Adjust: 0 State: 0 EMax: 9642 Emin: 3468
DEBUG [IRImager.cpp:1175] @ 800.371s :Automatic control of shutter flag
DEBUG [OpFlag.cpp:591] @ 800.535s :SkimDiff: 0 Adjust: 0 State: 0 EMax: 9660 Emin: 3470
DEBUG [IRImager.cpp:1175] @ 840.531s :Automatic control of shutter flag
DEBUG [OpFlag.cpp:591] @ 840.709s :SkimDiff: 0 Adjust: 0 State: 0 EMax: 9666 Emin: 3471
DEBUG [IRImager.cpp:1175] @ 955.155s :Automatic control of shutter flag
DEBUG [OpFlag.cpp:591] @ 955.317s :SkimDiff: 0 Adjust: 0 State: 0 EMax: 9675 Emin: 3486
DEBUG [IRImager.cpp:1175] @ 1010.4s :Automatic control of shutter flag
DEBUG [OpFlag.cpp:591] @ 1010.58s :SkimDiff: 0 Adjust: 0 State: 0 EMax: 9681 Emin: 3489
DEBUG [IRImager.cpp:1175] @ 1161.44s :Automatic control of shutter flag
DEBUG [OpFlag.cpp:591] @ 1161.64s :SkimDiff: 0 Adjust: 0 State: 0 EMax: 9702 Emin: 3492
DEBUG [IRImager.cpp:1175] @ 1243.65s :Automatic control of shutter flag
DEBUG [OpFlag.cpp:591] @ 1243.81s :SkimDiff: 0 Adjust: 0 State: 0 EMax: 9703 Emin: 3499
DEBUG [IRImager.cpp:665] @ 1284.3s :Release imager
DEBUG [BaseControlDevice.cpp:26] @ 1284.36s :Base destructor called
DEBUG [IRImager.cpp:672] @ 1284.36s :Delete image processing
DEBUG [IRImager.cpp:679] @ 1284.36s :Delete buffer
DEBUG [IRImager.cpp:687] @ 1284.36s :Delete source buffer
DEBUG [IRImager.cpp:694] @ 1284.36s :Delete buffer (energy)
DEBUG [IRImager.cpp:701] @ 1284.36s :Delete timer
DEBUG [IRImager.cpp:707] @ 1284.36s :Delete manual timer
