DEBUG [IRLogger.cpp:105] @ 0.0006333s :***************************************************
DEBUG [IRLogger.cpp:106] @ 0.0008199s :* IRImagerDirect SDK                              *
DEBUG [IRLogger.cpp:107] @ 0.000936s :***************************************************
DEBUG [IRLogger.cpp:113] @ 0.0010703s :* Native Machine:      AMD64
DEBUG [IRLogger.cpp:114] @ 0.0010887s :* Machine:             AMD64
DEBUG [IRLogger.cpp:116] @ 0.0011094s :* OS:                  Windows 10 0 26100
DEBUG [IRLogger.cpp:123] @ 0.0011211s :***************************************************
DEBUG [IRDeviceParams.cpp:204] @ 0.0017271s :Parameters
DEBUG [IRDeviceParams.cpp:205] @ 0.0017481s :serial: 14110095
DEBUG [IRDeviceParams.cpp:206] @ 0.0017565s :videoformatindex: 0
DEBUG [IRDeviceParams.cpp:207] @ 0.0017637s :fov: 0
DEBUG [IRDeviceParams.cpp:208] @ 0.0017713s :optics_text: 0000000000000000
DEBUG [IRDeviceParams.cpp:209] @ 0.0017783s :formatspath: 000001ED91E1AC00
DEBUG [IRDeviceParams.cpp:210] @ 0.0017874s :calipath: 000001ED920F28A0
DEBUG [IRDeviceParams.cpp:211] @ 0.0017944s :temperature min: 0
DEBUG [IRDeviceParams.cpp:212] @ 0.0018009s :temperature max: 0
DEBUG [IRDeviceParams.cpp:213] @ 0.0018086s :framerate: 32
DEBUG [IRDeviceParams.cpp:214] @ 0.0018158s :bispectral: 0
DEBUG [IRDeviceParams.cpp:215] @ 0.0018227s :flag automatic: 1
DEBUG [IRDeviceParams.cpp:216] @ 0.0018294s :min interval: 15
DEBUG [IRDeviceParams.cpp:217] @ 0.0018364s :max interval: 0
DEBUG [IRDeviceParams.cpp:218] @ 0.0018431s :chip heating mode: 0
DEBUG [IRDeviceParams.cpp:219] @ 0.00185s :chip heating fixed val: 40
DEBUG [IRDeviceParams.cpp:220] @ 0.0018575s :focus:  -1
DEBUG [IRDeviceParams.cpp:221] @ 0.001866s :enable extended temp range: 0
DEBUG [IRDeviceParams.cpp:222] @ 0.0018734s :buffer queue size: 5
DEBUG [IRDeviceParams.cpp:223] @ 0.0018805s :enable high precision: 0
DEBUG [IRDeviceParams.cpp:224] @ 0.0018877s :radialDistortionCorrectionMode: 0
DEBUG [IRDeviceParams.cpp:225] @ 0.0018943s :deviceAPI: 0
DEBUG [IRDeviceParams.cpp:226] @ 0.0019015s :useExternalProbeForReferencing: 0
DEBUG [IRDeviceParams.cpp:227] @ 0.0019081s :enableMultiThreading: 0
DEBUG [IRDeviceParams.cpp:232] @ 0.0019162s :ethernetDevice.deviceIpAddress: 0.0.0.0
DEBUG [IRDeviceParams.cpp:233] @ 0.0019232s :ethernetDevice.localUdpPort: 0
DEBUG [IRDeviceParams.cpp:234] @ 0.0019299s :ethernetDevice.checkUdpSenderIp: 1
DEBUG [Cali.cpp:87] @ 0.473384s :Calibration directory path: .\Cali-14110095.xml
DEBUG [Cali.cpp:88] @ 0.473412s :Calibration file name: Cali-14110095.xml
DEBUG [Cali.cpp:98] @ 0.485762s :Calibration data A: 1450 B:400 C:4095 D:1000
INFO [IRImager.cpp:266] @ 0.735909s :Init thermal imager to 14110095 with size: 160x121@120 Hz
DEBUG [Cali.cpp:87] @ 0.73622s :Calibration directory path: .\Cali-14110095.xml
DEBUG [Cali.cpp:88] @ 0.736234s :Calibration file name: Cali-14110095.xml
DEBUG [Cali.cpp:98] @ 0.736486s :Calibration data A: 1450 B:400 C:4095 D:1000
DEBUG [Cali.cpp:87] @ 0.73724s :Calibration directory path: .\Cali-14110095.xml
DEBUG [Cali.cpp:88] @ 0.737255s :Calibration file name: Cali-14110095.xml
DEBUG [Cali.cpp:98] @ 0.737458s :Calibration data A: 1450 B:400 C:4095 D:1000
DEBUG [IRImager.cpp:300] @ 0.737529s :No temperature range configuration specified. Setting default values tMin: -20 , tMax: 100
DEBUG [IRImager.cpp:377] @ 0.746328s :Using HID control interface
DEBUG [IRImager.cpp:417] @ 0.767342s :Initialized HID control interface to device with HW:21 FW:2025
DEBUG [IRImager.cpp:438] @ 0.767407s :Frameconfig - width(in): 160, height(in): 121, interval: 83333, max framerate: 120, HW interval: 0.00833333
DEBUG [Cali.cpp:87] @ 0.767443s :Calibration directory path: .\Cali-14110095.xml
DEBUG [Cali.cpp:88] @ 0.767456s :Calibration file name: Cali-14110095.xml
DEBUG [Cali.cpp:98] @ 0.768s :Calibration data A: 1450 B:400 C:4095 D:1000
DEBUG [ImageProcessing.cpp:200] @ 0.781487s :Source buffer size: 38720 Width: 160 Height: 121
DEBUG [ImageProcessing.cpp:121] @ 0.846156s :Source buffer size: 38720 Width: 160 Height: 121
DEBUG [OpSource.cpp:376] @ 0.847338s :Using formats path: C:\Program Files (x86)\Optris GmbH\IrDirectSDK\examples\matlab\Formats.def
DEBUG [OpSource.cpp:628] @ 0.847899s :Format found with size: 160
DEBUG [OpSource.cpp:791] @ 0.848034s :Selected Format:"PI160 160x120 @ 120Hz"
DEBUG [IRImager.cpp:844] @ 0.848198s :Caught onFrameInit with size: 160x120
DEBUG [OpSource.cpp:376] @ 0.848895s :Using formats path: C:\Program Files (x86)\Optris GmbH\IrDirectSDK\examples\matlab\Formats.def
DEBUG [OpSource.cpp:628] @ 0.849256s :Format found with size: 160
DEBUG [OpSource.cpp:376] @ 0.849722s :Using formats path: C:\Program Files (x86)\Optris GmbH\IrDirectSDK\examples\matlab\Formats.def
DEBUG [OpCorr.cpp:467] @ 0.861936s :Read cali: .\Cali-14110095.xml\Cali-14110095-48-M20-100.dat
DEBUG [OpCorr.cpp:557] @ 0.862705s :Read calibration of camera no 14110095, # of fields: 6 , start of fields: 40
DEBUG [ImageProcessing.cpp:1108] @ 1.14696s :Update flag temperature: 24.3672
DEBUG [ImageProcessing.cpp:1111] @ 1.15437s :Update box temperature: 24.4766
DEBUG [Cali.cpp:639] @ 1.15455s :Calibration file path: 000001ED9CDA1D44/00000010AA5EC558.xml
DEBUG [SimpleXML.cpp:238] @ 1.15551s :Failed to open file .\Cali-14110095.xml\CaliExt-14110095.xml
DEBUG [IRImager.cpp:550] @ 1.17783s :Chip heating disabled
DEBUG [IRImager.cpp:1110] @ 1.30203s :Start flag calibration
