DEBUG [IRLogger.cpp:105] @ 0.0003059s :***************************************************
DEBUG [IRLogger.cpp:106] @ 0.0003795s :* IRImagerDirect SDK                              *
DEBUG [IRLogger.cpp:107] @ 0.0003993s :***************************************************
DEBUG [IRLogger.cpp:113] @ 0.0004136s :* Native Machine:      AMD64
DEBUG [IRLogger.cpp:114] @ 0.0004252s :* Machine:             AMD64
DEBUG [IRLogger.cpp:116] @ 0.000443s :* OS:                  Windows 10 0 26100
DEBUG [IRLogger.cpp:123] @ 0.0004536s :***************************************************
DEBUG [IRDeviceParams.cpp:204] @ 0.002018s :Parameters
DEBUG [IRDeviceParams.cpp:205] @ 0.0020353s :serial: 14110095
DEBUG [IRDeviceParams.cpp:206] @ 0.0020429s :videoformatindex: 0
DEBUG [IRDeviceParams.cpp:207] @ 0.0020499s :fov: 0
DEBUG [IRDeviceParams.cpp:208] @ 0.0020779s :optics_text: 0000000000000000
DEBUG [IRDeviceParams.cpp:209] @ 0.0020876s :formatspath: 000001E48015AFF0
DEBUG [IRDeviceParams.cpp:210] @ 0.0021217s :calipath: 000001E4FA5603C0
DEBUG [IRDeviceParams.cpp:211] @ 0.0021305s :temperature min: 0
DEBUG [IRDeviceParams.cpp:212] @ 0.0021371s :temperature max: 0
DEBUG [IRDeviceParams.cpp:213] @ 0.0021451s :framerate: 32
DEBUG [IRDeviceParams.cpp:214] @ 0.0021514s :bispectral: 0
DEBUG [IRDeviceParams.cpp:215] @ 0.0021578s :flag automatic: 1
DEBUG [IRDeviceParams.cpp:216] @ 0.0021643s :min interval: 15
DEBUG [IRDeviceParams.cpp:217] @ 0.0021712s :max interval: 0
DEBUG [IRDeviceParams.cpp:218] @ 0.0021777s :chip heating mode: 0
DEBUG [IRDeviceParams.cpp:219] @ 0.0021845s :chip heating fixed val: 40
DEBUG [IRDeviceParams.cpp:220] @ 0.0021914s :focus:  -1
DEBUG [IRDeviceParams.cpp:221] @ 0.0021997s :enable extended temp range: 0
DEBUG [IRDeviceParams.cpp:222] @ 0.0022064s :buffer queue size: 5
DEBUG [IRDeviceParams.cpp:223] @ 0.0022128s :enable high precision: 0
DEBUG [IRDeviceParams.cpp:224] @ 0.0022193s :radialDistortionCorrectionMode: 0
DEBUG [IRDeviceParams.cpp:225] @ 0.0022257s :deviceAPI: 0
DEBUG [IRDeviceParams.cpp:226] @ 0.0022321s :useExternalProbeForReferencing: 0
DEBUG [IRDeviceParams.cpp:227] @ 0.0022387s :enableMultiThreading: 0
DEBUG [IRDeviceParams.cpp:232] @ 0.0022466s :ethernetDevice.deviceIpAddress: 0.0.0.0
DEBUG [IRDeviceParams.cpp:233] @ 0.0022531s :ethernetDevice.localUdpPort: 0
DEBUG [IRDeviceParams.cpp:234] @ 0.0022595s :ethernetDevice.checkUdpSenderIp: 1
DEBUG [Cali.cpp:87] @ 0.351079s :Calibration directory path: .\Cali-14110095.xml
DEBUG [Cali.cpp:88] @ 0.351107s :Calibration file name: Cali-14110095.xml
DEBUG [Cali.cpp:98] @ 0.351381s :Calibration data A: 1450 B:400 C:4095 D:1000
INFO [IRImager.cpp:266] @ 0.352394s :Init thermal imager to 14110095 with size: 160x121@120 Hz
DEBUG [Cali.cpp:87] @ 0.352654s :Calibration directory path: .\Cali-14110095.xml
DEBUG [Cali.cpp:88] @ 0.352664s :Calibration file name: Cali-14110095.xml
DEBUG [Cali.cpp:98] @ 0.352869s :Calibration data A: 1450 B:400 C:4095 D:1000
DEBUG [Cali.cpp:87] @ 0.353528s :Calibration directory path: .\Cali-14110095.xml
DEBUG [Cali.cpp:88] @ 0.353543s :Calibration file name: Cali-14110095.xml
DEBUG [Cali.cpp:98] @ 0.353742s :Calibration data A: 1450 B:400 C:4095 D:1000
DEBUG [IRImager.cpp:300] @ 0.353788s :No temperature range configuration specified. Setting default values tMin: -20 , tMax: 100
DEBUG [IRImager.cpp:377] @ 0.3541s :Using HID control interface
DEBUG [IRImager.cpp:417] @ 0.372303s :Initialized HID control interface to device with HW:21 FW:2025
DEBUG [IRImager.cpp:438] @ 0.372352s :Frameconfig - width(in): 160, height(in): 121, interval: 83333, max framerate: 120, HW interval: 0.00833333
DEBUG [Cali.cpp:87] @ 0.372373s :Calibration directory path: .\Cali-14110095.xml
DEBUG [Cali.cpp:88] @ 0.372384s :Calibration file name: Cali-14110095.xml
DEBUG [Cali.cpp:98] @ 0.37282s :Calibration data A: 1450 B:400 C:4095 D:1000
DEBUG [ImageProcessing.cpp:200] @ 0.388614s :Source buffer size: 38720 Width: 160 Height: 121
DEBUG [ImageProcessing.cpp:121] @ 0.446896s :Source buffer size: 38720 Width: 160 Height: 121
DEBUG [OpSource.cpp:376] @ 0.447516s :Using formats path: C:\Program Files (x86)\Optris GmbH\IrDirectSDK\examples\matlab\Formats.def
DEBUG [OpSource.cpp:628] @ 0.447733s :Format found with size: 160
DEBUG [OpSource.cpp:791] @ 0.447783s :Selected Format:"PI160 160x120 @ 120Hz"
DEBUG [IRImager.cpp:844] @ 0.447862s :Caught onFrameInit with size: 160x120
DEBUG [OpSource.cpp:376] @ 0.448241s :Using formats path: C:\Program Files (x86)\Optris GmbH\IrDirectSDK\examples\matlab\Formats.def
DEBUG [OpSource.cpp:628] @ 0.448389s :Format found with size: 160
DEBUG [OpSource.cpp:376] @ 0.448589s :Using formats path: C:\Program Files (x86)\Optris GmbH\IrDirectSDK\examples\matlab\Formats.def
DEBUG [OpCorr.cpp:467] @ 0.455365s :Read cali: .\Cali-14110095.xml\Cali-14110095-48-M20-100.dat
DEBUG [OpCorr.cpp:557] @ 0.455535s :Read calibration of camera no 14110095, # of fields: 6 , start of fields: 40
DEBUG [ImageProcessing.cpp:1108] @ 0.761243s :Update flag temperature: 28.7344
DEBUG [ImageProcessing.cpp:1111] @ 0.769517s :Update box temperature: 26.8516
DEBUG [Cali.cpp:639] @ 0.769604s :Calibration file path: 000001E48AAE8314/000000D63FDEC668.xml
DEBUG [SimpleXML.cpp:238] @ 0.770077s :Failed to open file .\Cali-14110095.xml\CaliExt-14110095.xml
DEBUG [IRImager.cpp:550] @ 0.788631s :Chip heating disabled
DEBUG [IRImager.cpp:1110] @ 0.939882s :Start flag calibration
DEBUG [OpFlag.cpp:591] @ 11.6126s :SkimDiff: -12 Adjust: -1102 State: 1 EMax: 8183 Emin: 2302
DEBUG [ImageProcessing.cpp:526] @ 11.6249s :Skim_Adjust 4014
DEBUG [IRImager.cpp:1124] @ 11.7409s :Finished startup calibration
DEBUG [IRImager.cpp:1175] @ 26.4604s :Automatic control of shutter flag
DEBUG [OpFlag.cpp:591] @ 26.6212s :SkimDiff: -5 Adjust: -445 State: 1 EMax: 8831 Emin: 2959
DEBUG [ImageProcessing.cpp:526] @ 26.6348s :Skim_Adjust 4013
DEBUG [IRImager.cpp:1175] @ 93.1476s :Automatic control of shutter flag
DEBUG [OpFlag.cpp:591] @ 93.3092s :SkimDiff: -4 Adjust: -391 State: 1 EMax: 8901 Emin: 3013
DEBUG [ImageProcessing.cpp:526] @ 93.3218s :Skim_Adjust 4012
DEBUG [IRImager.cpp:665] @ 106.145s :Release imager
DEBUG [BaseControlDevice.cpp:26] @ 106.198s :Base destructor called
DEBUG [IRImager.cpp:672] @ 106.198s :Delete image processing
DEBUG [IRImager.cpp:679] @ 106.207s :Delete buffer
DEBUG [IRImager.cpp:687] @ 106.207s :Delete source buffer
DEBUG [IRImager.cpp:694] @ 106.207s :Delete buffer (energy)
DEBUG [IRImager.cpp:701] @ 106.207s :Delete timer
DEBUG [IRImager.cpp:707] @ 106.207s :Delete manual timer
