DEBUG [IRLogger.cpp:105] @ 0.0005475s :***************************************************
DEBUG [IRLogger.cpp:106] @ 0.0008014s :* IRImagerDirect SDK                              *
DEBUG [IRLogger.cpp:107] @ 0.0008365s :***************************************************
DEBUG [IRLogger.cpp:113] @ 0.0008827s :* Native Machine:      AMD64
DEBUG [IRLogger.cpp:114] @ 0.000944s :* Machine:             AMD64
DEBUG [IRLogger.cpp:116] @ 0.0009851s :* OS:                  Windows 10 0 26100
DEBUG [IRLogger.cpp:123] @ 0.0010009s :***************************************************
DEBUG [IRDeviceParams.cpp:204] @ 0.0030375s :Parameters
DEBUG [IRDeviceParams.cpp:205] @ 0.0030638s :serial: 14110095
DEBUG [IRDeviceParams.cpp:206] @ 0.0030754s :videoformatindex: 0
DEBUG [IRDeviceParams.cpp:207] @ 0.0030869s :fov: 0
DEBUG [IRDeviceParams.cpp:208] @ 0.0030985s :optics_text: 0000000000000000
DEBUG [IRDeviceParams.cpp:209] @ 0.0031096s :formatspath: 00000144E1C6AAB0
DEBUG [IRDeviceParams.cpp:210] @ 0.0031221s :calipath: 00000144EBE9FD00
DEBUG [IRDeviceParams.cpp:211] @ 0.0031336s :temperature min: 0
DEBUG [IRDeviceParams.cpp:212] @ 0.0031432s :temperature max: 0
DEBUG [IRDeviceParams.cpp:213] @ 0.003155s :framerate: 32
DEBUG [IRDeviceParams.cpp:214] @ 0.0031649s :bispectral: 0
DEBUG [IRDeviceParams.cpp:215] @ 0.0031743s :flag automatic: 1
DEBUG [IRDeviceParams.cpp:216] @ 0.0031842s :min interval: 15
DEBUG [IRDeviceParams.cpp:217] @ 0.0031949s :max interval: 0
DEBUG [IRDeviceParams.cpp:218] @ 0.0032049s :chip heating mode: 0
DEBUG [IRDeviceParams.cpp:219] @ 0.0032154s :chip heating fixed val: 40
DEBUG [IRDeviceParams.cpp:220] @ 0.0032259s :focus:  -1
DEBUG [IRDeviceParams.cpp:221] @ 0.0032509s :enable extended temp range: 0
DEBUG [IRDeviceParams.cpp:222] @ 0.0032618s :buffer queue size: 5
DEBUG [IRDeviceParams.cpp:223] @ 0.0032757s :enable high precision: 0
DEBUG [IRDeviceParams.cpp:224] @ 0.0032943s :radialDistortionCorrectionMode: 0
DEBUG [IRDeviceParams.cpp:225] @ 0.003307s :deviceAPI: 0
DEBUG [IRDeviceParams.cpp:226] @ 0.0033164s :useExternalProbeForReferencing: 0
DEBUG [IRDeviceParams.cpp:227] @ 0.0033257s :enableMultiThreading: 0
DEBUG [IRDeviceParams.cpp:232] @ 0.0033374s :ethernetDevice.deviceIpAddress: 0.0.0.0
DEBUG [IRDeviceParams.cpp:233] @ 0.0033468s :ethernetDevice.localUdpPort: 0
DEBUG [IRDeviceParams.cpp:234] @ 0.0033568s :ethernetDevice.checkUdpSenderIp: 1
ERROR [IRDeviceDS.cpp:822] @ 0.0069447s :create video graph failed hr=0
ERROR [DirectBridgeClientUSB.cpp:165] @ 0.0071444s :Device with serial 14110095 could not be found
