DEBUG [IRLogger.cpp:105] @ 0.0003929s :***************************************************
DEBUG [IRLogger.cpp:106] @ 0.0005049s :* IRImagerDirect SDK                              *
DEBUG [IRLogger.cpp:107] @ 0.0005276s :***************************************************
DEBUG [IRLogger.cpp:113] @ 0.0005438s :* Native Machine:      AMD64
DEBUG [IRLogger.cpp:114] @ 0.0005578s :* Machine:             AMD64
DEBUG [IRLogger.cpp:116] @ 0.0005786s :* OS:                  Windows 10 0 26100
DEBUG [IRLogger.cpp:123] @ 0.0005902s :***************************************************
DEBUG [IRDeviceParams.cpp:204] @ 0.0023396s :Parameters
DEBUG [IRDeviceParams.cpp:205] @ 0.0023604s :serial: 14110095
DEBUG [IRDeviceParams.cpp:206] @ 0.0023688s :videoformatindex: 0
DEBUG [IRDeviceParams.cpp:207] @ 0.0023762s :fov: 0
DEBUG [IRDeviceParams.cpp:208] @ 0.0023843s :optics_text: 0000000000000000
DEBUG [IRDeviceParams.cpp:209] @ 0.0023917s :formatspath: 0000012144EB2670
DEBUG [IRDeviceParams.cpp:210] @ 0.0023998s :calipath: 000001214F1E7290
DEBUG [IRDeviceParams.cpp:211] @ 0.0024069s :temperature min: 0
DEBUG [IRDeviceParams.cpp:212] @ 0.0024138s :temperature max: 0
DEBUG [IRDeviceParams.cpp:213] @ 0.0024218s :framerate: 32
DEBUG [IRDeviceParams.cpp:214] @ 0.0024287s :bispectral: 0
DEBUG [IRDeviceParams.cpp:215] @ 0.0024364s :flag automatic: 1
DEBUG [IRDeviceParams.cpp:216] @ 0.0024437s :min interval: 15
DEBUG [IRDeviceParams.cpp:217] @ 0.0024544s :max interval: 0
DEBUG [IRDeviceParams.cpp:218] @ 0.0024644s :chip heating mode: 0
DEBUG [IRDeviceParams.cpp:219] @ 0.002475s :chip heating fixed val: 40
DEBUG [IRDeviceParams.cpp:220] @ 0.002486s :focus:  -1
DEBUG [IRDeviceParams.cpp:221] @ 0.0024979s :enable extended temp range: 0
DEBUG [IRDeviceParams.cpp:222] @ 0.0025087s :buffer queue size: 5
DEBUG [IRDeviceParams.cpp:223] @ 0.0025187s :enable high precision: 0
DEBUG [IRDeviceParams.cpp:224] @ 0.0025289s :radialDistortionCorrectionMode: 0
DEBUG [IRDeviceParams.cpp:225] @ 0.0025386s :deviceAPI: 0
DEBUG [IRDeviceParams.cpp:226] @ 0.0025483s :useExternalProbeForReferencing: 0
DEBUG [IRDeviceParams.cpp:227] @ 0.0025579s :enableMultiThreading: 0
DEBUG [IRDeviceParams.cpp:232] @ 0.0025699s :ethernetDevice.deviceIpAddress: 0.0.0.0
DEBUG [IRDeviceParams.cpp:233] @ 0.0025798s :ethernetDevice.localUdpPort: 0
DEBUG [IRDeviceParams.cpp:234] @ 0.0025895s :ethernetDevice.checkUdpSenderIp: 1
DEBUG [Cali.cpp:87] @ 0.289233s :Calibration directory path: .\Cali-14110095.xml
DEBUG [Cali.cpp:88] @ 0.28926s :Calibration file name: Cali-14110095.xml
DEBUG [Cali.cpp:98] @ 0.28954s :Calibration data A: 1450 B:400 C:4095 D:1000
INFO [IRImager.cpp:266] @ 0.29057s :Init thermal imager to 14110095 with size: 160x121@120 Hz
DEBUG [Cali.cpp:87] @ 0.290843s :Calibration directory path: .\Cali-14110095.xml
DEBUG [Cali.cpp:88] @ 0.290855s :Calibration file name: Cali-14110095.xml
DEBUG [Cali.cpp:98] @ 0.291071s :Calibration data A: 1450 B:400 C:4095 D:1000
DEBUG [Cali.cpp:87] @ 0.291703s :Calibration directory path: .\Cali-14110095.xml
DEBUG [Cali.cpp:88] @ 0.291716s :Calibration file name: Cali-14110095.xml
DEBUG [Cali.cpp:98] @ 0.291948s :Calibration data A: 1450 B:400 C:4095 D:1000
DEBUG [IRImager.cpp:300] @ 0.291992s :No temperature range configuration specified. Setting default values tMin: -20 , tMax: 100
DEBUG [IRImager.cpp:377] @ 0.292369s :Using HID control interface
DEBUG [IRImager.cpp:417] @ 0.313229s :Initialized HID control interface to device with HW:21 FW:2025
DEBUG [IRImager.cpp:438] @ 0.313287s :Frameconfig - width(in): 160, height(in): 121, interval: 83333, max framerate: 120, HW interval: 0.00833333
DEBUG [Cali.cpp:87] @ 0.313314s :Calibration directory path: .\Cali-14110095.xml
DEBUG [Cali.cpp:88] @ 0.313331s :Calibration file name: Cali-14110095.xml
DEBUG [Cali.cpp:98] @ 0.313994s :Calibration data A: 1450 B:400 C:4095 D:1000
DEBUG [ImageProcessing.cpp:200] @ 0.337838s :Source buffer size: 38720 Width: 160 Height: 121
DEBUG [ImageProcessing.cpp:121] @ 0.403967s :Source buffer size: 38720 Width: 160 Height: 121
DEBUG [OpSource.cpp:376] @ 0.405534s :Using formats path: C:\Program Files (x86)\Optris GmbH\IrDirectSDK\examples\matlab\Formats.def
DEBUG [OpSource.cpp:628] @ 0.406388s :Format found with size: 160
DEBUG [OpSource.cpp:791] @ 0.406632s :Selected Format:"PI160 160x120 @ 120Hz"
DEBUG [IRImager.cpp:844] @ 0.406918s :Caught onFrameInit with size: 160x120
DEBUG [OpSource.cpp:376] @ 0.408227s :Using formats path: C:\Program Files (x86)\Optris GmbH\IrDirectSDK\examples\matlab\Formats.def
DEBUG [OpSource.cpp:628] @ 0.408768s :Format found with size: 160
DEBUG [OpSource.cpp:376] @ 0.409496s :Using formats path: C:\Program Files (x86)\Optris GmbH\IrDirectSDK\examples\matlab\Formats.def
DEBUG [OpCorr.cpp:467] @ 0.423354s :Read cali: .\Cali-14110095.xml\Cali-14110095-48-M20-100.dat
DEBUG [OpCorr.cpp:557] @ 0.424274s :Read calibration of camera no 14110095, # of fields: 6 , start of fields: 40
DEBUG [ImageProcessing.cpp:1108] @ 0.743343s :Update flag temperature: 29.0312
DEBUG [ImageProcessing.cpp:1111] @ 0.751532s :Update box temperature: 27.2734
DEBUG [Cali.cpp:639] @ 0.751622s :Calibration file path: 000001214EE9EED4/0000001C8E3EC628.xml
DEBUG [SimpleXML.cpp:238] @ 0.752179s :Failed to open file .\Cali-14110095.xml\CaliExt-14110095.xml
DEBUG [IRImager.cpp:550] @ 0.776488s :Chip heating disabled
DEBUG [IRImager.cpp:1110] @ 0.876661s :Start flag calibration
DEBUG [OpFlag.cpp:591] @ 11.5482s :SkimDiff: -11 Adjust: -1012 State: 1 EMax: 8256 Emin: 2392
DEBUG [ImageProcessing.cpp:526] @ 11.5589s :Skim_Adjust 4015
DEBUG [IRImager.cpp:1124] @ 11.6763s :Finished startup calibration
DEBUG [IRImager.cpp:1175] @ 26.3966s :Automatic control of shutter flag
DEBUG [OpFlag.cpp:591] @ 26.5567s :SkimDiff: -5 Adjust: -441 State: 1 EMax: 8843 Emin: 2963
DEBUG [ImageProcessing.cpp:526] @ 26.5682s :Skim_Adjust 4014
DEBUG [IRImager.cpp:1175] @ 43.6604s :Automatic control of shutter flag
DEBUG [OpFlag.cpp:591] @ 43.8206s :SkimDiff: -4 Adjust: -399 State: 1 EMax: 8888 Emin: 3005
DEBUG [ImageProcessing.cpp:526] @ 43.8317s :Skim_Adjust 4013
DEBUG [IRImager.cpp:1175] @ 71.9164s :Automatic control of shutter flag
DEBUG [OpFlag.cpp:591] @ 72.0766s :SkimDiff: -4 Adjust: -359 State: 1 EMax: 8945 Emin: 3045
DEBUG [ImageProcessing.cpp:526] @ 72.0881s :Skim_Adjust 4012
DEBUG [IRImager.cpp:1175] @ 101.917s :Automatic control of shutter flag
DEBUG [OpFlag.cpp:591] @ 102.093s :SkimDiff: -4 Adjust: -307 State: 1 EMax: 8999 Emin: 3097
DEBUG [ImageProcessing.cpp:526] @ 102.104s :Skim_Adjust 4011
DEBUG [IRImager.cpp:1175] @ 156.396s :Automatic control of shutter flag
DEBUG [OpFlag.cpp:591] @ 156.557s :SkimDiff: -3 Adjust: -262 State: 1 EMax: 9062 Emin: 3142
DEBUG [ImageProcessing.cpp:526] @ 156.567s :Skim_Adjust 4010
DEBUG [IRImager.cpp:1175] @ 238.829s :Automatic control of shutter flag
DEBUG [OpFlag.cpp:591] @ 238.99s :SkimDiff: -3 Adjust: -201 State: 1 EMax: 9125 Emin: 3203
DEBUG [ImageProcessing.cpp:526] @ 239.006s :Skim_Adjust 4009
DEBUG [IRImager.cpp:665] @ 253.008s :Release imager
DEBUG [BaseControlDevice.cpp:26] @ 253.062s :Base destructor called
DEBUG [IRImager.cpp:672] @ 253.062s :Delete image processing
DEBUG [IRImager.cpp:679] @ 253.074s :Delete buffer
DEBUG [IRImager.cpp:687] @ 253.074s :Delete source buffer
DEBUG [IRImager.cpp:694] @ 253.074s :Delete buffer (energy)
DEBUG [IRImager.cpp:701] @ 253.074s :Delete timer
DEBUG [IRImager.cpp:707] @ 253.074s :Delete manual timer
