DEBUG [IRLogger.cpp:105] @ 0.0004694s :***************************************************
DEBUG [IRLogger.cpp:106] @ 0.0005537s :* IRImagerDirect SDK                              *
DEBUG [IRLogger.cpp:107] @ 0.0005743s :***************************************************
DEBUG [IRLogger.cpp:113] @ 0.0005889s :* Native Machine:      AMD64
DEBUG [IRLogger.cpp:114] @ 0.000602s :* Machine:             AMD64
DEBUG [IRLogger.cpp:116] @ 0.0006226s :* OS:                  Windows 10 0 26100
DEBUG [IRLogger.cpp:123] @ 0.0006336s :***************************************************
DEBUG [IRDeviceParams.cpp:204] @ 0.002452s :Parameters
DEBUG [IRDeviceParams.cpp:205] @ 0.0024698s :serial: 14110095
DEBUG [IRDeviceParams.cpp:206] @ 0.0024774s :videoformatindex: 0
DEBUG [IRDeviceParams.cpp:207] @ 0.0024847s :fov: 0
DEBUG [IRDeviceParams.cpp:208] @ 0.0024921s :optics_text: 0000000000000000
DEBUG [IRDeviceParams.cpp:209] @ 0.002499s :formatspath: 000001AAE112BC20
DEBUG [IRDeviceParams.cpp:210] @ 0.002507s :calipath: 000001AAEB6FB160
DEBUG [IRDeviceParams.cpp:211] @ 0.0025148s :temperature min: 0
DEBUG [IRDeviceParams.cpp:212] @ 0.0025212s :temperature max: 0
DEBUG [IRDeviceParams.cpp:213] @ 0.0025286s :framerate: 32
DEBUG [IRDeviceParams.cpp:214] @ 0.0025351s :bispectral: 0
DEBUG [IRDeviceParams.cpp:215] @ 0.0025415s :flag automatic: 1
DEBUG [IRDeviceParams.cpp:216] @ 0.0025482s :min interval: 15
DEBUG [IRDeviceParams.cpp:217] @ 0.0025556s :max interval: 0
DEBUG [IRDeviceParams.cpp:218] @ 0.0025623s :chip heating mode: 0
DEBUG [IRDeviceParams.cpp:219] @ 0.0025693s :chip heating fixed val: 40
DEBUG [IRDeviceParams.cpp:220] @ 0.0025763s :focus:  -1
DEBUG [IRDeviceParams.cpp:221] @ 0.0025843s :enable extended temp range: 0
DEBUG [IRDeviceParams.cpp:222] @ 0.0025913s :buffer queue size: 5
DEBUG [IRDeviceParams.cpp:223] @ 0.002598s :enable high precision: 0
DEBUG [IRDeviceParams.cpp:224] @ 0.002605s :radialDistortionCorrectionMode: 0
DEBUG [IRDeviceParams.cpp:225] @ 0.0026116s :deviceAPI: 0
DEBUG [IRDeviceParams.cpp:226] @ 0.0026181s :useExternalProbeForReferencing: 0
DEBUG [IRDeviceParams.cpp:227] @ 0.0026251s :enableMultiThreading: 0
DEBUG [IRDeviceParams.cpp:232] @ 0.0026335s :ethernetDevice.deviceIpAddress: 0.0.0.0
DEBUG [IRDeviceParams.cpp:233] @ 0.0026402s :ethernetDevice.localUdpPort: 0
DEBUG [IRDeviceParams.cpp:234] @ 0.0026467s :ethernetDevice.checkUdpSenderIp: 1
DEBUG [Cali.cpp:87] @ 0.452336s :Calibration directory path: .\Cali-14110095.xml
DEBUG [Cali.cpp:88] @ 0.452377s :Calibration file name: Cali-14110095.xml
DEBUG [Cali.cpp:98] @ 0.452802s :Calibration data A: 1450 B:400 C:4095 D:1000
INFO [IRImager.cpp:266] @ 0.454193s :Init thermal imager to 14110095 with size: 160x121@120 Hz
DEBUG [Cali.cpp:87] @ 0.45455s :Calibration directory path: .\Cali-14110095.xml
DEBUG [Cali.cpp:88] @ 0.454564s :Calibration file name: Cali-14110095.xml
DEBUG [Cali.cpp:98] @ 0.454851s :Calibration data A: 1450 B:400 C:4095 D:1000
DEBUG [Cali.cpp:87] @ 0.455654s :Calibration directory path: .\Cali-14110095.xml
DEBUG [Cali.cpp:88] @ 0.455669s :Calibration file name: Cali-14110095.xml
DEBUG [Cali.cpp:98] @ 0.455908s :Calibration data A: 1450 B:400 C:4095 D:1000
DEBUG [IRImager.cpp:300] @ 0.455957s :No temperature range configuration specified. Setting default values tMin: -20 , tMax: 100
DEBUG [IRImager.cpp:377] @ 0.456301s :Using HID control interface
DEBUG [IRImager.cpp:417] @ 0.478506s :Initialized HID control interface to device with HW:21 FW:2025
DEBUG [IRImager.cpp:438] @ 0.478594s :Frameconfig - width(in): 160, height(in): 121, interval: 83333, max framerate: 120, HW interval: 0.00833333
DEBUG [Cali.cpp:87] @ 0.478636s :Calibration directory path: .\Cali-14110095.xml
DEBUG [Cali.cpp:88] @ 0.478657s :Calibration file name: Cali-14110095.xml
DEBUG [Cali.cpp:98] @ 0.479452s :Calibration data A: 1450 B:400 C:4095 D:1000
DEBUG [ImageProcessing.cpp:200] @ 0.49493s :Source buffer size: 38720 Width: 160 Height: 121
DEBUG [ImageProcessing.cpp:121] @ 0.561265s :Source buffer size: 38720 Width: 160 Height: 121
DEBUG [OpSource.cpp:376] @ 0.562957s :Using formats path: C:\Program Files (x86)\Optris GmbH\IrDirectSDK\examples\matlab\Formats.def
DEBUG [OpSource.cpp:628] @ 0.563761s :Format found with size: 160
DEBUG [OpSource.cpp:791] @ 0.563945s :Selected Format:"PI160 160x120 @ 120Hz"
DEBUG [IRImager.cpp:844] @ 0.564202s :Caught onFrameInit with size: 160x120
DEBUG [OpSource.cpp:376] @ 0.565341s :Using formats path: C:\Program Files (x86)\Optris GmbH\IrDirectSDK\examples\matlab\Formats.def
DEBUG [OpSource.cpp:628] @ 0.56587s :Format found with size: 160
DEBUG [OpSource.cpp:376] @ 0.566546s :Using formats path: C:\Program Files (x86)\Optris GmbH\IrDirectSDK\examples\matlab\Formats.def
DEBUG [OpCorr.cpp:467] @ 0.570743s :Read cali: .\Cali-14110095.xml\Cali-14110095-48-M20-100.dat
DEBUG [OpCorr.cpp:557] @ 0.571256s :Read calibration of camera no 14110095, # of fields: 6 , start of fields: 40
DEBUG [ImageProcessing.cpp:1108] @ 0.867222s :Update flag temperature: 29.0391
DEBUG [ImageProcessing.cpp:1111] @ 0.875662s :Update box temperature: 27.0234
DEBUG [Cali.cpp:639] @ 0.875728s :Calibration file path: 000001AAEB163494/000000A5FB9ECC98.xml
DEBUG [SimpleXML.cpp:238] @ 0.876078s :Failed to open file .\Cali-14110095.xml\CaliExt-14110095.xml
DEBUG [IRImager.cpp:550] @ 0.900673s :Chip heating disabled
DEBUG [IRImager.cpp:1110] @ 1.07693s :Start flag calibration
DEBUG [OpFlag.cpp:591] @ 11.7488s :SkimDiff: -12 Adjust: -1116 State: 1 EMax: 8216 Emin: 2288
DEBUG [ImageProcessing.cpp:526] @ 11.7613s :Skim_Adjust 4014
DEBUG [IRImager.cpp:1124] @ 11.8774s :Finished startup calibration
DEBUG [IRImager.cpp:1175] @ 26.596s :Automatic control of shutter flag
DEBUG [OpFlag.cpp:591] @ 26.7575s :SkimDiff: -5 Adjust: -445 State: 1 EMax: 8880 Emin: 2959
DEBUG [ImageProcessing.cpp:526] @ 26.7707s :Skim_Adjust 4013
DEBUG [IRImager.cpp:1175] @ 132.82s :Automatic control of shutter flag
DEBUG [OpFlag.cpp:591] @ 132.98s :SkimDiff: -4 Adjust: -374 State: 1 EMax: 8949 Emin: 3030
DEBUG [ImageProcessing.cpp:526] @ 132.996s :Skim_Adjust 4012
DEBUG [IRImager.cpp:1175] @ 246.612s :Automatic control of shutter flag
DEBUG [OpFlag.cpp:591] @ 246.789s :SkimDiff: -4 Adjust: -321 State: 1 EMax: 9011 Emin: 3083
DEBUG [ImageProcessing.cpp:526] @ 246.8s :Skim_Adjust 4011
DEBUG [IRImager.cpp:665] @ 270.913s :Release imager
DEBUG [BaseControlDevice.cpp:26] @ 270.96s :Base destructor called
DEBUG [IRImager.cpp:672] @ 270.96s :Delete image processing
DEBUG [IRImager.cpp:679] @ 270.975s :Delete buffer
DEBUG [IRImager.cpp:687] @ 270.975s :Delete source buffer
DEBUG [IRImager.cpp:694] @ 270.975s :Delete buffer (energy)
DEBUG [IRImager.cpp:701] @ 270.975s :Delete timer
DEBUG [IRImager.cpp:707] @ 270.975s :Delete manual timer
