DEBUG [IRLogger.cpp:105] @ 0.0004268s :***************************************************
DEBUG [IRLogger.cpp:106] @ 0.0005161s :* IRImagerDirect SDK                              *
DEBUG [IRLogger.cpp:107] @ 0.0005373s :***************************************************
DEBUG [IRLogger.cpp:113] @ 0.0005523s :* Native Machine:      AMD64
DEBUG [IRLogger.cpp:114] @ 0.0005649s :* Machine:             AMD64
DEBUG [IRLogger.cpp:116] @ 0.0005893s :* OS:                  Windows 10 0 26100
DEBUG [IRLogger.cpp:123] @ 0.0006057s :***************************************************
DEBUG [IRDeviceParams.cpp:204] @ 0.0024066s :Parameters
DEBUG [IRDeviceParams.cpp:205] @ 0.0024273s :serial: 14110095
DEBUG [IRDeviceParams.cpp:206] @ 0.0024353s :videoformatindex: 0
DEBUG [IRDeviceParams.cpp:207] @ 0.0024432s :fov: 0
DEBUG [IRDeviceParams.cpp:208] @ 0.0024507s :optics_text: 0000000000000000
DEBUG [IRDeviceParams.cpp:209] @ 0.0024581s :formatspath: 000001DED4044710
DEBUG [IRDeviceParams.cpp:210] @ 0.0024665s :calipath: 000001DEDE68D8E0
DEBUG [IRDeviceParams.cpp:211] @ 0.0024736s :temperature min: 0
DEBUG [IRDeviceParams.cpp:212] @ 0.0024805s :temperature max: 0
DEBUG [IRDeviceParams.cpp:213] @ 0.0024892s :framerate: 32
DEBUG [IRDeviceParams.cpp:214] @ 0.0024957s :bispectral: 0
DEBUG [IRDeviceParams.cpp:215] @ 0.0025023s :flag automatic: 1
DEBUG [IRDeviceParams.cpp:216] @ 0.002509s :min interval: 15
DEBUG [IRDeviceParams.cpp:217] @ 0.0025162s :max interval: 0
DEBUG [IRDeviceParams.cpp:218] @ 0.0025229s :chip heating mode: 0
DEBUG [IRDeviceParams.cpp:219] @ 0.00253s :chip heating fixed val: 40
DEBUG [IRDeviceParams.cpp:220] @ 0.0025373s :focus:  -1
DEBUG [IRDeviceParams.cpp:221] @ 0.0025452s :enable extended temp range: 0
DEBUG [IRDeviceParams.cpp:222] @ 0.0025523s :buffer queue size: 5
DEBUG [IRDeviceParams.cpp:223] @ 0.002559s :enable high precision: 0
DEBUG [IRDeviceParams.cpp:224] @ 0.0025661s :radialDistortionCorrectionMode: 0
DEBUG [IRDeviceParams.cpp:225] @ 0.0025728s :deviceAPI: 0
DEBUG [IRDeviceParams.cpp:226] @ 0.0025795s :useExternalProbeForReferencing: 0
DEBUG [IRDeviceParams.cpp:227] @ 0.0025862s :enableMultiThreading: 0
DEBUG [IRDeviceParams.cpp:232] @ 0.0025945s :ethernetDevice.deviceIpAddress: 0.0.0.0
DEBUG [IRDeviceParams.cpp:233] @ 0.0026012s :ethernetDevice.localUdpPort: 0
DEBUG [IRDeviceParams.cpp:234] @ 0.0026079s :ethernetDevice.checkUdpSenderIp: 1
DEBUG [Cali.cpp:87] @ 0.33465s :Calibration directory path: .\Cali-14110095.xml
DEBUG [Cali.cpp:88] @ 0.334681s :Calibration file name: Cali-14110095.xml
DEBUG [Cali.cpp:98] @ 0.334972s :Calibration data A: 1450 B:400 C:4095 D:1000
INFO [IRImager.cpp:266] @ 0.336012s :Init thermal imager to 14110095 with size: 160x121@120 Hz
DEBUG [Cali.cpp:87] @ 0.336276s :Calibration directory path: .\Cali-14110095.xml
DEBUG [Cali.cpp:88] @ 0.336286s :Calibration file name: Cali-14110095.xml
DEBUG [Cali.cpp:98] @ 0.336495s :Calibration data A: 1450 B:400 C:4095 D:1000
DEBUG [Cali.cpp:87] @ 0.337131s :Calibration directory path: .\Cali-14110095.xml
DEBUG [Cali.cpp:88] @ 0.337143s :Calibration file name: Cali-14110095.xml
DEBUG [Cali.cpp:98] @ 0.337355s :Calibration data A: 1450 B:400 C:4095 D:1000
DEBUG [IRImager.cpp:300] @ 0.3374s :No temperature range configuration specified. Setting default values tMin: -20 , tMax: 100
DEBUG [IRImager.cpp:377] @ 0.337721s :Using HID control interface
DEBUG [IRImager.cpp:417] @ 0.360202s :Initialized HID control interface to device with HW:21 FW:2025
DEBUG [IRImager.cpp:438] @ 0.360254s :Frameconfig - width(in): 160, height(in): 121, interval: 83333, max framerate: 120, HW interval: 0.00833333
DEBUG [Cali.cpp:87] @ 0.360279s :Calibration directory path: .\Cali-14110095.xml
DEBUG [Cali.cpp:88] @ 0.360291s :Calibration file name: Cali-14110095.xml
DEBUG [Cali.cpp:98] @ 0.360732s :Calibration data A: 1450 B:400 C:4095 D:1000
DEBUG [ImageProcessing.cpp:200] @ 0.385236s :Source buffer size: 38720 Width: 160 Height: 121
DEBUG [ImageProcessing.cpp:121] @ 0.467913s :Source buffer size: 38720 Width: 160 Height: 121
DEBUG [OpSource.cpp:376] @ 0.469692s :Using formats path: C:\Program Files (x86)\Optris GmbH\IrDirectSDK\examples\matlab\Formats.def
DEBUG [OpSource.cpp:628] @ 0.470765s :Format found with size: 160
DEBUG [OpSource.cpp:791] @ 0.471111s :Selected Format:"PI160 160x120 @ 120Hz"
DEBUG [IRImager.cpp:844] @ 0.471407s :Caught onFrameInit with size: 160x120
DEBUG [OpSource.cpp:376] @ 0.47283s :Using formats path: C:\Program Files (x86)\Optris GmbH\IrDirectSDK\examples\matlab\Formats.def
DEBUG [OpSource.cpp:628] @ 0.473556s :Format found with size: 160
DEBUG [OpSource.cpp:376] @ 0.474506s :Using formats path: C:\Program Files (x86)\Optris GmbH\IrDirectSDK\examples\matlab\Formats.def
DEBUG [OpCorr.cpp:467] @ 0.476675s :Read cali: .\Cali-14110095.xml\Cali-14110095-48-M20-100.dat
DEBUG [OpCorr.cpp:557] @ 0.476952s :Read calibration of camera no 14110095, # of fields: 6 , start of fields: 40
DEBUG [ImageProcessing.cpp:1108] @ 0.773819s :Update flag temperature: 30.7344
DEBUG [ImageProcessing.cpp:1111] @ 0.782223s :Update box temperature: 29.0469
DEBUG [Cali.cpp:639] @ 0.782304s :Calibration file path: 000001DEDEC1B014/000000A9441EC688.xml
DEBUG [SimpleXML.cpp:238] @ 0.782727s :Failed to open file .\Cali-14110095.xml\CaliExt-14110095.xml
DEBUG [IRImager.cpp:550] @ 0.796486s :Chip heating disabled
DEBUG [IRImager.cpp:1110] @ 0.866681s :Start flag calibration
DEBUG [OpFlag.cpp:591] @ 11.5396s :SkimDiff: -10 Adjust: -963 State: 1 EMax: 8450 Emin: 2441
DEBUG [ImageProcessing.cpp:526] @ 11.5525s :Skim_Adjust 4016
DEBUG [IRImager.cpp:1124] @ 11.6686s :Finished startup calibration
DEBUG [IRImager.cpp:1175] @ 26.3869s :Automatic control of shutter flag
DEBUG [OpFlag.cpp:591] @ 26.5473s :SkimDiff: -4 Adjust: -400 State: 1 EMax: 9023 Emin: 3004
DEBUG [ImageProcessing.cpp:526] @ 26.5596s :Skim_Adjust 4015
DEBUG [IRImager.cpp:1175] @ 50.4357s :Automatic control of shutter flag
DEBUG [OpFlag.cpp:591] @ 50.6124s :SkimDiff: -4 Adjust: -350 State: 1 EMax: 9078 Emin: 3054
DEBUG [ImageProcessing.cpp:526] @ 50.625s :Skim_Adjust 4014
ERROR [OpMetadata.cpp:85] @ 956.967s :Drop frame due possible data corruption: 108734 0.796875 1.05469 1.46655
DEBUG [IRImager.cpp:1175] @ 956.988s :Automatic control of shutter flag
DEBUG [OpFlag.cpp:591] @ 957.17s :SkimDiff: -2 Adjust: -161 State: 1 EMax: 9305 Emin: 3243
DEBUG [ImageProcessing.cpp:526] @ 957.18s :Skim_Adjust 4013
ERROR [OpMetadata.cpp:85] @ 1517.54s :Drop frame due possible data corruption: 4294836706 1.85938 3.46094 10.6636
DEBUG [IRImager.cpp:1175] @ 1517.54s :Automatic control of shutter flag
DEBUG [OpFlag.cpp:591] @ 1517.72s :SkimDiff: 43 Adjust: 6438 State: 2 EMax: 20071 Emin: 14858
DEBUG [ImageProcessing.cpp:526] @ 1517.73s :Skim_Adjust 4056
DEBUG [IRImager.cpp:1175] @ 1532.55s :Automatic control of shutter flag
DEBUG [OpFlag.cpp:591] @ 1532.71s :SkimDiff: -14 Adjust: -2988 State: 1 EMax: 5425 Emin: 416
DEBUG [ImageProcessing.cpp:526] @ 1532.72s :Skim_Adjust 4042
DEBUG [IRImager.cpp:1175] @ 1547.56s :Automatic control of shutter flag
DEBUG [OpFlag.cpp:591] @ 1547.72s :SkimDiff: -14 Adjust: -3015 State: 1 EMax: 5462 Emin: 389
DEBUG [ImageProcessing.cpp:526] @ 1547.73s :Skim_Adjust 4028
DEBUG [IRImager.cpp:1175] @ 1562.56s :Automatic control of shutter flag
DEBUG [OpFlag.cpp:591] @ 1562.73s :SkimDiff: -14 Adjust: -3034 State: 1 EMax: 5494 Emin: 370
DEBUG [ImageProcessing.cpp:526] @ 1562.74s :Skim_Adjust 4014
DEBUG [IRImager.cpp:665] @ 1575.53s :Release imager
DEBUG [BaseControlDevice.cpp:26] @ 1575.57s :Base destructor called
DEBUG [IRImager.cpp:672] @ 1575.57s :Delete image processing
DEBUG [IRImager.cpp:679] @ 1575.58s :Delete buffer
DEBUG [IRImager.cpp:687] @ 1575.58s :Delete source buffer
DEBUG [IRImager.cpp:694] @ 1575.58s :Delete buffer (energy)
DEBUG [IRImager.cpp:701] @ 1575.58s :Delete timer
DEBUG [IRImager.cpp:707] @ 1575.58s :Delete manual timer
