DEBUG [IRLogger.cpp:105] @ 0.0005189s :***************************************************
DEBUG [IRLogger.cpp:106] @ 0.0005814s :* IRImagerDirect SDK                              *
DEBUG [IRLogger.cpp:107] @ 0.000599s :***************************************************
DEBUG [IRLogger.cpp:113] @ 0.0006133s :* Native Machine:      AMD64
DEBUG [IRLogger.cpp:114] @ 0.0006251s :* Machine:             AMD64
DEBUG [IRLogger.cpp:116] @ 0.0006449s :* OS:                  Windows 10 0 26100
DEBUG [IRLogger.cpp:123] @ 0.0006557s :***************************************************
DEBUG [IRDeviceParams.cpp:204] @ 0.0025603s :Parameters
DEBUG [IRDeviceParams.cpp:205] @ 0.0025774s :serial: 14110095
DEBUG [IRDeviceParams.cpp:206] @ 0.0025851s :videoformatindex: 0
DEBUG [IRDeviceParams.cpp:207] @ 0.0025916s :fov: 0
DEBUG [IRDeviceParams.cpp:208] @ 0.0025983s :optics_text: 0000000000000000
DEBUG [IRDeviceParams.cpp:209] @ 0.0026049s :formatspath: 0000029500CE9F00
DEBUG [IRDeviceParams.cpp:210] @ 0.0026125s :calipath: 000002950AC0F3E0
DEBUG [IRDeviceParams.cpp:211] @ 0.0026188s :temperature min: 0
DEBUG [IRDeviceParams.cpp:212] @ 0.0026248s :temperature max: 0
DEBUG [IRDeviceParams.cpp:213] @ 0.0026317s :framerate: 32
DEBUG [IRDeviceParams.cpp:214] @ 0.0026378s :bispectral: 0
DEBUG [IRDeviceParams.cpp:215] @ 0.0026438s :flag automatic: 1
DEBUG [IRDeviceParams.cpp:216] @ 0.0026506s :min interval: 15
DEBUG [IRDeviceParams.cpp:217] @ 0.0026573s :max interval: 0
DEBUG [IRDeviceParams.cpp:218] @ 0.0026636s :chip heating mode: 0
DEBUG [IRDeviceParams.cpp:219] @ 0.0026702s :chip heating fixed val: 40
DEBUG [IRDeviceParams.cpp:220] @ 0.0026772s :focus:  -1
DEBUG [IRDeviceParams.cpp:221] @ 0.0026849s :enable extended temp range: 0
DEBUG [IRDeviceParams.cpp:222] @ 0.0026914s :buffer queue size: 5
DEBUG [IRDeviceParams.cpp:223] @ 0.0026982s :enable high precision: 0
DEBUG [IRDeviceParams.cpp:224] @ 0.0027048s :radialDistortionCorrectionMode: 0
DEBUG [IRDeviceParams.cpp:225] @ 0.002711s :deviceAPI: 0
DEBUG [IRDeviceParams.cpp:226] @ 0.0027174s :useExternalProbeForReferencing: 0
DEBUG [IRDeviceParams.cpp:227] @ 0.0027235s :enableMultiThreading: 0
DEBUG [IRDeviceParams.cpp:232] @ 0.0027317s :ethernetDevice.deviceIpAddress: 0.0.0.0
DEBUG [IRDeviceParams.cpp:233] @ 0.0027379s :ethernetDevice.localUdpPort: 0
DEBUG [IRDeviceParams.cpp:234] @ 0.0027442s :ethernetDevice.checkUdpSenderIp: 1
DEBUG [Cali.cpp:87] @ 0.231121s :Calibration directory path: .\Cali-14110095.xml
DEBUG [Cali.cpp:88] @ 0.231151s :Calibration file name: Cali-14110095.xml
DEBUG [Cali.cpp:98] @ 0.231453s :Calibration data A: 1450 B:400 C:4095 D:1000
INFO [IRImager.cpp:266] @ 0.232501s :Init thermal imager to 14110095 with size: 160x121@120 Hz
DEBUG [Cali.cpp:87] @ 0.232785s :Calibration directory path: .\Cali-14110095.xml
DEBUG [Cali.cpp:88] @ 0.232796s :Calibration file name: Cali-14110095.xml
DEBUG [Cali.cpp:98] @ 0.233011s :Calibration data A: 1450 B:400 C:4095 D:1000
DEBUG [Cali.cpp:87] @ 0.233661s :Calibration directory path: .\Cali-14110095.xml
DEBUG [Cali.cpp:88] @ 0.233673s :Calibration file name: Cali-14110095.xml
DEBUG [Cali.cpp:98] @ 0.233865s :Calibration data A: 1450 B:400 C:4095 D:1000
DEBUG [IRImager.cpp:300] @ 0.233904s :No temperature range configuration specified. Setting default values tMin: -20 , tMax: 100
DEBUG [IRImager.cpp:377] @ 0.234205s :Using HID control interface
DEBUG [IRImager.cpp:417] @ 0.259256s :Initialized HID control interface to device with HW:21 FW:2025
DEBUG [IRImager.cpp:438] @ 0.259371s :Frameconfig - width(in): 160, height(in): 121, interval: 83333, max framerate: 120, HW interval: 0.00833333
DEBUG [Cali.cpp:87] @ 0.259409s :Calibration directory path: .\Cali-14110095.xml
DEBUG [Cali.cpp:88] @ 0.259433s :Calibration file name: Cali-14110095.xml
DEBUG [Cali.cpp:98] @ 0.260287s :Calibration data A: 1450 B:400 C:4095 D:1000
DEBUG [ImageProcessing.cpp:200] @ 0.284022s :Source buffer size: 38720 Width: 160 Height: 121
DEBUG [ImageProcessing.cpp:121] @ 0.366635s :Source buffer size: 38720 Width: 160 Height: 121
DEBUG [OpSource.cpp:376] @ 0.36803s :Using formats path: C:\Program Files (x86)\Optris GmbH\IrDirectSDK\examples\matlab\Formats.def
DEBUG [OpSource.cpp:628] @ 0.368888s :Format found with size: 160
DEBUG [OpSource.cpp:791] @ 0.369079s :Selected Format:"PI160 160x120 @ 120Hz"
DEBUG [IRImager.cpp:844] @ 0.369339s :Caught onFrameInit with size: 160x120
DEBUG [OpSource.cpp:376] @ 0.370808s :Using formats path: C:\Program Files (x86)\Optris GmbH\IrDirectSDK\examples\matlab\Formats.def
DEBUG [OpSource.cpp:628] @ 0.371454s :Format found with size: 160
DEBUG [OpSource.cpp:376] @ 0.372439s :Using formats path: C:\Program Files (x86)\Optris GmbH\IrDirectSDK\examples\matlab\Formats.def
DEBUG [OpCorr.cpp:467] @ 0.385244s :Read cali: .\Cali-14110095.xml\Cali-14110095-48-M20-100.dat
DEBUG [OpCorr.cpp:557] @ 0.38597s :Read calibration of camera no 14110095, # of fields: 6 , start of fields: 40
DEBUG [ImageProcessing.cpp:1108] @ 0.672477s :Update flag temperature: 31.3047
DEBUG [ImageProcessing.cpp:1111] @ 0.680973s :Update box temperature: 29.3984
DEBUG [Cali.cpp:639] @ 0.68102s :Calibration file path: 000002950B507D64/000000DB24FEC568.xml
DEBUG [SimpleXML.cpp:238] @ 0.681304s :Failed to open file .\Cali-14110095.xml\CaliExt-14110095.xml
DEBUG [IRImager.cpp:550] @ 0.699897s :Chip heating disabled
DEBUG [IRImager.cpp:1110] @ 0.79485s :Start flag calibration
DEBUG [OpFlag.cpp:591] @ 11.4666s :SkimDiff: -11 Adjust: -1010 State: 1 EMax: 8538 Emin: 2394
DEBUG [ImageProcessing.cpp:526] @ 11.4788s :Skim_Adjust 4015
DEBUG [IRImager.cpp:1124] @ 11.5952s :Finished startup calibration
DEBUG [IRImager.cpp:1175] @ 26.3147s :Automatic control of shutter flag
DEBUG [OpFlag.cpp:591] @ 26.476s :SkimDiff: -4 Adjust: -340 State: 1 EMax: 9187 Emin: 3064
DEBUG [ImageProcessing.cpp:526] @ 26.494s :Skim_Adjust 4014
DEBUG [IRImager.cpp:1175] @ 103.867s :Automatic control of shutter flag
DEBUG [OpFlag.cpp:591] @ 104.044s :SkimDiff: -3 Adjust: -257 State: 1 EMax: 9269 Emin: 3147
DEBUG [ImageProcessing.cpp:526] @ 104.067s :Skim_Adjust 4013
DEBUG [IRImager.cpp:665] @ 114.018s :Release imager
DEBUG [BaseControlDevice.cpp:26] @ 114.072s :Base destructor called
DEBUG [IRImager.cpp:672] @ 114.072s :Delete image processing
DEBUG [IRImager.cpp:679] @ 114.085s :Delete buffer
DEBUG [IRImager.cpp:687] @ 114.085s :Delete source buffer
DEBUG [IRImager.cpp:694] @ 114.086s :Delete buffer (energy)
DEBUG [IRImager.cpp:701] @ 114.086s :Delete timer
DEBUG [IRImager.cpp:707] @ 114.086s :Delete manual timer
