DEBUG [IRLogger.cpp:105] @ 0.0003402s :***************************************************
DEBUG [IRLogger.cpp:106] @ 0.0004173s :* IRImagerDirect SDK                              *
DEBUG [IRLogger.cpp:107] @ 0.0004369s :***************************************************
DEBUG [IRLogger.cpp:113] @ 0.0004533s :* Native Machine:      AMD64
DEBUG [IRLogger.cpp:114] @ 0.0004655s :* Machine:             AMD64
DEBUG [IRLogger.cpp:116] @ 0.0004872s :* OS:                  Windows 10 0 26100
DEBUG [IRLogger.cpp:123] @ 0.0004978s :***************************************************
DEBUG [IRDeviceParams.cpp:204] @ 0.0022894s :Parameters
DEBUG [IRDeviceParams.cpp:205] @ 0.0023104s :serial: 14110095
DEBUG [IRDeviceParams.cpp:206] @ 0.0023186s :videoformatindex: 0
DEBUG [IRDeviceParams.cpp:207] @ 0.0023258s :fov: 0
DEBUG [IRDeviceParams.cpp:208] @ 0.0023343s :optics_text: 0000000000000000
DEBUG [IRDeviceParams.cpp:209] @ 0.0023413s :formatspath: 000001C6BF488440
DEBUG [IRDeviceParams.cpp:210] @ 0.0023493s :calipath: 000001C6BF8ACAD0
DEBUG [IRDeviceParams.cpp:211] @ 0.002356s :temperature min: 0
DEBUG [IRDeviceParams.cpp:212] @ 0.0023651s :temperature max: 0
DEBUG [IRDeviceParams.cpp:213] @ 0.0023763s :framerate: 32
DEBUG [IRDeviceParams.cpp:214] @ 0.0023859s :bispectral: 0
DEBUG [IRDeviceParams.cpp:215] @ 0.0023952s :flag automatic: 1
DEBUG [IRDeviceParams.cpp:216] @ 0.0024024s :min interval: 15
DEBUG [IRDeviceParams.cpp:217] @ 0.0024122s :max interval: 0
DEBUG [IRDeviceParams.cpp:218] @ 0.0024228s :chip heating mode: 0
DEBUG [IRDeviceParams.cpp:219] @ 0.0024326s :chip heating fixed val: 40
DEBUG [IRDeviceParams.cpp:220] @ 0.0024402s :focus:  -1
DEBUG [IRDeviceParams.cpp:221] @ 0.0024496s :enable extended temp range: 0
DEBUG [IRDeviceParams.cpp:222] @ 0.0024567s :buffer queue size: 5
DEBUG [IRDeviceParams.cpp:223] @ 0.0024641s :enable high precision: 0
DEBUG [IRDeviceParams.cpp:224] @ 0.0024743s :radialDistortionCorrectionMode: 0
DEBUG [IRDeviceParams.cpp:225] @ 0.0024845s :deviceAPI: 0
DEBUG [IRDeviceParams.cpp:226] @ 0.0024912s :useExternalProbeForReferencing: 0
DEBUG [IRDeviceParams.cpp:227] @ 0.0024982s :enableMultiThreading: 0
DEBUG [IRDeviceParams.cpp:232] @ 0.0025064s :ethernetDevice.deviceIpAddress: 0.0.0.0
DEBUG [IRDeviceParams.cpp:233] @ 0.0025131s :ethernetDevice.localUdpPort: 0
DEBUG [IRDeviceParams.cpp:234] @ 0.0025197s :ethernetDevice.checkUdpSenderIp: 1
DEBUG [Cali.cpp:87] @ 0.204655s :Calibration directory path: .\Cali-14110095.xml
DEBUG [Cali.cpp:88] @ 0.20468s :Calibration file name: Cali-14110095.xml
DEBUG [Cali.cpp:98] @ 0.204953s :Calibration data A: 1450 B:400 C:4095 D:1000
INFO [IRImager.cpp:266] @ 0.205925s :Init thermal imager to 14110095 with size: 160x121@120 Hz
DEBUG [Cali.cpp:87] @ 0.206179s :Calibration directory path: .\Cali-14110095.xml
DEBUG [Cali.cpp:88] @ 0.206189s :Calibration file name: Cali-14110095.xml
DEBUG [Cali.cpp:98] @ 0.206393s :Calibration data A: 1450 B:400 C:4095 D:1000
DEBUG [Cali.cpp:87] @ 0.207017s :Calibration directory path: .\Cali-14110095.xml
DEBUG [Cali.cpp:88] @ 0.207029s :Calibration file name: Cali-14110095.xml
DEBUG [Cali.cpp:98] @ 0.207219s :Calibration data A: 1450 B:400 C:4095 D:1000
DEBUG [IRImager.cpp:300] @ 0.20726s :No temperature range configuration specified. Setting default values tMin: -20 , tMax: 100
DEBUG [IRImager.cpp:377] @ 0.207586s :Using HID control interface
DEBUG [IRImager.cpp:417] @ 0.223456s :Initialized HID control interface to device with HW:21 FW:2025
DEBUG [IRImager.cpp:438] @ 0.2235s :Frameconfig - width(in): 160, height(in): 121, interval: 83333, max framerate: 120, HW interval: 0.00833333
DEBUG [Cali.cpp:87] @ 0.223522s :Calibration directory path: .\Cali-14110095.xml
DEBUG [Cali.cpp:88] @ 0.223534s :Calibration file name: Cali-14110095.xml
DEBUG [Cali.cpp:98] @ 0.224008s :Calibration data A: 1450 B:400 C:4095 D:1000
DEBUG [ImageProcessing.cpp:200] @ 0.248318s :Source buffer size: 38720 Width: 160 Height: 121
DEBUG [ImageProcessing.cpp:121] @ 0.322772s :Source buffer size: 38720 Width: 160 Height: 121
DEBUG [OpSource.cpp:376] @ 0.324454s :Using formats path: C:\Program Files (x86)\Optris GmbH\IrDirectSDK\examples\matlab\Formats.def
DEBUG [OpSource.cpp:628] @ 0.325393s :Format found with size: 160
DEBUG [OpSource.cpp:791] @ 0.325616s :Selected Format:"PI160 160x120 @ 120Hz"
DEBUG [IRImager.cpp:844] @ 0.325915s :Caught onFrameInit with size: 160x120
DEBUG [OpSource.cpp:376] @ 0.327208s :Using formats path: C:\Program Files (x86)\Optris GmbH\IrDirectSDK\examples\matlab\Formats.def
DEBUG [OpSource.cpp:628] @ 0.327855s :Format found with size: 160
DEBUG [OpSource.cpp:376] @ 0.328851s :Using formats path: C:\Program Files (x86)\Optris GmbH\IrDirectSDK\examples\matlab\Formats.def
DEBUG [OpCorr.cpp:467] @ 0.341684s :Read cali: .\Cali-14110095.xml\Cali-14110095-48-M20-100.dat
DEBUG [OpCorr.cpp:557] @ 0.342328s :Read calibration of camera no 14110095, # of fields: 6 , start of fields: 40
DEBUG [ImageProcessing.cpp:1108] @ 0.645294s :Update flag temperature: 32.5469
DEBUG [ImageProcessing.cpp:1111] @ 0.653491s :Update box temperature: 30.4766
DEBUG [Cali.cpp:639] @ 0.653625s :Calibration file path: 000001C6BF305644/00000097E17EC5A8.xml
DEBUG [SimpleXML.cpp:238] @ 0.654197s :Failed to open file .\Cali-14110095.xml\CaliExt-14110095.xml
DEBUG [IRImager.cpp:550] @ 0.676703s :Chip heating disabled
DEBUG [IRImager.cpp:1110] @ 0.785462s :Start flag calibration
DEBUG [OpFlag.cpp:591] @ 11.4587s :SkimDiff: -9 Adjust: -874 State: 1 EMax: 8755 Emin: 2530
DEBUG [ImageProcessing.cpp:526] @ 11.472s :Skim_Adjust 4025
DEBUG [IRImager.cpp:1124] @ 11.5865s :Finished startup calibration
DEBUG [IRImager.cpp:1175] @ 26.3055s :Automatic control of shutter flag
DEBUG [OpFlag.cpp:591] @ 26.4657s :SkimDiff: -9 Adjust: -809 State: 1 EMax: 8822 Emin: 2595
DEBUG [ImageProcessing.cpp:526] @ 26.4795s :Skim_Adjust 4024
DEBUG [IRImager.cpp:1175] @ 198.434s :Automatic control of shutter flag
DEBUG [OpFlag.cpp:591] @ 198.61s :SkimDiff: -8 Adjust: -759 State: 1 EMax: 8866 Emin: 2645
DEBUG [ImageProcessing.cpp:526] @ 198.623s :Skim_Adjust 4023
DEBUG [IRImager.cpp:1175] @ 232.29s :Automatic control of shutter flag
DEBUG [OpFlag.cpp:591] @ 232.482s :SkimDiff: -7 Adjust: -699 State: 1 EMax: 8929 Emin: 2705
DEBUG [ImageProcessing.cpp:526] @ 232.495s :Skim_Adjust 4022
DEBUG [IRImager.cpp:1175] @ 322.978s :Automatic control of shutter flag
DEBUG [OpFlag.cpp:591] @ 323.139s :SkimDiff: -7 Adjust: -637 State: 1 EMax: 8985 Emin: 2767
DEBUG [ImageProcessing.cpp:526] @ 323.153s :Skim_Adjust 4021
DEBUG [IRImager.cpp:1175] @ 369.041s :Automatic control of shutter flag
DEBUG [OpFlag.cpp:591] @ 369.218s :SkimDiff: -6 Adjust: -577 State: 1 EMax: 9051 Emin: 2827
DEBUG [ImageProcessing.cpp:526] @ 369.231s :Skim_Adjust 4020
DEBUG [IRImager.cpp:1175] @ 385.425s :Automatic control of shutter flag
DEBUG [OpFlag.cpp:591] @ 385.585s :SkimDiff: -6 Adjust: -519 State: 1 EMax: 9104 Emin: 2885
DEBUG [ImageProcessing.cpp:526] @ 385.597s :Skim_Adjust 4019
DEBUG [IRImager.cpp:1175] @ 459.89s :Automatic control of shutter flag
DEBUG [OpFlag.cpp:591] @ 460.082s :SkimDiff: -5 Adjust: -457 State: 1 EMax: 9170 Emin: 2947
DEBUG [ImageProcessing.cpp:526] @ 460.095s :Skim_Adjust 4018
