DEBUG [IRLogger.cpp:105] @ 0.0003605s :***************************************************
DEBUG [IRLogger.cpp:106] @ 0.0005156s :* IRImagerDirect SDK                              *
DEBUG [IRLogger.cpp:107] @ 0.0005871s :***************************************************
DEBUG [IRLogger.cpp:113] @ 0.0006288s :* Native Machine:      AMD64
DEBUG [IRLogger.cpp:114] @ 0.0006436s :* Machine:             AMD64
DEBUG [IRLogger.cpp:116] @ 0.0006651s :* OS:                  Windows 10 0 26100
DEBUG [IRLogger.cpp:123] @ 0.0006762s :***************************************************
DEBUG [IRDeviceParams.cpp:204] @ 0.0023596s :Parameters
DEBUG [IRDeviceParams.cpp:205] @ 0.0023788s :serial: 14110095
DEBUG [IRDeviceParams.cpp:206] @ 0.0023873s :videoformatindex: 0
DEBUG [IRDeviceParams.cpp:207] @ 0.0023946s :fov: 0
DEBUG [IRDeviceParams.cpp:208] @ 0.002402s :optics_text: 0000000000000000
DEBUG [IRDeviceParams.cpp:209] @ 0.0024093s :formatspath: 000002330670DB30
DEBUG [IRDeviceParams.cpp:210] @ 0.0024177s :calipath: 0000023306AA4B80
DEBUG [IRDeviceParams.cpp:211] @ 0.0024246s :temperature min: 0
DEBUG [IRDeviceParams.cpp:212] @ 0.0024312s :temperature max: 0
DEBUG [IRDeviceParams.cpp:213] @ 0.0024392s :framerate: 32
DEBUG [IRDeviceParams.cpp:214] @ 0.002446s :bispectral: 0
DEBUG [IRDeviceParams.cpp:215] @ 0.0024528s :flag automatic: 1
DEBUG [IRDeviceParams.cpp:216] @ 0.0024602s :min interval: 15
DEBUG [IRDeviceParams.cpp:217] @ 0.0024672s :max interval: 0
DEBUG [IRDeviceParams.cpp:218] @ 0.0024742s :chip heating mode: 0
DEBUG [IRDeviceParams.cpp:219] @ 0.0024815s :chip heating fixed val: 40
DEBUG [IRDeviceParams.cpp:220] @ 0.0024887s :focus:  -1
DEBUG [IRDeviceParams.cpp:221] @ 0.002497s :enable extended temp range: 0
DEBUG [IRDeviceParams.cpp:222] @ 0.0025044s :buffer queue size: 5
DEBUG [IRDeviceParams.cpp:223] @ 0.0025116s :enable high precision: 0
DEBUG [IRDeviceParams.cpp:224] @ 0.0025185s :radialDistortionCorrectionMode: 0
DEBUG [IRDeviceParams.cpp:225] @ 0.0025253s :deviceAPI: 0
DEBUG [IRDeviceParams.cpp:226] @ 0.0025321s :useExternalProbeForReferencing: 0
DEBUG [IRDeviceParams.cpp:227] @ 0.0025388s :enableMultiThreading: 0
DEBUG [IRDeviceParams.cpp:232] @ 0.0025471s :ethernetDevice.deviceIpAddress: 0.0.0.0
DEBUG [IRDeviceParams.cpp:233] @ 0.002554s :ethernetDevice.localUdpPort: 0
DEBUG [IRDeviceParams.cpp:234] @ 0.0025607s :ethernetDevice.checkUdpSenderIp: 1
DEBUG [Cali.cpp:87] @ 0.395742s :Calibration directory path: .\Cali-14110095.xml
DEBUG [Cali.cpp:88] @ 0.395783s :Calibration file name: Cali-14110095.xml
DEBUG [Cali.cpp:98] @ 0.396262s :Calibration data A: 1450 B:400 C:4095 D:1000
INFO [IRImager.cpp:266] @ 0.397795s :Init thermal imager to 14110095 with size: 160x121@120 Hz
DEBUG [Cali.cpp:87] @ 0.398171s :Calibration directory path: .\Cali-14110095.xml
DEBUG [Cali.cpp:88] @ 0.398187s :Calibration file name: Cali-14110095.xml
DEBUG [Cali.cpp:98] @ 0.398484s :Calibration data A: 1450 B:400 C:4095 D:1000
DEBUG [Cali.cpp:87] @ 0.399383s :Calibration directory path: .\Cali-14110095.xml
DEBUG [Cali.cpp:88] @ 0.3994s :Calibration file name: Cali-14110095.xml
DEBUG [Cali.cpp:98] @ 0.399688s :Calibration data A: 1450 B:400 C:4095 D:1000
DEBUG [IRImager.cpp:300] @ 0.399743s :No temperature range configuration specified. Setting default values tMin: -20 , tMax: 100
DEBUG [IRImager.cpp:377] @ 0.400131s :Using HID control interface
DEBUG [IRImager.cpp:417] @ 0.42346s :Initialized HID control interface to device with HW:21 FW:2025
DEBUG [IRImager.cpp:438] @ 0.423542s :Frameconfig - width(in): 160, height(in): 121, interval: 83333, max framerate: 120, HW interval: 0.00833333
DEBUG [Cali.cpp:87] @ 0.42358s :Calibration directory path: .\Cali-14110095.xml
DEBUG [Cali.cpp:88] @ 0.423604s :Calibration file name: Cali-14110095.xml
DEBUG [Cali.cpp:98] @ 0.424437s :Calibration data A: 1450 B:400 C:4095 D:1000
DEBUG [ImageProcessing.cpp:200] @ 0.447938s :Source buffer size: 38720 Width: 160 Height: 121
DEBUG [ImageProcessing.cpp:121] @ 0.522328s :Source buffer size: 38720 Width: 160 Height: 121
DEBUG [OpSource.cpp:376] @ 0.522648s :Using formats path: C:\Program Files (x86)\Optris GmbH\IrDirectSDK\examples\matlab\Formats.def
DEBUG [OpSource.cpp:628] @ 0.522819s :Format found with size: 160
DEBUG [OpSource.cpp:791] @ 0.522859s :Selected Format:"PI160 160x120 @ 120Hz"
DEBUG [IRImager.cpp:844] @ 0.522911s :Caught onFrameInit with size: 160x120
DEBUG [OpSource.cpp:376] @ 0.523138s :Using formats path: C:\Program Files (x86)\Optris GmbH\IrDirectSDK\examples\matlab\Formats.def
DEBUG [OpSource.cpp:628] @ 0.523251s :Format found with size: 160
DEBUG [OpSource.cpp:376] @ 0.523409s :Using formats path: C:\Program Files (x86)\Optris GmbH\IrDirectSDK\examples\matlab\Formats.def
DEBUG [OpCorr.cpp:467] @ 0.539178s :Read cali: .\Cali-14110095.xml\Cali-14110095-48-M20-100.dat
DEBUG [OpCorr.cpp:557] @ 0.539278s :Read calibration of camera no 14110095, # of fields: 6 , start of fields: 40
DEBUG [ImageProcessing.cpp:1108] @ 0.828669s :Update flag temperature: 28.2031
DEBUG [ImageProcessing.cpp:1111] @ 0.836965s :Update box temperature: 26.4688
DEBUG [Cali.cpp:639] @ 0.837053s :Calibration file path: 0000023306FCE434/000000CDD13EC8F8.xml
DEBUG [SimpleXML.cpp:238] @ 0.837514s :Failed to open file .\Cali-14110095.xml\CaliExt-14110095.xml
DEBUG [IRImager.cpp:550] @ 0.86248s :Chip heating disabled
DEBUG [IRImager.cpp:1110] @ 1.0177s :Start flag calibration
